::ffff:192.168.0.168 - - [04/Oct/2022:13:23:10 +0000] "GET /feastwell-backend/api/v1/auth/login/sidebar HTTP/1.1" 200 2933 "http://localhost:3000/" "Mozilla/5.0 (Windows NT 10.0; Win64; x64) AppleWebKit/537.36 (KHTML, like Gecko) Chrome/106.0.0.0 Safari/537.36"
::ffff:192.168.0.168 - - [04/Oct/2022:13:23:22 +0000] "GET /feastwell-backend/api/v1/auth/login/sidebar HTTP/1.1" 200 2933 "http://localhost:3000/" "Mozilla/5.0 (Windows NT 10.0; Win64; x64) AppleWebKit/537.36 (KHTML, like Gecko) Chrome/106.0.0.0 Safari/537.36"
::ffff:192.168.0.168 - - [04/Oct/2022:13:26:04 +0000] "GET /feastwell-backend/api/v1/auth/login/sidebar HTTP/1.1" 200 2933 "http://localhost:3000/" "Mozilla/5.0 (Windows NT 10.0; Win64; x64) AppleWebKit/537.36 (KHTML, like Gecko) Chrome/106.0.0.0 Safari/537.36"
::ffff:192.168.0.168 - - [04/Oct/2022:13:26:16 +0000] "GET /feastwell-backend/api/v1/auth/login/sidebar HTTP/1.1" 200 2933 "http://localhost:3000/" "Mozilla/5.0 (Windows NT 10.0; Win64; x64) AppleWebKit/537.36 (KHTML, like Gecko) Chrome/106.0.0.0 Safari/537.36"
::ffff:192.168.0.168 - - [04/Oct/2022:13:28:41 +0000] "GET /feastwell-backend/api/v1/auth/login/sidebar HTTP/1.1" 200 2933 "http://localhost:3000/" "Mozilla/5.0 (Windows NT 10.0; Win64; x64) AppleWebKit/537.36 (KHTML, like Gecko) Chrome/106.0.0.0 Safari/537.36"
::ffff:192.168.0.168 - - [04/Oct/2022:13:29:36 +0000] "GET /feastwell-backend/api/v1/auth/login/sidebar HTTP/1.1" 200 2933 "http://localhost:3000/" "Mozilla/5.0 (Windows NT 10.0; Win64; x64) AppleWebKit/537.36 (KHTML, like Gecko) Chrome/106.0.0.0 Safari/537.36"
::ffff:192.168.0.168 - - [04/Oct/2022:13:29:46 +0000] "GET /feastwell-backend/api/v1/auth/login/sidebar HTTP/1.1" 200 2933 "http://localhost:3000/" "Mozilla/5.0 (Windows NT 10.0; Win64; x64) AppleWebKit/537.36 (KHTML, like Gecko) Chrome/106.0.0.0 Safari/537.36"
::ffff:192.168.0.168 - - [04/Oct/2022:13:30:17 +0000] "GET /feastwell-backend/api/v1/auth/login/sidebar HTTP/1.1" 200 2933 "http://localhost:3000/" "Mozilla/5.0 (Windows NT 10.0; Win64; x64) AppleWebKit/537.36 (KHTML, like Gecko) Chrome/106.0.0.0 Safari/537.36"
::ffff:192.168.0.168 - - [04/Oct/2022:13:31:08 +0000] "GET /feastwell-backend/api/v1/auth/login/sidebar HTTP/1.1" 200 2933 "http://localhost:3000/" "Mozilla/5.0 (Windows NT 10.0; Win64; x64) AppleWebKit/537.36 (KHTML, like Gecko) Chrome/106.0.0.0 Safari/537.36"
::ffff:192.168.0.168 - - [04/Oct/2022:13:31:16 +0000] "GET /feastwell-backend/api/v1/auth/login/sidebar HTTP/1.1" 200 2933 "http://localhost:3000/" "Mozilla/5.0 (Windows NT 10.0; Win64; x64) AppleWebKit/537.36 (KHTML, like Gecko) Chrome/106.0.0.0 Safari/537.36"
::ffff:192.168.0.168 - - [04/Oct/2022:13:31:52 +0000] "GET /feastwell-backend/api/v1/auth/login/sidebar HTTP/1.1" 200 2933 "http://localhost:3000/" "Mozilla/5.0 (Windows NT 10.0; Win64; x64) AppleWebKit/537.36 (KHTML, like Gecko) Chrome/106.0.0.0 Safari/537.36"
::ffff:192.168.0.168 - - [04/Oct/2022:13:32:00 +0000] "GET /feastwell-backend/api/v1/auth/login/sidebar HTTP/1.1" 200 2933 "http://localhost:3000/" "Mozilla/5.0 (Windows NT 10.0; Win64; x64) AppleWebKit/537.36 (KHTML, like Gecko) Chrome/106.0.0.0 Safari/537.36"
::ffff:192.168.0.168 - - [04/Oct/2022:13:32:06 +0000] "GET /feastwell-backend/api/v1/resident HTTP/1.1" 200 343 "http://localhost:3000/" "Mozilla/5.0 (Windows NT 10.0; Win64; x64) AppleWebKit/537.36 (KHTML, like Gecko) Chrome/106.0.0.0 Safari/537.36"
::ffff:192.168.0.168 - - [04/Oct/2022:13:32:09 +0000] "GET /feastwell-backend/api/v1/auth/login/sidebar HTTP/1.1" 200 2933 "http://localhost:3000/" "Mozilla/5.0 (Windows NT 10.0; Win64; x64) AppleWebKit/537.36 (KHTML, like Gecko) Chrome/106.0.0.0 Safari/537.36"
::ffff:192.168.0.168 - - [04/Oct/2022:13:33:23 +0000] "GET /feastwell-backend/api/v1/auth/login/sidebar HTTP/1.1" - - "http://localhost:3000/" "Mozilla/5.0 (Windows NT 10.0; Win64; x64) AppleWebKit/537.36 (KHTML, like Gecko) Chrome/106.0.0.0 Safari/537.36"
::ffff:192.168.0.168 - - [04/Oct/2022:13:33:25 +0000] "GET /feastwell-backend/api/v1/resident HTTP/1.1" 200 343 "http://localhost:3000/" "Mozilla/5.0 (Windows NT 10.0; Win64; x64) AppleWebKit/537.36 (KHTML, like Gecko) Chrome/106.0.0.0 Safari/537.36"
::ffff:192.168.0.168 - - [04/Oct/2022:13:33:28 +0000] "GET /feastwell-backend/api/v1/auth/login/sidebar HTTP/1.1" 200 2933 "http://localhost:3000/" "Mozilla/5.0 (Windows NT 10.0; Win64; x64) AppleWebKit/537.36 (KHTML, like Gecko) Chrome/106.0.0.0 Safari/537.36"
::ffff:192.168.0.168 - - [04/Oct/2022:13:33:36 +0000] "GET /feastwell-backend/api/v1/user?userType=4 HTTP/1.1" 200 736 "http://localhost:3000/" "Mozilla/5.0 (Windows NT 10.0; Win64; x64) AppleWebKit/537.36 (KHTML, like Gecko) Chrome/106.0.0.0 Safari/537.36"
::ffff:192.168.0.168 - - [04/Oct/2022:13:33:39 +0000] "GET /feastwell-backend/api/v1/auth/login/sidebar HTTP/1.1" 200 2933 "http://localhost:3000/" "Mozilla/5.0 (Windows NT 10.0; Win64; x64) AppleWebKit/537.36 (KHTML, like Gecko) Chrome/106.0.0.0 Safari/537.36"
::ffff:192.168.0.168 - - [04/Oct/2022:13:34:32 +0000] "GET /feastwell-backend/api/v1/auth/login/sidebar HTTP/1.1" 200 2933 "http://localhost:3000/" "Mozilla/5.0 (Windows NT 10.0; Win64; x64) AppleWebKit/537.36 (KHTML, like Gecko) Chrome/106.0.0.0 Safari/537.36"
::ffff:192.168.0.168 - - [04/Oct/2022:13:34:38 +0000] "GET /feastwell-backend/api/v1/user?userType=4 HTTP/1.1" 200 736 "http://localhost:3000/" "Mozilla/5.0 (Windows NT 10.0; Win64; x64) AppleWebKit/537.36 (KHTML, like Gecko) Chrome/106.0.0.0 Safari/537.36"
::ffff:192.168.0.168 - - [04/Oct/2022:13:34:40 +0000] "GET /feastwell-backend/api/v1/auth/login/sidebar HTTP/1.1" 200 2933 "http://localhost:3000/" "Mozilla/5.0 (Windows NT 10.0; Win64; x64) AppleWebKit/537.36 (KHTML, like Gecko) Chrome/106.0.0.0 Safari/537.36"
::ffff:192.168.0.168 - - [04/Oct/2022:13:34:49 +0000] "GET /feastwell-backend/api/v1/resident HTTP/1.1" 304 - "http://localhost:3000/" "Mozilla/5.0 (Windows NT 10.0; Win64; x64) AppleWebKit/537.36 (KHTML, like Gecko) Chrome/106.0.0.0 Safari/537.36"
::ffff:192.168.0.168 - - [04/Oct/2022:13:34:52 +0000] "GET /feastwell-backend/api/v1/auth/login/sidebar HTTP/1.1" 304 - "http://localhost:3000/" "Mozilla/5.0 (Windows NT 10.0; Win64; x64) AppleWebKit/537.36 (KHTML, like Gecko) Chrome/106.0.0.0 Safari/537.36"
::ffff:192.168.0.168 - - [04/Oct/2022:13:36:56 +0000] "GET /feastwell-backend/api/v1/auth/login/sidebar HTTP/1.1" 304 - "http://localhost:3000/" "Mozilla/5.0 (Windows NT 10.0; Win64; x64) AppleWebKit/537.36 (KHTML, like Gecko) Chrome/106.0.0.0 Safari/537.36"
::ffff:192.168.0.168 - - [04/Oct/2022:13:37:18 +0000] "GET /feastwell-backend/api/v1/auth/login/sidebar HTTP/1.1" - - "http://localhost:3000/" "Mozilla/5.0 (Windows NT 10.0; Win64; x64) AppleWebKit/537.36 (KHTML, like Gecko) Chrome/106.0.0.0 Safari/537.36"
::ffff:192.168.0.168 - - [04/Oct/2022:13:37:19 +0000] "GET /feastwell-backend/api/v1/resident HTTP/1.1" 304 - "http://localhost:3000/" "Mozilla/5.0 (Windows NT 10.0; Win64; x64) AppleWebKit/537.36 (KHTML, like Gecko) Chrome/106.0.0.0 Safari/537.36"
::ffff:192.168.0.168 - - [04/Oct/2022:13:37:21 +0000] "GET /feastwell-backend/api/v1/auth/login/sidebar HTTP/1.1" 200 2933 "http://localhost:3000/" "Mozilla/5.0 (Windows NT 10.0; Win64; x64) AppleWebKit/537.36 (KHTML, like Gecko) Chrome/106.0.0.0 Safari/537.36"
::ffff:192.168.0.168 - - [04/Oct/2022:13:38:21 +0000] "GET /feastwell-backend/api/v1/auth/login/sidebar HTTP/1.1" - - "http://localhost:3000/" "Mozilla/5.0 (Windows NT 10.0; Win64; x64) AppleWebKit/537.36 (KHTML, like Gecko) Chrome/106.0.0.0 Safari/537.36"
::ffff:192.168.0.168 - - [04/Oct/2022:13:38:24 +0000] "GET /feastwell-backend/api/v1/resident HTTP/1.1" 200 343 "http://localhost:3000/" "Mozilla/5.0 (Windows NT 10.0; Win64; x64) AppleWebKit/537.36 (KHTML, like Gecko) Chrome/106.0.0.0 Safari/537.36"
::ffff:192.168.0.168 - - [04/Oct/2022:13:38:26 +0000] "GET /feastwell-backend/api/v1/auth/login/sidebar HTTP/1.1" 200 2933 "http://localhost:3000/" "Mozilla/5.0 (Windows NT 10.0; Win64; x64) AppleWebKit/537.36 (KHTML, like Gecko) Chrome/106.0.0.0 Safari/537.36"
::ffff:192.168.0.168 - - [04/Oct/2022:13:40:47 +0000] "GET /feastwell-backend/api/v1/resident HTTP/1.1" 200 343 "http://localhost:3000/" "Mozilla/5.0 (Windows NT 10.0; Win64; x64) AppleWebKit/537.36 (KHTML, like Gecko) Chrome/106.0.0.0 Safari/537.36"
::ffff:192.168.0.168 - - [04/Oct/2022:13:40:49 +0000] "GET /feastwell-backend/api/v1/auth/login/sidebar HTTP/1.1" 200 2933 "http://localhost:3000/" "Mozilla/5.0 (Windows NT 10.0; Win64; x64) AppleWebKit/537.36 (KHTML, like Gecko) Chrome/106.0.0.0 Safari/537.36"
::ffff:192.168.0.168 - - [04/Oct/2022:13:41:20 +0000] "GET /feastwell-backend/api/v1/nutritionalRiskFactors HTTP/1.1" 200 1782 "http://localhost:3000/" "Mozilla/5.0 (Windows NT 10.0; Win64; x64) AppleWebKit/537.36 (KHTML, like Gecko) Chrome/106.0.0.0 Safari/537.36"
::ffff:192.168.0.168 - - [04/Oct/2022:13:41:22 +0000] "GET /feastwell-backend/api/v1/auth/login/sidebar HTTP/1.1" 200 2933 "http://localhost:3000/" "Mozilla/5.0 (Windows NT 10.0; Win64; x64) AppleWebKit/537.36 (KHTML, like Gecko) Chrome/106.0.0.0 Safari/537.36"
::ffff:192.168.0.168 - - [04/Oct/2022:13:46:18 +0000] "GET /feastwell-backend/api/v1/facility?status=1 HTTP/1.1" - - "http://localhost:3000/" "Mozilla/5.0 (Windows NT 10.0; Win64; x64) AppleWebKit/537.36 (KHTML, like Gecko) Chrome/106.0.0.0 Safari/537.36"
::ffff:192.168.0.168 - - [04/Oct/2022:13:46:20 +0000] "GET /feastwell-backend/api/v1/nutritionalRiskFactors HTTP/1.1" 304 - "http://localhost:3000/" "Mozilla/5.0 (Windows NT 10.0; Win64; x64) AppleWebKit/537.36 (KHTML, like Gecko) Chrome/106.0.0.0 Safari/537.36"
::ffff:192.168.0.168 - - [04/Oct/2022:13:46:22 +0000] "GET /feastwell-backend/api/v1/auth/login/sidebar HTTP/1.1" 304 - "http://localhost:3000/" "Mozilla/5.0 (Windows NT 10.0; Win64; x64) AppleWebKit/537.36 (KHTML, like Gecko) Chrome/106.0.0.0 Safari/537.36"
::ffff:192.168.0.168 - - [04/Oct/2022:13:46:25 +0000] "GET /feastwell-backend/api/v1/resident HTTP/1.1" 304 - "http://localhost:3000/" "Mozilla/5.0 (Windows NT 10.0; Win64; x64) AppleWebKit/537.36 (KHTML, like Gecko) Chrome/106.0.0.0 Safari/537.36"
::ffff:192.168.0.168 - - [04/Oct/2022:13:46:28 +0000] "GET /feastwell-backend/api/v1/auth/login/sidebar HTTP/1.1" 304 - "http://localhost:3000/" "Mozilla/5.0 (Windows NT 10.0; Win64; x64) AppleWebKit/537.36 (KHTML, like Gecko) Chrome/106.0.0.0 Safari/537.36"
::ffff:192.168.0.168 - - [04/Oct/2022:13:46:37 +0000] "GET /feastwell-backend/api/v1/nutritionalRiskFactors HTTP/1.1" 304 - "http://localhost:3000/" "Mozilla/5.0 (Windows NT 10.0; Win64; x64) AppleWebKit/537.36 (KHTML, like Gecko) Chrome/106.0.0.0 Safari/537.36"
::ffff:192.168.0.168 - - [04/Oct/2022:13:46:40 +0000] "GET /feastwell-backend/api/v1/auth/login/sidebar HTTP/1.1" 304 - "http://localhost:3000/" "Mozilla/5.0 (Windows NT 10.0; Win64; x64) AppleWebKit/537.36 (KHTML, like Gecko) Chrome/106.0.0.0 Safari/537.36"
::ffff:192.168.0.168 - - [04/Oct/2022:13:46:47 +0000] "GET /feastwell-backend/api/v1/auth/login/sidebar HTTP/1.1" 304 - "http://localhost:3000/" "Mozilla/5.0 (Windows NT 10.0; Win64; x64) AppleWebKit/537.36 (KHTML, like Gecko) Chrome/106.0.0.0 Safari/537.36"
::ffff:192.168.0.168 - - [04/Oct/2022:13:47:01 +0000] "GET /feastwell-backend/api/v1/country HTTP/1.1" 304 - "http://localhost:3000/" "Mozilla/5.0 (Windows NT 10.0; Win64; x64) AppleWebKit/537.36 (KHTML, like Gecko) Chrome/106.0.0.0 Safari/537.36"
::ffff:192.168.0.168 - - [04/Oct/2022:13:47:04 +0000] "GET /feastwell-backend/api/v1/auth/login/sidebar HTTP/1.1" 304 - "http://localhost:3000/" "Mozilla/5.0 (Windows NT 10.0; Win64; x64) AppleWebKit/537.36 (KHTML, like Gecko) Chrome/106.0.0.0 Safari/537.36"
::ffff:192.168.0.168 - - [04/Oct/2022:13:47:07 +0000] "GET /feastwell-backend/api/v1/mealitems HTTP/1.1" 304 - "http://localhost:3000/" "Mozilla/5.0 (Windows NT 10.0; Win64; x64) AppleWebKit/537.36 (KHTML, like Gecko) Chrome/106.0.0.0 Safari/537.36"
::ffff:192.168.0.168 - - [04/Oct/2022:13:47:09 +0000] "GET /feastwell-backend/api/v1/auth/login/sidebar HTTP/1.1" 304 - "http://localhost:3000/" "Mozilla/5.0 (Windows NT 10.0; Win64; x64) AppleWebKit/537.36 (KHTML, like Gecko) Chrome/106.0.0.0 Safari/537.36"
::ffff:192.168.0.168 - - [04/Oct/2022:13:47:31 +0000] "GET /feastwell-backend/api/v1/facility HTTP/1.1" - - "http://localhost:3000/" "Mozilla/5.0 (Windows NT 10.0; Win64; x64) AppleWebKit/537.36 (KHTML, like Gecko) Chrome/106.0.0.0 Safari/537.36"
::ffff:192.168.0.168 - - [04/Oct/2022:13:47:31 +0000] "GET /feastwell-backend/api/v1/facility?status=1 HTTP/1.1" - - "http://localhost:3000/" "Mozilla/5.0 (Windows NT 10.0; Win64; x64) AppleWebKit/537.36 (KHTML, like Gecko) Chrome/106.0.0.0 Safari/537.36"
::ffff:192.168.0.168 - - [04/Oct/2022:13:47:31 +0000] "GET /feastwell-backend/api/v1/facility?status=1 HTTP/1.1" - - "http://localhost:3000/" "Mozilla/5.0 (Windows NT 10.0; Win64; x64) AppleWebKit/537.36 (KHTML, like Gecko) Chrome/106.0.0.0 Safari/537.36"
::ffff:192.168.0.168 - - [04/Oct/2022:13:47:33 +0000] "GET /feastwell-backend/api/v1/mealitems HTTP/1.1" 304 - "http://localhost:3000/" "Mozilla/5.0 (Windows NT 10.0; Win64; x64) AppleWebKit/537.36 (KHTML, like Gecko) Chrome/106.0.0.0 Safari/537.36"
::ffff:192.168.0.168 - - [04/Oct/2022:13:47:35 +0000] "GET /feastwell-backend/api/v1/auth/login/sidebar HTTP/1.1" 304 - "http://localhost:3000/" "Mozilla/5.0 (Windows NT 10.0; Win64; x64) AppleWebKit/537.36 (KHTML, like Gecko) Chrome/106.0.0.0 Safari/537.36"
::ffff:192.168.0.168 - - [04/Oct/2022:13:47:37 +0000] "GET /feastwell-backend/api/v1/resident HTTP/1.1" 304 - "http://localhost:3000/" "Mozilla/5.0 (Windows NT 10.0; Win64; x64) AppleWebKit/537.36 (KHTML, like Gecko) Chrome/106.0.0.0 Safari/537.36"
::ffff:192.168.0.168 - - [04/Oct/2022:13:47:40 +0000] "GET /feastwell-backend/api/v1/auth/login/sidebar HTTP/1.1" 304 - "http://localhost:3000/" "Mozilla/5.0 (Windows NT 10.0; Win64; x64) AppleWebKit/537.36 (KHTML, like Gecko) Chrome/106.0.0.0 Safari/537.36"
::ffff:192.168.0.168 - - [04/Oct/2022:13:49:20 +0000] "GET /feastwell-backend/api/v1/auth/login/sidebar HTTP/1.1" 304 - "http://localhost:3000/" "Mozilla/5.0 (Windows NT 10.0; Win64; x64) AppleWebKit/537.36 (KHTML, like Gecko) Chrome/106.0.0.0 Safari/537.36"
::ffff:192.168.0.168 - - [04/Oct/2022:13:49:28 +0000] "GET /feastwell-backend/api/v1/resident HTTP/1.1" 304 - "http://localhost:3000/" "Mozilla/5.0 (Windows NT 10.0; Win64; x64) AppleWebKit/537.36 (KHTML, like Gecko) Chrome/106.0.0.0 Safari/537.36"
::ffff:192.168.0.168 - - [04/Oct/2022:13:49:30 +0000] "GET /feastwell-backend/api/v1/auth/login/sidebar HTTP/1.1" 304 - "http://localhost:3000/" "Mozilla/5.0 (Windows NT 10.0; Win64; x64) AppleWebKit/537.36 (KHTML, like Gecko) Chrome/106.0.0.0 Safari/537.36"
::ffff:192.168.0.168 - - [04/Oct/2022:13:49:33 +0000] "GET /feastwell-backend/api/v1/nutritionalRiskFactors HTTP/1.1" 304 - "http://localhost:3000/" "Mozilla/5.0 (Windows NT 10.0; Win64; x64) AppleWebKit/537.36 (KHTML, like Gecko) Chrome/106.0.0.0 Safari/537.36"
::ffff:192.168.0.168 - - [04/Oct/2022:13:49:35 +0000] "GET /feastwell-backend/api/v1/auth/login/sidebar HTTP/1.1" 304 - "http://localhost:3000/" "Mozilla/5.0 (Windows NT 10.0; Win64; x64) AppleWebKit/537.36 (KHTML, like Gecko) Chrome/106.0.0.0 Safari/537.36"
::ffff:192.168.0.168 - - [04/Oct/2022:13:52:36 +0000] "GET /feastwell-backend/api/v1/auth/login/sidebar HTTP/1.1" 304 - "http://localhost:3000/" "Mozilla/5.0 (Windows NT 10.0; Win64; x64) AppleWebKit/537.36 (KHTML, like Gecko) Chrome/106.0.0.0 Safari/537.36"
::ffff:192.168.0.168 - - [04/Oct/2022:13:52:48 +0000] "GET /feastwell-backend/api/v1/auth/login/sidebar HTTP/1.1" 304 - "http://localhost:3000/" "Mozilla/5.0 (Windows NT 10.0; Win64; x64) AppleWebKit/537.36 (KHTML, like Gecko) Chrome/106.0.0.0 Safari/537.36"
::ffff:192.168.0.168 - - [04/Oct/2022:13:52:49 +0000] "GET /feastwell-backend/api/v1/facility?status=1 HTTP/1.1" - - "http://localhost:3000/" "Mozilla/5.0 (Windows NT 10.0; Win64; x64) AppleWebKit/537.36 (KHTML, like Gecko) Chrome/106.0.0.0 Safari/537.36"
::ffff:192.168.0.168 - - [04/Oct/2022:13:52:51 +0000] "GET /feastwell-backend/api/v1/nutritionalRiskFactors HTTP/1.1" 304 - "http://localhost:3000/" "Mozilla/5.0 (Windows NT 10.0; Win64; x64) AppleWebKit/537.36 (KHTML, like Gecko) Chrome/106.0.0.0 Safari/537.36"
::ffff:192.168.0.168 - - [04/Oct/2022:13:52:53 +0000] "GET /feastwell-backend/api/v1/auth/login/sidebar HTTP/1.1" 304 - "http://localhost:3000/" "Mozilla/5.0 (Windows NT 10.0; Win64; x64) AppleWebKit/537.36 (KHTML, like Gecko) Chrome/106.0.0.0 Safari/537.36"
::ffff:192.168.0.168 - - [04/Oct/2022:13:56:39 +0000] "GET /feastwell-backend/api/v1/facility?status=1 HTTP/1.1" - - "http://localhost:3000/" "Mozilla/5.0 (Windows NT 10.0; Win64; x64) AppleWebKit/537.36 (KHTML, like Gecko) Chrome/106.0.0.0 Safari/537.36"
::1 - - [06/Oct/2022:04:49:20 +0000] "POST /feastwell-backend/api/v1/auth/login HTTP/1.1" 200 387 "-" "PostmanRuntime/7.29.2"
::1 - - [06/Oct/2022:04:49:52 +0000] "GET /feastwell-backend/api/v1/resident HTTP/1.1" 200 343 "-" "PostmanRuntime/7.29.2"
::1 - - [06/Oct/2022:04:50:30 +0000] "POST /feastwell-backend/api/v1/uploadMealImage HTTP/1.1" 500 410 "-" "PostmanRuntime/7.29.2"
::1 - - [06/Oct/2022:04:51:12 +0000] "POST /feastwell-backend/api/v1/uploadMealImage HTTP/1.1" 500 301 "-" "PostmanRuntime/7.29.2"
::1 - - [06/Oct/2022:04:56:52 +0000] "POST /feastwell-backend/api/v1/uploadMealImage HTTP/1.1" 500 301 "-" "PostmanRuntime/7.29.2"
::1 - - [06/Oct/2022:04:59:15 +0000] "POST /feastwell-backend/api/v1/uploadMealImage HTTP/1.1" 500 301 "-" "PostmanRuntime/7.29.2"
::ffff:192.168.0.169 - - [06/Oct/2022:04:59:32 +0000] "GET /feastwell-backend/api/v1/auth/login/sidebar HTTP/1.1" 401 47 "http://localhost:3000/" "Mozilla/5.0 (Windows NT 10.0; Win64; x64) AppleWebKit/537.36 (KHTML, like Gecko) Chrome/106.0.0.0 Safari/537.36"
::ffff:192.168.0.169 - - [06/Oct/2022:04:59:32 +0000] "GET /feastwell-backend/api/v1/auth/login/sidebar HTTP/1.1" 401 47 "http://localhost:3000/" "Mozilla/5.0 (Windows NT 10.0; Win64; x64) AppleWebKit/537.36 (KHTML, like Gecko) Chrome/106.0.0.0 Safari/537.36"
::1 - - [06/Oct/2022:05:00:03 +0000] "POST /feastwell-backend/api/v1/uploadMealImage HTTP/1.1" 500 301 "-" "PostmanRuntime/7.29.2"
::1 - - [06/Oct/2022:05:00:59 +0000] "POST /feastwell-backend/api/v1/uploadMealImage HTTP/1.1" 500 302 "-" "PostmanRuntime/7.29.2"
::ffff:192.168.0.169 - - [06/Oct/2022:05:04:03 +0000] "POST /feastwell-backend/api/v1/auth/login HTTP/1.1" 200 387 "http://localhost:3000/" "Mozilla/5.0 (Windows NT 10.0; Win64; x64) AppleWebKit/537.36 (KHTML, like Gecko) Chrome/106.0.0.0 Safari/537.36"
::ffff:192.168.0.169 - - [06/Oct/2022:05:04:03 +0000] "GET /feastwell-backend/api/v1/user/1 HTTP/1.1" 304 - "http://localhost:3000/" "Mozilla/5.0 (Windows NT 10.0; Win64; x64) AppleWebKit/537.36 (KHTML, like Gecko) Chrome/106.0.0.0 Safari/537.36"
::ffff:192.168.0.169 - - [06/Oct/2022:05:04:04 +0000] "POST /feastwell-backend/api/v1/userActivityLog HTTP/1.1" 201 77 "http://localhost:3000/" "Mozilla/5.0 (Windows NT 10.0; Win64; x64) AppleWebKit/537.36 (KHTML, like Gecko) Chrome/106.0.0.0 Safari/537.36"
::ffff:192.168.0.169 - - [06/Oct/2022:05:04:04 +0000] "PUT /feastwell-backend/api/v1/user/loginDetails/1 HTTP/1.1" 400 128 "http://localhost:3000/" "Mozilla/5.0 (Windows NT 10.0; Win64; x64) AppleWebKit/537.36 (KHTML, like Gecko) Chrome/106.0.0.0 Safari/537.36"
::ffff:192.168.0.169 - - [06/Oct/2022:05:04:07 +0000] "GET /feastwell-backend/api/v1/auth/login/sidebar HTTP/1.1" 304 - "http://localhost:3000/" "Mozilla/5.0 (Windows NT 10.0; Win64; x64) AppleWebKit/537.36 (KHTML, like Gecko) Chrome/106.0.0.0 Safari/537.36"
::ffff:192.168.0.169 - - [06/Oct/2022:05:04:10 +0000] "GET /feastwell-backend/api/v1/auth/login/sidebar HTTP/1.1" 304 - "http://localhost:3000/" "Mozilla/5.0 (Windows NT 10.0; Win64; x64) AppleWebKit/537.36 (KHTML, like Gecko) Chrome/106.0.0.0 Safari/537.36"
::ffff:192.168.0.169 - - [06/Oct/2022:05:04:21 +0000] "GET /feastwell-backend/api/v1/auth/login/sidebar HTTP/1.1" 304 - "http://localhost:3000/" "Mozilla/5.0 (Windows NT 10.0; Win64; x64) AppleWebKit/537.36 (KHTML, like Gecko) Chrome/106.0.0.0 Safari/537.36"
::ffff:192.168.0.169 - - [06/Oct/2022:05:04:24 +0000] "GET /feastwell-backend/api/v1/auth/login/sidebar HTTP/1.1" 304 - "http://localhost:3000/" "Mozilla/5.0 (Windows NT 10.0; Win64; x64) AppleWebKit/537.36 (KHTML, like Gecko) Chrome/106.0.0.0 Safari/537.36"
::ffff:192.168.0.169 - - [06/Oct/2022:05:04:28 +0000] "GET /feastwell-backend/api/v1/resident HTTP/1.1" 304 - "http://localhost:3000/" "Mozilla/5.0 (Windows NT 10.0; Win64; x64) AppleWebKit/537.36 (KHTML, like Gecko) Chrome/106.0.0.0 Safari/537.36"
::ffff:192.168.0.169 - - [06/Oct/2022:05:04:31 +0000] "GET /feastwell-backend/api/v1/auth/login/sidebar HTTP/1.1" 304 - "http://localhost:3000/" "Mozilla/5.0 (Windows NT 10.0; Win64; x64) AppleWebKit/537.36 (KHTML, like Gecko) Chrome/106.0.0.0 Safari/537.36"
::ffff:192.168.0.169 - - [06/Oct/2022:05:04:34 +0000] "GET /feastwell-backend/api/v1/auth/login/sidebar HTTP/1.1" 304 - "http://localhost:3000/" "Mozilla/5.0 (Windows NT 10.0; Win64; x64) AppleWebKit/537.36 (KHTML, like Gecko) Chrome/106.0.0.0 Safari/537.36"
::ffff:192.168.0.169 - - [06/Oct/2022:05:04:37 +0000] "GET /feastwell-backend/api/v1/auth/login/sidebar HTTP/1.1" 304 - "http://localhost:3000/" "Mozilla/5.0 (Windows NT 10.0; Win64; x64) AppleWebKit/537.36 (KHTML, like Gecko) Chrome/106.0.0.0 Safari/537.36"
::ffff:192.168.0.169 - - [06/Oct/2022:05:04:53 +0000] "GET /feastwell-backend/api/v1/auth/login/sidebar HTTP/1.1" 200 2933 "http://localhost:3000/" "Mozilla/5.0 (Windows NT 10.0; Win64; x64) AppleWebKit/537.36 (KHTML, like Gecko) Chrome/106.0.0.0 Safari/537.36"
::ffff:192.168.0.169 - - [06/Oct/2022:05:05:06 +0000] "GET /feastwell-backend/api/v1/resident HTTP/1.1" 200 343 "http://localhost:3000/" "Mozilla/5.0 (Windows NT 10.0; Win64; x64) AppleWebKit/537.36 (KHTML, like Gecko) Chrome/106.0.0.0 Safari/537.36"
::ffff:192.168.0.169 - - [06/Oct/2022:05:05:09 +0000] "GET /feastwell-backend/api/v1/auth/login/sidebar HTTP/1.1" 200 2933 "http://localhost:3000/" "Mozilla/5.0 (Windows NT 10.0; Win64; x64) AppleWebKit/537.36 (KHTML, like Gecko) Chrome/106.0.0.0 Safari/537.36"
::1 - - [06/Oct/2022:05:05:32 +0000] "POST /feastwell-backend/api/v1/uploadMealImage HTTP/1.1" 500 301 "-" "PostmanRuntime/7.29.2"
::1 - - [06/Oct/2022:05:05:35 +0000] "POST /feastwell-backend/api/v1/uploadMealImage HTTP/1.1" 500 301 "-" "PostmanRuntime/7.29.2"
::1 - - [06/Oct/2022:05:05:39 +0000] "POST /feastwell-backend/api/v1/uploadMealImage HTTP/1.1" 500 302 "-" "PostmanRuntime/7.29.2"
::ffff:192.168.0.169 - - [06/Oct/2022:05:06:26 +0000] "GET /feastwell-backend/api/v1/user?userType=4 HTTP/1.1" 200 736 "http://localhost:3000/" "Mozilla/5.0 (Windows NT 10.0; Win64; x64) AppleWebKit/537.36 (KHTML, like Gecko) Chrome/106.0.0.0 Safari/537.36"
::ffff:192.168.0.169 - - [06/Oct/2022:05:06:29 +0000] "GET /feastwell-backend/api/v1/auth/login/sidebar HTTP/1.1" 200 2933 "http://localhost:3000/" "Mozilla/5.0 (Windows NT 10.0; Win64; x64) AppleWebKit/537.36 (KHTML, like Gecko) Chrome/106.0.0.0 Safari/537.36"
::1 - - [06/Oct/2022:05:07:01 +0000] "POST /feastwell-backend/api/v1/uploadMealImage HTTP/1.1" 500 300 "-" "PostmanRuntime/7.29.2"
::ffff:192.168.0.169 - - [06/Oct/2022:05:07:02 +0000] "GET /feastwell-backend/api/v1/auth/login/sidebar HTTP/1.1" 200 2933 "http://localhost:3000/" "Mozilla/5.0 (Windows NT 10.0; Win64; x64) AppleWebKit/537.36 (KHTML, like Gecko) Chrome/106.0.0.0 Safari/537.36"
::1 - - [06/Oct/2022:05:07:05 +0000] "POST /feastwell-backend/api/v1/uploadMealImage HTTP/1.1" 500 301 "-" "PostmanRuntime/7.29.2"
::ffff:192.168.0.169 - - [06/Oct/2022:05:07:34 +0000] "GET /feastwell-backend/api/v1/user?userType=4 HTTP/1.1" 200 736 "http://localhost:3000/" "Mozilla/5.0 (Windows NT 10.0; Win64; x64) AppleWebKit/537.36 (KHTML, like Gecko) Chrome/106.0.0.0 Safari/537.36"
::ffff:192.168.0.169 - - [06/Oct/2022:05:07:36 +0000] "GET /feastwell-backend/api/v1/auth/login/sidebar HTTP/1.1" 200 2933 "http://localhost:3000/" "Mozilla/5.0 (Windows NT 10.0; Win64; x64) AppleWebKit/537.36 (KHTML, like Gecko) Chrome/106.0.0.0 Safari/537.36"
::ffff:192.168.0.169 - - [06/Oct/2022:05:07:41 +0000] "GET /feastwell-backend/api/v1/resident HTTP/1.1" 200 343 "http://localhost:3000/" "Mozilla/5.0 (Windows NT 10.0; Win64; x64) AppleWebKit/537.36 (KHTML, like Gecko) Chrome/106.0.0.0 Safari/537.36"
::ffff:192.168.0.169 - - [06/Oct/2022:05:07:43 +0000] "GET /feastwell-backend/api/v1/auth/login/sidebar HTTP/1.1" 200 2933 "http://localhost:3000/" "Mozilla/5.0 (Windows NT 10.0; Win64; x64) AppleWebKit/537.36 (KHTML, like Gecko) Chrome/106.0.0.0 Safari/537.36"
::ffff:192.168.0.169 - - [06/Oct/2022:05:08:28 +0000] "GET /feastwell-backend/api/v1/auth/login/sidebar HTTP/1.1" - - "http://localhost:3000/" "Mozilla/5.0 (Windows NT 10.0; Win64; x64) AppleWebKit/537.36 (KHTML, like Gecko) Chrome/106.0.0.0 Safari/537.36"
::ffff:192.168.0.169 - - [06/Oct/2022:05:08:29 +0000] "GET /feastwell-backend/api/v1/resident HTTP/1.1" 304 - "http://localhost:3000/" "Mozilla/5.0 (Windows NT 10.0; Win64; x64) AppleWebKit/537.36 (KHTML, like Gecko) Chrome/106.0.0.0 Safari/537.36"
::ffff:192.168.0.169 - - [06/Oct/2022:05:08:32 +0000] "GET /feastwell-backend/api/v1/auth/login/sidebar HTTP/1.1" 200 2933 "http://localhost:3000/" "Mozilla/5.0 (Windows NT 10.0; Win64; x64) AppleWebKit/537.36 (KHTML, like Gecko) Chrome/106.0.0.0 Safari/537.36"
::ffff:192.168.0.169 - - [06/Oct/2022:05:08:40 +0000] "GET /feastwell-backend/api/v1/auth/login/sidebar HTTP/1.1" 304 - "http://localhost:3000/" "Mozilla/5.0 (Windows NT 10.0; Win64; x64) AppleWebKit/537.36 (KHTML, like Gecko) Chrome/106.0.0.0 Safari/537.36"
::ffff:192.168.0.169 - - [06/Oct/2022:05:08:44 +0000] "GET /feastwell-backend/api/v1/resident HTTP/1.1" 304 - "http://localhost:3000/" "Mozilla/5.0 (Windows NT 10.0; Win64; x64) AppleWebKit/537.36 (KHTML, like Gecko) Chrome/106.0.0.0 Safari/537.36"
::ffff:192.168.0.169 - - [06/Oct/2022:05:08:47 +0000] "GET /feastwell-backend/api/v1/auth/login/sidebar HTTP/1.1" 304 - "http://localhost:3000/" "Mozilla/5.0 (Windows NT 10.0; Win64; x64) AppleWebKit/537.36 (KHTML, like Gecko) Chrome/106.0.0.0 Safari/537.36"
::ffff:192.168.0.169 - - [06/Oct/2022:05:09:27 +0000] "GET /feastwell-backend/api/v1/auth/login/sidebar HTTP/1.1" 304 - "http://localhost:3000/" "Mozilla/5.0 (Windows NT 10.0; Win64; x64) AppleWebKit/537.36 (KHTML, like Gecko) Chrome/106.0.0.0 Safari/537.36"
::ffff:192.168.0.169 - - [06/Oct/2022:05:09:36 +0000] "GET /feastwell-backend/api/v1/resident HTTP/1.1" 304 - "http://localhost:3000/" "Mozilla/5.0 (Windows NT 10.0; Win64; x64) AppleWebKit/537.36 (KHTML, like Gecko) Chrome/106.0.0.0 Safari/537.36"
::ffff:192.168.0.169 - - [06/Oct/2022:05:09:39 +0000] "GET /feastwell-backend/api/v1/auth/login/sidebar HTTP/1.1" 304 - "http://localhost:3000/" "Mozilla/5.0 (Windows NT 10.0; Win64; x64) AppleWebKit/537.36 (KHTML, like Gecko) Chrome/106.0.0.0 Safari/537.36"
::ffff:192.168.0.169 - - [06/Oct/2022:05:10:00 +0000] "GET /feastwell-backend/api/v1/auth/login/sidebar HTTP/1.1" 304 - "http://localhost:3000/" "Mozilla/5.0 (Windows NT 10.0; Win64; x64) AppleWebKit/537.36 (KHTML, like Gecko) Chrome/106.0.0.0 Safari/537.36"
::ffff:192.168.0.169 - - [06/Oct/2022:05:10:02 +0000] "GET /feastwell-backend/api/v1/resident HTTP/1.1" 304 - "http://localhost:3000/" "Mozilla/5.0 (Windows NT 10.0; Win64; x64) AppleWebKit/537.36 (KHTML, like Gecko) Chrome/106.0.0.0 Safari/537.36"
::ffff:192.168.0.169 - - [06/Oct/2022:05:10:05 +0000] "GET /feastwell-backend/api/v1/auth/login/sidebar HTTP/1.1" 304 - "http://localhost:3000/" "Mozilla/5.0 (Windows NT 10.0; Win64; x64) AppleWebKit/537.36 (KHTML, like Gecko) Chrome/106.0.0.0 Safari/537.36"
::1 - - [06/Oct/2022:05:10:43 +0000] "POST /feastwell-backend/api/v1/uploadMealImage HTTP/1.1" 500 301 "-" "PostmanRuntime/7.29.2"
::1 - - [06/Oct/2022:05:10:46 +0000] "POST /feastwell-backend/api/v1/uploadMealImage HTTP/1.1" 500 302 "-" "PostmanRuntime/7.29.2"
::ffff:192.168.0.169 - - [06/Oct/2022:05:10:49 +0000] "GET /feastwell-backend/api/v1/auth/login/sidebar HTTP/1.1" 304 - "http://localhost:3000/" "Mozilla/5.0 (Windows NT 10.0; Win64; x64) AppleWebKit/537.36 (KHTML, like Gecko) Chrome/106.0.0.0 Safari/537.36"
::ffff:192.168.0.169 - - [06/Oct/2022:05:10:59 +0000] "GET /feastwell-backend/api/v1/auth/login/sidebar HTTP/1.1" 304 - "http://localhost:3000/" "Mozilla/5.0 (Windows NT 10.0; Win64; x64) AppleWebKit/537.36 (KHTML, like Gecko) Chrome/106.0.0.0 Safari/537.36"
::ffff:192.168.0.169 - - [06/Oct/2022:05:11:04 +0000] "GET /feastwell-backend/api/v1/auth/login/sidebar HTTP/1.1" 304 - "http://localhost:3000/" "Mozilla/5.0 (Windows NT 10.0; Win64; x64) AppleWebKit/537.36 (KHTML, like Gecko) Chrome/106.0.0.0 Safari/537.36"
::1 - - [06/Oct/2022:05:11:12 +0000] "POST /feastwell-backend/api/v1/uploadMealImage HTTP/1.1" 500 302 "-" "PostmanRuntime/7.29.2"
::ffff:192.168.0.169 - - [06/Oct/2022:05:11:13 +0000] "GET /feastwell-backend/api/v1/resident HTTP/1.1" 304 - "http://localhost:3000/" "Mozilla/5.0 (Windows NT 10.0; Win64; x64) AppleWebKit/537.36 (KHTML, like Gecko) Chrome/106.0.0.0 Safari/537.36"
::ffff:192.168.0.169 - - [06/Oct/2022:05:11:16 +0000] "GET /feastwell-backend/api/v1/auth/login/sidebar HTTP/1.1" 304 - "http://localhost:3000/" "Mozilla/5.0 (Windows NT 10.0; Win64; x64) AppleWebKit/537.36 (KHTML, like Gecko) Chrome/106.0.0.0 Safari/537.36"
::ffff:192.168.0.169 - - [06/Oct/2022:05:11:22 +0000] "GET /feastwell-backend/api/v1/auth/login/sidebar HTTP/1.1" 304 - "http://localhost:3000/" "Mozilla/5.0 (Windows NT 10.0; Win64; x64) AppleWebKit/537.36 (KHTML, like Gecko) Chrome/106.0.0.0 Safari/537.36"
::ffff:192.168.0.169 - - [06/Oct/2022:05:11:25 +0000] "GET /feastwell-backend/api/v1/auth/login/sidebar HTTP/1.1" 304 - "http://localhost:3000/" "Mozilla/5.0 (Windows NT 10.0; Win64; x64) AppleWebKit/537.36 (KHTML, like Gecko) Chrome/106.0.0.0 Safari/537.36"
::ffff:192.168.0.169 - - [06/Oct/2022:05:11:32 +0000] "GET /feastwell-backend/api/v1/auth/login/sidebar HTTP/1.1" 304 - "http://localhost:3000/" "Mozilla/5.0 (Windows NT 10.0; Win64; x64) AppleWebKit/537.36 (KHTML, like Gecko) Chrome/106.0.0.0 Safari/537.36"
::ffff:192.168.0.169 - - [06/Oct/2022:05:11:41 +0000] "GET /feastwell-backend/api/v1/auth/login/sidebar HTTP/1.1" 304 - "http://localhost:3000/" "Mozilla/5.0 (Windows NT 10.0; Win64; x64) AppleWebKit/537.36 (KHTML, like Gecko) Chrome/106.0.0.0 Safari/537.36"
::ffff:192.168.0.169 - - [06/Oct/2022:05:11:56 +0000] "GET /feastwell-backend/api/v1/auth/login/sidebar HTTP/1.1" 304 - "http://localhost:3000/" "Mozilla/5.0 (Windows NT 10.0; Win64; x64) AppleWebKit/537.36 (KHTML, like Gecko) Chrome/106.0.0.0 Safari/537.36"
::ffff:192.168.0.169 - - [06/Oct/2022:05:12:00 +0000] "GET /feastwell-backend/api/v1/auth/login/sidebar HTTP/1.1" 304 - "http://localhost:3000/" "Mozilla/5.0 (Windows NT 10.0; Win64; x64) AppleWebKit/537.36 (KHTML, like Gecko) Chrome/106.0.0.0 Safari/537.36"
::ffff:192.168.0.169 - - [06/Oct/2022:05:12:57 +0000] "GET /feastwell-backend/api/v1/auth/login/sidebar HTTP/1.1" 304 - "http://localhost:3000/" "Mozilla/5.0 (Windows NT 10.0; Win64; x64) AppleWebKit/537.36 (KHTML, like Gecko) Chrome/106.0.0.0 Safari/537.36"
::ffff:192.168.0.169 - - [06/Oct/2022:05:12:59 +0000] "GET /feastwell-backend/api/v1/resident HTTP/1.1" 304 - "http://localhost:3000/" "Mozilla/5.0 (Windows NT 10.0; Win64; x64) AppleWebKit/537.36 (KHTML, like Gecko) Chrome/106.0.0.0 Safari/537.36"
::ffff:192.168.0.169 - - [06/Oct/2022:05:13:02 +0000] "GET /feastwell-backend/api/v1/auth/login/sidebar HTTP/1.1" 304 - "http://localhost:3000/" "Mozilla/5.0 (Windows NT 10.0; Win64; x64) AppleWebKit/537.36 (KHTML, like Gecko) Chrome/106.0.0.0 Safari/537.36"
::1 - - [06/Oct/2022:05:14:15 +0000] "POST /feastwell-backend/api/v1/uploadMealImage HTTP/1.1" 500 301 "-" "PostmanRuntime/7.29.2"
::ffff:192.168.0.169 - - [06/Oct/2022:05:15:12 +0000] "GET /feastwell-backend/api/v1/user?userType=4 HTTP/1.1" 304 - "http://localhost:3000/" "Mozilla/5.0 (Windows NT 10.0; Win64; x64) AppleWebKit/537.36 (KHTML, like Gecko) Chrome/106.0.0.0 Safari/537.36"
::ffff:192.168.0.169 - - [06/Oct/2022:05:15:15 +0000] "GET /feastwell-backend/api/v1/auth/login/sidebar HTTP/1.1" 304 - "http://localhost:3000/" "Mozilla/5.0 (Windows NT 10.0; Win64; x64) AppleWebKit/537.36 (KHTML, like Gecko) Chrome/106.0.0.0 Safari/537.36"
::1 - - [06/Oct/2022:05:16:37 +0000] "POST /feastwell-backend/api/v1/uploadMealImage HTTP/1.1" 500 301 "-" "PostmanRuntime/7.29.2"
::ffff:192.168.0.169 - - [06/Oct/2022:05:18:42 +0000] "GET /feastwell-backend/api/v1/auth/login/sidebar HTTP/1.1" 200 2933 "http://localhost:3000/" "Mozilla/5.0 (Windows NT 10.0; Win64; x64) AppleWebKit/537.36 (KHTML, like Gecko) Chrome/106.0.0.0 Safari/537.36"
::1 - - [06/Oct/2022:05:22:28 +0000] "POST /feastwell-backend/api/v1/uploadMealImage HTTP/1.1" 200 142 "-" "PostmanRuntime/7.29.2"
::ffff:192.168.0.169 - - [06/Oct/2022:05:29:41 +0000] "GET /feastwell-backend/api/v1/user?userType=4 HTTP/1.1" 200 736 "http://localhost:3000/" "Mozilla/5.0 (Windows NT 10.0; Win64; x64) AppleWebKit/537.36 (KHTML, like Gecko) Chrome/106.0.0.0 Safari/537.36"
::ffff:192.168.0.169 - - [06/Oct/2022:05:29:43 +0000] "GET /feastwell-backend/api/v1/auth/login/sidebar HTTP/1.1" 200 2933 "http://localhost:3000/" "Mozilla/5.0 (Windows NT 10.0; Win64; x64) AppleWebKit/537.36 (KHTML, like Gecko) Chrome/106.0.0.0 Safari/537.36"
::ffff:192.168.0.169 - - [06/Oct/2022:05:30:23 +0000] "GET /feastwell-backend/api/v1/resident HTTP/1.1" 200 343 "http://localhost:3000/" "Mozilla/5.0 (Windows NT 10.0; Win64; x64) AppleWebKit/537.36 (KHTML, like Gecko) Chrome/106.0.0.0 Safari/537.36"
::ffff:192.168.0.169 - - [06/Oct/2022:05:30:25 +0000] "GET /feastwell-backend/api/v1/auth/login/sidebar HTTP/1.1" 200 2933 "http://localhost:3000/" "Mozilla/5.0 (Windows NT 10.0; Win64; x64) AppleWebKit/537.36 (KHTML, like Gecko) Chrome/106.0.0.0 Safari/537.36"
::ffff:192.168.0.169 - - [06/Oct/2022:05:33:34 +0000] "GET /feastwell-backend/api/v1/auth/login/sidebar HTTP/1.1" 200 2933 "http://localhost:3000/" "Mozilla/5.0 (Windows NT 10.0; Win64; x64) AppleWebKit/537.36 (KHTML, like Gecko) Chrome/106.0.0.0 Safari/537.36"
::ffff:192.168.0.169 - - [06/Oct/2022:05:35:22 +0000] "GET /feastwell-backend/api/v1/auth/login/sidebar HTTP/1.1" 200 2933 "http://localhost:3000/" "Mozilla/5.0 (Windows NT 10.0; Win64; x64) AppleWebKit/537.36 (KHTML, like Gecko) Chrome/106.0.0.0 Safari/537.36"
::ffff:192.168.0.169 - - [06/Oct/2022:05:35:28 +0000] "GET /feastwell-backend/api/v1/resident HTTP/1.1" 200 343 "http://localhost:3000/" "Mozilla/5.0 (Windows NT 10.0; Win64; x64) AppleWebKit/537.36 (KHTML, like Gecko) Chrome/106.0.0.0 Safari/537.36"
::ffff:192.168.0.169 - - [06/Oct/2022:05:35:30 +0000] "GET /feastwell-backend/api/v1/auth/login/sidebar HTTP/1.1" 200 2933 "http://localhost:3000/" "Mozilla/5.0 (Windows NT 10.0; Win64; x64) AppleWebKit/537.36 (KHTML, like Gecko) Chrome/106.0.0.0 Safari/537.36"
::ffff:192.168.0.169 - - [06/Oct/2022:05:35:38 +0000] "GET /feastwell-backend/api/v1/user?userType=4 HTTP/1.1" 200 736 "http://localhost:3000/" "Mozilla/5.0 (Windows NT 10.0; Win64; x64) AppleWebKit/537.36 (KHTML, like Gecko) Chrome/106.0.0.0 Safari/537.36"
::ffff:192.168.0.169 - - [06/Oct/2022:05:35:40 +0000] "GET /feastwell-backend/api/v1/auth/login/sidebar HTTP/1.1" 200 2933 "http://localhost:3000/" "Mozilla/5.0 (Windows NT 10.0; Win64; x64) AppleWebKit/537.36 (KHTML, like Gecko) Chrome/106.0.0.0 Safari/537.36"
::ffff:192.168.0.169 - - [06/Oct/2022:05:36:22 +0000] "GET /feastwell-backend/api/v1/auth/login/sidebar HTTP/1.1" 200 2933 "http://localhost:3000/" "Mozilla/5.0 (Windows NT 10.0; Win64; x64) AppleWebKit/537.36 (KHTML, like Gecko) Chrome/106.0.0.0 Safari/537.36"
::ffff:192.168.0.169 - - [06/Oct/2022:05:36:28 +0000] "GET /feastwell-backend/api/v1/user?userType=4 HTTP/1.1" 200 736 "http://localhost:3000/" "Mozilla/5.0 (Windows NT 10.0; Win64; x64) AppleWebKit/537.36 (KHTML, like Gecko) Chrome/106.0.0.0 Safari/537.36"
::ffff:192.168.0.169 - - [06/Oct/2022:05:36:30 +0000] "GET /feastwell-backend/api/v1/auth/login/sidebar HTTP/1.1" 200 2933 "http://localhost:3000/" "Mozilla/5.0 (Windows NT 10.0; Win64; x64) AppleWebKit/537.36 (KHTML, like Gecko) Chrome/106.0.0.0 Safari/537.36"
::ffff:192.168.0.169 - - [06/Oct/2022:05:37:24 +0000] "GET /feastwell-backend/api/v1/auth/login/sidebar HTTP/1.1" 200 2933 "http://localhost:3000/" "Mozilla/5.0 (Windows NT 10.0; Win64; x64) AppleWebKit/537.36 (KHTML, like Gecko) Chrome/106.0.0.0 Safari/537.36"
::ffff:192.168.0.169 - - [06/Oct/2022:05:37:47 +0000] "GET /feastwell-backend/api/v1/user?userType=4 HTTP/1.1" 200 736 "http://localhost:3000/" "Mozilla/5.0 (Windows NT 10.0; Win64; x64) AppleWebKit/537.36 (KHTML, like Gecko) Chrome/106.0.0.0 Safari/537.36"
::ffff:192.168.0.169 - - [06/Oct/2022:05:37:49 +0000] "GET /feastwell-backend/api/v1/auth/login/sidebar HTTP/1.1" 200 2933 "http://localhost:3000/" "Mozilla/5.0 (Windows NT 10.0; Win64; x64) AppleWebKit/537.36 (KHTML, like Gecko) Chrome/106.0.0.0 Safari/537.36"
::ffff:192.168.0.169 - - [06/Oct/2022:05:40:37 +0000] "GET /feastwell-backend/api/v1/auth/login/sidebar HTTP/1.1" 200 2933 "http://localhost:3000/" "Mozilla/5.0 (Windows NT 10.0; Win64; x64) AppleWebKit/537.36 (KHTML, like Gecko) Chrome/106.0.0.0 Safari/537.36"
::ffff:192.168.0.169 - - [06/Oct/2022:05:40:44 +0000] "GET /feastwell-backend/api/v1/auth/login/sidebar HTTP/1.1" 200 2933 "http://localhost:3000/" "Mozilla/5.0 (Windows NT 10.0; Win64; x64) AppleWebKit/537.36 (KHTML, like Gecko) Chrome/106.0.0.0 Safari/537.36"
::ffff:192.168.0.169 - - [06/Oct/2022:05:40:52 +0000] "GET /feastwell-backend/api/v1/user?userType=4 HTTP/1.1" 200 736 "http://localhost:3000/" "Mozilla/5.0 (Windows NT 10.0; Win64; x64) AppleWebKit/537.36 (KHTML, like Gecko) Chrome/106.0.0.0 Safari/537.36"
::ffff:192.168.0.169 - - [06/Oct/2022:05:40:54 +0000] "GET /feastwell-backend/api/v1/auth/login/sidebar HTTP/1.1" 200 2933 "http://localhost:3000/" "Mozilla/5.0 (Windows NT 10.0; Win64; x64) AppleWebKit/537.36 (KHTML, like Gecko) Chrome/106.0.0.0 Safari/537.36"
::ffff:192.168.0.169 - - [06/Oct/2022:05:41:05 +0000] "GET /feastwell-backend/api/v1/resident HTTP/1.1" 200 343 "http://localhost:3000/" "Mozilla/5.0 (Windows NT 10.0; Win64; x64) AppleWebKit/537.36 (KHTML, like Gecko) Chrome/106.0.0.0 Safari/537.36"
::ffff:192.168.0.169 - - [06/Oct/2022:05:41:08 +0000] "GET /feastwell-backend/api/v1/auth/login/sidebar HTTP/1.1" 200 2933 "http://localhost:3000/" "Mozilla/5.0 (Windows NT 10.0; Win64; x64) AppleWebKit/537.36 (KHTML, like Gecko) Chrome/106.0.0.0 Safari/537.36"
::ffff:192.168.0.169 - - [06/Oct/2022:05:41:47 +0000] "GET /feastwell-backend/api/v1/auth/login/sidebar HTTP/1.1" 200 2933 "http://localhost:3000/" "Mozilla/5.0 (Windows NT 10.0; Win64; x64) AppleWebKit/537.36 (KHTML, like Gecko) Chrome/106.0.0.0 Safari/537.36"
::ffff:192.168.0.169 - - [06/Oct/2022:05:41:54 +0000] "GET /feastwell-backend/api/v1/auth/login/sidebar HTTP/1.1" - - "http://localhost:3000/" "Mozilla/5.0 (Windows NT 10.0; Win64; x64) AppleWebKit/537.36 (KHTML, like Gecko) Chrome/106.0.0.0 Safari/537.36"
::ffff:192.168.0.169 - - [06/Oct/2022:05:41:56 +0000] "GET /feastwell-backend/api/v1/resident HTTP/1.1" 200 343 "http://localhost:3000/" "Mozilla/5.0 (Windows NT 10.0; Win64; x64) AppleWebKit/537.36 (KHTML, like Gecko) Chrome/106.0.0.0 Safari/537.36"
::ffff:192.168.0.169 - - [06/Oct/2022:05:41:59 +0000] "GET /feastwell-backend/api/v1/auth/login/sidebar HTTP/1.1" 200 2933 "http://localhost:3000/" "Mozilla/5.0 (Windows NT 10.0; Win64; x64) AppleWebKit/537.36 (KHTML, like Gecko) Chrome/106.0.0.0 Safari/537.36"
::ffff:192.168.0.169 - - [06/Oct/2022:05:42:11 +0000] "GET /feastwell-backend/api/v1/auth/login/sidebar HTTP/1.1" 200 2933 "http://localhost:3000/" "Mozilla/5.0 (Windows NT 10.0; Win64; x64) AppleWebKit/537.36 (KHTML, like Gecko) Chrome/106.0.0.0 Safari/537.36"
::ffff:192.168.0.169 - - [06/Oct/2022:05:42:11 +0000] "GET /feastwell-backend/api/v1/auth/login/sidebar HTTP/1.1" 200 2933 "http://localhost:3000/" "Mozilla/5.0 (Windows NT 10.0; Win64; x64) AppleWebKit/537.36 (KHTML, like Gecko) Chrome/106.0.0.0 Safari/537.36"
::ffff:192.168.0.169 - - [06/Oct/2022:05:42:31 +0000] "GET /feastwell-backend/api/v1/auth/login/sidebar HTTP/1.1" 200 2933 "http://localhost:3000/" "Mozilla/5.0 (Windows NT 10.0; Win64; x64) AppleWebKit/537.36 (KHTML, like Gecko) Chrome/106.0.0.0 Safari/537.36"
::ffff:192.168.0.169 - - [06/Oct/2022:05:42:31 +0000] "GET /feastwell-backend/api/v1/auth/login/sidebar HTTP/1.1" 200 2933 "http://localhost:3000/" "Mozilla/5.0 (Windows NT 10.0; Win64; x64) AppleWebKit/537.36 (KHTML, like Gecko) Chrome/106.0.0.0 Safari/537.36"
::1 - - [06/Oct/2022:05:42:43 +0000] "GET /feastwell-backend/api/v1/imageDetails/all HTTP/1.1" 200 81 "-" "PostmanRuntime/7.29.2"
::ffff:192.168.0.169 - - [06/Oct/2022:05:42:54 +0000] "GET /feastwell-backend/api/v1/auth/login/sidebar HTTP/1.1" 200 2933 "http://localhost:3000/" "Mozilla/5.0 (Windows NT 10.0; Win64; x64) AppleWebKit/537.36 (KHTML, like Gecko) Chrome/106.0.0.0 Safari/537.36"
::ffff:192.168.0.169 - - [06/Oct/2022:05:43:03 +0000] "GET /feastwell-backend/api/v1/auth/login/sidebar HTTP/1.1" 200 2933 "http://localhost:3000/" "Mozilla/5.0 (Windows NT 10.0; Win64; x64) AppleWebKit/537.36 (KHTML, like Gecko) Chrome/106.0.0.0 Safari/537.36"
::ffff:192.168.0.169 - - [06/Oct/2022:05:43:55 +0000] "GET /feastwell-backend/api/v1/resident HTTP/1.1" 200 343 "http://localhost:3000/" "Mozilla/5.0 (Windows NT 10.0; Win64; x64) AppleWebKit/537.36 (KHTML, like Gecko) Chrome/106.0.0.0 Safari/537.36"
::ffff:192.168.0.169 - - [06/Oct/2022:05:43:58 +0000] "GET /feastwell-backend/api/v1/auth/login/sidebar HTTP/1.1" 200 2933 "http://localhost:3000/" "Mozilla/5.0 (Windows NT 10.0; Win64; x64) AppleWebKit/537.36 (KHTML, like Gecko) Chrome/106.0.0.0 Safari/537.36"
::1 - - [06/Oct/2022:05:47:24 +0000] "GET /feastwell-backend/api/v1/imageDetails/all HTTP/1.1" 200 85 "-" "PostmanRuntime/7.29.2"
::ffff:192.168.0.169 - - [06/Oct/2022:05:48:40 +0000] "GET /feastwell-backend/api/v1/user?userType=4 HTTP/1.1" 200 736 "http://localhost:3000/" "Mozilla/5.0 (Windows NT 10.0; Win64; x64) AppleWebKit/537.36 (KHTML, like Gecko) Chrome/106.0.0.0 Safari/537.36"
::ffff:192.168.0.169 - - [06/Oct/2022:05:48:42 +0000] "GET /feastwell-backend/api/v1/auth/login/sidebar HTTP/1.1" 200 2933 "http://localhost:3000/" "Mozilla/5.0 (Windows NT 10.0; Win64; x64) AppleWebKit/537.36 (KHTML, like Gecko) Chrome/106.0.0.0 Safari/537.36"
::ffff:192.168.0.169 - - [06/Oct/2022:05:49:28 +0000] "GET /feastwell-backend/api/v1/auth/login/sidebar HTTP/1.1" 200 2933 "http://localhost:3000/" "Mozilla/5.0 (Windows NT 10.0; Win64; x64) AppleWebKit/537.36 (KHTML, like Gecko) Chrome/106.0.0.0 Safari/537.36"
::ffff:192.168.0.169 - - [06/Oct/2022:05:50:21 +0000] "GET /feastwell-backend/api/v1/auth/login/sidebar HTTP/1.1" 200 2933 "http://localhost:3000/" "Mozilla/5.0 (Windows NT 10.0; Win64; x64) AppleWebKit/537.36 (KHTML, like Gecko) Chrome/106.0.0.0 Safari/537.36"
::1 - - [06/Oct/2022:05:50:23 +0000] "GET /feastwell-backend/api/v1/imageDetails/all HTTP/1.1" - - "-" "PostmanRuntime/7.29.2"
::ffff:192.168.0.169 - - [06/Oct/2022:05:50:32 +0000] "GET /feastwell-backend/api/v1/auth/login/sidebar HTTP/1.1" 200 2933 "http://localhost:3000/" "Mozilla/5.0 (Windows NT 10.0; Win64; x64) AppleWebKit/537.36 (KHTML, like Gecko) Chrome/106.0.0.0 Safari/537.36"
::ffff:192.168.0.169 - - [06/Oct/2022:05:50:43 +0000] "GET /feastwell-backend/api/v1/auth/login/sidebar HTTP/1.1" 200 2933 "http://localhost:3000/" "Mozilla/5.0 (Windows NT 10.0; Win64; x64) AppleWebKit/537.36 (KHTML, like Gecko) Chrome/106.0.0.0 Safari/537.36"
::ffff:192.168.0.169 - - [06/Oct/2022:05:50:52 +0000] "GET /feastwell-backend/api/v1/user?userType=4 HTTP/1.1" 200 736 "http://localhost:3000/" "Mozilla/5.0 (Windows NT 10.0; Win64; x64) AppleWebKit/537.36 (KHTML, like Gecko) Chrome/106.0.0.0 Safari/537.36"
::ffff:192.168.0.169 - - [06/Oct/2022:05:50:54 +0000] "GET /feastwell-backend/api/v1/auth/login/sidebar HTTP/1.1" 200 2933 "http://localhost:3000/" "Mozilla/5.0 (Windows NT 10.0; Win64; x64) AppleWebKit/537.36 (KHTML, like Gecko) Chrome/106.0.0.0 Safari/537.36"
::ffff:192.168.0.169 - - [06/Oct/2022:05:51:26 +0000] "GET /feastwell-backend/api/v1/auth/login/sidebar HTTP/1.1" 200 2933 "http://localhost:3000/" "Mozilla/5.0 (Windows NT 10.0; Win64; x64) AppleWebKit/537.36 (KHTML, like Gecko) Chrome/106.0.0.0 Safari/537.36"
::ffff:192.168.0.169 - - [06/Oct/2022:05:54:45 +0000] "GET /feastwell-backend/api/v1/user?userType=4 HTTP/1.1" 304 - "http://localhost:3000/" "Mozilla/5.0 (Windows NT 10.0; Win64; x64) AppleWebKit/537.36 (KHTML, like Gecko) Chrome/106.0.0.0 Safari/537.36"
::ffff:192.168.0.169 - - [06/Oct/2022:05:54:47 +0000] "GET /feastwell-backend/api/v1/auth/login/sidebar HTTP/1.1" 304 - "http://localhost:3000/" "Mozilla/5.0 (Windows NT 10.0; Win64; x64) AppleWebKit/537.36 (KHTML, like Gecko) Chrome/106.0.0.0 Safari/537.36"
::ffff:192.168.0.169 - - [06/Oct/2022:05:54:50 +0000] "GET /feastwell-backend/api/v1/auth/login/sidebar HTTP/1.1" 304 - "http://localhost:3000/" "Mozilla/5.0 (Windows NT 10.0; Win64; x64) AppleWebKit/537.36 (KHTML, like Gecko) Chrome/106.0.0.0 Safari/537.36"
::ffff:192.168.0.169 - - [06/Oct/2022:05:54:56 +0000] "GET /feastwell-backend/api/v1/facility HTTP/1.1" - - "http://localhost:3000/" "Mozilla/5.0 (Windows NT 10.0; Win64; x64) AppleWebKit/537.36 (KHTML, like Gecko) Chrome/106.0.0.0 Safari/537.36"
::ffff:192.168.0.169 - - [06/Oct/2022:05:54:59 +0000] "GET /feastwell-backend/api/v1/auth/login/sidebar HTTP/1.1" 304 - "http://localhost:3000/" "Mozilla/5.0 (Windows NT 10.0; Win64; x64) AppleWebKit/537.36 (KHTML, like Gecko) Chrome/106.0.0.0 Safari/537.36"
::ffff:192.168.0.169 - - [06/Oct/2022:05:55:32 +0000] "GET /feastwell-backend/api/v1/resident HTTP/1.1" 304 - "http://localhost:3000/" "Mozilla/5.0 (Windows NT 10.0; Win64; x64) AppleWebKit/537.36 (KHTML, like Gecko) Chrome/106.0.0.0 Safari/537.36"
::ffff:192.168.0.169 - - [06/Oct/2022:05:55:35 +0000] "GET /feastwell-backend/api/v1/auth/login/sidebar HTTP/1.1" 304 - "http://localhost:3000/" "Mozilla/5.0 (Windows NT 10.0; Win64; x64) AppleWebKit/537.36 (KHTML, like Gecko) Chrome/106.0.0.0 Safari/537.36"
::ffff:192.168.0.169 - - [06/Oct/2022:05:56:00 +0000] "GET /feastwell-backend/api/v1/facility HTTP/1.1" 200 1307 "http://localhost:3000/" "Mozilla/5.0 (Windows NT 10.0; Win64; x64) AppleWebKit/537.36 (KHTML, like Gecko) Chrome/106.0.0.0 Safari/537.36"
::1 - - [06/Oct/2022:05:56:01 +0000] "GET /feastwell-backend/api/v1/facility?status=1 HTTP/1.1" 200 1307 "-" "PostmanRuntime/7.29.2"
::1 - - [06/Oct/2022:05:56:32 +0000] "POST /feastwell-backend/api/v1/auth/login/sidebar HTTP/1.1" 404 36 "-" "PostmanRuntime/7.29.2"
::ffff:192.168.0.169 - - [06/Oct/2022:05:56:33 +0000] "GET /feastwell-backend/api/v1/auth/login/sidebar HTTP/1.1" 304 - "http://localhost:3000/" "Mozilla/5.0 (Windows NT 10.0; Win64; x64) AppleWebKit/537.36 (KHTML, like Gecko) Chrome/106.0.0.0 Safari/537.36"
::ffff:192.168.0.169 - - [06/Oct/2022:05:56:38 +0000] "GET /feastwell-backend/api/v1/resident HTTP/1.1" 304 - "http://localhost:3000/" "Mozilla/5.0 (Windows NT 10.0; Win64; x64) AppleWebKit/537.36 (KHTML, like Gecko) Chrome/106.0.0.0 Safari/537.36"
::ffff:192.168.0.169 - - [06/Oct/2022:05:56:40 +0000] "GET /feastwell-backend/api/v1/auth/login/sidebar HTTP/1.1" 304 - "http://localhost:3000/" "Mozilla/5.0 (Windows NT 10.0; Win64; x64) AppleWebKit/537.36 (KHTML, like Gecko) Chrome/106.0.0.0 Safari/537.36"
::ffff:192.168.0.169 - - [06/Oct/2022:05:56:45 +0000] "GET /feastwell-backend/api/v1/user?userType=4 HTTP/1.1" 304 - "http://localhost:3000/" "Mozilla/5.0 (Windows NT 10.0; Win64; x64) AppleWebKit/537.36 (KHTML, like Gecko) Chrome/106.0.0.0 Safari/537.36"
::ffff:192.168.0.169 - - [06/Oct/2022:05:56:47 +0000] "GET /feastwell-backend/api/v1/auth/login/sidebar HTTP/1.1" 304 - "http://localhost:3000/" "Mozilla/5.0 (Windows NT 10.0; Win64; x64) AppleWebKit/537.36 (KHTML, like Gecko) Chrome/106.0.0.0 Safari/537.36"
::1 - - [06/Oct/2022:05:56:56 +0000] "POST /feastwell-backend/api/v1/auth/login HTTP/1.1" 200 387 "-" "PostmanRuntime/7.29.2"
::1 - - [06/Oct/2022:05:57:19 +0000] "GET /feastwell-backend/api/v1/auth/login/sidebar HTTP/1.1" 200 2933 "-" "PostmanRuntime/7.29.2"
::ffff:192.168.0.169 - - [06/Oct/2022:05:57:33 +0000] "GET /feastwell-backend/api/v1/auth/login/sidebar HTTP/1.1" 304 - "http://localhost:3000/" "Mozilla/5.0 (Windows NT 10.0; Win64; x64) AppleWebKit/537.36 (KHTML, like Gecko) Chrome/106.0.0.0 Safari/537.36"
::1 - - [06/Oct/2022:05:57:36 +0000] "GET /feastwell-backend/api/v1/user HTTP/1.1" 200 1410 "-" "PostmanRuntime/7.29.2"
::ffff:192.168.0.169 - - [06/Oct/2022:05:57:40 +0000] "GET /feastwell-backend/api/v1/user?userType=4 HTTP/1.1" 304 - "http://localhost:3000/" "Mozilla/5.0 (Windows NT 10.0; Win64; x64) AppleWebKit/537.36 (KHTML, like Gecko) Chrome/106.0.0.0 Safari/537.36"
::ffff:192.168.0.169 - - [06/Oct/2022:05:57:42 +0000] "GET /feastwell-backend/api/v1/auth/login/sidebar HTTP/1.1" 304 - "http://localhost:3000/" "Mozilla/5.0 (Windows NT 10.0; Win64; x64) AppleWebKit/537.36 (KHTML, like Gecko) Chrome/106.0.0.0 Safari/537.36"
::1 - - [06/Oct/2022:05:57:50 +0000] "GET /feastwell-backend/api/v1/resident HTTP/1.1" 200 343 "-" "PostmanRuntime/7.29.2"
::ffff:192.168.0.169 - - [06/Oct/2022:05:57:55 +0000] "GET /feastwell-backend/api/v1/auth/login/sidebar HTTP/1.1" 304 - "http://localhost:3000/" "Mozilla/5.0 (Windows NT 10.0; Win64; x64) AppleWebKit/537.36 (KHTML, like Gecko) Chrome/106.0.0.0 Safari/537.36"
::ffff:192.168.0.169 - - [06/Oct/2022:05:58:00 +0000] "GET /feastwell-backend/api/v1/user?userType=4 HTTP/1.1" 304 - "http://localhost:3000/" "Mozilla/5.0 (Windows NT 10.0; Win64; x64) AppleWebKit/537.36 (KHTML, like Gecko) Chrome/106.0.0.0 Safari/537.36"
::1 - - [06/Oct/2022:05:58:01 +0000] "GET /feastwell-backend/api/v1/country HTTP/1.1" 200 83959 "-" "PostmanRuntime/7.29.2"
