::ffff:192.168.0.173 - - [23/Sep/2022:06:27:56 +0000] "GET /feastwell-backend/api/v1/nutritionalRiskFactors HTTP/1.1" 200 1782 "http://localhost:3000/" "Mozilla/5.0 (Windows NT 10.0; Win64; x64) AppleWebKit/537.36 (KHTML, like Gecko) Chrome/105.0.0.0 Safari/537.36"
::ffff:192.168.0.173 - - [23/Sep/2022:06:32:13 +0000] "POST /feastwell-backend/api/v1/residentsDetails HTTP/1.1" 401 49 "http://localhost:3000/" "Mozilla/5.0 (Windows NT 10.0; Win64; x64) AppleWebKit/537.36 (KHTML, like Gecko) Chrome/105.0.0.0 Safari/537.36"
::ffff:192.168.0.173 - - [23/Sep/2022:06:32:13 +0000] "GET /feastwell-backend/api/v1/auth/refresh HTTP/1.1" 200 376 "http://localhost:3000/" "Mozilla/5.0 (Windows NT 10.0; Win64; x64) AppleWebKit/537.36 (KHTML, like Gecko) Chrome/105.0.0.0 Safari/537.36"
::ffff:192.168.0.173 - - [23/Sep/2022:06:33:25 +0000] "GET /feastwell-backend/api/v1/nutritionalRiskFactors HTTP/1.1" 200 1782 "http://localhost:3000/" "Mozilla/5.0 (Windows NT 10.0; Win64; x64) AppleWebKit/537.36 (KHTML, like Gecko) Chrome/105.0.0.0 Safari/537.36"
::ffff:192.168.0.173 - - [23/Sep/2022:06:33:43 +0000] "GET /feastwell-backend/api/v1/menuCategory HTTP/1.1" 200 1349 "http://localhost:3000/" "Mozilla/5.0 (Windows NT 10.0; Win64; x64) AppleWebKit/537.36 (KHTML, like Gecko) Chrome/105.0.0.0 Safari/537.36"
::ffff:192.168.0.173 - - [23/Sep/2022:06:33:43 +0000] "GET /feastwell-backend/api/v1/nutritionalRiskFactors HTTP/1.1" 200 1782 "http://localhost:3000/" "Mozilla/5.0 (Windows NT 10.0; Win64; x64) AppleWebKit/537.36 (KHTML, like Gecko) Chrome/105.0.0.0 Safari/537.36"
::ffff:192.168.0.173 - - [23/Sep/2022:06:36:08 +0000] "POST /feastwell-backend/api/v1/residentsDetails HTTP/1.1" 401 49 "http://localhost:3000/" "Mozilla/5.0 (Windows NT 10.0; Win64; x64) AppleWebKit/537.36 (KHTML, like Gecko) Chrome/105.0.0.0 Safari/537.36"
::ffff:192.168.0.173 - - [23/Sep/2022:06:36:08 +0000] "GET /feastwell-backend/api/v1/auth/refresh HTTP/1.1" 200 376 "http://localhost:3000/" "Mozilla/5.0 (Windows NT 10.0; Win64; x64) AppleWebKit/537.36 (KHTML, like Gecko) Chrome/105.0.0.0 Safari/537.36"
::ffff:192.168.0.173 - - [23/Sep/2022:06:36:08 +0000] "POST /feastwell-backend/api/v1/residentsDetails HTTP/1.1" 401 49 "http://localhost:3000/" "Mozilla/5.0 (Windows NT 10.0; Win64; x64) AppleWebKit/537.36 (KHTML, like Gecko) Chrome/105.0.0.0 Safari/537.36"
::ffff:192.168.0.173 - - [23/Sep/2022:06:36:32 +0000] "POST /feastwell-backend/api/v1/auth/login HTTP/1.1" 200 1222 "http://localhost:3000/" "Mozilla/5.0 (Windows NT 10.0; Win64; x64) AppleWebKit/537.36 (KHTML, like Gecko) Chrome/105.0.0.0 Safari/537.36"
::ffff:192.168.0.173 - - [23/Sep/2022:06:36:32 +0000] "GET /feastwell-backend/api/v1/user/182 HTTP/1.1" 201 450 "http://localhost:3000/" "Mozilla/5.0 (Windows NT 10.0; Win64; x64) AppleWebKit/537.36 (KHTML, like Gecko) Chrome/105.0.0.0 Safari/537.36"
::ffff:192.168.0.173 - - [23/Sep/2022:06:36:32 +0000] "POST /feastwell-backend/api/v1/userActivityLog HTTP/1.1" 200 79 "http://localhost:3000/" "Mozilla/5.0 (Windows NT 10.0; Win64; x64) AppleWebKit/537.36 (KHTML, like Gecko) Chrome/105.0.0.0 Safari/537.36"
::ffff:192.168.0.173 - - [23/Sep/2022:06:36:32 +0000] "PUT /feastwell-backend/api/v1/user/loginDetails/182 HTTP/1.1" 401 49 "http://localhost:3000/" "Mozilla/5.0 (Windows NT 10.0; Win64; x64) AppleWebKit/537.36 (KHTML, like Gecko) Chrome/105.0.0.0 Safari/537.36"
::ffff:192.168.0.173 - - [23/Sep/2022:06:36:32 +0000] "GET /feastwell-backend/api/v1/menuCategory HTTP/1.1" 304 - "http://localhost:3000/" "Mozilla/5.0 (Windows NT 10.0; Win64; x64) AppleWebKit/537.36 (KHTML, like Gecko) Chrome/105.0.0.0 Safari/537.36"
::ffff:192.168.0.173 - - [23/Sep/2022:06:36:32 +0000] "GET /feastwell-backend/api/v1/menuCategory HTTP/1.1" 304 - "http://localhost:3000/" "Mozilla/5.0 (Windows NT 10.0; Win64; x64) AppleWebKit/537.36 (KHTML, like Gecko) Chrome/105.0.0.0 Safari/537.36"
::ffff:192.168.0.173 - - [23/Sep/2022:06:36:42 +0000] "GET /feastwell-backend/api/v1/menuCategory HTTP/1.1" 304 - "http://localhost:3000/" "Mozilla/5.0 (Windows NT 10.0; Win64; x64) AppleWebKit/537.36 (KHTML, like Gecko) Chrome/105.0.0.0 Safari/537.36"
::ffff:192.168.0.173 - - [23/Sep/2022:06:36:42 +0000] "GET /feastwell-backend/api/v1/user?userType=6 HTTP/1.1" 200 3910 "http://localhost:3000/" "Mozilla/5.0 (Windows NT 10.0; Win64; x64) AppleWebKit/537.36 (KHTML, like Gecko) Chrome/105.0.0.0 Safari/537.36"
::ffff:192.168.0.173 - - [23/Sep/2022:06:36:46 +0000] "GET /feastwell-backend/api/v1/menuCategory HTTP/1.1" 304 - "http://localhost:3000/" "Mozilla/5.0 (Windows NT 10.0; Win64; x64) AppleWebKit/537.36 (KHTML, like Gecko) Chrome/105.0.0.0 Safari/537.36"
::ffff:192.168.0.173 - - [23/Sep/2022:06:36:46 +0000] "GET /feastwell-backend/api/v1/nutritionalRiskFactors HTTP/1.1" 304 - "http://localhost:3000/" "Mozilla/5.0 (Windows NT 10.0; Win64; x64) AppleWebKit/537.36 (KHTML, like Gecko) Chrome/105.0.0.0 Safari/537.36"
::ffff:192.168.0.173 - - [23/Sep/2022:06:36:48 +0000] "GET /feastwell-backend/api/v1/menuCategory HTTP/1.1" 304 - "http://localhost:3000/" "Mozilla/5.0 (Windows NT 10.0; Win64; x64) AppleWebKit/537.36 (KHTML, like Gecko) Chrome/105.0.0.0 Safari/537.36"
::ffff:192.168.0.173 - - [23/Sep/2022:06:36:48 +0000] "GET /feastwell-backend/api/v1/user?userType=6 HTTP/1.1" 304 - "http://localhost:3000/" "Mozilla/5.0 (Windows NT 10.0; Win64; x64) AppleWebKit/537.36 (KHTML, like Gecko) Chrome/105.0.0.0 Safari/537.36"
::ffff:192.168.0.173 - - [23/Sep/2022:06:37:24 +0000] "GET /feastwell-backend/api/v1/menuCategory HTTP/1.1" 304 - "http://localhost:3000/" "Mozilla/5.0 (Windows NT 10.0; Win64; x64) AppleWebKit/537.36 (KHTML, like Gecko) Chrome/105.0.0.0 Safari/537.36"
::ffff:192.168.0.173 - - [23/Sep/2022:06:37:24 +0000] "GET /feastwell-backend/api/v1/user?userType=6 HTTP/1.1" 304 - "http://localhost:3000/" "Mozilla/5.0 (Windows NT 10.0; Win64; x64) AppleWebKit/537.36 (KHTML, like Gecko) Chrome/105.0.0.0 Safari/537.36"
::ffff:192.168.0.173 - - [23/Sep/2022:06:37:27 +0000] "GET /feastwell-backend/api/v1/menuCategory HTTP/1.1" 304 - "http://localhost:3000/" "Mozilla/5.0 (Windows NT 10.0; Win64; x64) AppleWebKit/537.36 (KHTML, like Gecko) Chrome/105.0.0.0 Safari/537.36"
::ffff:192.168.0.173 - - [23/Sep/2022:06:37:27 +0000] "GET /feastwell-backend/api/v1/nutritionalRiskFactors HTTP/1.1" 304 - "http://localhost:3000/" "Mozilla/5.0 (Windows NT 10.0; Win64; x64) AppleWebKit/537.36 (KHTML, like Gecko) Chrome/105.0.0.0 Safari/537.36"
::ffff:192.168.0.173 - - [23/Sep/2022:06:37:43 +0000] "GET /feastwell-backend/api/v1/menuCategory HTTP/1.1" 304 - "http://localhost:3000/" "Mozilla/5.0 (Windows NT 10.0; Win64; x64) AppleWebKit/537.36 (KHTML, like Gecko) Chrome/105.0.0.0 Safari/537.36"
::ffff:192.168.0.173 - - [23/Sep/2022:06:37:43 +0000] "GET /feastwell-backend/api/v1/nutritionalRiskFactors HTTP/1.1" 304 - "http://localhost:3000/" "Mozilla/5.0 (Windows NT 10.0; Win64; x64) AppleWebKit/537.36 (KHTML, like Gecko) Chrome/105.0.0.0 Safari/537.36"
::ffff:192.168.0.173 - - [23/Sep/2022:06:37:44 +0000] "GET /feastwell-backend/api/v1/menuCategory HTTP/1.1" 304 - "http://localhost:3000/" "Mozilla/5.0 (Windows NT 10.0; Win64; x64) AppleWebKit/537.36 (KHTML, like Gecko) Chrome/105.0.0.0 Safari/537.36"
::ffff:192.168.0.173 - - [23/Sep/2022:06:37:44 +0000] "GET /feastwell-backend/api/v1/user?userType=6 HTTP/1.1" 304 - "http://localhost:3000/" "Mozilla/5.0 (Windows NT 10.0; Win64; x64) AppleWebKit/537.36 (KHTML, like Gecko) Chrome/105.0.0.0 Safari/537.36"
::ffff:192.168.0.173 - - [23/Sep/2022:06:37:50 +0000] "DELETE /feastwell-backend/api/v1/user/189 HTTP/1.1" 401 49 "http://localhost:3000/" "Mozilla/5.0 (Windows NT 10.0; Win64; x64) AppleWebKit/537.36 (KHTML, like Gecko) Chrome/105.0.0.0 Safari/537.36"
::ffff:192.168.0.173 - - [23/Sep/2022:06:37:50 +0000] "GET /feastwell-backend/api/v1/auth/refresh HTTP/1.1" 200 376 "http://localhost:3000/" "Mozilla/5.0 (Windows NT 10.0; Win64; x64) AppleWebKit/537.36 (KHTML, like Gecko) Chrome/105.0.0.0 Safari/537.36"
::ffff:192.168.0.173 - - [23/Sep/2022:06:37:50 +0000] "GET /feastwell-backend/api/v1/user?userType=6 HTTP/1.1" 304 - "http://localhost:3000/" "Mozilla/5.0 (Windows NT 10.0; Win64; x64) AppleWebKit/537.36 (KHTML, like Gecko) Chrome/105.0.0.0 Safari/537.36"
::ffff:192.168.0.173 - - [23/Sep/2022:06:38:05 +0000] "GET /feastwell-backend/api/v1/menuCategory HTTP/1.1" 304 - "http://localhost:3000/" "Mozilla/5.0 (Windows NT 10.0; Win64; x64) AppleWebKit/537.36 (KHTML, like Gecko) Chrome/105.0.0.0 Safari/537.36"
::ffff:192.168.0.173 - - [23/Sep/2022:06:38:05 +0000] "GET /feastwell-backend/api/v1/facility HTTP/1.1" 304 - "http://localhost:3000/" "Mozilla/5.0 (Windows NT 10.0; Win64; x64) AppleWebKit/537.36 (KHTML, like Gecko) Chrome/105.0.0.0 Safari/537.36"
::ffff:192.168.0.173 - - [23/Sep/2022:06:38:10 +0000] "POST /feastwell-backend/api/v1/user HTTP/1.1" 201 104 "http://localhost:3000/" "Mozilla/5.0 (Windows NT 10.0; Win64; x64) AppleWebKit/537.36 (KHTML, like Gecko) Chrome/105.0.0.0 Safari/537.36"
::ffff:192.168.0.173 - - [23/Sep/2022:06:38:10 +0000] "POST /feastwell-backend/api/v1/residentFacility HTTP/1.1" 404 36 "http://localhost:3000/" "Mozilla/5.0 (Windows NT 10.0; Win64; x64) AppleWebKit/537.36 (KHTML, like Gecko) Chrome/105.0.0.0 Safari/537.36"
::ffff:192.168.0.173 - - [23/Sep/2022:06:38:10 +0000] "POST /feastwell-backend/api/v1/userActivityLog HTTP/1.1" 200 79 "http://localhost:3000/" "Mozilla/5.0 (Windows NT 10.0; Win64; x64) AppleWebKit/537.36 (KHTML, like Gecko) Chrome/105.0.0.0 Safari/537.36"
::ffff:192.168.0.173 - - [23/Sep/2022:06:38:10 +0000] "GET /feastwell-backend/api/v1/menuCategory HTTP/1.1" 304 - "http://localhost:3000/" "Mozilla/5.0 (Windows NT 10.0; Win64; x64) AppleWebKit/537.36 (KHTML, like Gecko) Chrome/105.0.0.0 Safari/537.36"
::ffff:192.168.0.173 - - [23/Sep/2022:06:38:10 +0000] "GET /feastwell-backend/api/v1/nutritionalRiskFactors HTTP/1.1" 304 - "http://localhost:3000/" "Mozilla/5.0 (Windows NT 10.0; Win64; x64) AppleWebKit/537.36 (KHTML, like Gecko) Chrome/105.0.0.0 Safari/537.36"
::ffff:192.168.0.173 - - [23/Sep/2022:06:38:55 +0000] "GET /feastwell-backend/api/v1/nutritionalRiskFactors HTTP/1.1" 304 - "http://localhost:3000/" "Mozilla/5.0 (Windows NT 10.0; Win64; x64) AppleWebKit/537.36 (KHTML, like Gecko) Chrome/105.0.0.0 Safari/537.36"
::ffff:192.168.0.173 - - [23/Sep/2022:06:38:59 +0000] "GET /feastwell-backend/api/v1/menuCategory HTTP/1.1" 304 - "http://localhost:3000/" "Mozilla/5.0 (Windows NT 10.0; Win64; x64) AppleWebKit/537.36 (KHTML, like Gecko) Chrome/105.0.0.0 Safari/537.36"
::ffff:192.168.0.173 - - [23/Sep/2022:06:38:59 +0000] "GET /feastwell-backend/api/v1/nutritionalRiskFactors HTTP/1.1" 304 - "http://localhost:3000/" "Mozilla/5.0 (Windows NT 10.0; Win64; x64) AppleWebKit/537.36 (KHTML, like Gecko) Chrome/105.0.0.0 Safari/537.36"
::ffff:192.168.0.173 - - [23/Sep/2022:06:41:43 +0000] "POST /feastwell-backend/api/v1/residentsDetails HTTP/1.1" 401 49 "http://localhost:3000/" "Mozilla/5.0 (Windows NT 10.0; Win64; x64) AppleWebKit/537.36 (KHTML, like Gecko) Chrome/105.0.0.0 Safari/537.36"
::ffff:192.168.0.173 - - [23/Sep/2022:06:41:43 +0000] "GET /feastwell-backend/api/v1/auth/refresh HTTP/1.1" 200 376 "http://localhost:3000/" "Mozilla/5.0 (Windows NT 10.0; Win64; x64) AppleWebKit/537.36 (KHTML, like Gecko) Chrome/105.0.0.0 Safari/537.36"
::ffff:192.168.0.173 - - [23/Sep/2022:06:43:55 +0000] "GET /feastwell-backend/api/v1/menuCategory HTTP/1.1" 200 1349 "http://localhost:3000/" "Mozilla/5.0 (Windows NT 10.0; Win64; x64) AppleWebKit/537.36 (KHTML, like Gecko) Chrome/105.0.0.0 Safari/537.36"
::ffff:192.168.0.173 - - [23/Sep/2022:06:43:55 +0000] "GET /feastwell-backend/api/v1/nutritionalRiskFactors HTTP/1.1" 200 1782 "http://localhost:3000/" "Mozilla/5.0 (Windows NT 10.0; Win64; x64) AppleWebKit/537.36 (KHTML, like Gecko) Chrome/105.0.0.0 Safari/537.36"
::ffff:192.168.0.173 - - [23/Sep/2022:06:43:59 +0000] "POST /feastwell-backend/api/v1/residentsDetails HTTP/1.1" 401 49 "http://localhost:3000/" "Mozilla/5.0 (Windows NT 10.0; Win64; x64) AppleWebKit/537.36 (KHTML, like Gecko) Chrome/105.0.0.0 Safari/537.36"
::ffff:192.168.0.173 - - [23/Sep/2022:06:43:59 +0000] "GET /feastwell-backend/api/v1/auth/refresh HTTP/1.1" 200 376 "http://localhost:3000/" "Mozilla/5.0 (Windows NT 10.0; Win64; x64) AppleWebKit/537.36 (KHTML, like Gecko) Chrome/105.0.0.0 Safari/537.36"
::ffff:192.168.0.173 - - [23/Sep/2022:06:45:36 +0000] "GET /feastwell-backend/api/v1/nutritionalRiskFactors HTTP/1.1" 200 1782 "http://localhost:3000/" "Mozilla/5.0 (Windows NT 10.0; Win64; x64) AppleWebKit/537.36 (KHTML, like Gecko) Chrome/105.0.0.0 Safari/537.36"
::ffff:192.168.0.173 - - [23/Sep/2022:06:46:07 +0000] "GET /feastwell-backend/api/v1/nutritionalRiskFactors HTTP/1.1" 200 1782 "http://localhost:3000/" "Mozilla/5.0 (Windows NT 10.0; Win64; x64) AppleWebKit/537.36 (KHTML, like Gecko) Chrome/105.0.0.0 Safari/537.36"
::ffff:192.168.0.173 - - [23/Sep/2022:06:46:36 +0000] "GET /feastwell-backend/api/v1/nutritionalRiskFactors HTTP/1.1" 200 1782 "http://localhost:3000/" "Mozilla/5.0 (Windows NT 10.0; Win64; x64) AppleWebKit/537.36 (KHTML, like Gecko) Chrome/105.0.0.0 Safari/537.36"
::ffff:192.168.0.173 - - [23/Sep/2022:06:46:47 +0000] "GET /feastwell-backend/api/v1/menuCategory HTTP/1.1" 304 - "http://localhost:3000/" "Mozilla/5.0 (Windows NT 10.0; Win64; x64) AppleWebKit/537.36 (KHTML, like Gecko) Chrome/105.0.0.0 Safari/537.36"
::ffff:192.168.0.173 - - [23/Sep/2022:06:46:47 +0000] "GET /feastwell-backend/api/v1/nutritionalRiskFactors HTTP/1.1" 304 - "http://localhost:3000/" "Mozilla/5.0 (Windows NT 10.0; Win64; x64) AppleWebKit/537.36 (KHTML, like Gecko) Chrome/105.0.0.0 Safari/537.36"
::ffff:192.168.0.173 - - [23/Sep/2022:06:46:56 +0000] "GET /feastwell-backend/api/v1/menuCategory HTTP/1.1" 304 - "http://localhost:3000/" "Mozilla/5.0 (Windows NT 10.0; Win64; x64) AppleWebKit/537.36 (KHTML, like Gecko) Chrome/105.0.0.0 Safari/537.36"
::ffff:192.168.0.173 - - [23/Sep/2022:06:46:56 +0000] "GET /feastwell-backend/api/v1/nutritionalRiskFactors HTTP/1.1" 304 - "http://localhost:3000/" "Mozilla/5.0 (Windows NT 10.0; Win64; x64) AppleWebKit/537.36 (KHTML, like Gecko) Chrome/105.0.0.0 Safari/537.36"
::ffff:192.168.0.173 - - [23/Sep/2022:06:47:36 +0000] "GET /feastwell-backend/api/v1/nutritionalRiskFactors HTTP/1.1" 304 - "http://localhost:3000/" "Mozilla/5.0 (Windows NT 10.0; Win64; x64) AppleWebKit/537.36 (KHTML, like Gecko) Chrome/105.0.0.0 Safari/537.36"
::ffff:192.168.0.173 - - [23/Sep/2022:06:47:51 +0000] "GET /feastwell-backend/api/v1/menuCategory HTTP/1.1" 304 - "http://localhost:3000/" "Mozilla/5.0 (Windows NT 10.0; Win64; x64) AppleWebKit/537.36 (KHTML, like Gecko) Chrome/105.0.0.0 Safari/537.36"
::ffff:192.168.0.173 - - [23/Sep/2022:06:47:51 +0000] "GET /feastwell-backend/api/v1/nutritionalRiskFactors HTTP/1.1" 304 - "http://localhost:3000/" "Mozilla/5.0 (Windows NT 10.0; Win64; x64) AppleWebKit/537.36 (KHTML, like Gecko) Chrome/105.0.0.0 Safari/537.36"
::ffff:192.168.0.173 - - [23/Sep/2022:06:49:57 +0000] "POST /feastwell-backend/api/v1/residentsDetails HTTP/1.1" 401 49 "http://localhost:3000/" "Mozilla/5.0 (Windows NT 10.0; Win64; x64) AppleWebKit/537.36 (KHTML, like Gecko) Chrome/105.0.0.0 Safari/537.36"
::ffff:192.168.0.173 - - [23/Sep/2022:06:49:57 +0000] "GET /feastwell-backend/api/v1/auth/refresh HTTP/1.1" 200 376 "http://localhost:3000/" "Mozilla/5.0 (Windows NT 10.0; Win64; x64) AppleWebKit/537.36 (KHTML, like Gecko) Chrome/105.0.0.0 Safari/537.36"
::ffff:192.168.0.173 - - [23/Sep/2022:06:51:00 +0000] "GET /feastwell-backend/api/v1/menuCategory HTTP/1.1" 304 - "http://localhost:3000/" "Mozilla/5.0 (Windows NT 10.0; Win64; x64) AppleWebKit/537.36 (KHTML, like Gecko) Chrome/105.0.0.0 Safari/537.36"
::ffff:192.168.0.173 - - [23/Sep/2022:06:51:00 +0000] "GET /feastwell-backend/api/v1/nutritionalRiskFactors HTTP/1.1" 304 - "http://localhost:3000/" "Mozilla/5.0 (Windows NT 10.0; Win64; x64) AppleWebKit/537.36 (KHTML, like Gecko) Chrome/105.0.0.0 Safari/537.36"
::ffff:192.168.0.173 - - [23/Sep/2022:06:51:39 +0000] "GET /feastwell-backend/api/v1/menuCategory HTTP/1.1" 304 - "http://localhost:3000/" "Mozilla/5.0 (Windows NT 10.0; Win64; x64) AppleWebKit/537.36 (KHTML, like Gecko) Chrome/105.0.0.0 Safari/537.36"
::ffff:192.168.0.173 - - [23/Sep/2022:06:51:39 +0000] "GET /feastwell-backend/api/v1/nutritionalRiskFactors HTTP/1.1" 304 - "http://localhost:3000/" "Mozilla/5.0 (Windows NT 10.0; Win64; x64) AppleWebKit/537.36 (KHTML, like Gecko) Chrome/105.0.0.0 Safari/537.36"
::ffff:192.168.0.173 - - [23/Sep/2022:06:51:39 +0000] "GET /feastwell-backend/api/v1/menuCategory HTTP/1.1" 304 - "http://localhost:3000/" "Mozilla/5.0 (Windows NT 10.0; Win64; x64) AppleWebKit/537.36 (KHTML, like Gecko) Chrome/105.0.0.0 Safari/537.36"
::ffff:192.168.0.173 - - [23/Sep/2022:06:51:39 +0000] "GET /feastwell-backend/api/v1/facility HTTP/1.1" 304 - "http://localhost:3000/" "Mozilla/5.0 (Windows NT 10.0; Win64; x64) AppleWebKit/537.36 (KHTML, like Gecko) Chrome/105.0.0.0 Safari/537.36"
::ffff:192.168.0.173 - - [23/Sep/2022:06:51:41 +0000] "GET /feastwell-backend/api/v1/menuCategory HTTP/1.1" 304 - "http://localhost:3000/" "Mozilla/5.0 (Windows NT 10.0; Win64; x64) AppleWebKit/537.36 (KHTML, like Gecko) Chrome/105.0.0.0 Safari/537.36"
::ffff:192.168.0.173 - - [23/Sep/2022:06:51:41 +0000] "GET /feastwell-backend/api/v1/user?userType=6 HTTP/1.1" 200 4256 "http://localhost:3000/" "Mozilla/5.0 (Windows NT 10.0; Win64; x64) AppleWebKit/537.36 (KHTML, like Gecko) Chrome/105.0.0.0 Safari/537.36"
::ffff:192.168.0.173 - - [23/Sep/2022:06:51:46 +0000] "DELETE /feastwell-backend/api/v1/user/197 HTTP/1.1" 401 49 "http://localhost:3000/" "Mozilla/5.0 (Windows NT 10.0; Win64; x64) AppleWebKit/537.36 (KHTML, like Gecko) Chrome/105.0.0.0 Safari/537.36"
::ffff:192.168.0.173 - - [23/Sep/2022:06:51:46 +0000] "GET /feastwell-backend/api/v1/auth/refresh HTTP/1.1" 200 376 "http://localhost:3000/" "Mozilla/5.0 (Windows NT 10.0; Win64; x64) AppleWebKit/537.36 (KHTML, like Gecko) Chrome/105.0.0.0 Safari/537.36"
::ffff:192.168.0.173 - - [23/Sep/2022:06:51:46 +0000] "GET /feastwell-backend/api/v1/user?userType=6 HTTP/1.1" 304 - "http://localhost:3000/" "Mozilla/5.0 (Windows NT 10.0; Win64; x64) AppleWebKit/537.36 (KHTML, like Gecko) Chrome/105.0.0.0 Safari/537.36"
::ffff:192.168.0.173 - - [23/Sep/2022:06:52:02 +0000] "DELETE /feastwell-backend/api/v1/user/197 HTTP/1.1" 401 49 "http://localhost:3000/" "Mozilla/5.0 (Windows NT 10.0; Win64; x64) AppleWebKit/537.36 (KHTML, like Gecko) Chrome/105.0.0.0 Safari/537.36"
::ffff:192.168.0.173 - - [23/Sep/2022:06:52:12 +0000] "GET /feastwell-backend/api/v1/menuCategory HTTP/1.1" 304 - "http://localhost:3000/" "Mozilla/5.0 (Windows NT 10.0; Win64; x64) AppleWebKit/537.36 (KHTML, like Gecko) Chrome/105.0.0.0 Safari/537.36"
::ffff:192.168.0.173 - - [23/Sep/2022:06:52:12 +0000] "GET /feastwell-backend/api/v1/user?userType=6 HTTP/1.1" 304 - "http://localhost:3000/" "Mozilla/5.0 (Windows NT 10.0; Win64; x64) AppleWebKit/537.36 (KHTML, like Gecko) Chrome/105.0.0.0 Safari/537.36"
::1 - - [23/Sep/2022:07:10:12 +0000] "GET / HTTP/1.1" 200 41 "-" "Slackbot-LinkExpanding 1.0 (+https://api.slack.com/robots)"
::1 - - [23/Sep/2022:07:10:13 +0000] "GET /favicon.ico HTTP/1.1" 404 36 "-" "Slackbot 1.0 (+https://api.slack.com/robots)"
::ffff:192.168.0.173 - - [23/Sep/2022:07:10:44 +0000] "GET /feastwell-backend/api/v1/menuCategory HTTP/1.1" 200 1779 "http://localhost:3000/" "Mozilla/5.0 (Windows NT 10.0; Win64; x64) AppleWebKit/537.36 (KHTML, like Gecko) Chrome/105.0.0.0 Safari/537.36"
::ffff:192.168.0.173 - - [23/Sep/2022:07:10:44 +0000] "GET /feastwell-backend/api/v1/user?userType=6 HTTP/1.1" 304 - "http://localhost:3000/" "Mozilla/5.0 (Windows NT 10.0; Win64; x64) AppleWebKit/537.36 (KHTML, like Gecko) Chrome/105.0.0.0 Safari/537.36"
::ffff:192.168.0.173 - - [23/Sep/2022:07:11:48 +0000] "GET /feastwell-backend/api/v1/user?userType=6 HTTP/1.1" 304 - "http://localhost:3000/" "Mozilla/5.0 (Windows NT 10.0; Win64; x64) AppleWebKit/537.36 (KHTML, like Gecko) Chrome/105.0.0.0 Safari/537.36"
::ffff:192.168.0.173 - - [23/Sep/2022:07:11:48 +0000] "GET /feastwell-backend/api/v1/user?userType=6 HTTP/1.1" 304 - "http://localhost:3000/" "Mozilla/5.0 (Windows NT 10.0; Win64; x64) AppleWebKit/537.36 (KHTML, like Gecko) Chrome/105.0.0.0 Safari/537.36"
::ffff:192.168.0.173 - - [23/Sep/2022:07:12:00 +0000] "GET /feastwell-backend/api/v1/user?userType=6 HTTP/1.1" 304 - "http://localhost:3000/" "Mozilla/5.0 (Windows NT 10.0; Win64; x64) AppleWebKit/537.36 (KHTML, like Gecko) Chrome/105.0.0.0 Safari/537.36"
::1 - - [23/Sep/2022:07:12:13 +0000] "GET /feastwell-backend/api/v1/user?userType=6 HTTP/1.1" 401 49 "-" "PostmanRuntime/7.29.2"
::ffff:192.168.0.173 - - [23/Sep/2022:07:12:18 +0000] "GET /feastwell-backend/api/v1/user?userType=6 HTTP/1.1" 304 - "http://localhost:3000/" "Mozilla/5.0 (Windows NT 10.0; Win64; x64) AppleWebKit/537.36 (KHTML, like Gecko) Chrome/105.0.0.0 Safari/537.36"
::1 - - [23/Sep/2022:07:12:23 +0000] "POST /feastwell-backend/api/v1//authentication/api/v1/user/login HTTP/1.1" 404 36 "-" "PostmanRuntime/7.29.2"
::ffff:192.168.0.173 - - [23/Sep/2022:07:12:31 +0000] "GET /feastwell-backend/api/v1/user?userType=6 HTTP/1.1" 304 - "http://localhost:3000/" "Mozilla/5.0 (Windows NT 10.0; Win64; x64) AppleWebKit/537.36 (KHTML, like Gecko) Chrome/105.0.0.0 Safari/537.36"
::1 - - [23/Sep/2022:07:12:36 +0000] "POST /feastwell-backend/api/v1/auth/login HTTP/1.1" 404 43 "-" "PostmanRuntime/7.29.2"
::ffff:192.168.0.173 - - [23/Sep/2022:07:12:37 +0000] "GET /feastwell-backend/api/v1/menuCategory HTTP/1.1" 200 1926 "http://localhost:3000/" "Mozilla/5.0 (Windows NT 10.0; Win64; x64) AppleWebKit/537.36 (KHTML, like Gecko) Chrome/105.0.0.0 Safari/537.36"
::ffff:192.168.0.173 - - [23/Sep/2022:07:12:37 +0000] "GET /feastwell-backend/api/v1/user?userType=6 HTTP/1.1" 304 - "http://localhost:3000/" "Mozilla/5.0 (Windows NT 10.0; Win64; x64) AppleWebKit/537.36 (KHTML, like Gecko) Chrome/105.0.0.0 Safari/537.36"
::1 - - [23/Sep/2022:07:12:46 +0000] "POST /feastwell-backend/api/v1/auth/login HTTP/1.1" 200 1223 "-" "PostmanRuntime/7.29.2"
::ffff:192.168.0.173 - - [23/Sep/2022:07:12:47 +0000] "GET /feastwell-backend/api/v1/user?userType=6 HTTP/1.1" 304 - "http://localhost:3000/" "Mozilla/5.0 (Windows NT 10.0; Win64; x64) AppleWebKit/537.36 (KHTML, like Gecko) Chrome/105.0.0.0 Safari/537.36"
::ffff:192.168.0.173 - - [23/Sep/2022:07:12:51 +0000] "GET /feastwell-backend/api/v1/menuCategory HTTP/1.1" 304 - "http://localhost:3000/" "Mozilla/5.0 (Windows NT 10.0; Win64; x64) AppleWebKit/537.36 (KHTML, like Gecko) Chrome/105.0.0.0 Safari/537.36"
::ffff:192.168.0.173 - - [23/Sep/2022:07:12:51 +0000] "GET /feastwell-backend/api/v1/user?userType=6 HTTP/1.1" 304 - "http://localhost:3000/" "Mozilla/5.0 (Windows NT 10.0; Win64; x64) AppleWebKit/537.36 (KHTML, like Gecko) Chrome/105.0.0.0 Safari/537.36"
::ffff:192.168.0.173 - - [23/Sep/2022:07:13:18 +0000] "GET /feastwell-backend/api/v1/menuCategory HTTP/1.1" 200 2069 "http://localhost:3000/" "Mozilla/5.0 (Windows NT 10.0; Win64; x64) AppleWebKit/537.36 (KHTML, like Gecko) Chrome/105.0.0.0 Safari/537.36"
::ffff:192.168.0.173 - - [23/Sep/2022:07:13:18 +0000] "GET /feastwell-backend/api/v1/user?userType=6 HTTP/1.1" 304 - "http://localhost:3000/" "Mozilla/5.0 (Windows NT 10.0; Win64; x64) AppleWebKit/537.36 (KHTML, like Gecko) Chrome/105.0.0.0 Safari/537.36"
::1 - - [23/Sep/2022:07:13:27 +0000] "GET /feastwell-backend/api/v1/user?userType=6 HTTP/1.1" 200 4256 "-" "PostmanRuntime/7.29.2"
::1 - - [23/Sep/2022:07:14:48 +0000] "POST /feastwell-backend/api/v1/user HTTP/1.1" 401 49 "-" "PostmanRuntime/7.29.2"
::1 - - [23/Sep/2022:07:15:00 +0000] "POST /feastwell-backend/api/v1/user HTTP/1.1" 500 80 "-" "PostmanRuntime/7.29.2"
::ffff:192.168.0.173 - - [23/Sep/2022:07:15:03 +0000] "GET /feastwell-backend/api/v1/menuCategory HTTP/1.1" 200 2359 "http://localhost:3000/" "Mozilla/5.0 (Windows NT 10.0; Win64; x64) AppleWebKit/537.36 (KHTML, like Gecko) Chrome/105.0.0.0 Safari/537.36"
::ffff:192.168.0.173 - - [23/Sep/2022:07:15:04 +0000] "GET /feastwell-backend/api/v1/user?userType=6 HTTP/1.1" 304 - "http://localhost:3000/" "Mozilla/5.0 (Windows NT 10.0; Win64; x64) AppleWebKit/537.36 (KHTML, like Gecko) Chrome/105.0.0.0 Safari/537.36"
::1 - - [23/Sep/2022:07:15:17 +0000] "POST /feastwell-backend/api/v1/user HTTP/1.1" 201 110 "-" "PostmanRuntime/7.29.2"
::ffff:192.168.0.173 - - [23/Sep/2022:07:16:09 +0000] "GET /feastwell-backend/api/v1/menuCategory HTTP/1.1" 401 49 "-" "PostmanRuntime/7.29.2"
::1 - - [23/Sep/2022:07:16:30 +0000] "GET /feastwell-backend/api/v1/auth/refresh HTTP/1.1" 401 43 "-" "okhttp/3.14.9"
::1 - - [23/Sep/2022:07:16:38 +0000] "POST /feastwell-backend/api/v1/auth/login HTTP/1.1" 200 1223 "-" "okhttp/3.14.9"
::1 - - [23/Sep/2022:07:16:39 +0000] "GET /feastwell-backend/api/v1/imageDetails/byNurseId/182 HTTP/1.1" 200 226 "-" "okhttp/3.14.9"
::1 - - [23/Sep/2022:07:16:39 +0000] "GET /feastwell-backend/api/v1/mealTypes HTTP/1.1" 200 597 "-" "okhttp/3.14.9"
::1 - - [23/Sep/2022:07:16:46 +0000] "GET /feastwell-backend/api/v1/imageDetails/byNurseId/182 HTTP/1.1" 200 226 "-" "okhttp/3.14.9"
::1 - - [23/Sep/2022:07:16:53 +0000] "GET /feastwell-backend/api/v1/user?userType=6 HTTP/1.1" 200 4608 "-" "okhttp/3.14.9"
::1 - - [23/Sep/2022:07:17:09 +0000] "GET /feastwell-backend/api/v1/facility HTTP/1.1" 200 484 "-" "okhttp/3.14.9"
::1 - - [23/Sep/2022:07:17:14 +0000] "GET /feastwell-backend/api/v1/user?userType=6 HTTP/1.1" 200 4608 "-" "okhttp/3.14.9"
::1 - - [23/Sep/2022:07:17:25 +0000] "GET /feastwell-backend/api/v1/imageDetails/byNurseId/182 HTTP/1.1" 200 226 "-" "okhttp/3.14.9"
::1 - - [23/Sep/2022:07:17:28 +0000] "GET /feastwell-backend/api/v1/kitchen HTTP/1.1" 200 1173 "-" "okhttp/3.14.9"
::1 - - [23/Sep/2022:07:17:30 +0000] "GET /feastwell-backend/api/v1/country HTTP/1.1" 200 83959 "-" "okhttp/3.14.9"
::1 - - [23/Sep/2022:07:17:31 +0000] "GET /feastwell-backend/api/v1/states/byCountryId/39 HTTP/1.1" 200 1022 "-" "okhttp/3.14.9"
::1 - - [23/Sep/2022:07:17:32 +0000] "GET /feastwell-backend/api/v1/city/872 HTTP/1.1" 404 36 "-" "okhttp/3.14.9"
::ffff:192.168.0.173 - - [23/Sep/2022:07:19:04 +0000] "GET /feastwell-backend/api/v1/menuCategory HTTP/1.1" 304 - "http://localhost:3000/" "Mozilla/5.0 (Windows NT 10.0; Win64; x64) AppleWebKit/537.36 (KHTML, like Gecko) Chrome/105.0.0.0 Safari/537.36"
::ffff:192.168.0.173 - - [23/Sep/2022:07:19:04 +0000] "GET /feastwell-backend/api/v1/user?userType=6 HTTP/1.1" 200 4608 "http://localhost:3000/" "Mozilla/5.0 (Windows NT 10.0; Win64; x64) AppleWebKit/537.36 (KHTML, like Gecko) Chrome/105.0.0.0 Safari/537.36"
::1 - - [23/Sep/2022:07:19:20 +0000] "PUT /feastwell-backend/api/v1/userFacility/101 HTTP/1.1" 401 49 "-" "PostmanRuntime/7.29.2"
::1 - - [23/Sep/2022:07:19:31 +0000] "PUT /feastwell-backend/api/v1/userFacility/101 HTTP/1.1" 401 49 "-" "PostmanRuntime/7.29.2"
::1 - - [23/Sep/2022:07:20:59 +0000] "POST /feastwell-backend/api/v1/residentFacility HTTP/1.1" 404 36 "-" "PostmanRuntime/7.29.2"
::1 - - [23/Sep/2022:07:21:12 +0000] "POST /feastwell-backend/api/v1/residentFacility HTTP/1.1" 404 36 "-" "PostmanRuntime/7.29.2"
::1 - - [23/Sep/2022:07:21:20 +0000] "GET /feastwell-backend/api/v1/residentFacility HTTP/1.1" 404 36 "-" "PostmanRuntime/7.29.2"
::1 - - [23/Sep/2022:07:21:29 +0000] "GET /feastwell-backend/api/v1/residentFacility HTTP/1.1" 404 36 "-" "PostmanRuntime/7.29.2"
::1 - - [23/Sep/2022:07:21:39 +0000] "GET /feastwell-backend/api/v1/facility HTTP/1.1" 401 49 "-" "PostmanRuntime/7.29.2"
::1 - - [23/Sep/2022:07:21:51 +0000] "GET /feastwell-backend/api/v1/facility HTTP/1.1" 200 484 "-" "PostmanRuntime/7.29.2"
::ffff:192.168.0.173 - - [23/Sep/2022:07:21:56 +0000] "GET /feastwell-backend/api/v1/menuCategory HTTP/1.1" 304 - "http://localhost:3000/" "Mozilla/5.0 (Windows NT 10.0; Win64; x64) AppleWebKit/537.36 (KHTML, like Gecko) Chrome/105.0.0.0 Safari/537.36"
::ffff:192.168.0.173 - - [23/Sep/2022:07:21:56 +0000] "GET /feastwell-backend/api/v1/user?userType=6 HTTP/1.1" 304 - "http://localhost:3000/" "Mozilla/5.0 (Windows NT 10.0; Win64; x64) AppleWebKit/537.36 (KHTML, like Gecko) Chrome/105.0.0.0 Safari/537.36"
::1 - - [23/Sep/2022:07:22:28 +0000] "PUT /feastwell-backend/api/v1/userFacility/198 HTTP/1.1" 401 49 "-" "PostmanRuntime/7.29.2"
::ffff:192.168.0.173 - - [23/Sep/2022:07:22:41 +0000] "GET /feastwell-backend/api/v1/user?userType=6 HTTP/1.1" 200 4608 "http://localhost:3000/" "Mozilla/5.0 (Windows NT 10.0; Win64; x64) AppleWebKit/537.36 (KHTML, like Gecko) Chrome/105.0.0.0 Safari/537.36"
::ffff:192.168.0.173 - - [23/Sep/2022:07:22:43 +0000] "GET /feastwell-backend/api/v1/user?userType=6 HTTP/1.1" 200 4608 "http://localhost:3000/" "Mozilla/5.0 (Windows NT 10.0; Win64; x64) AppleWebKit/537.36 (KHTML, like Gecko) Chrome/105.0.0.0 Safari/537.36"
::ffff:192.168.0.173 - - [23/Sep/2022:07:23:05 +0000] "GET /feastwell-backend/api/v1/user?userType=6 HTTP/1.1" 304 - "http://localhost:3000/" "Mozilla/5.0 (Windows NT 10.0; Win64; x64) AppleWebKit/537.36 (KHTML, like Gecko) Chrome/105.0.0.0 Safari/537.36"
::ffff:192.168.0.173 - - [23/Sep/2022:07:23:11 +0000] "GET /feastwell-backend/api/v1/user?userType=6 HTTP/1.1" 304 - "http://localhost:3000/" "Mozilla/5.0 (Windows NT 10.0; Win64; x64) AppleWebKit/537.36 (KHTML, like Gecko) Chrome/105.0.0.0 Safari/537.36"
::ffff:192.168.0.173 - - [23/Sep/2022:07:23:17 +0000] "GET /feastwell-backend/api/v1/menuCategory HTTP/1.1" 304 - "http://localhost:3000/" "Mozilla/5.0 (Windows NT 10.0; Win64; x64) AppleWebKit/537.36 (KHTML, like Gecko) Chrome/105.0.0.0 Safari/537.36"
::ffff:192.168.0.173 - - [23/Sep/2022:07:23:17 +0000] "GET /feastwell-backend/api/v1/user?userType=6 HTTP/1.1" 304 - "http://localhost:3000/" "Mozilla/5.0 (Windows NT 10.0; Win64; x64) AppleWebKit/537.36 (KHTML, like Gecko) Chrome/105.0.0.0 Safari/537.36"
::ffff:192.168.0.173 - - [23/Sep/2022:07:23:36 +0000] "GET /feastwell-backend/api/v1/user?userType=6 HTTP/1.1" 304 - "http://localhost:3000/" "Mozilla/5.0 (Windows NT 10.0; Win64; x64) AppleWebKit/537.36 (KHTML, like Gecko) Chrome/105.0.0.0 Safari/537.36"
::ffff:192.168.0.173 - - [23/Sep/2022:07:23:40 +0000] "GET /feastwell-backend/api/v1/menuCategory HTTP/1.1" 304 - "http://localhost:3000/" "Mozilla/5.0 (Windows NT 10.0; Win64; x64) AppleWebKit/537.36 (KHTML, like Gecko) Chrome/105.0.0.0 Safari/537.36"
::ffff:192.168.0.173 - - [23/Sep/2022:07:23:40 +0000] "GET /feastwell-backend/api/v1/user?userType=6 HTTP/1.1" 304 - "http://localhost:3000/" "Mozilla/5.0 (Windows NT 10.0; Win64; x64) AppleWebKit/537.36 (KHTML, like Gecko) Chrome/105.0.0.0 Safari/537.36"
::ffff:192.168.0.173 - - [23/Sep/2022:07:23:52 +0000] "GET /feastwell-backend/api/v1/user?userType=6 HTTP/1.1" 304 - "http://localhost:3000/" "Mozilla/5.0 (Windows NT 10.0; Win64; x64) AppleWebKit/537.36 (KHTML, like Gecko) Chrome/105.0.0.0 Safari/537.36"
::ffff:192.168.0.173 - - [23/Sep/2022:07:24:05 +0000] "GET /feastwell-backend/api/v1/user?userType=6 HTTP/1.1" 304 - "http://localhost:3000/" "Mozilla/5.0 (Windows NT 10.0; Win64; x64) AppleWebKit/537.36 (KHTML, like Gecko) Chrome/105.0.0.0 Safari/537.36"
::ffff:192.168.0.173 - - [23/Sep/2022:07:24:09 +0000] "GET /feastwell-backend/api/v1/menuCategory HTTP/1.1" 304 - "http://localhost:3000/" "Mozilla/5.0 (Windows NT 10.0; Win64; x64) AppleWebKit/537.36 (KHTML, like Gecko) Chrome/105.0.0.0 Safari/537.36"
::ffff:192.168.0.173 - - [23/Sep/2022:07:24:09 +0000] "GET /feastwell-backend/api/v1/user?userType=6 HTTP/1.1" 304 - "http://localhost:3000/" "Mozilla/5.0 (Windows NT 10.0; Win64; x64) AppleWebKit/537.36 (KHTML, like Gecko) Chrome/105.0.0.0 Safari/537.36"
::ffff:192.168.0.173 - - [23/Sep/2022:07:24:29 +0000] "GET /feastwell-backend/api/v1/user?userType=6 HTTP/1.1" 304 - "http://localhost:3000/" "Mozilla/5.0 (Windows NT 10.0; Win64; x64) AppleWebKit/537.36 (KHTML, like Gecko) Chrome/105.0.0.0 Safari/537.36"
::ffff:192.168.0.173 - - [23/Sep/2022:07:24:34 +0000] "GET /feastwell-backend/api/v1/menuCategory HTTP/1.1" 304 - "http://localhost:3000/" "Mozilla/5.0 (Windows NT 10.0; Win64; x64) AppleWebKit/537.36 (KHTML, like Gecko) Chrome/105.0.0.0 Safari/537.36"
::ffff:192.168.0.173 - - [23/Sep/2022:07:24:34 +0000] "GET /feastwell-backend/api/v1/user?userType=6 HTTP/1.1" 304 - "http://localhost:3000/" "Mozilla/5.0 (Windows NT 10.0; Win64; x64) AppleWebKit/537.36 (KHTML, like Gecko) Chrome/105.0.0.0 Safari/537.36"
::ffff:192.168.0.173 - - [23/Sep/2022:07:24:42 +0000] "GET /feastwell-backend/api/v1/user?userType=6 HTTP/1.1" 304 - "http://localhost:3000/" "Mozilla/5.0 (Windows NT 10.0; Win64; x64) AppleWebKit/537.36 (KHTML, like Gecko) Chrome/105.0.0.0 Safari/537.36"
::ffff:192.168.0.173 - - [23/Sep/2022:07:24:50 +0000] "GET /feastwell-backend/api/v1/user?userType=6 HTTP/1.1" 304 - "http://localhost:3000/" "Mozilla/5.0 (Windows NT 10.0; Win64; x64) AppleWebKit/537.36 (KHTML, like Gecko) Chrome/105.0.0.0 Safari/537.36"
::ffff:192.168.0.173 - - [23/Sep/2022:07:25:03 +0000] "GET /feastwell-backend/api/v1/user?userType=6 HTTP/1.1" 304 - "http://localhost:3000/" "Mozilla/5.0 (Windows NT 10.0; Win64; x64) AppleWebKit/537.36 (KHTML, like Gecko) Chrome/105.0.0.0 Safari/537.36"
::ffff:192.168.0.173 - - [23/Sep/2022:07:25:17 +0000] "GET /feastwell-backend/api/v1/user?userType=6 HTTP/1.1" 304 - "http://localhost:3000/" "Mozilla/5.0 (Windows NT 10.0; Win64; x64) AppleWebKit/537.36 (KHTML, like Gecko) Chrome/105.0.0.0 Safari/537.36"
::ffff:192.168.0.173 - - [23/Sep/2022:07:25:20 +0000] "GET /feastwell-backend/api/v1/menuCategory HTTP/1.1" 304 - "http://localhost:3000/" "Mozilla/5.0 (Windows NT 10.0; Win64; x64) AppleWebKit/537.36 (KHTML, like Gecko) Chrome/105.0.0.0 Safari/537.36"
::ffff:192.168.0.173 - - [23/Sep/2022:07:25:20 +0000] "GET /feastwell-backend/api/v1/user?userType=6 HTTP/1.1" 304 - "http://localhost:3000/" "Mozilla/5.0 (Windows NT 10.0; Win64; x64) AppleWebKit/537.36 (KHTML, like Gecko) Chrome/105.0.0.0 Safari/537.36"
::ffff:192.168.0.173 - - [23/Sep/2022:07:25:29 +0000] "GET /feastwell-backend/api/v1/user?userType=6 HTTP/1.1" 304 - "http://localhost:3000/" "Mozilla/5.0 (Windows NT 10.0; Win64; x64) AppleWebKit/537.36 (KHTML, like Gecko) Chrome/105.0.0.0 Safari/537.36"
::ffff:192.168.0.173 - - [23/Sep/2022:07:25:34 +0000] "GET /feastwell-backend/api/v1/menuCategory HTTP/1.1" 304 - "http://localhost:3000/" "Mozilla/5.0 (Windows NT 10.0; Win64; x64) AppleWebKit/537.36 (KHTML, like Gecko) Chrome/105.0.0.0 Safari/537.36"
::ffff:192.168.0.173 - - [23/Sep/2022:07:25:34 +0000] "GET /feastwell-backend/api/v1/user?userType=6 HTTP/1.1" 304 - "http://localhost:3000/" "Mozilla/5.0 (Windows NT 10.0; Win64; x64) AppleWebKit/537.36 (KHTML, like Gecko) Chrome/105.0.0.0 Safari/537.36"
::ffff:192.168.0.173 - - [23/Sep/2022:07:26:50 +0000] "GET /feastwell-backend/api/v1/menuCategory HTTP/1.1" 200 2635 "http://localhost:3000/" "Mozilla/5.0 (Windows NT 10.0; Win64; x64) AppleWebKit/537.36 (KHTML, like Gecko) Chrome/105.0.0.0 Safari/537.36"
::ffff:192.168.0.173 - - [23/Sep/2022:07:26:50 +0000] "GET /feastwell-backend/api/v1/user?userType=6 HTTP/1.1" 304 - "http://localhost:3000/" "Mozilla/5.0 (Windows NT 10.0; Win64; x64) AppleWebKit/537.36 (KHTML, like Gecko) Chrome/105.0.0.0 Safari/537.36"
::ffff:192.168.0.173 - - [23/Sep/2022:07:27:15 +0000] "GET /feastwell-backend/api/v1/user?userType=6 HTTP/1.1" 304 - "http://localhost:3000/" "Mozilla/5.0 (Windows NT 10.0; Win64; x64) AppleWebKit/537.36 (KHTML, like Gecko) Chrome/105.0.0.0 Safari/537.36"
::ffff:192.168.0.173 - - [23/Sep/2022:07:27:17 +0000] "GET /feastwell-backend/api/v1/menuCategory HTTP/1.1" 304 - "http://localhost:3000/" "Mozilla/5.0 (Windows NT 10.0; Win64; x64) AppleWebKit/537.36 (KHTML, like Gecko) Chrome/105.0.0.0 Safari/537.36"
::ffff:192.168.0.173 - - [23/Sep/2022:07:27:17 +0000] "GET /feastwell-backend/api/v1/user?userType=6 HTTP/1.1" 304 - "http://localhost:3000/" "Mozilla/5.0 (Windows NT 10.0; Win64; x64) AppleWebKit/537.36 (KHTML, like Gecko) Chrome/105.0.0.0 Safari/537.36"
::ffff:192.168.0.173 - - [23/Sep/2022:07:27:29 +0000] "GET /feastwell-backend/api/v1/menuCategory HTTP/1.1" 304 - "http://localhost:3000/" "Mozilla/5.0 (Windows NT 10.0; Win64; x64) AppleWebKit/537.36 (KHTML, like Gecko) Chrome/105.0.0.0 Safari/537.36"
::ffff:192.168.0.173 - - [23/Sep/2022:07:27:29 +0000] "GET /feastwell-backend/api/v1/nutritionalRiskFactors HTTP/1.1" 304 - "http://localhost:3000/" "Mozilla/5.0 (Windows NT 10.0; Win64; x64) AppleWebKit/537.36 (KHTML, like Gecko) Chrome/105.0.0.0 Safari/537.36"
::ffff:192.168.0.173 - - [23/Sep/2022:07:27:33 +0000] "GET /feastwell-backend/api/v1/menuCategory HTTP/1.1" 304 - "http://localhost:3000/" "Mozilla/5.0 (Windows NT 10.0; Win64; x64) AppleWebKit/537.36 (KHTML, like Gecko) Chrome/105.0.0.0 Safari/537.36"
::ffff:192.168.0.173 - - [23/Sep/2022:07:27:33 +0000] "GET /feastwell-backend/api/v1/user?userType=6 HTTP/1.1" 304 - "http://localhost:3000/" "Mozilla/5.0 (Windows NT 10.0; Win64; x64) AppleWebKit/537.36 (KHTML, like Gecko) Chrome/105.0.0.0 Safari/537.36"
::1 - - [23/Sep/2022:07:32:27 +0000] "PUT /feastwell-backend/api/v1/userFacility/198 HTTP/1.1" 401 49 "-" "PostmanRuntime/7.29.2"
::1 - - [23/Sep/2022:07:37:26 +0000] "POST /feastwell-backend/api/v1/user HTTP/1.1" 500 83 "-" "PostmanRuntime/7.29.2"
::1 - - [23/Sep/2022:07:37:41 +0000] "POST /feastwell-backend/api/v1/user HTTP/1.1" 500 93 "-" "PostmanRuntime/7.29.2"
::ffff:192.168.0.173 - - [23/Sep/2022:07:40:42 +0000] "GET /feastwell-backend/api/v1/menuCategory HTTP/1.1" 200 4646 "http://localhost:3000/" "Mozilla/5.0 (Windows NT 10.0; Win64; x64) AppleWebKit/537.36 (KHTML, like Gecko) Chrome/105.0.0.0 Safari/537.36"
::ffff:192.168.0.173 - - [23/Sep/2022:07:40:42 +0000] "GET /feastwell-backend/api/v1/user?userType=6 HTTP/1.1" 304 - "http://localhost:3000/" "Mozilla/5.0 (Windows NT 10.0; Win64; x64) AppleWebKit/537.36 (KHTML, like Gecko) Chrome/105.0.0.0 Safari/537.36"
::1 - - [23/Sep/2022:07:43:18 +0000] "POST /feastwell-backend/api/v1/user HTTP/1.1" 201 110 "-" "PostmanRuntime/7.29.2"
::1 - - [23/Sep/2022:07:43:43 +0000] "PUT /feastwell-backend/api/v1/userFacility/198 HTTP/1.1" 401 49 "-" "PostmanRuntime/7.29.2"
::ffff:192.168.0.173 - - [23/Sep/2022:07:45:24 +0000] "GET /feastwell-backend/api/v1/menuCategory HTTP/1.1" 304 - "http://localhost:3000/" "Mozilla/5.0 (Windows NT 10.0; Win64; x64) AppleWebKit/537.36 (KHTML, like Gecko) Chrome/105.0.0.0 Safari/537.36"
::ffff:192.168.0.173 - - [23/Sep/2022:07:45:25 +0000] "GET /feastwell-backend/api/v1/menuCategory HTTP/1.1" 304 - "http://localhost:3000/" "Mozilla/5.0 (Windows NT 10.0; Win64; x64) AppleWebKit/537.36 (KHTML, like Gecko) Chrome/105.0.0.0 Safari/537.36"
::ffff:192.168.0.173 - - [23/Sep/2022:07:46:41 +0000] "GET /feastwell-backend/api/v1/menuCategory HTTP/1.1" 304 - "http://localhost:3000/" "Mozilla/5.0 (Windows NT 10.0; Win64; x64) AppleWebKit/537.36 (KHTML, like Gecko) Chrome/105.0.0.0 Safari/537.36"
::1 - - [23/Sep/2022:07:56:43 +0000] "PUT /feastwell-backend/api/v1/userFacility/198 HTTP/1.1" 404 59 "-" "PostmanRuntime/7.29.2"
::1 - - [23/Sep/2022:07:57:43 +0000] "PUT /feastwell-backend/api/v1/userFacility/198 HTTP/1.1" 404 59 "-" "PostmanRuntime/7.29.2"
::1 - - [23/Sep/2022:07:57:56 +0000] "PUT /feastwell-backend/api/v1/userFacility/199 HTTP/1.1" 404 59 "-" "PostmanRuntime/7.29.2"
::1 - - [23/Sep/2022:07:58:12 +0000] "PUT /feastwell-backend/api/v1/userFacility/122 HTTP/1.1" 404 59 "-" "PostmanRuntime/7.29.2"
::1 - - [23/Sep/2022:07:58:17 +0000] "PUT /feastwell-backend/api/v1/userFacility/199 HTTP/1.1" 404 59 "-" "PostmanRuntime/7.29.2"
::1 - - [23/Sep/2022:07:58:27 +0000] "POST /feastwell-backend/api/v1/user HTTP/1.1" 201 101 "-" "PostmanRuntime/7.29.2"
::1 - - [23/Sep/2022:07:58:43 +0000] "POST /feastwell-backend/api/v1/residentFacility HTTP/1.1" 404 36 "-" "PostmanRuntime/7.29.2"
::1 - - [23/Sep/2022:07:58:52 +0000] "POST /feastwell-backend/api/v1/userFacility HTTP/1.1" 200 99 "-" "PostmanRuntime/7.29.2"
::1 - - [23/Sep/2022:08:00:57 +0000] "GET /feastwell-backend/api/v1/user?userType=6 HTTP/1.1" 200 5302 "-" "okhttp/3.14.9"
::1 - - [23/Sep/2022:08:00:57 +0000] "GET /feastwell-backend/api/v1/imageDetails/byNurseId/182 HTTP/1.1" 200 226 "-" "okhttp/3.14.9"
::ffff:192.168.0.196 - - [23/Sep/2022:08:07:47 +0000] "GET /feastwell-backend/api/v1/user HTTP/1.1" 401 49 "-" "Mozilla/5.0 (Windows NT 10.0; Win64; x64) AppleWebKit/537.36 (KHTML, like Gecko) Chrome/105.0.0.0 Safari/537.36"
::ffff:192.168.0.152 - - [23/Sep/2022:08:09:42 +0000] "POST /feastwell-backend/api/v1/auth/login HTTP/1.1" 404 43 "-" "PostmanRuntime/7.29.2"
::ffff:192.168.0.152 - - [23/Sep/2022:08:09:53 +0000] "POST /feastwell-backend/api/v1/auth/login HTTP/1.1" 200 1223 "-" "PostmanRuntime/7.29.2"
::ffff:192.168.0.152 - - [23/Sep/2022:08:11:06 +0000] "POST /feastwell-backend/api/v1/user HTTP/1.1" 500 80 "-" "PostmanRuntime/7.29.2"
::ffff:192.168.0.152 - - [23/Sep/2022:08:11:35 +0000] "POST /feastwell-backend/api/v1/user HTTP/1.1" 500 80 "-" "PostmanRuntime/7.29.2"
::ffff:192.168.0.152 - - [23/Sep/2022:08:11:41 +0000] "POST /feastwell-backend/api/v1/user HTTP/1.1" 500 80 "-" "PostmanRuntime/7.29.2"
::ffff:192.168.0.152 - - [23/Sep/2022:08:11:48 +0000] "POST /feastwell-backend/api/v1/user HTTP/1.1" 500 81 "-" "PostmanRuntime/7.29.2"
::ffff:192.168.0.173 - - [23/Sep/2022:08:13:03 +0000] "GET /feastwell-backend/api/v1/menuCategory HTTP/1.1" 304 - "http://localhost:3000/" "Mozilla/5.0 (Windows NT 10.0; Win64; x64) AppleWebKit/537.36 (KHTML, like Gecko) Chrome/105.0.0.0 Safari/537.36"
::ffff:192.168.0.152 - - [23/Sep/2022:08:13:40 +0000] "POST /feastwell-backend/api/v1/user HTTP/1.1" 500 81 "-" "PostmanRuntime/7.29.2"
::ffff:192.168.0.152 - - [23/Sep/2022:08:14:25 +0000] "POST /feastwell-backend/api/v1/user HTTP/1.1" 500 81 "-" "PostmanRuntime/7.29.2"
::1 - - [23/Sep/2022:08:14:38 +0000] "GET /feastwell-backend/api/v1/auth/refresh HTTP/1.1" 200 376 "-" "okhttp/3.14.9"
::1 - - [23/Sep/2022:08:14:39 +0000] "GET /feastwell-backend/api/v1/auth/login HTTP/1.1" 200 1223 "-" "okhttp/3.14.9"
::1 - - [23/Sep/2022:08:14:41 +0000] "GET /feastwell-backend/api/v1/mealTypes HTTP/1.1" 200 597 "-" "okhttp/3.14.9"
::1 - - [23/Sep/2022:08:14:42 +0000] "GET /feastwell-backend/api/v1/imageDetails/byNurseId/182 HTTP/1.1" 200 226 "-" "okhttp/3.14.9"
::1 - - [23/Sep/2022:08:16:01 +0000] "GET /feastwell-backend/api/v1/auth/refresh HTTP/1.1" 200 376 "-" "okhttp/3.14.9"
::1 - - [23/Sep/2022:08:16:01 +0000] "GET /feastwell-backend/api/v1/auth/login HTTP/1.1" 200 1223 "-" "okhttp/3.14.9"
::1 - - [23/Sep/2022:08:16:02 +0000] "GET /feastwell-backend/api/v1/mealTypes HTTP/1.1" 200 597 "-" "okhttp/3.14.9"
::1 - - [23/Sep/2022:08:16:02 +0000] "GET /feastwell-backend/api/v1/imageDetails/byNurseId/182 HTTP/1.1" 200 226 "-" "okhttp/3.14.9"
::1 - - [23/Sep/2022:08:16:07 +0000] "GET /feastwell-backend/api/v1/user?userType=6 HTTP/1.1" 200 5302 "-" "okhttp/3.14.9"
::1 - - [23/Sep/2022:08:16:09 +0000] "GET /feastwell-backend/api/v1/facility HTTP/1.1" 200 484 "-" "okhttp/3.14.9"
::ffff:192.168.0.152 - - [23/Sep/2022:08:16:24 +0000] "POST /feastwell-backend/api/v1/user HTTP/1.1" - - "-" "PostmanRuntime/7.29.2"
::1 - - [23/Sep/2022:08:17:28 +0000] "POST /feastwell-backend/api/v1/user HTTP/1.1" 401 49 "-" "PostmanRuntime/7.29.2"
::1 - - [23/Sep/2022:08:17:29 +0000] "GET /feastwell-backend/api/v1/auth/refresh HTTP/1.1" 200 376 "-" "okhttp/3.14.9"
::1 - - [23/Sep/2022:08:17:30 +0000] "GET /feastwell-backend/api/v1/auth/login HTTP/1.1" 200 1223 "-" "okhttp/3.14.9"
::1 - - [23/Sep/2022:08:17:31 +0000] "GET /feastwell-backend/api/v1/mealTypes HTTP/1.1" 200 597 "-" "okhttp/3.14.9"
::1 - - [23/Sep/2022:08:17:31 +0000] "GET /feastwell-backend/api/v1/imageDetails/byNurseId/182 HTTP/1.1" 200 226 "-" "okhttp/3.14.9"
::1 - - [23/Sep/2022:08:17:36 +0000] "GET /feastwell-backend/api/v1/facility HTTP/1.1" 200 484 "-" "okhttp/3.14.9"
::1 - - [23/Sep/2022:08:17:36 +0000] "POST /feastwell-backend/api/v1/auth/login HTTP/1.1" 200 1223 "-" "PostmanRuntime/7.29.2"
::1 - - [23/Sep/2022:08:17:48 +0000] "POST /feastwell-backend/api/v1/user HTTP/1.1" 201 108 "-" "PostmanRuntime/7.29.2"
::1 - - [23/Sep/2022:08:17:50 +0000] "POST /feastwell-backend/api/v1/user HTTP/1.1" 500 83 "-" "okhttp/3.14.9"
::ffff:192.168.0.152 - - [23/Sep/2022:08:17:55 +0000] "POST /feastwell-backend/api/v1/user HTTP/1.1" - - "-" "PostmanRuntime/7.29.2"
::1 - - [23/Sep/2022:08:18:25 +0000] "GET /feastwell-backend/api/v1/user?userType=6 HTTP/1.1" 200 5652 "-" "okhttp/3.14.9"
::1 - - [23/Sep/2022:08:18:43 +0000] "POST /feastwell-backend/api/v1/user HTTP/1.1" 201 108 "-" "PostmanRuntime/7.29.2"
::1 - - [23/Sep/2022:08:19:15 +0000] "GET /feastwell-backend/api/v1/auth/refresh HTTP/1.1" 200 376 "-" "okhttp/3.14.9"
::1 - - [23/Sep/2022:08:19:16 +0000] "GET /feastwell-backend/api/v1/auth/login HTTP/1.1" 200 1223 "-" "okhttp/3.14.9"
::1 - - [23/Sep/2022:08:19:17 +0000] "GET /feastwell-backend/api/v1/mealTypes HTTP/1.1" 200 597 "-" "okhttp/3.14.9"
::1 - - [23/Sep/2022:08:19:17 +0000] "GET /feastwell-backend/api/v1/imageDetails/byNurseId/182 HTTP/1.1" 200 226 "-" "okhttp/3.14.9"
::1 - - [23/Sep/2022:08:19:18 +0000] "POST /feastwell-backend/api/v1/user HTTP/1.1" 201 108 "-" "PostmanRuntime/7.29.2"
::1 - - [23/Sep/2022:08:19:20 +0000] "GET /feastwell-backend/api/v1/user?userType=6 HTTP/1.1" 200 5652 "-" "okhttp/3.14.9"
::1 - - [23/Sep/2022:08:19:22 +0000] "GET /feastwell-backend/api/v1/facility HTTP/1.1" 200 484 "-" "okhttp/3.14.9"
::1 - - [23/Sep/2022:08:19:32 +0000] "POST /feastwell-backend/api/v1/user HTTP/1.1" 500 83 "-" "okhttp/3.14.9"
::ffff:192.168.0.152 - - [23/Sep/2022:08:19:55 +0000] "POST /feastwell-backend/api/v1/user HTTP/1.1" - - "-" "PostmanRuntime/7.29.2"
::1 - - [23/Sep/2022:08:19:58 +0000] "POST /feastwell-backend/api/v1/user HTTP/1.1" 500 83 "-" "PostmanRuntime/7.29.2"
::1 - - [23/Sep/2022:08:20:11 +0000] "POST /feastwell-backend/api/v1/user HTTP/1.1" 500 83 "-" "PostmanRuntime/7.29.2"
::ffff:192.168.0.152 - - [23/Sep/2022:08:20:44 +0000] "POST /feastwell-backend/api/v1/user HTTP/1.1" - - "-" "PostmanRuntime/7.29.2"
::ffff:192.168.0.152 - - [23/Sep/2022:08:20:50 +0000] "POST /feastwell-backend/api/v1/auth/login HTTP/1.1" 200 1223 "-" "PostmanRuntime/7.29.2"
::ffff:192.168.0.152 - - [23/Sep/2022:08:21:17 +0000] "POST /feastwell-backend/api/v1/user HTTP/1.1" - - "-" "PostmanRuntime/7.29.2"
::1 - - [23/Sep/2022:08:21:44 +0000] "GET /feastwell-backend/api/v1/facility HTTP/1.1" 200 484 "-" "okhttp/3.14.9"
::ffff:192.168.0.152 - - [23/Sep/2022:08:21:45 +0000] "POST /feastwell-backend/api/v1/user HTTP/1.1" - - "-" "PostmanRuntime/7.29.2"
::1 - - [23/Sep/2022:08:24:10 +0000] "GET /feastwell-backend/api/v1/auth/refresh HTTP/1.1" 200 376 "-" "okhttp/3.14.9"
::1 - - [23/Sep/2022:08:24:11 +0000] "GET /feastwell-backend/api/v1/auth/login HTTP/1.1" 200 1223 "-" "okhttp/3.14.9"
::1 - - [23/Sep/2022:08:24:12 +0000] "GET /feastwell-backend/api/v1/mealTypes HTTP/1.1" 200 597 "-" "okhttp/3.14.9"
::1 - - [23/Sep/2022:08:24:13 +0000] "GET /feastwell-backend/api/v1/imageDetails/byNurseId/182 HTTP/1.1" 200 226 "-" "okhttp/3.14.9"
::1 - - [23/Sep/2022:08:24:13 +0000] "GET /feastwell-backend/api/v1/imageDetails/byNurseId/182 HTTP/1.1" 200 226 "-" "okhttp/3.14.9"
::1 - - [23/Sep/2022:08:24:13 +0000] "GET /feastwell-backend/api/v1/imageDetails/byNurseId/182 HTTP/1.1" 200 226 "-" "okhttp/3.14.9"
::1 - - [23/Sep/2022:08:24:13 +0000] "GET /feastwell-backend/api/v1/imageDetails/byNurseId/182 HTTP/1.1" 200 226 "-" "okhttp/3.14.9"
::1 - - [23/Sep/2022:08:24:14 +0000] "GET /feastwell-backend/api/v1/imageDetails/byNurseId/182 HTTP/1.1" 200 226 "-" "okhttp/3.14.9"
::1 - - [23/Sep/2022:08:24:14 +0000] "GET /feastwell-backend/api/v1/imageDetails/byNurseId/182 HTTP/1.1" 200 226 "-" "okhttp/3.14.9"
::1 - - [23/Sep/2022:08:24:14 +0000] "GET /feastwell-backend/api/v1/imageDetails/byNurseId/182 HTTP/1.1" 200 226 "-" "okhttp/3.14.9"
::1 - - [23/Sep/2022:08:24:14 +0000] "GET /feastwell-backend/api/v1/imageDetails/byNurseId/182 HTTP/1.1" 200 226 "-" "okhttp/3.14.9"
::1 - - [23/Sep/2022:08:24:15 +0000] "GET /feastwell-backend/api/v1/imageDetails/byNurseId/182 HTTP/1.1" 200 226 "-" "okhttp/3.14.9"
::1 - - [23/Sep/2022:08:24:15 +0000] "GET /feastwell-backend/api/v1/imageDetails/byNurseId/182 HTTP/1.1" 200 226 "-" "okhttp/3.14.9"
::1 - - [23/Sep/2022:08:24:15 +0000] "GET /feastwell-backend/api/v1/imageDetails/byNurseId/182 HTTP/1.1" 200 226 "-" "okhttp/3.14.9"
::1 - - [23/Sep/2022:08:24:16 +0000] "GET /feastwell-backend/api/v1/imageDetails/byNurseId/182 HTTP/1.1" 200 226 "-" "okhttp/3.14.9"
::1 - - [23/Sep/2022:08:24:16 +0000] "GET /feastwell-backend/api/v1/imageDetails/byNurseId/182 HTTP/1.1" 200 226 "-" "okhttp/3.14.9"
::1 - - [23/Sep/2022:08:24:19 +0000] "GET /feastwell-backend/api/v1/user?userType=6 HTTP/1.1" 200 5652 "-" "okhttp/3.14.9"
::1 - - [23/Sep/2022:08:24:23 +0000] "GET /feastwell-backend/api/v1/facility HTTP/1.1" 200 484 "-" "okhttp/3.14.9"
::1 - - [23/Sep/2022:08:24:34 +0000] "POST /feastwell-backend/api/v1/user HTTP/1.1" 201 107 "-" "okhttp/3.14.9"
::1 - - [23/Sep/2022:08:24:35 +0000] "POST /feastwell-backend/api/v1/userFacility HTTP/1.1" 200 99 "-" "okhttp/3.14.9"
::1 - - [23/Sep/2022:08:24:37 +0000] "GET /feastwell-backend/api/v1/user?userType=6 HTTP/1.1" 200 6007 "-" "okhttp/3.14.9"
::ffff:192.168.0.152 - - [23/Sep/2022:09:16:13 +0000] "POST /feastwell-backend/api/v1/user HTTP/1.1" - - "-" "PostmanRuntime/7.29.2"
::ffff:192.168.0.152 - - [23/Sep/2022:09:16:21 +0000] "POST /feastwell-backend/api/v1/user HTTP/1.1" - - "-" "PostmanRuntime/7.29.2"
::ffff:192.168.0.152 - - [23/Sep/2022:09:16:53 +0000] "POST /feastwell-backend/api/v1/auth/login HTTP/1.1" 200 1223 "-" "PostmanRuntime/7.29.2"
::ffff:192.168.0.173 - - [23/Sep/2022:09:16:54 +0000] "GET /feastwell-backend/api/v1/menuCategory HTTP/1.1" 200 4646 "http://localhost:3000/" "Mozilla/5.0 (Windows NT 10.0; Win64; x64) AppleWebKit/537.36 (KHTML, like Gecko) Chrome/105.0.0.0 Safari/537.36"
