::ffff:192.168.0.173 - - [23/Sep/2022:09:17:12 +0000] "GET /feastwell-backend/api/v1/menuCategory HTTP/1.1" 200 4646 "http://localhost:3000/" "Mozilla/5.0 (Windows NT 10.0; Win64; x64) AppleWebKit/537.36 (KHTML, like Gecko) Chrome/105.0.0.0 Safari/537.36"
::ffff:192.168.0.173 - - [23/Sep/2022:09:17:21 +0000] "GET /feastwell-backend/api/v1/menuCategory HTTP/1.1" 304 - "http://localhost:3000/" "Mozilla/5.0 (Windows NT 10.0; Win64; x64) AppleWebKit/537.36 (KHTML, like Gecko) Chrome/105.0.0.0 Safari/537.36"
::ffff:192.168.0.152 - - [23/Sep/2022:09:18:08 +0000] "GET /feastwell-backend/api/v1/user HTTP/1.1" 200 12981 "-" "PostmanRuntime/7.29.2"
::ffff:192.168.0.152 - - [23/Sep/2022:09:18:35 +0000] "POST /feastwell-backend/api/v1/user HTTP/1.1" 201 103 "-" "PostmanRuntime/7.29.2"
::ffff:192.168.0.173 - - [23/Sep/2022:09:19:00 +0000] "GET /feastwell-backend/api/v1/menuCategory HTTP/1.1" 304 - "http://localhost:3000/" "Mozilla/5.0 (Windows NT 10.0; Win64; x64) AppleWebKit/537.36 (KHTML, like Gecko) Chrome/105.0.0.0 Safari/537.36"
::1 - - [23/Sep/2022:09:19:13 +0000] "POST /feastwell-backend/api/v1/user HTTP/1.1" - - "-" "PostmanRuntime/7.29.2"
::ffff:192.168.0.152 - - [23/Sep/2022:09:19:37 +0000] "POST /feastwell-backend/api/v1/user HTTP/1.1" 500 108 "-" "PostmanRuntime/7.29.2"
::ffff:192.168.0.152 - - [23/Sep/2022:09:19:55 +0000] "POST /feastwell-backend/api/v1/user HTTP/1.1" 500 108 "-" "PostmanRuntime/7.29.2"
::ffff:192.168.0.152 - - [23/Sep/2022:09:20:43 +0000] "POST /feastwell-backend/api/v1/auth/login HTTP/1.1" 404 43 "-" "PostmanRuntime/7.29.2"
::ffff:192.168.0.152 - - [23/Sep/2022:09:21:05 +0000] "POST /feastwell-backend/api/v1/user HTTP/1.1" - - "-" "PostmanRuntime/7.29.2"
::ffff:192.168.0.152 - - [23/Sep/2022:09:21:17 +0000] "POST /feastwell-backend/api/v1/user HTTP/1.1" 201 103 "-" "PostmanRuntime/7.29.2"
::ffff:192.168.0.152 - - [23/Sep/2022:09:21:31 +0000] "POST /feastwell-backend/api/v1/auth/login HTTP/1.1" 200 767 "-" "PostmanRuntime/7.29.2"
::ffff:192.168.0.173 - - [23/Sep/2022:09:22:00 +0000] "GET /feastwell-backend/api/v1/menuCategory HTTP/1.1" 304 - "http://localhost:3000/" "Mozilla/5.0 (Windows NT 10.0; Win64; x64) AppleWebKit/537.36 (KHTML, like Gecko) Chrome/105.0.0.0 Safari/537.36"
::ffff:192.168.0.173 - - [23/Sep/2022:09:22:15 +0000] "GET /feastwell-backend/api/v1/menuCategory HTTP/1.1" 304 - "http://localhost:3000/" "Mozilla/5.0 (Windows NT 10.0; Win64; x64) AppleWebKit/537.36 (KHTML, like Gecko) Chrome/105.0.0.0 Safari/537.36"
::ffff:192.168.0.173 - - [23/Sep/2022:09:22:19 +0000] "GET /feastwell-backend/api/v1/menuCategory HTTP/1.1" 304 - "http://localhost:3000/" "Mozilla/5.0 (Windows NT 10.0; Win64; x64) AppleWebKit/537.36 (KHTML, like Gecko) Chrome/105.0.0.0 Safari/537.36"
::ffff:192.168.0.173 - - [23/Sep/2022:09:22:31 +0000] "GET /feastwell-backend/api/v1/menuCategory HTTP/1.1" 304 - "http://localhost:3000/" "Mozilla/5.0 (Windows NT 10.0; Win64; x64) AppleWebKit/537.36 (KHTML, like Gecko) Chrome/105.0.0.0 Safari/537.36"
::ffff:192.168.0.173 - - [23/Sep/2022:09:22:37 +0000] "GET /feastwell-backend/api/v1/menuCategory HTTP/1.1" 304 - "http://localhost:3000/" "Mozilla/5.0 (Windows NT 10.0; Win64; x64) AppleWebKit/537.36 (KHTML, like Gecko) Chrome/105.0.0.0 Safari/537.36"
::1 - - [23/Sep/2022:09:25:03 +0000] "POST /feastwell-backend/api/v1/user HTTP/1.1" 404 53 "-" "PostmanRuntime/7.29.2"
::ffff:192.168.0.173 - - [23/Sep/2022:09:26:19 +0000] "GET /feastwell-backend/api/v1/menuCategory HTTP/1.1" 304 - "http://localhost:3000/" "Mozilla/5.0 (Windows NT 10.0; Win64; x64) AppleWebKit/537.36 (KHTML, like Gecko) Chrome/105.0.0.0 Safari/537.36"
::ffff:192.168.0.173 - - [23/Sep/2022:09:26:46 +0000] "GET /feastwell-backend/api/v1/menuCategory HTTP/1.1" 304 - "http://localhost:3000/" "Mozilla/5.0 (Windows NT 10.0; Win64; x64) AppleWebKit/537.36 (KHTML, like Gecko) Chrome/105.0.0.0 Safari/537.36"
::1 - - [23/Sep/2022:09:27:20 +0000] "POST /feastwell-backend/api/v1/user HTTP/1.1" 404 56 "-" "PostmanRuntime/7.29.2"
::ffff:192.168.0.173 - - [23/Sep/2022:09:27:50 +0000] "GET /feastwell-backend/api/v1/menuCategory HTTP/1.1" 200 4646 "http://localhost:3000/" "Mozilla/5.0 (Windows NT 10.0; Win64; x64) AppleWebKit/537.36 (KHTML, like Gecko) Chrome/105.0.0.0 Safari/537.36"
::ffff:192.168.0.173 - - [23/Sep/2022:09:27:56 +0000] "GET /feastwell-backend/api/v1/menuCategory HTTP/1.1" 304 - "http://localhost:3000/" "Mozilla/5.0 (Windows NT 10.0; Win64; x64) AppleWebKit/537.36 (KHTML, like Gecko) Chrome/105.0.0.0 Safari/537.36"
::1 - - [23/Sep/2022:09:28:04 +0000] "GET /feastwell-backend/api/v1/user?userType=6 HTTP/1.1" 200 6352 "-" "okhttp/3.14.9"
::1 - - [23/Sep/2022:09:28:07 +0000] "GET /feastwell-backend/api/v1/facility HTTP/1.1" 200 484 "-" "okhttp/3.14.9"
::ffff:192.168.0.173 - - [23/Sep/2022:09:28:21 +0000] "GET /feastwell-backend/api/v1/menuCategory HTTP/1.1" 304 - "http://localhost:3000/" "Mozilla/5.0 (Windows NT 10.0; Win64; x64) AppleWebKit/537.36 (KHTML, like Gecko) Chrome/105.0.0.0 Safari/537.36"
::1 - - [23/Sep/2022:09:28:25 +0000] "GET /feastwell-backend/api/v1/auth/refresh HTTP/1.1" 200 376 "-" "okhttp/3.14.9"
::1 - - [23/Sep/2022:09:28:26 +0000] "GET /feastwell-backend/api/v1/auth/login HTTP/1.1" 200 1223 "-" "okhttp/3.14.9"
::1 - - [23/Sep/2022:09:28:27 +0000] "GET /feastwell-backend/api/v1/mealTypes HTTP/1.1" 200 597 "-" "okhttp/3.14.9"
::1 - - [23/Sep/2022:09:28:27 +0000] "GET /feastwell-backend/api/v1/imageDetails/byNurseId/182 HTTP/1.1" 200 226 "-" "okhttp/3.14.9"
::ffff:192.168.0.173 - - [23/Sep/2022:09:29:01 +0000] "GET /feastwell-backend/api/v1/menuCategory HTTP/1.1" 304 - "http://localhost:3000/" "Mozilla/5.0 (Windows NT 10.0; Win64; x64) AppleWebKit/537.36 (KHTML, like Gecko) Chrome/105.0.0.0 Safari/537.36"
::ffff:192.168.0.173 - - [23/Sep/2022:09:29:04 +0000] "GET /feastwell-backend/api/v1/menuCategory HTTP/1.1" 304 - "http://localhost:3000/" "Mozilla/5.0 (Windows NT 10.0; Win64; x64) AppleWebKit/537.36 (KHTML, like Gecko) Chrome/105.0.0.0 Safari/537.36"
::1 - - [23/Sep/2022:09:29:36 +0000] "GET /feastwell-backend/api/v1/facility HTTP/1.1" 200 484 "-" "okhttp/3.14.9"
::1 - - [23/Sep/2022:09:29:55 +0000] "POST /feastwell-backend/api/v1/user HTTP/1.1" 201 109 "-" "okhttp/3.14.9"
::1 - - [23/Sep/2022:09:29:55 +0000] "POST /feastwell-backend/api/v1/userFacility HTTP/1.1" 200 99 "-" "okhttp/3.14.9"
::ffff:192.168.0.173 - - [23/Sep/2022:09:30:33 +0000] "GET /feastwell-backend/api/v1/menuCategory HTTP/1.1" 304 - "http://localhost:3000/" "Mozilla/5.0 (Windows NT 10.0; Win64; x64) AppleWebKit/537.36 (KHTML, like Gecko) Chrome/105.0.0.0 Safari/537.36"
::1 - - [23/Sep/2022:09:30:47 +0000] "GET /feastwell-backend/api/v1/user?userType=6 HTTP/1.1" 200 6709 "-" "okhttp/3.14.9"
::1 - - [23/Sep/2022:09:32:24 +0000] "POST /feastwell-backend/api/v1/user HTTP/1.1" 201 108 "-" "PostmanRuntime/7.29.2"
::1 - - [23/Sep/2022:09:32:31 +0000] "GET /feastwell-backend/api/v1/auth/refresh HTTP/1.1" 200 376 "-" "okhttp/3.14.9"
::1 - - [23/Sep/2022:09:32:31 +0000] "GET /feastwell-backend/api/v1/auth/login HTTP/1.1" 200 1223 "-" "okhttp/3.14.9"
::1 - - [23/Sep/2022:09:32:32 +0000] "GET /feastwell-backend/api/v1/imageDetails/byNurseId/182 HTTP/1.1" 200 226 "-" "okhttp/3.14.9"
::1 - - [23/Sep/2022:09:32:32 +0000] "GET /feastwell-backend/api/v1/mealTypes HTTP/1.1" 200 597 "-" "okhttp/3.14.9"
::1 - - [23/Sep/2022:09:34:39 +0000] "GET /feastwell-backend/api/v1/auth/login HTTP/1.1" 200 1223 "-" "PostmanRuntime/7.29.2"
::1 - - [23/Sep/2022:09:34:43 +0000] "POST /feastwell-backend/api/v1/user HTTP/1.1" 404 56 "-" "PostmanRuntime/7.29.2"
::1 - - [23/Sep/2022:09:35:05 +0000] "GET /feastwell-backend/api/v1/imageDetails/byNurseId/182 HTTP/1.1" 200 226 "-" "okhttp/3.14.9"
::1 - - [23/Sep/2022:09:35:23 +0000] "GET /feastwell-backend/api/v1/facility HTTP/1.1" 200 484 "-" "okhttp/3.14.9"
::1 - - [23/Sep/2022:09:35:44 +0000] "POST /feastwell-backend/api/v1/auth/login HTTP/1.1" 200 1224 "-" "PostmanRuntime/7.29.2"
::1 - - [23/Sep/2022:09:35:53 +0000] "POST /feastwell-backend/api/v1/user HTTP/1.1" 201 108 "-" "PostmanRuntime/7.29.2"
::1 - - [23/Sep/2022:09:36:05 +0000] "POST /feastwell-backend/api/v1/user HTTP/1.1" 404 61 "-" "PostmanRuntime/7.29.2"
::1 - - [23/Sep/2022:09:37:25 +0000] "GET /feastwell-backend/api/v1/facility HTTP/1.1" 200 484 "-" "okhttp/3.14.9"
::1 - - [23/Sep/2022:09:37:41 +0000] "GET /feastwell-backend/api/v1/auth/refresh HTTP/1.1" 200 376 "-" "okhttp/3.14.9"
::1 - - [23/Sep/2022:09:37:41 +0000] "GET /feastwell-backend/api/v1/auth/login HTTP/1.1" 200 1223 "-" "okhttp/3.14.9"
::1 - - [23/Sep/2022:09:37:42 +0000] "GET /feastwell-backend/api/v1/imageDetails/byNurseId/182 HTTP/1.1" 200 226 "-" "okhttp/3.14.9"
::1 - - [23/Sep/2022:09:37:42 +0000] "GET /feastwell-backend/api/v1/mealTypes HTTP/1.1" 200 597 "-" "okhttp/3.14.9"
::1 - - [23/Sep/2022:09:37:46 +0000] "GET /feastwell-backend/api/v1/user?userType=6 HTTP/1.1" 200 7059 "-" "okhttp/3.14.9"
::1 - - [23/Sep/2022:09:37:48 +0000] "GET /feastwell-backend/api/v1/facility HTTP/1.1" 200 484 "-" "okhttp/3.14.9"
::1 - - [23/Sep/2022:09:38:01 +0000] "POST /feastwell-backend/api/v1/user HTTP/1.1" 201 110 "-" "okhttp/3.14.9"
::1 - - [23/Sep/2022:09:38:01 +0000] "POST /feastwell-backend/api/v1/userFacility HTTP/1.1" 200 99 "-" "okhttp/3.14.9"
::ffff:192.168.0.173 - - [23/Sep/2022:09:40:04 +0000] "GET /feastwell-backend/api/v1/menuCategory HTTP/1.1" 304 - "http://localhost:3000/" "Mozilla/5.0 (Windows NT 10.0; Win64; x64) AppleWebKit/537.36 (KHTML, like Gecko) Chrome/105.0.0.0 Safari/537.36"
::ffff:192.168.0.173 - - [23/Sep/2022:09:40:05 +0000] "GET /feastwell-backend/api/v1/menuCategory HTTP/1.1" 304 - "http://localhost:3000/" "Mozilla/5.0 (Windows NT 10.0; Win64; x64) AppleWebKit/537.36 (KHTML, like Gecko) Chrome/105.0.0.0 Safari/537.36"
::ffff:192.168.0.173 - - [23/Sep/2022:09:40:19 +0000] "GET /feastwell-backend/api/v1/menuCategory HTTP/1.1" 304 - "http://localhost:3000/" "Mozilla/5.0 (Windows NT 10.0; Win64; x64) AppleWebKit/537.36 (KHTML, like Gecko) Chrome/105.0.0.0 Safari/537.36"
::1 - - [23/Sep/2022:09:40:43 +0000] "POST /feastwell-backend/api/v1/user HTTP/1.1" 201 108 "-" "PostmanRuntime/7.29.2"
::1 - - [23/Sep/2022:09:41:00 +0000] "GET /feastwell-backend/api/v1/auth/refresh HTTP/1.1" 200 376 "-" "okhttp/3.14.9"
::1 - - [23/Sep/2022:09:41:01 +0000] "GET /feastwell-backend/api/v1/auth/login HTTP/1.1" 200 1223 "-" "okhttp/3.14.9"
::ffff:127.0.0.1 - - [23/Sep/2022:09:41:02 +0000] "GET /feastwell-backend/api/v1/imageDetails/byNurseId/182 HTTP/1.1" 200 226 "-" "okhttp/3.14.9"
::1 - - [23/Sep/2022:09:41:02 +0000] "GET /feastwell-backend/api/v1/mealTypes HTTP/1.1" 200 597 "-" "okhttp/3.14.9"
::1 - - [23/Sep/2022:09:41:06 +0000] "GET /feastwell-backend/api/v1/facility HTTP/1.1" 200 484 "-" "okhttp/3.14.9"
::1 - - [23/Sep/2022:09:41:18 +0000] "POST /feastwell-backend/api/v1/user HTTP/1.1" 201 111 "-" "okhttp/3.14.9"
::1 - - [23/Sep/2022:09:41:19 +0000] "POST /feastwell-backend/api/v1/userFacility HTTP/1.1" 200 99 "-" "okhttp/3.14.9"
::ffff:192.168.0.173 - - [23/Sep/2022:09:41:37 +0000] "GET /feastwell-backend/api/v1/menuCategory HTTP/1.1" 200 4646 "http://localhost:3000/" "Mozilla/5.0 (Windows NT 10.0; Win64; x64) AppleWebKit/537.36 (KHTML, like Gecko) Chrome/105.0.0.0 Safari/537.36"
::1 - - [23/Sep/2022:09:41:44 +0000] "POST /feastwell-backend/api/v1/user HTTP/1.1" 201 105 "-" "PostmanRuntime/7.29.2"
::1 - - [23/Sep/2022:09:42:24 +0000] "GET /feastwell-backend/api/v1/facility HTTP/1.1" 200 484 "-" "okhttp/3.14.9"
::ffff:192.168.0.173 - - [23/Sep/2022:09:42:34 +0000] "GET /feastwell-backend/api/v1/menuCategory HTTP/1.1" 304 - "http://localhost:3000/" "Mozilla/5.0 (Windows NT 10.0; Win64; x64) AppleWebKit/537.36 (KHTML, like Gecko) Chrome/105.0.0.0 Safari/537.36"
::ffff:192.168.0.173 - - [23/Sep/2022:09:42:39 +0000] "GET /feastwell-backend/api/v1/menuCategory HTTP/1.1" 304 - "http://localhost:3000/" "Mozilla/5.0 (Windows NT 10.0; Win64; x64) AppleWebKit/537.36 (KHTML, like Gecko) Chrome/105.0.0.0 Safari/537.36"
::1 - - [23/Sep/2022:09:42:42 +0000] "GET /feastwell-backend/api/v1/auth/refresh HTTP/1.1" 200 376 "-" "okhttp/3.14.9"
::1 - - [23/Sep/2022:09:42:42 +0000] "GET /feastwell-backend/api/v1/auth/login HTTP/1.1" 200 1580 "-" "okhttp/3.14.9"
::1 - - [23/Sep/2022:09:42:43 +0000] "GET /feastwell-backend/api/v1/imageDetails/byNurseId/182 HTTP/1.1" 200 226 "-" "okhttp/3.14.9"
::1 - - [23/Sep/2022:09:42:43 +0000] "GET /feastwell-backend/api/v1/mealTypes HTTP/1.1" 200 597 "-" "okhttp/3.14.9"
::1 - - [23/Sep/2022:09:42:46 +0000] "GET /feastwell-backend/api/v1/facility HTTP/1.1" 200 484 "-" "okhttp/3.14.9"
::1 - - [23/Sep/2022:09:42:57 +0000] "POST /feastwell-backend/api/v1/user HTTP/1.1" 201 111 "-" "okhttp/3.14.9"
::1 - - [23/Sep/2022:09:42:57 +0000] "POST /feastwell-backend/api/v1/userFacility HTTP/1.1" 200 99 "-" "okhttp/3.14.9"
::ffff:192.168.0.152 - - [23/Sep/2022:09:42:58 +0000] "POST /feastwell-backend/api/v1/user HTTP/1.1" 404 56 "-" "PostmanRuntime/7.29.2"
::ffff:192.168.0.173 - - [23/Sep/2022:09:43:25 +0000] "GET /feastwell-backend/api/v1/menuCategory HTTP/1.1" 304 - "http://localhost:3000/" "Mozilla/5.0 (Windows NT 10.0; Win64; x64) AppleWebKit/537.36 (KHTML, like Gecko) Chrome/105.0.0.0 Safari/537.36"
::ffff:192.168.0.152 - - [23/Sep/2022:09:43:31 +0000] "POST /feastwell-backend/api/v1/auth/login HTTP/1.1" 200 1581 "-" "PostmanRuntime/7.29.2"
::ffff:192.168.0.152 - - [23/Sep/2022:09:43:44 +0000] "POST /feastwell-backend/api/v1/user HTTP/1.1" 201 103 "-" "PostmanRuntime/7.29.2"
::ffff:192.168.0.173 - - [23/Sep/2022:09:43:56 +0000] "GET /feastwell-backend/api/v1/menuCategory HTTP/1.1" 304 - "http://localhost:3000/" "Mozilla/5.0 (Windows NT 10.0; Win64; x64) AppleWebKit/537.36 (KHTML, like Gecko) Chrome/105.0.0.0 Safari/537.36"
::ffff:192.168.0.152 - - [23/Sep/2022:09:44:19 +0000] "POST /feastwell-backend/api/v1/user HTTP/1.1" 201 103 "-" "PostmanRuntime/7.29.2"
::ffff:192.168.0.173 - - [23/Sep/2022:09:44:48 +0000] "GET /feastwell-backend/api/v1/menuCategory HTTP/1.1" 304 - "http://localhost:3000/" "Mozilla/5.0 (Windows NT 10.0; Win64; x64) AppleWebKit/537.36 (KHTML, like Gecko) Chrome/105.0.0.0 Safari/537.36"
::ffff:192.168.0.173 - - [23/Sep/2022:09:44:51 +0000] "GET /feastwell-backend/api/v1/menuCategory HTTP/1.1" 304 - "http://localhost:3000/" "Mozilla/5.0 (Windows NT 10.0; Win64; x64) AppleWebKit/537.36 (KHTML, like Gecko) Chrome/105.0.0.0 Safari/537.36"
::1 - - [23/Sep/2022:09:44:55 +0000] "GET /feastwell-backend/api/v1/auth/refresh HTTP/1.1" 200 376 "-" "okhttp/3.14.9"
::1 - - [23/Sep/2022:09:44:55 +0000] "GET /feastwell-backend/api/v1/auth/login HTTP/1.1" 200 1580 "-" "okhttp/3.14.9"
::1 - - [23/Sep/2022:09:44:56 +0000] "GET /feastwell-backend/api/v1/imageDetails/byNurseId/182 HTTP/1.1" 200 226 "-" "okhttp/3.14.9"
::1 - - [23/Sep/2022:09:44:56 +0000] "GET /feastwell-backend/api/v1/mealTypes HTTP/1.1" 200 597 "-" "okhttp/3.14.9"
::1 - - [23/Sep/2022:09:45:09 +0000] "GET /feastwell-backend/api/v1/imageDetails/byNurseId/182 HTTP/1.1" 200 226 "-" "okhttp/3.14.9"
::1 - - [23/Sep/2022:09:45:12 +0000] "GET /feastwell-backend/api/v1/facility HTTP/1.1" 200 484 "-" "okhttp/3.14.9"
::ffff:192.168.0.152 - - [23/Sep/2022:09:45:12 +0000] "POST /feastwell-backend/api/v1/user HTTP/1.1" 404 59 "-" "PostmanRuntime/7.29.2"
::ffff:192.168.0.173 - - [23/Sep/2022:09:45:12 +0000] "GET /feastwell-backend/api/v1/menuCategory HTTP/1.1" 304 - "http://localhost:3000/" "Mozilla/5.0 (Windows NT 10.0; Win64; x64) AppleWebKit/537.36 (KHTML, like Gecko) Chrome/105.0.0.0 Safari/537.36"
::ffff:192.168.0.173 - - [23/Sep/2022:09:45:17 +0000] "GET /feastwell-backend/api/v1/menuCategory HTTP/1.1" 304 - "http://localhost:3000/" "Mozilla/5.0 (Windows NT 10.0; Win64; x64) AppleWebKit/537.36 (KHTML, like Gecko) Chrome/105.0.0.0 Safari/537.36"
::ffff:192.168.0.152 - - [23/Sep/2022:09:45:18 +0000] "POST /feastwell-backend/api/v1/user HTTP/1.1" 404 59 "-" "PostmanRuntime/7.29.2"
::1 - - [23/Sep/2022:09:45:26 +0000] "POST /feastwell-backend/api/v1/user HTTP/1.1" 201 111 "-" "okhttp/3.14.9"
::1 - - [23/Sep/2022:09:45:27 +0000] "POST /feastwell-backend/api/v1/userFacility HTTP/1.1" 200 99 "-" "okhttp/3.14.9"
::1 - - [23/Sep/2022:09:45:31 +0000] "GET /feastwell-backend/api/v1/user?userType=6 HTTP/1.1" 200 8841 "-" "okhttp/3.14.9"
::ffff:192.168.0.152 - - [23/Sep/2022:09:45:32 +0000] "POST /feastwell-backend/api/v1/user HTTP/1.1" 201 109 "-" "PostmanRuntime/7.29.2"
::1 - - [23/Sep/2022:09:45:44 +0000] "GET /feastwell-backend/api/v1/facility HTTP/1.1" 200 484 "-" "okhttp/3.14.9"
::1 - - [23/Sep/2022:09:45:46 +0000] "GET /feastwell-backend/api/v1/user?userType=6 HTTP/1.1" 200 9192 "-" "okhttp/3.14.9"
::1 - - [23/Sep/2022:09:46:57 +0000] "PUT /feastwell-backend/api/v1/user/127 HTTP/1.1" 401 49 "-" "PostmanRuntime/7.29.2"
::1 - - [23/Sep/2022:09:47:20 +0000] "GET /feastwell-backend/api/v1/user?userType=6 HTTP/1.1" 200 9192 "-" "okhttp/3.14.9"
::1 - - [23/Sep/2022:09:47:23 +0000] "GET /feastwell-backend/api/v1/user?userType=6 HTTP/1.1" 200 9192 "-" "okhttp/3.14.9"
::1 - - [23/Sep/2022:09:47:24 +0000] "GET /feastwell-backend/api/v1/facility HTTP/1.1" 200 484 "-" "okhttp/3.14.9"
::1 - - [23/Sep/2022:09:47:28 +0000] "GET /feastwell-backend/api/v1/user?userType=6 HTTP/1.1" 200 9192 "-" "okhttp/3.14.9"
::ffff:192.168.0.173 - - [23/Sep/2022:09:47:52 +0000] "GET /feastwell-backend/api/v1/menuCategory HTTP/1.1" 200 4646 "http://localhost:3000/" "Mozilla/5.0 (Windows NT 10.0; Win64; x64) AppleWebKit/537.36 (KHTML, like Gecko) Chrome/105.0.0.0 Safari/537.36"
::ffff:192.168.0.173 - - [23/Sep/2022:09:47:59 +0000] "GET /feastwell-backend/api/v1/menuCategory HTTP/1.1" 304 - "http://localhost:3000/" "Mozilla/5.0 (Windows NT 10.0; Win64; x64) AppleWebKit/537.36 (KHTML, like Gecko) Chrome/105.0.0.0 Safari/537.36"
::1 - - [23/Sep/2022:09:48:04 +0000] "DELETE /feastwell-backend/api/v1/user/102 HTTP/1.1" 401 49 "-" "PostmanRuntime/7.29.2"
::1 - - [23/Sep/2022:09:48:10 +0000] "DELETE /feastwell-backend/api/v1/user/102 HTTP/1.1" 401 49 "-" "PostmanRuntime/7.29.2"
::ffff:192.168.0.173 - - [23/Sep/2022:09:48:32 +0000] "GET /feastwell-backend/api/v1/menuCategory HTTP/1.1" 304 - "http://localhost:3000/" "Mozilla/5.0 (Windows NT 10.0; Win64; x64) AppleWebKit/537.36 (KHTML, like Gecko) Chrome/105.0.0.0 Safari/537.36"
::ffff:192.168.0.173 - - [23/Sep/2022:09:48:36 +0000] "GET /feastwell-backend/api/v1/menuCategory HTTP/1.1" 304 - "http://localhost:3000/" "Mozilla/5.0 (Windows NT 10.0; Win64; x64) AppleWebKit/537.36 (KHTML, like Gecko) Chrome/105.0.0.0 Safari/537.36"
::1 - - [23/Sep/2022:09:48:46 +0000] "GET /feastwell-backend/api/v1/facility HTTP/1.1" 200 484 "-" "okhttp/3.14.9"
::1 - - [23/Sep/2022:09:48:49 +0000] "GET /feastwell-backend/api/v1/imageDetails/byNurseId/182 HTTP/1.1" 200 226 "-" "okhttp/3.14.9"
::ffff:192.168.0.152 - - [23/Sep/2022:09:49:25 +0000] "POST /feastwell-backend/api/v1/auth/login HTTP/1.1" 200 1418 "-" "PostmanRuntime/7.29.2"
::ffff:192.168.0.173 - - [23/Sep/2022:09:49:28 +0000] "GET /feastwell-backend/api/v1/menuCategory HTTP/1.1" 304 - "http://localhost:3000/" "Mozilla/5.0 (Windows NT 10.0; Win64; x64) AppleWebKit/537.36 (KHTML, like Gecko) Chrome/105.0.0.0 Safari/537.36"
::ffff:192.168.0.173 - - [23/Sep/2022:09:49:33 +0000] "GET /feastwell-backend/api/v1/menuCategory HTTP/1.1" 304 - "http://localhost:3000/" "Mozilla/5.0 (Windows NT 10.0; Win64; x64) AppleWebKit/537.36 (KHTML, like Gecko) Chrome/105.0.0.0 Safari/537.36"
::1 - - [23/Sep/2022:09:49:44 +0000] "PUT /feastwell-backend/api/v1/facility/107 HTTP/1.1" 404 62 "-" "PostmanRuntime/7.29.2"
::ffff:192.168.0.152 - - [23/Sep/2022:09:49:53 +0000] "POST /feastwell-backend/api/v1/user HTTP/1.1" 404 56 "-" "PostmanRuntime/7.29.2"
::1 - - [23/Sep/2022:09:49:54 +0000] "POST /feastwell-backend/api/v1/facility HTTP/1.1" 401 49 "-" "PostmanRuntime/7.29.2"
::ffff:192.168.0.152 - - [23/Sep/2022:09:50:04 +0000] "POST /feastwell-backend/api/v1/user HTTP/1.1" 404 59 "-" "PostmanRuntime/7.29.2"
::1 - - [23/Sep/2022:09:50:15 +0000] "POST /feastwell-backend/api/v1/facility HTTP/1.1" 200 91 "-" "PostmanRuntime/7.29.2"
::ffff:192.168.0.152 - - [23/Sep/2022:09:50:19 +0000] "POST /feastwell-backend/api/v1/auth/login HTTP/1.1" 200 920 "-" "PostmanRuntime/7.29.2"
::1 - - [23/Sep/2022:09:50:30 +0000] "PUT /feastwell-backend/api/v1/facility/123 HTTP/1.1" 404 62 "-" "PostmanRuntime/7.29.2"
::ffff:192.168.0.152 - - [23/Sep/2022:09:50:35 +0000] "POST /feastwell-backend/api/v1/user HTTP/1.1" 404 56 "-" "PostmanRuntime/7.29.2"
::ffff:192.168.0.152 - - [23/Sep/2022:09:50:47 +0000] "POST /feastwell-backend/api/v1/user HTTP/1.1" 404 56 "-" "PostmanRuntime/7.29.2"
::1 - - [23/Sep/2022:09:51:06 +0000] "GET /feastwell-backend/api/v1/imageDetails/byNurseId/182 HTTP/1.1" 200 226 "-" "okhttp/3.14.9"
::1 - - [23/Sep/2022:09:51:09 +0000] "GET /feastwell-backend/api/v1/user?userType=6 HTTP/1.1" 200 9192 "-" "okhttp/3.14.9"
::1 - - [23/Sep/2022:09:51:11 +0000] "GET /feastwell-backend/api/v1/facility HTTP/1.1" 200 484 "-" "okhttp/3.14.9"
::ffff:192.168.0.152 - - [23/Sep/2022:09:51:14 +0000] "POST /feastwell-backend/api/v1/auth/login HTTP/1.1" 401 47 "-" "PostmanRuntime/7.29.2"
::1 - - [23/Sep/2022:09:51:18 +0000] "GET /feastwell-backend/api/v1/facility HTTP/1.1" 200 484 "-" "okhttp/3.14.9"
::1 - - [23/Sep/2022:09:51:23 +0000] "GET /feastwell-backend/api/v1/user?userType=6 HTTP/1.1" 200 9192 "-" "okhttp/3.14.9"
::1 - - [23/Sep/2022:09:51:26 +0000] "GET /feastwell-backend/api/v1/facility HTTP/1.1" 200 484 "-" "okhttp/3.14.9"
::1 - - [23/Sep/2022:09:51:33 +0000] "GET /feastwell-backend/api/v1/imageDetails/byNurseId/182 HTTP/1.1" 200 226 "-" "okhttp/3.14.9"
::ffff:192.168.0.173 - - [23/Sep/2022:09:51:33 +0000] "GET /feastwell-backend/api/v1/menuCategory HTTP/1.1" 304 - "http://localhost:3000/" "Mozilla/5.0 (Windows NT 10.0; Win64; x64) AppleWebKit/537.36 (KHTML, like Gecko) Chrome/105.0.0.0 Safari/537.36"
::ffff:192.168.0.173 - - [23/Sep/2022:09:51:35 +0000] "GET /feastwell-backend/api/v1/menuCategory HTTP/1.1" 304 - "http://localhost:3000/" "Mozilla/5.0 (Windows NT 10.0; Win64; x64) AppleWebKit/537.36 (KHTML, like Gecko) Chrome/105.0.0.0 Safari/537.36"
::ffff:192.168.0.152 - - [23/Sep/2022:09:51:37 +0000] "POST /feastwell-backend/api/v1/auth/login HTTP/1.1" 401 47 "-" "PostmanRuntime/7.29.2"
::1 - - [23/Sep/2022:09:51:41 +0000] "GET /feastwell-backend/api/v1/facility HTTP/1.1" 200 484 "-" "okhttp/3.14.9"
::ffff:192.168.0.173 - - [23/Sep/2022:09:51:42 +0000] "GET /feastwell-backend/api/v1/menuCategory HTTP/1.1" 304 - "http://localhost:3000/" "Mozilla/5.0 (Windows NT 10.0; Win64; x64) AppleWebKit/537.36 (KHTML, like Gecko) Chrome/105.0.0.0 Safari/537.36"
::ffff:192.168.0.173 - - [23/Sep/2022:09:51:47 +0000] "GET /feastwell-backend/api/v1/menuCategory HTTP/1.1" 304 - "http://localhost:3000/" "Mozilla/5.0 (Windows NT 10.0; Win64; x64) AppleWebKit/537.36 (KHTML, like Gecko) Chrome/105.0.0.0 Safari/537.36"
::ffff:192.168.0.173 - - [23/Sep/2022:09:51:47 +0000] "GET /feastwell-backend/api/v1/menuCategory HTTP/1.1" 304 - "http://localhost:3000/" "Mozilla/5.0 (Windows NT 10.0; Win64; x64) AppleWebKit/537.36 (KHTML, like Gecko) Chrome/105.0.0.0 Safari/537.36"
::ffff:192.168.0.152 - - [23/Sep/2022:09:51:58 +0000] "POST /feastwell-backend/api/v1/auth/login HTTP/1.1" 401 47 "-" "PostmanRuntime/7.29.2"
::ffff:192.168.0.173 - - [23/Sep/2022:09:52:50 +0000] "GET /feastwell-backend/api/v1/menuCategory HTTP/1.1" 304 - "http://localhost:3000/" "Mozilla/5.0 (Windows NT 10.0; Win64; x64) AppleWebKit/537.36 (KHTML, like Gecko) Chrome/105.0.0.0 Safari/537.36"
::ffff:192.168.0.173 - - [23/Sep/2022:09:52:59 +0000] "GET /feastwell-backend/api/v1/menuCategory HTTP/1.1" 304 - "http://localhost:3000/" "Mozilla/5.0 (Windows NT 10.0; Win64; x64) AppleWebKit/537.36 (KHTML, like Gecko) Chrome/105.0.0.0 Safari/537.36"
::ffff:192.168.0.173 - - [23/Sep/2022:09:53:09 +0000] "GET /feastwell-backend/api/v1/menuCategory HTTP/1.1" 304 - "http://localhost:3000/" "Mozilla/5.0 (Windows NT 10.0; Win64; x64) AppleWebKit/537.36 (KHTML, like Gecko) Chrome/105.0.0.0 Safari/537.36"
::ffff:192.168.0.152 - - [23/Sep/2022:09:53:24 +0000] "POST /feastwell-backend/api/v1/auth/login HTTP/1.1" 200 921 "-" "PostmanRuntime/7.29.2"
::1 - - [23/Sep/2022:09:53:46 +0000] "GET /feastwell-backend/api/v1/imageDetails/byNurseId/182 HTTP/1.1" 200 226 "-" "okhttp/3.14.9"
::1 - - [23/Sep/2022:09:53:49 +0000] "GET /feastwell-backend/api/v1/imageDetails/byNurseId/182 HTTP/1.1" 200 226 "-" "okhttp/3.14.9"
::1 - - [23/Sep/2022:09:53:52 +0000] "GET /feastwell-backend/api/v1/user?userType=6 HTTP/1.1" 200 9192 "-" "okhttp/3.14.9"
::1 - - [23/Sep/2022:09:53:52 +0000] "GET /feastwell-backend/api/v1/user?userType=6 HTTP/1.1" 200 9192 "-" "okhttp/3.14.9"
::1 - - [23/Sep/2022:09:54:00 +0000] "GET /feastwell-backend/api/v1/user?userType=6 HTTP/1.1" 200 9192 "-" "okhttp/3.14.9"
::1 - - [23/Sep/2022:09:54:01 +0000] "GET /feastwell-backend/api/v1/imageDetails/byNurseId/182 HTTP/1.1" 200 226 "-" "okhttp/3.14.9"
::ffff:192.168.0.173 - - [23/Sep/2022:09:54:20 +0000] "GET /feastwell-backend/api/v1/menuCategory HTTP/1.1" 304 - "http://localhost:3000/" "Mozilla/5.0 (Windows NT 10.0; Win64; x64) AppleWebKit/537.36 (KHTML, like Gecko) Chrome/105.0.0.0 Safari/537.36"
::ffff:192.168.0.173 - - [23/Sep/2022:09:54:24 +0000] "GET /feastwell-backend/api/v1/menuCategory HTTP/1.1" 304 - "http://localhost:3000/" "Mozilla/5.0 (Windows NT 10.0; Win64; x64) AppleWebKit/537.36 (KHTML, like Gecko) Chrome/105.0.0.0 Safari/537.36"
::ffff:192.168.0.152 - - [23/Sep/2022:09:54:29 +0000] "POST /feastwell-backend/api/v1/user HTTP/1.1" 404 56 "-" "PostmanRuntime/7.29.2"
::ffff:192.168.0.173 - - [23/Sep/2022:09:54:32 +0000] "GET /feastwell-backend/api/v1/menuCategory HTTP/1.1" 304 - "http://localhost:3000/" "Mozilla/5.0 (Windows NT 10.0; Win64; x64) AppleWebKit/537.36 (KHTML, like Gecko) Chrome/105.0.0.0 Safari/537.36"
::ffff:192.168.0.152 - - [23/Sep/2022:09:54:35 +0000] "POST /feastwell-backend/api/v1/user HTTP/1.1" 404 56 "-" "PostmanRuntime/7.29.2"
::ffff:192.168.0.152 - - [23/Sep/2022:09:54:42 +0000] "POST /feastwell-backend/api/v1/auth/login HTTP/1.1" 200 921 "-" "PostmanRuntime/7.29.2"
::ffff:192.168.0.152 - - [23/Sep/2022:09:54:50 +0000] "POST /feastwell-backend/api/v1/user HTTP/1.1" 404 56 "-" "PostmanRuntime/7.29.2"
::ffff:192.168.0.173 - - [23/Sep/2022:09:55:20 +0000] "GET /feastwell-backend/api/v1/menuCategory HTTP/1.1" 304 - "http://localhost:3000/" "Mozilla/5.0 (Windows NT 10.0; Win64; x64) AppleWebKit/537.36 (KHTML, like Gecko) Chrome/105.0.0.0 Safari/537.36"
::ffff:192.168.0.173 - - [23/Sep/2022:09:55:28 +0000] "GET /feastwell-backend/api/v1/menuCategory HTTP/1.1" 304 - "http://localhost:3000/" "Mozilla/5.0 (Windows NT 10.0; Win64; x64) AppleWebKit/537.36 (KHTML, like Gecko) Chrome/105.0.0.0 Safari/537.36"
::1 - - [23/Sep/2022:09:55:29 +0000] "GET /feastwell-backend/api/v1/user?userType=6 HTTP/1.1" 200 9192 "-" "okhttp/3.14.9"
::1 - - [23/Sep/2022:09:55:29 +0000] "GET /feastwell-backend/api/v1/user?userType=6 HTTP/1.1" 200 9192 "-" "okhttp/3.14.9"
::ffff:192.168.0.173 - - [23/Sep/2022:09:55:31 +0000] "GET /feastwell-backend/api/v1/menuCategory HTTP/1.1" 304 - "http://localhost:3000/" "Mozilla/5.0 (Windows NT 10.0; Win64; x64) AppleWebKit/537.36 (KHTML, like Gecko) Chrome/105.0.0.0 Safari/537.36"
::1 - - [23/Sep/2022:09:55:40 +0000] "GET /feastwell-backend/api/v1/user?userType=6 HTTP/1.1" 200 9192 "-" "okhttp/3.14.9"
::1 - - [23/Sep/2022:09:55:42 +0000] "GET /feastwell-backend/api/v1/imageDetails/byNurseId/182 HTTP/1.1" 200 226 "-" "okhttp/3.14.9"
::ffff:192.168.0.152 - - [23/Sep/2022:09:55:58 +0000] "POST /feastwell-backend/api/v1/auth/login HTTP/1.1" 200 1581 "-" "PostmanRuntime/7.29.2"
::ffff:192.168.0.152 - - [23/Sep/2022:09:56:06 +0000] "POST /feastwell-backend/api/v1/user HTTP/1.1" 201 110 "-" "PostmanRuntime/7.29.2"
::1 - - [23/Sep/2022:09:56:17 +0000] "GET /feastwell-backend/api/v1/imageDetails/byNurseId/182 HTTP/1.1" 200 226 "-" "okhttp/3.14.9"
::1 - - [23/Sep/2022:09:56:42 +0000] "GET /feastwell-backend/api/v1/facility HTTP/1.1" 200 484 "-" "okhttp/3.14.9"
::1 - - [23/Sep/2022:09:56:52 +0000] "POST /feastwell-backend/api/v1/user HTTP/1.1" 201 104 "-" "okhttp/3.14.9"
::1 - - [23/Sep/2022:09:56:52 +0000] "POST /feastwell-backend/api/v1/userFacility HTTP/1.1" 200 99 "-" "okhttp/3.14.9"
::1 - - [23/Sep/2022:09:57:02 +0000] "GET /feastwell-backend/api/v1/imageDetails/byNurseId/182 HTTP/1.1" 200 226 "-" "okhttp/3.14.9"
::1 - - [23/Sep/2022:09:57:05 +0000] "GET /feastwell-backend/api/v1/user?userType=6 HTTP/1.1" 200 9544 "-" "okhttp/3.14.9"
::1 - - [23/Sep/2022:09:57:05 +0000] "GET /feastwell-backend/api/v1/user?userType=6 HTTP/1.1" 200 9544 "-" "okhttp/3.14.9"
::1 - - [23/Sep/2022:09:57:16 +0000] "GET /feastwell-backend/api/v1/user?userType=6 HTTP/1.1" 200 9544 "-" "okhttp/3.14.9"
::ffff:192.168.0.152 - - [23/Sep/2022:09:57:22 +0000] "POST /feastwell-backend/api/v1/user HTTP/1.1" 201 107 "-" "PostmanRuntime/7.29.2"
::ffff:192.168.0.152 - - [23/Sep/2022:09:57:59 +0000] "POST /feastwell-backend/api/v1/user HTTP/1.1" 201 111 "-" "PostmanRuntime/7.29.2"
::1 - - [23/Sep/2022:09:58:00 +0000] "GET /feastwell-backend/api/v1/user?userType=6 HTTP/1.1" 200 9544 "-" "okhttp/3.14.9"
::1 - - [23/Sep/2022:09:58:01 +0000] "GET /feastwell-backend/api/v1/imageDetails/byNurseId/182 HTTP/1.1" 200 226 "-" "okhttp/3.14.9"
::1 - - [23/Sep/2022:09:58:02 +0000] "GET /feastwell-backend/api/v1/user?userType=6 HTTP/1.1" 200 9544 "-" "okhttp/3.14.9"
::1 - - [23/Sep/2022:09:58:02 +0000] "GET /feastwell-backend/api/v1/user?userType=6 HTTP/1.1" 200 9544 "-" "okhttp/3.14.9"
::ffff:192.168.0.152 - - [23/Sep/2022:09:58:24 +0000] "POST /feastwell-backend/api/v1/user HTTP/1.1" 201 110 "-" "PostmanRuntime/7.29.2"
::ffff:192.168.0.152 - - [23/Sep/2022:09:59:10 +0000] "POST /feastwell-backend/api/v1/auth/login HTTP/1.1" 200 1418 "-" "PostmanRuntime/7.29.2"
::ffff:192.168.0.173 - - [23/Sep/2022:09:59:11 +0000] "GET /feastwell-backend/api/v1/menuCategory HTTP/1.1" 304 - "http://localhost:3000/" "Mozilla/5.0 (Windows NT 10.0; Win64; x64) AppleWebKit/537.36 (KHTML, like Gecko) Chrome/105.0.0.0 Safari/537.36"
::1 - - [23/Sep/2022:09:59:11 +0000] "POST /feastwell-backend/api/v1/uploadMealImage HTTP/1.1" 500 359 "-" "okhttp/3.14.9"
::ffff:127.0.0.1 - - [23/Sep/2022:10:00:50 +0000] "GET /feastwell-backend/api/v1/user?userType=6 HTTP/1.1" 200 9896 "-" "okhttp/3.14.9"
::ffff:127.0.0.1 - - [23/Sep/2022:10:00:50 +0000] "GET /feastwell-backend/api/v1/user?userType=6 HTTP/1.1" 200 9896 "-" "okhttp/3.14.9"
::1 - - [23/Sep/2022:10:01:05 +0000] "POST /feastwell-backend/api/v1/uploadMealImage HTTP/1.1" 500 359 "-" "okhttp/3.14.9"
::1 - - [23/Sep/2022:10:02:01 +0000] "GET /feastwell-backend/api/v1/user?userType=6 HTTP/1.1" 200 9896 "-" "okhttp/3.14.9"
::1 - - [23/Sep/2022:10:02:02 +0000] "GET /feastwell-backend/api/v1/user?userType=6 HTTP/1.1" 200 9896 "-" "okhttp/3.14.9"
::1 - - [23/Sep/2022:10:02:17 +0000] "POST /feastwell-backend/api/v1/uploadMealImage HTTP/1.1" 500 359 "-" "okhttp/3.14.9"
::1 - - [23/Sep/2022:10:03:32 +0000] "POST /feastwell-backend/api/v1/uploadMealImage HTTP/1.1" 500 359 "-" "PostmanRuntime/7.29.2"
::ffff:192.168.0.152 - - [23/Sep/2022:10:04:58 +0000] "POST /feastwell-backend/api/v1/user HTTP/1.1" 404 56 "-" "PostmanRuntime/7.29.2"
::ffff:192.168.0.173 - - [23/Sep/2022:10:05:19 +0000] "GET /feastwell-backend/api/v1/menuCategory HTTP/1.1" 304 - "http://localhost:3000/" "Mozilla/5.0 (Windows NT 10.0; Win64; x64) AppleWebKit/537.36 (KHTML, like Gecko) Chrome/105.0.0.0 Safari/537.36"
::ffff:192.168.0.173 - - [23/Sep/2022:10:05:31 +0000] "GET /feastwell-backend/api/v1/menuCategory HTTP/1.1" 304 - "http://localhost:3000/" "Mozilla/5.0 (Windows NT 10.0; Win64; x64) AppleWebKit/537.36 (KHTML, like Gecko) Chrome/105.0.0.0 Safari/537.36"
::ffff:192.168.0.152 - - [23/Sep/2022:10:05:34 +0000] "POST /feastwell-backend/api/v1/user HTTP/1.1" 404 56 "-" "PostmanRuntime/7.29.2"
::ffff:192.168.0.152 - - [23/Sep/2022:10:05:56 +0000] "POST /feastwell-backend/api/v1/user HTTP/1.1" 201 110 "-" "PostmanRuntime/7.29.2"
::ffff:192.168.0.173 - - [23/Sep/2022:10:05:59 +0000] "GET /feastwell-backend/api/v1/menuCategory HTTP/1.1" 304 - "http://localhost:3000/" "Mozilla/5.0 (Windows NT 10.0; Win64; x64) AppleWebKit/537.36 (KHTML, like Gecko) Chrome/105.0.0.0 Safari/537.36"
::ffff:192.168.0.173 - - [23/Sep/2022:10:06:08 +0000] "GET /feastwell-backend/api/v1/menuCategory HTTP/1.1" 304 - "http://localhost:3000/" "Mozilla/5.0 (Windows NT 10.0; Win64; x64) AppleWebKit/537.36 (KHTML, like Gecko) Chrome/105.0.0.0 Safari/537.36"
::ffff:192.168.0.173 - - [23/Sep/2022:10:06:12 +0000] "GET /feastwell-backend/api/v1/menuCategory HTTP/1.1" 304 - "http://localhost:3000/" "Mozilla/5.0 (Windows NT 10.0; Win64; x64) AppleWebKit/537.36 (KHTML, like Gecko) Chrome/105.0.0.0 Safari/537.36"
::ffff:192.168.0.173 - - [23/Sep/2022:10:06:12 +0000] "GET /feastwell-backend/api/v1/user?userType=6 HTTP/1.1" 200 9896 "http://localhost:3000/" "Mozilla/5.0 (Windows NT 10.0; Win64; x64) AppleWebKit/537.36 (KHTML, like Gecko) Chrome/105.0.0.0 Safari/537.36"
::ffff:192.168.0.152 - - [23/Sep/2022:10:06:21 +0000] "POST /feastwell-backend/api/v1/user HTTP/1.1" 201 114 "-" "PostmanRuntime/7.29.2"
::ffff:192.168.0.173 - - [23/Sep/2022:10:06:35 +0000] "GET /feastwell-backend/api/v1/menuCategory HTTP/1.1" 304 - "http://localhost:3000/" "Mozilla/5.0 (Windows NT 10.0; Win64; x64) AppleWebKit/537.36 (KHTML, like Gecko) Chrome/105.0.0.0 Safari/537.36"
::ffff:192.168.0.173 - - [23/Sep/2022:10:06:44 +0000] "GET /feastwell-backend/api/v1/menuCategory HTTP/1.1" 304 - "http://localhost:3000/" "Mozilla/5.0 (Windows NT 10.0; Win64; x64) AppleWebKit/537.36 (KHTML, like Gecko) Chrome/105.0.0.0 Safari/537.36"
::ffff:192.168.0.152 - - [23/Sep/2022:10:06:46 +0000] "POST /feastwell-backend/api/v1/user HTTP/1.1" 201 113 "-" "PostmanRuntime/7.29.2"
::ffff:192.168.0.173 - - [23/Sep/2022:10:07:22 +0000] "GET /feastwell-backend/api/v1/menuCategory HTTP/1.1" 304 - "http://localhost:3000/" "Mozilla/5.0 (Windows NT 10.0; Win64; x64) AppleWebKit/537.36 (KHTML, like Gecko) Chrome/105.0.0.0 Safari/537.36"
::ffff:192.168.0.173 - - [23/Sep/2022:10:07:30 +0000] "GET /feastwell-backend/api/v1/menuCategory HTTP/1.1" 304 - "http://localhost:3000/" "Mozilla/5.0 (Windows NT 10.0; Win64; x64) AppleWebKit/537.36 (KHTML, like Gecko) Chrome/105.0.0.0 Safari/537.36"
::ffff:192.168.0.152 - - [23/Sep/2022:10:07:39 +0000] "POST /feastwell-backend/api/v1/auth/login HTTP/1.1" 200 920 "-" "PostmanRuntime/7.29.2"
::ffff:192.168.0.173 - - [23/Sep/2022:10:07:42 +0000] "GET /feastwell-backend/api/v1/menuCategory HTTP/1.1" 304 - "http://localhost:3000/" "Mozilla/5.0 (Windows NT 10.0; Win64; x64) AppleWebKit/537.36 (KHTML, like Gecko) Chrome/105.0.0.0 Safari/537.36"
::ffff:192.168.0.173 - - [23/Sep/2022:10:07:45 +0000] "GET /feastwell-backend/api/v1/menuCategory HTTP/1.1" 304 - "http://localhost:3000/" "Mozilla/5.0 (Windows NT 10.0; Win64; x64) AppleWebKit/537.36 (KHTML, like Gecko) Chrome/105.0.0.0 Safari/537.36"
::ffff:192.168.0.173 - - [23/Sep/2022:10:07:46 +0000] "GET /feastwell-backend/api/v1/user?userType=6 HTTP/1.1" 200 10251 "http://localhost:3000/" "Mozilla/5.0 (Windows NT 10.0; Win64; x64) AppleWebKit/537.36 (KHTML, like Gecko) Chrome/105.0.0.0 Safari/537.36"
::ffff:192.168.0.173 - - [23/Sep/2022:10:07:48 +0000] "GET /feastwell-backend/api/v1/menuCategory HTTP/1.1" 304 - "http://localhost:3000/" "Mozilla/5.0 (Windows NT 10.0; Win64; x64) AppleWebKit/537.36 (KHTML, like Gecko) Chrome/105.0.0.0 Safari/537.36"
::ffff:192.168.0.173 - - [23/Sep/2022:10:07:48 +0000] "GET /feastwell-backend/api/v1/facility HTTP/1.1" 304 - "http://localhost:3000/" "Mozilla/5.0 (Windows NT 10.0; Win64; x64) AppleWebKit/537.36 (KHTML, like Gecko) Chrome/105.0.0.0 Safari/537.36"
::ffff:192.168.0.152 - - [23/Sep/2022:10:07:55 +0000] "POST /feastwell-backend/api/v1/user HTTP/1.1" 201 113 "-" "PostmanRuntime/7.29.2"
::ffff:192.168.0.173 - - [23/Sep/2022:10:09:05 +0000] "GET /feastwell-backend/api/v1/menuCategory HTTP/1.1" 304 - "http://localhost:3000/" "Mozilla/5.0 (Windows NT 10.0; Win64; x64) AppleWebKit/537.36 (KHTML, like Gecko) Chrome/105.0.0.0 Safari/537.36"
::ffff:192.168.0.173 - - [23/Sep/2022:10:09:32 +0000] "GET /feastwell-backend/api/v1/menuCategory HTTP/1.1" 304 - "http://localhost:3000/" "Mozilla/5.0 (Windows NT 10.0; Win64; x64) AppleWebKit/537.36 (KHTML, like Gecko) Chrome/105.0.0.0 Safari/537.36"
::ffff:192.168.0.173 - - [23/Sep/2022:10:09:35 +0000] "GET /feastwell-backend/api/v1/menuCategory HTTP/1.1" 304 - "http://localhost:3000/" "Mozilla/5.0 (Windows NT 10.0; Win64; x64) AppleWebKit/537.36 (KHTML, like Gecko) Chrome/105.0.0.0 Safari/537.36"
::ffff:192.168.0.173 - - [23/Sep/2022:10:09:43 +0000] "GET /feastwell-backend/api/v1/menuCategory HTTP/1.1" 304 - "http://localhost:3000/" "Mozilla/5.0 (Windows NT 10.0; Win64; x64) AppleWebKit/537.36 (KHTML, like Gecko) Chrome/105.0.0.0 Safari/537.36"
::ffff:192.168.0.173 - - [23/Sep/2022:10:09:54 +0000] "GET /feastwell-backend/api/v1/menuCategory HTTP/1.1" 304 - "http://localhost:3000/" "Mozilla/5.0 (Windows NT 10.0; Win64; x64) AppleWebKit/537.36 (KHTML, like Gecko) Chrome/105.0.0.0 Safari/537.36"
::ffff:192.168.0.173 - - [23/Sep/2022:10:09:54 +0000] "GET /feastwell-backend/api/v1/facility HTTP/1.1" 304 - "http://localhost:3000/" "Mozilla/5.0 (Windows NT 10.0; Win64; x64) AppleWebKit/537.36 (KHTML, like Gecko) Chrome/105.0.0.0 Safari/537.36"
::ffff:192.168.0.173 - - [23/Sep/2022:10:09:59 +0000] "GET /feastwell-backend/api/v1/menuCategory HTTP/1.1" 304 - "http://localhost:3000/" "Mozilla/5.0 (Windows NT 10.0; Win64; x64) AppleWebKit/537.36 (KHTML, like Gecko) Chrome/105.0.0.0 Safari/537.36"
::ffff:192.168.0.173 - - [23/Sep/2022:10:09:59 +0000] "GET /feastwell-backend/api/v1/facility HTTP/1.1" 304 - "http://localhost:3000/" "Mozilla/5.0 (Windows NT 10.0; Win64; x64) AppleWebKit/537.36 (KHTML, like Gecko) Chrome/105.0.0.0 Safari/537.36"
::ffff:192.168.0.152 - - [23/Sep/2022:10:10:04 +0000] "POST /feastwell-backend/api/v1/auth/login HTTP/1.1" 200 921 "-" "PostmanRuntime/7.29.2"
::ffff:192.168.0.173 - - [23/Sep/2022:10:10:19 +0000] "GET /feastwell-backend/api/v1/menuCategory HTTP/1.1" 304 - "http://localhost:3000/" "Mozilla/5.0 (Windows NT 10.0; Win64; x64) AppleWebKit/537.36 (KHTML, like Gecko) Chrome/105.0.0.0 Safari/537.36"
::ffff:192.168.0.152 - - [23/Sep/2022:10:10:25 +0000] "POST /feastwell-backend/api/v1/user HTTP/1.1" 404 56 "-" "PostmanRuntime/7.29.2"
::1 - - [23/Sep/2022:10:10:41 +0000] "PUT /feastwell-backend/api/v1/facility/123 HTTP/1.1" 404 62 "-" "PostmanRuntime/7.29.2"
::1 - - [23/Sep/2022:10:10:52 +0000] "PUT /feastwell-backend/api/v1/facility/123 HTTP/1.1" 404 62 "-" "PostmanRuntime/7.29.2"
::ffff:192.168.0.152 - - [23/Sep/2022:10:11:05 +0000] "POST /feastwell-backend/api/v1/user HTTP/1.1" 404 56 "-" "PostmanRuntime/7.29.2"
::ffff:192.168.0.173 - - [23/Sep/2022:10:11:40 +0000] "GET /feastwell-backend/api/v1/menuCategory HTTP/1.1" 304 - "http://localhost:3000/" "Mozilla/5.0 (Windows NT 10.0; Win64; x64) AppleWebKit/537.36 (KHTML, like Gecko) Chrome/105.0.0.0 Safari/537.36"
::ffff:192.168.0.152 - - [23/Sep/2022:10:11:48 +0000] "POST /feastwell-backend/api/v1/user HTTP/1.1" 404 56 "-" "PostmanRuntime/7.29.2"
::ffff:192.168.0.173 - - [23/Sep/2022:10:12:08 +0000] "GET /feastwell-backend/api/v1/menuCategory HTTP/1.1" 304 - "http://localhost:3000/" "Mozilla/5.0 (Windows NT 10.0; Win64; x64) AppleWebKit/537.36 (KHTML, like Gecko) Chrome/105.0.0.0 Safari/537.36"
::ffff:192.168.0.152 - - [23/Sep/2022:10:12:16 +0000] "POST /feastwell-backend/api/v1/user HTTP/1.1" 404 56 "-" "PostmanRuntime/7.29.2"
::ffff:192.168.0.173 - - [23/Sep/2022:10:12:25 +0000] "GET /feastwell-backend/api/v1/menuCategory HTTP/1.1" 304 - "http://localhost:3000/" "Mozilla/5.0 (Windows NT 10.0; Win64; x64) AppleWebKit/537.36 (KHTML, like Gecko) Chrome/105.0.0.0 Safari/537.36"
::ffff:192.168.0.152 - - [23/Sep/2022:10:13:11 +0000] "POST /feastwell-backend/api/v1/user HTTP/1.1" 201 110 "-" "PostmanRuntime/7.29.2"
::ffff:192.168.0.152 - - [23/Sep/2022:10:13:35 +0000] "POST /feastwell-backend/api/v1/auth/login HTTP/1.1" 401 47 "-" "PostmanRuntime/7.29.2"
::ffff:192.168.0.152 - - [23/Sep/2022:10:13:39 +0000] "POST /feastwell-backend/api/v1/auth/login HTTP/1.1" 401 47 "-" "PostmanRuntime/7.29.2"
::ffff:192.168.0.152 - - [23/Sep/2022:10:13:57 +0000] "POST /feastwell-backend/api/v1/auth/login HTTP/1.1" 401 47 "-" "PostmanRuntime/7.29.2"
::ffff:192.168.0.152 - - [23/Sep/2022:10:14:11 +0000] "POST /feastwell-backend/api/v1/auth/login HTTP/1.1" 401 47 "-" "PostmanRuntime/7.29.2"
::ffff:192.168.0.173 - - [23/Sep/2022:10:20:52 +0000] "GET /feastwell-backend/api/v1/menuCategory HTTP/1.1" 304 - "http://localhost:3000/" "Mozilla/5.0 (Windows NT 10.0; Win64; x64) AppleWebKit/537.36 (KHTML, like Gecko) Chrome/105.0.0.0 Safari/537.36"
::ffff:192.168.0.173 - - [23/Sep/2022:10:20:52 +0000] "GET /feastwell-backend/api/v1/facility HTTP/1.1" 304 - "http://localhost:3000/" "Mozilla/5.0 (Windows NT 10.0; Win64; x64) AppleWebKit/537.36 (KHTML, like Gecko) Chrome/105.0.0.0 Safari/537.36"
::1 - - [23/Sep/2022:10:21:24 +0000] "POST /feastwell-backend/api/v1/uploadMealImage HTTP/1.1" 200 171 "-" "PostmanRuntime/7.29.2"
::ffff:192.168.0.173 - - [23/Sep/2022:10:21:36 +0000] "GET /feastwell-backend/api/v1/menuCategory HTTP/1.1" 304 - "http://localhost:3000/" "Mozilla/5.0 (Windows NT 10.0; Win64; x64) AppleWebKit/537.36 (KHTML, like Gecko) Chrome/105.0.0.0 Safari/537.36"
::ffff:192.168.0.173 - - [23/Sep/2022:10:21:36 +0000] "GET /feastwell-backend/api/v1/facility HTTP/1.1" 304 - "http://localhost:3000/" "Mozilla/5.0 (Windows NT 10.0; Win64; x64) AppleWebKit/537.36 (KHTML, like Gecko) Chrome/105.0.0.0 Safari/537.36"
::1 - - [23/Sep/2022:10:21:40 +0000] "GET /feastwell-backend/api/v1/user?userType=6 HTTP/1.1" 200 10603 "-" "okhttp/3.14.9"
::1 - - [23/Sep/2022:10:21:41 +0000] "GET /feastwell-backend/api/v1/imageDetails/byNurseId/182 HTTP/1.1" 200 226 "-" "okhttp/3.14.9"
::1 - - [23/Sep/2022:10:21:43 +0000] "GET /feastwell-backend/api/v1/user?userType=6 HTTP/1.1" 200 10603 "-" "okhttp/3.14.9"
::1 - - [23/Sep/2022:10:21:43 +0000] "GET /feastwell-backend/api/v1/user?userType=6 HTTP/1.1" 200 10603 "-" "okhttp/3.14.9"
::1 - - [23/Sep/2022:10:21:58 +0000] "POST /feastwell-backend/api/v1/uploadMealImage HTTP/1.1" 200 149 "-" "okhttp/3.14.9"
::1 - - [23/Sep/2022:10:21:58 +0000] "POST /feastwell-backend/api/v1/imageDetails HTTP/1.1" 200 71 "-" "okhttp/3.14.9"
::1 - - [23/Sep/2022:10:21:59 +0000] "GET /feastwell-backend/api/v1/user?userType=6 HTTP/1.1" 200 10603 "-" "okhttp/3.14.9"
::1 - - [23/Sep/2022:10:22:02 +0000] "GET /feastwell-backend/api/v1/imageDetails/byNurseId/182 HTTP/1.1" 200 226 "-" "okhttp/3.14.9"
::1 - - [23/Sep/2022:10:22:06 +0000] "GET /feastwell-backend/api/v1/imagedetails/all HTTP/1.1" 200 380 "-" "okhttp/3.14.9"
::1 - - [23/Sep/2022:10:22:16 +0000] "GET /feastwell-backend/api/v1/imageDetails/byNurseId/182 HTTP/1.1" 200 226 "-" "okhttp/3.14.9"
::ffff:192.168.0.173 - - [23/Sep/2022:10:22:22 +0000] "GET /feastwell-backend/api/v1/menuCategory HTTP/1.1" 304 - "http://localhost:3000/" "Mozilla/5.0 (Windows NT 10.0; Win64; x64) AppleWebKit/537.36 (KHTML, like Gecko) Chrome/105.0.0.0 Safari/537.36"
::1 - - [23/Sep/2022:10:22:38 +0000] "GET /feastwell-backend/api/v1/user?userType=6 HTTP/1.1" 200 10603 "-" "okhttp/3.14.9"
::1 - - [23/Sep/2022:10:22:38 +0000] "GET /feastwell-backend/api/v1/user?userType=6 HTTP/1.1" 200 10603 "-" "okhttp/3.14.9"
::1 - - [23/Sep/2022:10:22:42 +0000] "GET /feastwell-backend/api/v1/user?userType=6 HTTP/1.1" 200 10603 "-" "okhttp/3.14.9"
::ffff:192.168.0.173 - - [23/Sep/2022:10:22:45 +0000] "GET /feastwell-backend/api/v1/menuCategory HTTP/1.1" 304 - "http://localhost:3000/" "Mozilla/5.0 (Windows NT 10.0; Win64; x64) AppleWebKit/537.36 (KHTML, like Gecko) Chrome/105.0.0.0 Safari/537.36"
::ffff:192.168.0.173 - - [23/Sep/2022:10:22:45 +0000] "GET /feastwell-backend/api/v1/facility HTTP/1.1" 304 - "http://localhost:3000/" "Mozilla/5.0 (Windows NT 10.0; Win64; x64) AppleWebKit/537.36 (KHTML, like Gecko) Chrome/105.0.0.0 Safari/537.36"
::ffff:192.168.0.173 - - [23/Sep/2022:10:22:54 +0000] "GET /feastwell-backend/api/v1/menuCategory HTTP/1.1" 304 - "http://localhost:3000/" "Mozilla/5.0 (Windows NT 10.0; Win64; x64) AppleWebKit/537.36 (KHTML, like Gecko) Chrome/105.0.0.0 Safari/537.36"
::ffff:192.168.0.173 - - [23/Sep/2022:10:22:57 +0000] "GET /feastwell-backend/api/v1/menuCategory HTTP/1.1" 304 - "http://localhost:3000/" "Mozilla/5.0 (Windows NT 10.0; Win64; x64) AppleWebKit/537.36 (KHTML, like Gecko) Chrome/105.0.0.0 Safari/537.36"
::ffff:192.168.0.173 - - [23/Sep/2022:10:22:57 +0000] "GET /feastwell-backend/api/v1/facility HTTP/1.1" 304 - "http://localhost:3000/" "Mozilla/5.0 (Windows NT 10.0; Win64; x64) AppleWebKit/537.36 (KHTML, like Gecko) Chrome/105.0.0.0 Safari/537.36"
::1 - - [23/Sep/2022:10:23:00 +0000] "GET /feastwell-backend/api/v1/user?userType=6 HTTP/1.1" 200 10603 "-" "okhttp/3.14.9"
::1 - - [23/Sep/2022:10:23:34 +0000] "GET /feastwell-backend/api/v1/nurseResident HTTP/1.1" 401 49 "-" "PostmanRuntime/7.29.2"
::1 - - [23/Sep/2022:10:23:45 +0000] "GET /feastwell-backend/api/v1/nurseResident HTTP/1.1" 200 90 "-" "PostmanRuntime/7.29.2"
::1 - - [23/Sep/2022:10:24:06 +0000] "GET /feastwell-backend/api/v1/user?userType=6 HTTP/1.1" 200 10603 "-" "okhttp/3.14.9"
::ffff:192.168.0.173 - - [23/Sep/2022:10:24:57 +0000] "GET /feastwell-backend/api/v1/menuCategory HTTP/1.1" 304 - "http://localhost:3000/" "Mozilla/5.0 (Windows NT 10.0; Win64; x64) AppleWebKit/537.36 (KHTML, like Gecko) Chrome/105.0.0.0 Safari/537.36"
::ffff:192.168.0.173 - - [23/Sep/2022:10:27:22 +0000] "GET /feastwell-backend/api/v1/menuCategory HTTP/1.1" 304 - "http://localhost:3000/" "Mozilla/5.0 (Windows NT 10.0; Win64; x64) AppleWebKit/537.36 (KHTML, like Gecko) Chrome/105.0.0.0 Safari/537.36"
::ffff:192.168.0.173 - - [23/Sep/2022:10:27:23 +0000] "GET /feastwell-backend/api/v1/facility HTTP/1.1" 304 - "http://localhost:3000/" "Mozilla/5.0 (Windows NT 10.0; Win64; x64) AppleWebKit/537.36 (KHTML, like Gecko) Chrome/105.0.0.0 Safari/537.36"
::ffff:192.168.0.173 - - [23/Sep/2022:10:30:07 +0000] "GET /feastwell-backend/api/v1/menuCategory HTTP/1.1" 304 - "http://localhost:3000/" "Mozilla/5.0 (Windows NT 10.0; Win64; x64) AppleWebKit/537.36 (KHTML, like Gecko) Chrome/105.0.0.0 Safari/537.36"
::1 - - [23/Sep/2022:10:30:27 +0000] "POST /feastwell-backend/api/v1/auth/login HTTP/1.1" 200 1581 "-" "PostmanRuntime/7.29.2"
::1 - - [23/Sep/2022:10:30:33 +0000] "POST /feastwell-backend/api/v1/auth/login HTTP/1.1" 200 920 "-" "PostmanRuntime/7.29.2"
::ffff:192.168.0.173 - - [23/Sep/2022:10:30:46 +0000] "GET /feastwell-backend/api/v1/menuCategory HTTP/1.1" 304 - "http://localhost:3000/" "Mozilla/5.0 (Windows NT 10.0; Win64; x64) AppleWebKit/537.36 (KHTML, like Gecko) Chrome/105.0.0.0 Safari/537.36"
::ffff:192.168.0.173 - - [23/Sep/2022:10:30:53 +0000] "GET /feastwell-backend/api/v1/menuCategory HTTP/1.1" 304 - "http://localhost:3000/" "Mozilla/5.0 (Windows NT 10.0; Win64; x64) AppleWebKit/537.36 (KHTML, like Gecko) Chrome/105.0.0.0 Safari/537.36"
::ffff:192.168.0.173 - - [23/Sep/2022:10:30:59 +0000] "GET /feastwell-backend/api/v1/menuCategory HTTP/1.1" 304 - "http://localhost:3000/" "Mozilla/5.0 (Windows NT 10.0; Win64; x64) AppleWebKit/537.36 (KHTML, like Gecko) Chrome/105.0.0.0 Safari/537.36"
::ffff:192.168.0.173 - - [23/Sep/2022:10:31:02 +0000] "GET /feastwell-backend/api/v1/menuCategory HTTP/1.1" 304 - "http://localhost:3000/" "Mozilla/5.0 (Windows NT 10.0; Win64; x64) AppleWebKit/537.36 (KHTML, like Gecko) Chrome/105.0.0.0 Safari/537.36"
::1 - - [23/Sep/2022:10:31:07 +0000] "GET /feastwell-backend/api/v1/residentFacility/6 HTTP/1.1" 404 36 "-" "PostmanRuntime/7.29.2"
::1 - - [23/Sep/2022:10:31:17 +0000] "GET /feastwell-backend/api/v1/userFacility/6 HTTP/1.1" 200 84 "-" "PostmanRuntime/7.29.2"
::1 - - [23/Sep/2022:10:31:26 +0000] "GET /feastwell-backend/api/v1/userFacility/182 HTTP/1.1" 200 86 "-" "PostmanRuntime/7.29.2"
::1 - - [23/Sep/2022:10:31:31 +0000] "GET /feastwell-backend/api/v1/userFacility/134 HTTP/1.1" 200 86 "-" "PostmanRuntime/7.29.2"
::ffff:192.168.0.173 - - [23/Sep/2022:10:31:48 +0000] "GET /feastwell-backend/api/v1/menuCategory HTTP/1.1" 304 - "http://localhost:3000/" "Mozilla/5.0 (Windows NT 10.0; Win64; x64) AppleWebKit/537.36 (KHTML, like Gecko) Chrome/105.0.0.0 Safari/537.36"
::ffff:192.168.0.173 - - [23/Sep/2022:10:31:48 +0000] "GET /feastwell-backend/api/v1/facility HTTP/1.1" 304 - "http://localhost:3000/" "Mozilla/5.0 (Windows NT 10.0; Win64; x64) AppleWebKit/537.36 (KHTML, like Gecko) Chrome/105.0.0.0 Safari/537.36"
::1 - - [23/Sep/2022:10:31:52 +0000] "GET /feastwell-backend/api/v1/userFacility HTTP/1.1" 200 2740 "-" "PostmanRuntime/7.29.2"
::ffff:192.168.0.173 - - [23/Sep/2022:10:31:53 +0000] "GET /feastwell-backend/api/v1/menuCategory HTTP/1.1" 304 - "http://localhost:3000/" "Mozilla/5.0 (Windows NT 10.0; Win64; x64) AppleWebKit/537.36 (KHTML, like Gecko) Chrome/105.0.0.0 Safari/537.36"
::ffff:192.168.0.173 - - [23/Sep/2022:10:31:53 +0000] "GET /feastwell-backend/api/v1/facility HTTP/1.1" 304 - "http://localhost:3000/" "Mozilla/5.0 (Windows NT 10.0; Win64; x64) AppleWebKit/537.36 (KHTML, like Gecko) Chrome/105.0.0.0 Safari/537.36"
::ffff:192.168.0.173 - - [23/Sep/2022:10:32:37 +0000] "GET /feastwell-backend/api/v1/menuCategory HTTP/1.1" 304 - "http://localhost:3000/" "Mozilla/5.0 (Windows NT 10.0; Win64; x64) AppleWebKit/537.36 (KHTML, like Gecko) Chrome/105.0.0.0 Safari/537.36"
::ffff:192.168.0.173 - - [23/Sep/2022:10:32:41 +0000] "GET /feastwell-backend/api/v1/menuCategory HTTP/1.1" 304 - "http://localhost:3000/" "Mozilla/5.0 (Windows NT 10.0; Win64; x64) AppleWebKit/537.36 (KHTML, like Gecko) Chrome/105.0.0.0 Safari/537.36"
::ffff:192.168.0.173 - - [23/Sep/2022:10:32:41 +0000] "GET /feastwell-backend/api/v1/facility HTTP/1.1" 304 - "http://localhost:3000/" "Mozilla/5.0 (Windows NT 10.0; Win64; x64) AppleWebKit/537.36 (KHTML, like Gecko) Chrome/105.0.0.0 Safari/537.36"
