::ffff:192.168.0.173 - - [23/Sep/2022:10:33:21 +0000] "GET /feastwell-backend/api/v1/menuCategory HTTP/1.1" 304 - "http://localhost:3000/" "Mozilla/5.0 (Windows NT 10.0; Win64; x64) AppleWebKit/537.36 (KHTML, like Gecko) Chrome/105.0.0.0 Safari/537.36"
::ffff:192.168.0.173 - - [23/Sep/2022:10:33:21 +0000] "GET /feastwell-backend/api/v1/user?userType=6 HTTP/1.1" 200 10603 "http://localhost:3000/" "Mozilla/5.0 (Windows NT 10.0; Win64; x64) AppleWebKit/537.36 (KHTML, like Gecko) Chrome/105.0.0.0 Safari/537.36"
::ffff:192.168.0.173 - - [23/Sep/2022:10:33:24 +0000] "GET /feastwell-backend/api/v1/menuCategory HTTP/1.1" 304 - "http://localhost:3000/" "Mozilla/5.0 (Windows NT 10.0; Win64; x64) AppleWebKit/537.36 (KHTML, like Gecko) Chrome/105.0.0.0 Safari/537.36"
::ffff:192.168.0.173 - - [23/Sep/2022:10:33:24 +0000] "GET /feastwell-backend/api/v1/facility HTTP/1.1" 304 - "http://localhost:3000/" "Mozilla/5.0 (Windows NT 10.0; Win64; x64) AppleWebKit/537.36 (KHTML, like Gecko) Chrome/105.0.0.0 Safari/537.36"
::ffff:192.168.0.173 - - [23/Sep/2022:10:33:34 +0000] "GET /feastwell-backend/api/v1/menuCategory HTTP/1.1" 304 - "http://localhost:3000/" "Mozilla/5.0 (Windows NT 10.0; Win64; x64) AppleWebKit/537.36 (KHTML, like Gecko) Chrome/105.0.0.0 Safari/537.36"
::ffff:192.168.0.173 - - [23/Sep/2022:10:33:34 +0000] "GET /feastwell-backend/api/v1/user?userType=6 HTTP/1.1" 304 - "http://localhost:3000/" "Mozilla/5.0 (Windows NT 10.0; Win64; x64) AppleWebKit/537.36 (KHTML, like Gecko) Chrome/105.0.0.0 Safari/537.36"
::ffff:192.168.0.173 - - [23/Sep/2022:10:33:47 +0000] "GET /feastwell-backend/api/v1/menuCategory HTTP/1.1" 304 - "http://localhost:3000/" "Mozilla/5.0 (Windows NT 10.0; Win64; x64) AppleWebKit/537.36 (KHTML, like Gecko) Chrome/105.0.0.0 Safari/537.36"
::ffff:192.168.0.173 - - [23/Sep/2022:10:33:47 +0000] "GET /feastwell-backend/api/v1/nutritionalRiskFactors HTTP/1.1" 304 - "http://localhost:3000/" "Mozilla/5.0 (Windows NT 10.0; Win64; x64) AppleWebKit/537.36 (KHTML, like Gecko) Chrome/105.0.0.0 Safari/537.36"
::ffff:192.168.0.173 - - [23/Sep/2022:10:33:50 +0000] "GET /feastwell-backend/api/v1/menuCategory HTTP/1.1" 304 - "http://localhost:3000/" "Mozilla/5.0 (Windows NT 10.0; Win64; x64) AppleWebKit/537.36 (KHTML, like Gecko) Chrome/105.0.0.0 Safari/537.36"
::ffff:192.168.0.173 - - [23/Sep/2022:10:33:50 +0000] "GET /feastwell-backend/api/v1/user?userType=6 HTTP/1.1" 304 - "http://localhost:3000/" "Mozilla/5.0 (Windows NT 10.0; Win64; x64) AppleWebKit/537.36 (KHTML, like Gecko) Chrome/105.0.0.0 Safari/537.36"
::1 - - [23/Sep/2022:10:35:44 +0000] "POST /feastwell-backend/api/v1/login HTTP/1.1" 404 36 "-" "PostmanRuntime/7.29.2"
::1 - - [23/Sep/2022:10:35:51 +0000] "POST /feastwell-backend/api/v1/auth/login HTTP/1.1" 200 1581 "-" "PostmanRuntime/7.29.2"
::1 - - [23/Sep/2022:10:36:32 +0000] "GET /feastwell-backend/api/v1/auth/login HTTP/1.1" 200 1581 "-" "PostmanRuntime/7.29.2"
::1 - - [23/Sep/2022:10:37:41 +0000] "GET /feastwell-backend/api/v1/user?userType=6 HTTP/1.1" 200 10603 "-" "okhttp/3.14.9"
::1 - - [23/Sep/2022:10:37:45 +0000] "GET /feastwell-backend/api/v1/imageDetails/byNurseId/182 HTTP/1.1" 200 226 "-" "okhttp/3.14.9"
::1 - - [23/Sep/2022:10:37:49 +0000] "GET /feastwell-backend/api/v1/user?userType=6 HTTP/1.1" 200 10603 "-" "okhttp/3.14.9"
::1 - - [23/Sep/2022:10:37:49 +0000] "GET /feastwell-backend/api/v1/user?userType=6 HTTP/1.1" 200 10603 "-" "okhttp/3.14.9"
::1 - - [23/Sep/2022:10:38:05 +0000] "POST /feastwell-backend/api/v1/uploadMealImage HTTP/1.1" 200 149 "-" "okhttp/3.14.9"
::1 - - [23/Sep/2022:10:38:06 +0000] "POST /feastwell-backend/api/v1/imageDetails HTTP/1.1" 200 71 "-" "okhttp/3.14.9"
::1 - - [23/Sep/2022:10:38:07 +0000] "GET /feastwell-backend/api/v1/user?userType=6 HTTP/1.1" 200 10603 "-" "okhttp/3.14.9"
::ffff:192.168.0.173 - - [23/Sep/2022:10:38:28 +0000] "GET /feastwell-backend/api/v1/menuCategory HTTP/1.1" 304 - "http://localhost:3000/" "Mozilla/5.0 (Windows NT 10.0; Win64; x64) AppleWebKit/537.36 (KHTML, like Gecko) Chrome/105.0.0.0 Safari/537.36"
::ffff:192.168.0.173 - - [23/Sep/2022:10:38:34 +0000] "GET /feastwell-backend/api/v1/menuCategory HTTP/1.1" 304 - "http://localhost:3000/" "Mozilla/5.0 (Windows NT 10.0; Win64; x64) AppleWebKit/537.36 (KHTML, like Gecko) Chrome/105.0.0.0 Safari/537.36"
::ffff:192.168.0.173 - - [23/Sep/2022:10:38:34 +0000] "GET /feastwell-backend/api/v1/user?userType=6 HTTP/1.1" 304 - "http://localhost:3000/" "Mozilla/5.0 (Windows NT 10.0; Win64; x64) AppleWebKit/537.36 (KHTML, like Gecko) Chrome/105.0.0.0 Safari/537.36"
::1 - - [23/Sep/2022:10:38:43 +0000] "GET /feastwell-backend/api/v1/auth/refresh HTTP/1.1" 401 43 "-" "PostmanRuntime/7.29.2"
::1 - - [23/Sep/2022:10:38:55 +0000] "GET /feastwell-backend/api/v1/auth/refresh HTTP/1.1" 200 376 "-" "PostmanRuntime/7.29.2"
::ffff:192.168.0.173 - - [23/Sep/2022:10:39:02 +0000] "GET /feastwell-backend/api/v1/menuCategory HTTP/1.1" 304 - "http://localhost:3000/" "Mozilla/5.0 (Windows NT 10.0; Win64; x64) AppleWebKit/537.36 (KHTML, like Gecko) Chrome/105.0.0.0 Safari/537.36"
::ffff:192.168.0.173 - - [23/Sep/2022:10:39:07 +0000] "GET /feastwell-backend/api/v1/menuCategory HTTP/1.1" 304 - "http://localhost:3000/" "Mozilla/5.0 (Windows NT 10.0; Win64; x64) AppleWebKit/537.36 (KHTML, like Gecko) Chrome/105.0.0.0 Safari/537.36"
::ffff:192.168.0.173 - - [23/Sep/2022:10:39:07 +0000] "GET /feastwell-backend/api/v1/user?userType=6 HTTP/1.1" 304 - "http://localhost:3000/" "Mozilla/5.0 (Windows NT 10.0; Win64; x64) AppleWebKit/537.36 (KHTML, like Gecko) Chrome/105.0.0.0 Safari/537.36"
::ffff:192.168.0.173 - - [23/Sep/2022:10:39:11 +0000] "GET /feastwell-backend/api/v1/menuCategory HTTP/1.1" 304 - "http://localhost:3000/" "Mozilla/5.0 (Windows NT 10.0; Win64; x64) AppleWebKit/537.36 (KHTML, like Gecko) Chrome/105.0.0.0 Safari/537.36"
::ffff:192.168.0.173 - - [23/Sep/2022:10:39:11 +0000] "GET /feastwell-backend/api/v1/menuCategory HTTP/1.1" 304 - "http://localhost:3000/" "Mozilla/5.0 (Windows NT 10.0; Win64; x64) AppleWebKit/537.36 (KHTML, like Gecko) Chrome/105.0.0.0 Safari/537.36"
::ffff:192.168.0.173 - - [23/Sep/2022:10:39:14 +0000] "GET /feastwell-backend/api/v1/menuCategory HTTP/1.1" 304 - "http://localhost:3000/" "Mozilla/5.0 (Windows NT 10.0; Win64; x64) AppleWebKit/537.36 (KHTML, like Gecko) Chrome/105.0.0.0 Safari/537.36"
::ffff:192.168.0.173 - - [23/Sep/2022:10:39:14 +0000] "GET /feastwell-backend/api/v1/menuCategory HTTP/1.1" 304 - "http://localhost:3000/" "Mozilla/5.0 (Windows NT 10.0; Win64; x64) AppleWebKit/537.36 (KHTML, like Gecko) Chrome/105.0.0.0 Safari/537.36"
::ffff:192.168.0.173 - - [23/Sep/2022:10:39:19 +0000] "GET /feastwell-backend/api/v1/menuCategory HTTP/1.1" 304 - "http://localhost:3000/" "Mozilla/5.0 (Windows NT 10.0; Win64; x64) AppleWebKit/537.36 (KHTML, like Gecko) Chrome/105.0.0.0 Safari/537.36"
::ffff:192.168.0.173 - - [23/Sep/2022:10:39:19 +0000] "GET /feastwell-backend/api/v1/menuCategory HTTP/1.1" 304 - "http://localhost:3000/" "Mozilla/5.0 (Windows NT 10.0; Win64; x64) AppleWebKit/537.36 (KHTML, like Gecko) Chrome/105.0.0.0 Safari/537.36"
::ffff:192.168.0.173 - - [23/Sep/2022:10:40:07 +0000] "GET /feastwell-backend/api/v1/menuCategory HTTP/1.1" 304 - "http://localhost:3000/" "Mozilla/5.0 (Windows NT 10.0; Win64; x64) AppleWebKit/537.36 (KHTML, like Gecko) Chrome/105.0.0.0 Safari/537.36"
::1 - - [23/Sep/2022:10:40:08 +0000] "GET /feastwell-backend/api/v1/imageDetails/byNurseId/182 HTTP/1.1" 200 226 "-" "okhttp/3.14.9"
::ffff:192.168.0.173 - - [23/Sep/2022:10:40:10 +0000] "GET /feastwell-backend/api/v1/menuCategory HTTP/1.1" 304 - "http://localhost:3000/" "Mozilla/5.0 (Windows NT 10.0; Win64; x64) AppleWebKit/537.36 (KHTML, like Gecko) Chrome/105.0.0.0 Safari/537.36"
::ffff:192.168.0.173 - - [23/Sep/2022:10:40:13 +0000] "GET /feastwell-backend/api/v1/menuCategory HTTP/1.1" 304 - "http://localhost:3000/" "Mozilla/5.0 (Windows NT 10.0; Win64; x64) AppleWebKit/537.36 (KHTML, like Gecko) Chrome/105.0.0.0 Safari/537.36"
::ffff:192.168.0.173 - - [23/Sep/2022:10:40:13 +0000] "GET /feastwell-backend/api/v1/menuCategory HTTP/1.1" 304 - "http://localhost:3000/" "Mozilla/5.0 (Windows NT 10.0; Win64; x64) AppleWebKit/537.36 (KHTML, like Gecko) Chrome/105.0.0.0 Safari/537.36"
::ffff:192.168.0.173 - - [23/Sep/2022:10:40:24 +0000] "GET /feastwell-backend/api/v1/menuCategory HTTP/1.1" 200 4646 "http://localhost:3000/" "Mozilla/5.0 (Windows NT 10.0; Win64; x64) AppleWebKit/537.36 (KHTML, like Gecko) Chrome/105.0.0.0 Safari/537.36"
::1 - - [23/Sep/2022:10:40:46 +0000] "GET /feastwell-backend/api/v1/user?userType=6 HTTP/1.1" 200 10603 "-" "okhttp/3.14.9"
::1 - - [23/Sep/2022:10:40:46 +0000] "GET /feastwell-backend/api/v1/user?userType=6 HTTP/1.1" 200 10603 "-" "okhttp/3.14.9"
::1 - - [23/Sep/2022:10:40:48 +0000] "GET /feastwell-backend/api/v1/imageDetails/byNurseId/182 HTTP/1.1" 200 226 "-" "okhttp/3.14.9"
::1 - - [23/Sep/2022:10:41:12 +0000] "GET /feastwell-backend/api/v1/user?userType=6 HTTP/1.1" 200 10603 "-" "okhttp/3.14.9"
::1 - - [23/Sep/2022:10:41:14 +0000] "GET /feastwell-backend/api/v1/user?userType=6 HTTP/1.1" 200 10603 "-" "okhttp/3.14.9"
::ffff:192.168.0.173 - - [23/Sep/2022:10:41:15 +0000] "GET /feastwell-backend/api/v1/menuCategory HTTP/1.1" 200 4646 "http://localhost:3000/" "Mozilla/5.0 (Windows NT 10.0; Win64; x64) AppleWebKit/537.36 (KHTML, like Gecko) Chrome/105.0.0.0 Safari/537.36"
::1 - - [23/Sep/2022:10:41:34 +0000] "GET /feastwell-backend/api/v1/imageDetails/byNurseId/182 HTTP/1.1" 200 226 "-" "okhttp/3.14.9"
::1 - - [23/Sep/2022:10:41:46 +0000] "GET /feastwell-backend/api/v1/user?userType=6 HTTP/1.1" 200 10603 "-" "okhttp/3.14.9"
::1 - - [23/Sep/2022:10:41:46 +0000] "GET /feastwell-backend/api/v1/user?userType=6 HTTP/1.1" 200 10603 "-" "okhttp/3.14.9"
::ffff:192.168.0.173 - - [23/Sep/2022:10:41:48 +0000] "GET /feastwell-backend/api/v1/menuCategory HTTP/1.1" 200 4646 "http://localhost:3000/" "Mozilla/5.0 (Windows NT 10.0; Win64; x64) AppleWebKit/537.36 (KHTML, like Gecko) Chrome/105.0.0.0 Safari/537.36"
::ffff:192.168.0.173 - - [23/Sep/2022:10:42:03 +0000] "GET /feastwell-backend/api/v1/menuCategory HTTP/1.1" 200 4646 "http://localhost:3000/" "Mozilla/5.0 (Windows NT 10.0; Win64; x64) AppleWebKit/537.36 (KHTML, like Gecko) Chrome/105.0.0.0 Safari/537.36"
::ffff:192.168.0.173 - - [23/Sep/2022:10:42:08 +0000] "GET /feastwell-backend/api/v1/menuCategory HTTP/1.1" 200 4646 "http://localhost:3000/" "Mozilla/5.0 (Windows NT 10.0; Win64; x64) AppleWebKit/537.36 (KHTML, like Gecko) Chrome/105.0.0.0 Safari/537.36"
::ffff:192.168.0.173 - - [23/Sep/2022:10:42:12 +0000] "GET /feastwell-backend/api/v1/menuCategory HTTP/1.1" 304 - "http://localhost:3000/" "Mozilla/5.0 (Windows NT 10.0; Win64; x64) AppleWebKit/537.36 (KHTML, like Gecko) Chrome/105.0.0.0 Safari/537.36"
::ffff:192.168.0.173 - - [23/Sep/2022:10:42:12 +0000] "GET /feastwell-backend/api/v1/menuCategory HTTP/1.1" 304 - "http://localhost:3000/" "Mozilla/5.0 (Windows NT 10.0; Win64; x64) AppleWebKit/537.36 (KHTML, like Gecko) Chrome/105.0.0.0 Safari/537.36"
::ffff:192.168.0.173 - - [23/Sep/2022:10:42:13 +0000] "GET /feastwell-backend/api/v1/menuCategory HTTP/1.1" 304 - "http://localhost:3000/" "Mozilla/5.0 (Windows NT 10.0; Win64; x64) AppleWebKit/537.36 (KHTML, like Gecko) Chrome/105.0.0.0 Safari/537.36"
::ffff:192.168.0.173 - - [23/Sep/2022:10:42:13 +0000] "GET /feastwell-backend/api/v1/menuCategory HTTP/1.1" 304 - "http://localhost:3000/" "Mozilla/5.0 (Windows NT 10.0; Win64; x64) AppleWebKit/537.36 (KHTML, like Gecko) Chrome/105.0.0.0 Safari/537.36"
::ffff:192.168.0.173 - - [23/Sep/2022:10:42:13 +0000] "GET /feastwell-backend/api/v1/menuCategory HTTP/1.1" 304 - "http://localhost:3000/" "Mozilla/5.0 (Windows NT 10.0; Win64; x64) AppleWebKit/537.36 (KHTML, like Gecko) Chrome/105.0.0.0 Safari/537.36"
::ffff:192.168.0.173 - - [23/Sep/2022:10:42:13 +0000] "GET /feastwell-backend/api/v1/menuCategory HTTP/1.1" 304 - "http://localhost:3000/" "Mozilla/5.0 (Windows NT 10.0; Win64; x64) AppleWebKit/537.36 (KHTML, like Gecko) Chrome/105.0.0.0 Safari/537.36"
::ffff:192.168.0.173 - - [23/Sep/2022:10:42:17 +0000] "GET /feastwell-backend/api/v1/menuCategory HTTP/1.1" 304 - "http://localhost:3000/" "Mozilla/5.0 (Windows NT 10.0; Win64; x64) AppleWebKit/537.36 (KHTML, like Gecko) Chrome/105.0.0.0 Safari/537.36"
::ffff:192.168.0.173 - - [23/Sep/2022:10:42:26 +0000] "GET /feastwell-backend/api/v1/menuCategory HTTP/1.1" 200 4646 "http://localhost:3000/" "Mozilla/5.0 (Windows NT 10.0; Win64; x64) AppleWebKit/537.36 (KHTML, like Gecko) Chrome/105.0.0.0 Safari/537.36"
::1 - - [23/Sep/2022:10:42:35 +0000] "GET /feastwell-backend/api/v1/user?userType=6 HTTP/1.1" 200 10603 "-" "okhttp/3.14.9"
::1 - - [23/Sep/2022:10:42:37 +0000] "GET /feastwell-backend/api/v1/imageDetails/byNurseId/182 HTTP/1.1" 200 226 "-" "okhttp/3.14.9"
::1 - - [23/Sep/2022:10:42:47 +0000] "GET /feastwell-backend/api/v1/user?userType=6 HTTP/1.1" 200 10603 "-" "okhttp/3.14.9"
::1 - - [23/Sep/2022:10:42:47 +0000] "GET /feastwell-backend/api/v1/user?userType=6 HTTP/1.1" 200 10603 "-" "okhttp/3.14.9"
::ffff:192.168.0.173 - - [23/Sep/2022:10:43:02 +0000] "GET /feastwell-backend/api/v1/menuCategory HTTP/1.1" 200 4646 "http://localhost:3000/" "Mozilla/5.0 (Windows NT 10.0; Win64; x64) AppleWebKit/537.36 (KHTML, like Gecko) Chrome/105.0.0.0 Safari/537.36"
::ffff:192.168.0.173 - - [23/Sep/2022:10:43:09 +0000] "GET /feastwell-backend/api/v1/menuCategory HTTP/1.1" 304 - "http://localhost:3000/" "Mozilla/5.0 (Windows NT 10.0; Win64; x64) AppleWebKit/537.36 (KHTML, like Gecko) Chrome/105.0.0.0 Safari/537.36"
::ffff:192.168.0.173 - - [23/Sep/2022:10:43:12 +0000] "GET /feastwell-backend/api/v1/menuCategory HTTP/1.1" 304 - "http://localhost:3000/" "Mozilla/5.0 (Windows NT 10.0; Win64; x64) AppleWebKit/537.36 (KHTML, like Gecko) Chrome/105.0.0.0 Safari/537.36"
::ffff:192.168.0.173 - - [23/Sep/2022:10:43:12 +0000] "GET /feastwell-backend/api/v1/menuCategory HTTP/1.1" 304 - "http://localhost:3000/" "Mozilla/5.0 (Windows NT 10.0; Win64; x64) AppleWebKit/537.36 (KHTML, like Gecko) Chrome/105.0.0.0 Safari/537.36"
::1 - - [23/Sep/2022:10:43:17 +0000] "GET /feastwell-backend/api/v1/user?userType=6 HTTP/1.1" 200 10603 "-" "okhttp/3.14.9"
::ffff:192.168.0.173 - - [23/Sep/2022:10:43:23 +0000] "GET /feastwell-backend/api/v1/menuCategory HTTP/1.1" 200 4646 "http://localhost:3000/" "Mozilla/5.0 (Windows NT 10.0; Win64; x64) AppleWebKit/537.36 (KHTML, like Gecko) Chrome/105.0.0.0 Safari/537.36"
::1 - - [23/Sep/2022:10:43:46 +0000] "GET /feastwell-backend/api/v1/user?userType=6 HTTP/1.1" 200 10603 "-" "okhttp/3.14.9"
::ffff:192.168.0.173 - - [23/Sep/2022:10:44:29 +0000] "GET /feastwell-backend/api/v1/menuCategory HTTP/1.1" 200 4646 "http://localhost:3000/" "Mozilla/5.0 (Windows NT 10.0; Win64; x64) AppleWebKit/537.36 (KHTML, like Gecko) Chrome/105.0.0.0 Safari/537.36"
::1 - - [23/Sep/2022:10:44:30 +0000] "GET /feastwell-backend/api/v1/user?userType=6 HTTP/1.1" 200 10603 "-" "okhttp/3.14.9"
::1 - - [23/Sep/2022:10:45:00 +0000] "GET /feastwell-backend/api/v1/user?userType=6 HTTP/1.1" 200 10603 "-" "okhttp/3.14.9"
::ffff:192.168.0.173 - - [23/Sep/2022:10:45:00 +0000] "GET /feastwell-backend/api/v1/menuCategory HTTP/1.1" 200 4646 "http://localhost:3000/" "Mozilla/5.0 (Windows NT 10.0; Win64; x64) AppleWebKit/537.36 (KHTML, like Gecko) Chrome/105.0.0.0 Safari/537.36"
::ffff:192.168.0.173 - - [23/Sep/2022:10:45:02 +0000] "GET /feastwell-backend/api/v1/menuCategory HTTP/1.1" 200 4646 "http://localhost:3000/" "Mozilla/5.0 (Windows NT 10.0; Win64; x64) AppleWebKit/537.36 (KHTML, like Gecko) Chrome/105.0.0.0 Safari/537.36"
::1 - - [23/Sep/2022:10:45:06 +0000] "GET /feastwell-backend/api/v1/imageDetails/byNurseId/182 HTTP/1.1" 200 226 "-" "okhttp/3.14.9"
::ffff:192.168.0.173 - - [23/Sep/2022:10:45:14 +0000] "GET /feastwell-backend/api/v1/menuCategory HTTP/1.1" 200 4646 "http://localhost:3000/" "Mozilla/5.0 (Windows NT 10.0; Win64; x64) AppleWebKit/537.36 (KHTML, like Gecko) Chrome/105.0.0.0 Safari/537.36"
::ffff:192.168.0.173 - - [23/Sep/2022:10:45:19 +0000] "GET /feastwell-backend/api/v1/menuCategory HTTP/1.1" 200 4646 "http://localhost:3000/" "Mozilla/5.0 (Windows NT 10.0; Win64; x64) AppleWebKit/537.36 (KHTML, like Gecko) Chrome/105.0.0.0 Safari/537.36"
::ffff:192.168.0.173 - - [23/Sep/2022:10:45:19 +0000] "GET /feastwell-backend/api/v1/menuCategory HTTP/1.1" 200 4646 "http://localhost:3000/" "Mozilla/5.0 (Windows NT 10.0; Win64; x64) AppleWebKit/537.36 (KHTML, like Gecko) Chrome/105.0.0.0 Safari/537.36"
::ffff:192.168.0.173 - - [23/Sep/2022:10:45:25 +0000] "GET /feastwell-backend/api/v1/menuCategory HTTP/1.1" 200 4646 "http://localhost:3000/" "Mozilla/5.0 (Windows NT 10.0; Win64; x64) AppleWebKit/537.36 (KHTML, like Gecko) Chrome/105.0.0.0 Safari/537.36"
::ffff:192.168.0.173 - - [23/Sep/2022:10:45:25 +0000] "GET /feastwell-backend/api/v1/menuCategory HTTP/1.1" 200 4646 "http://localhost:3000/" "Mozilla/5.0 (Windows NT 10.0; Win64; x64) AppleWebKit/537.36 (KHTML, like Gecko) Chrome/105.0.0.0 Safari/537.36"
::ffff:192.168.0.173 - - [23/Sep/2022:10:45:26 +0000] "GET /feastwell-backend/api/v1/menuCategory HTTP/1.1" 200 4646 "http://localhost:3000/" "Mozilla/5.0 (Windows NT 10.0; Win64; x64) AppleWebKit/537.36 (KHTML, like Gecko) Chrome/105.0.0.0 Safari/537.36"
::ffff:192.168.0.173 - - [23/Sep/2022:10:45:26 +0000] "GET /feastwell-backend/api/v1/menuCategory HTTP/1.1" 200 4646 "http://localhost:3000/" "Mozilla/5.0 (Windows NT 10.0; Win64; x64) AppleWebKit/537.36 (KHTML, like Gecko) Chrome/105.0.0.0 Safari/537.36"
::ffff:192.168.0.173 - - [23/Sep/2022:10:45:27 +0000] "GET /feastwell-backend/api/v1/menuCategory HTTP/1.1" 200 4646 "http://localhost:3000/" "Mozilla/5.0 (Windows NT 10.0; Win64; x64) AppleWebKit/537.36 (KHTML, like Gecko) Chrome/105.0.0.0 Safari/537.36"
::ffff:192.168.0.173 - - [23/Sep/2022:10:45:27 +0000] "GET /feastwell-backend/api/v1/menuCategory HTTP/1.1" 200 4646 "http://localhost:3000/" "Mozilla/5.0 (Windows NT 10.0; Win64; x64) AppleWebKit/537.36 (KHTML, like Gecko) Chrome/105.0.0.0 Safari/537.36"
::ffff:192.168.0.173 - - [23/Sep/2022:10:45:27 +0000] "GET /feastwell-backend/api/v1/menuCategory HTTP/1.1" 200 4646 "http://localhost:3000/" "Mozilla/5.0 (Windows NT 10.0; Win64; x64) AppleWebKit/537.36 (KHTML, like Gecko) Chrome/105.0.0.0 Safari/537.36"
::ffff:192.168.0.173 - - [23/Sep/2022:10:45:27 +0000] "GET /feastwell-backend/api/v1/menuCategory HTTP/1.1" 200 4646 "http://localhost:3000/" "Mozilla/5.0 (Windows NT 10.0; Win64; x64) AppleWebKit/537.36 (KHTML, like Gecko) Chrome/105.0.0.0 Safari/537.36"
::ffff:192.168.0.173 - - [23/Sep/2022:10:45:42 +0000] "GET /feastwell-backend/api/v1/menuCategory HTTP/1.1" 200 4646 "http://localhost:3000/" "Mozilla/5.0 (Windows NT 10.0; Win64; x64) AppleWebKit/537.36 (KHTML, like Gecko) Chrome/105.0.0.0 Safari/537.36"
::1 - - [23/Sep/2022:10:46:29 +0000] "GET /feastwell-backend/api/v1/user?userType=6 HTTP/1.1" 200 10603 "-" "okhttp/3.14.9"
::1 - - [23/Sep/2022:10:46:30 +0000] "GET /feastwell-backend/api/v1/user?userType=6 HTTP/1.1" 200 10603 "-" "okhttp/3.14.9"
::1 - - [23/Sep/2022:10:46:31 +0000] "GET /feastwell-backend/api/v1/imageDetails/byNurseId/182 HTTP/1.1" 200 226 "-" "okhttp/3.14.9"
::1 - - [23/Sep/2022:10:46:34 +0000] "GET /feastwell-backend/api/v1/imageDetails/byNurseId/182 HTTP/1.1" 200 226 "-" "okhttp/3.14.9"
::1 - - [23/Sep/2022:10:46:37 +0000] "GET /feastwell-backend/api/v1/imageDetails/byNurseId/182 HTTP/1.1" 200 226 "-" "okhttp/3.14.9"
::1 - - [23/Sep/2022:10:46:40 +0000] "GET /feastwell-backend/api/v1/imageDetails/byNurseId/182 HTTP/1.1" 200 226 "-" "okhttp/3.14.9"
::1 - - [23/Sep/2022:10:46:43 +0000] "GET /feastwell-backend/api/v1/imageDetails/byNurseId/182 HTTP/1.1" 200 226 "-" "okhttp/3.14.9"
::1 - - [23/Sep/2022:10:46:45 +0000] "GET /feastwell-backend/api/v1/imageDetails/byNurseId/182 HTTP/1.1" 200 226 "-" "okhttp/3.14.9"
::1 - - [23/Sep/2022:10:46:51 +0000] "GET /feastwell-backend/api/v1/imageDetails/byNurseId/182 HTTP/1.1" 200 226 "-" "okhttp/3.14.9"
::ffff:192.168.0.173 - - [23/Sep/2022:10:47:26 +0000] "GET /feastwell-backend/api/v1/menuCategory HTTP/1.1" 304 - "http://localhost:3000/" "Mozilla/5.0 (Windows NT 10.0; Win64; x64) AppleWebKit/537.36 (KHTML, like Gecko) Chrome/105.0.0.0 Safari/537.36"
::1 - - [23/Sep/2022:10:47:30 +0000] "GET /feastwell-backend/api/v1/imagedetails/all HTTP/1.1" 200 380 "-" "okhttp/3.14.9"
::ffff:192.168.0.173 - - [23/Sep/2022:10:47:31 +0000] "GET /feastwell-backend/api/v1/menuCategory HTTP/1.1" 304 - "http://localhost:3000/" "Mozilla/5.0 (Windows NT 10.0; Win64; x64) AppleWebKit/537.36 (KHTML, like Gecko) Chrome/105.0.0.0 Safari/537.36"
::1 - - [23/Sep/2022:10:47:32 +0000] "GET /feastwell-backend/api/v1/imageDetails/byNurseId/182 HTTP/1.1" 200 226 "-" "okhttp/3.14.9"
::ffff:192.168.0.173 - - [23/Sep/2022:10:47:33 +0000] "GET /feastwell-backend/api/v1/menuCategory HTTP/1.1" 304 - "http://localhost:3000/" "Mozilla/5.0 (Windows NT 10.0; Win64; x64) AppleWebKit/537.36 (KHTML, like Gecko) Chrome/105.0.0.0 Safari/537.36"
::ffff:192.168.0.173 - - [23/Sep/2022:10:47:33 +0000] "GET /feastwell-backend/api/v1/menuCategory HTTP/1.1" 304 - "http://localhost:3000/" "Mozilla/5.0 (Windows NT 10.0; Win64; x64) AppleWebKit/537.36 (KHTML, like Gecko) Chrome/105.0.0.0 Safari/537.36"
::ffff:192.168.0.173 - - [23/Sep/2022:10:47:35 +0000] "GET /feastwell-backend/api/v1/menuCategory HTTP/1.1" 304 - "http://localhost:3000/" "Mozilla/5.0 (Windows NT 10.0; Win64; x64) AppleWebKit/537.36 (KHTML, like Gecko) Chrome/105.0.0.0 Safari/537.36"
::ffff:192.168.0.173 - - [23/Sep/2022:10:47:35 +0000] "GET /feastwell-backend/api/v1/menuCategory HTTP/1.1" 304 - "http://localhost:3000/" "Mozilla/5.0 (Windows NT 10.0; Win64; x64) AppleWebKit/537.36 (KHTML, like Gecko) Chrome/105.0.0.0 Safari/537.36"
::ffff:192.168.0.173 - - [23/Sep/2022:10:47:38 +0000] "GET /feastwell-backend/api/v1/menuCategory HTTP/1.1" 304 - "http://localhost:3000/" "Mozilla/5.0 (Windows NT 10.0; Win64; x64) AppleWebKit/537.36 (KHTML, like Gecko) Chrome/105.0.0.0 Safari/537.36"
::ffff:192.168.0.173 - - [23/Sep/2022:10:47:38 +0000] "GET /feastwell-backend/api/v1/menuCategory HTTP/1.1" 304 - "http://localhost:3000/" "Mozilla/5.0 (Windows NT 10.0; Win64; x64) AppleWebKit/537.36 (KHTML, like Gecko) Chrome/105.0.0.0 Safari/537.36"
::ffff:192.168.0.173 - - [23/Sep/2022:10:47:40 +0000] "GET /feastwell-backend/api/v1/menuCategory HTTP/1.1" 304 - "http://localhost:3000/" "Mozilla/5.0 (Windows NT 10.0; Win64; x64) AppleWebKit/537.36 (KHTML, like Gecko) Chrome/105.0.0.0 Safari/537.36"
::ffff:192.168.0.173 - - [23/Sep/2022:10:47:40 +0000] "GET /feastwell-backend/api/v1/menuCategory HTTP/1.1" 304 - "http://localhost:3000/" "Mozilla/5.0 (Windows NT 10.0; Win64; x64) AppleWebKit/537.36 (KHTML, like Gecko) Chrome/105.0.0.0 Safari/537.36"
::1 - - [23/Sep/2022:10:47:48 +0000] "GET /feastwell-backend/api/v1/imagedetails/all HTTP/1.1" 200 380 "-" "okhttp/3.14.9"
::1 - - [23/Sep/2022:10:48:03 +0000] "GET /feastwell-backend/api/v1/imageDetails/byNurseId/182 HTTP/1.1" 200 226 "-" "okhttp/3.14.9"
::1 - - [23/Sep/2022:10:48:15 +0000] "GET /feastwell-backend/api/v1/imageDetails/byNurseId/182 HTTP/1.1" 200 226 "-" "okhttp/3.14.9"
::ffff:192.168.0.173 - - [23/Sep/2022:10:48:51 +0000] "GET /feastwell-backend/api/v1/menuCategory HTTP/1.1" 304 - "http://localhost:3000/" "Mozilla/5.0 (Windows NT 10.0; Win64; x64) AppleWebKit/537.36 (KHTML, like Gecko) Chrome/105.0.0.0 Safari/537.36"
::1 - - [23/Sep/2022:10:48:56 +0000] "GET /feastwell-backend/api/v1/imageDetails/byNurseId/182 HTTP/1.1" 200 226 "-" "okhttp/3.14.9"
::ffff:192.168.0.173 - - [23/Sep/2022:10:48:59 +0000] "GET /feastwell-backend/api/v1/menuCategory HTTP/1.1" 304 - "http://localhost:3000/" "Mozilla/5.0 (Windows NT 10.0; Win64; x64) AppleWebKit/537.36 (KHTML, like Gecko) Chrome/105.0.0.0 Safari/537.36"
::ffff:192.168.0.173 - - [23/Sep/2022:10:49:01 +0000] "GET /feastwell-backend/api/v1/menuCategory HTTP/1.1" 304 - "http://localhost:3000/" "Mozilla/5.0 (Windows NT 10.0; Win64; x64) AppleWebKit/537.36 (KHTML, like Gecko) Chrome/105.0.0.0 Safari/537.36"
::ffff:192.168.0.173 - - [23/Sep/2022:10:49:01 +0000] "GET /feastwell-backend/api/v1/menuCategory HTTP/1.1" 304 - "http://localhost:3000/" "Mozilla/5.0 (Windows NT 10.0; Win64; x64) AppleWebKit/537.36 (KHTML, like Gecko) Chrome/105.0.0.0 Safari/537.36"
::ffff:192.168.0.173 - - [23/Sep/2022:10:49:02 +0000] "GET /feastwell-backend/api/v1/menuCategory HTTP/1.1" 304 - "http://localhost:3000/" "Mozilla/5.0 (Windows NT 10.0; Win64; x64) AppleWebKit/537.36 (KHTML, like Gecko) Chrome/105.0.0.0 Safari/537.36"
::ffff:192.168.0.173 - - [23/Sep/2022:10:49:02 +0000] "GET /feastwell-backend/api/v1/menuCategory HTTP/1.1" 304 - "http://localhost:3000/" "Mozilla/5.0 (Windows NT 10.0; Win64; x64) AppleWebKit/537.36 (KHTML, like Gecko) Chrome/105.0.0.0 Safari/537.36"
::ffff:192.168.0.173 - - [23/Sep/2022:10:49:57 +0000] "GET /feastwell-backend/api/v1/menuCategory HTTP/1.1" 304 - "http://localhost:3000/" "Mozilla/5.0 (Windows NT 10.0; Win64; x64) AppleWebKit/537.36 (KHTML, like Gecko) Chrome/105.0.0.0 Safari/537.36"
::ffff:192.168.0.173 - - [23/Sep/2022:10:49:58 +0000] "GET /feastwell-backend/api/v1/menuCategory HTTP/1.1" 304 - "http://localhost:3000/" "Mozilla/5.0 (Windows NT 10.0; Win64; x64) AppleWebKit/537.36 (KHTML, like Gecko) Chrome/105.0.0.0 Safari/537.36"
::ffff:192.168.0.173 - - [23/Sep/2022:10:49:58 +0000] "GET /feastwell-backend/api/v1/menuCategory HTTP/1.1" 304 - "http://localhost:3000/" "Mozilla/5.0 (Windows NT 10.0; Win64; x64) AppleWebKit/537.36 (KHTML, like Gecko) Chrome/105.0.0.0 Safari/537.36"
::ffff:192.168.0.173 - - [23/Sep/2022:10:50:01 +0000] "GET /feastwell-backend/api/v1/menuCategory HTTP/1.1" 304 - "http://localhost:3000/" "Mozilla/5.0 (Windows NT 10.0; Win64; x64) AppleWebKit/537.36 (KHTML, like Gecko) Chrome/105.0.0.0 Safari/537.36"
::ffff:192.168.0.173 - - [23/Sep/2022:10:50:01 +0000] "GET /feastwell-backend/api/v1/menuCategory HTTP/1.1" 304 - "http://localhost:3000/" "Mozilla/5.0 (Windows NT 10.0; Win64; x64) AppleWebKit/537.36 (KHTML, like Gecko) Chrome/105.0.0.0 Safari/537.36"
::ffff:192.168.0.173 - - [23/Sep/2022:10:50:09 +0000] "GET /feastwell-backend/api/v1/menuCategory HTTP/1.1" 200 4646 "http://localhost:3000/" "Mozilla/5.0 (Windows NT 10.0; Win64; x64) AppleWebKit/537.36 (KHTML, like Gecko) Chrome/105.0.0.0 Safari/537.36"
::ffff:192.168.0.173 - - [23/Sep/2022:10:50:19 +0000] "GET /feastwell-backend/api/v1/menuCategory HTTP/1.1" 200 4646 "http://localhost:3000/" "Mozilla/5.0 (Windows NT 10.0; Win64; x64) AppleWebKit/537.36 (KHTML, like Gecko) Chrome/105.0.0.0 Safari/537.36"
::ffff:192.168.0.173 - - [23/Sep/2022:10:50:19 +0000] "GET /feastwell-backend/api/v1/menuCategory HTTP/1.1" 200 4646 "http://localhost:3000/" "Mozilla/5.0 (Windows NT 10.0; Win64; x64) AppleWebKit/537.36 (KHTML, like Gecko) Chrome/105.0.0.0 Safari/537.36"
::ffff:192.168.0.173 - - [23/Sep/2022:10:50:38 +0000] "GET /feastwell-backend/api/v1/menuCategory HTTP/1.1" 200 4646 "http://localhost:3000/" "Mozilla/5.0 (Windows NT 10.0; Win64; x64) AppleWebKit/537.36 (KHTML, like Gecko) Chrome/105.0.0.0 Safari/537.36"
::ffff:192.168.0.173 - - [23/Sep/2022:10:50:43 +0000] "GET /feastwell-backend/api/v1/menuCategory HTTP/1.1" 200 4646 "http://localhost:3000/" "Mozilla/5.0 (Windows NT 10.0; Win64; x64) AppleWebKit/537.36 (KHTML, like Gecko) Chrome/105.0.0.0 Safari/537.36"
::ffff:192.168.0.173 - - [23/Sep/2022:10:50:46 +0000] "GET /feastwell-backend/api/v1/menuCategory HTTP/1.1" 304 - "http://localhost:3000/" "Mozilla/5.0 (Windows NT 10.0; Win64; x64) AppleWebKit/537.36 (KHTML, like Gecko) Chrome/105.0.0.0 Safari/537.36"
::ffff:192.168.0.173 - - [23/Sep/2022:10:50:46 +0000] "GET /feastwell-backend/api/v1/menuCategory HTTP/1.1" 304 - "http://localhost:3000/" "Mozilla/5.0 (Windows NT 10.0; Win64; x64) AppleWebKit/537.36 (KHTML, like Gecko) Chrome/105.0.0.0 Safari/537.36"
::ffff:192.168.0.173 - - [23/Sep/2022:10:50:48 +0000] "GET /feastwell-backend/api/v1/menuCategory HTTP/1.1" 304 - "http://localhost:3000/" "Mozilla/5.0 (Windows NT 10.0; Win64; x64) AppleWebKit/537.36 (KHTML, like Gecko) Chrome/105.0.0.0 Safari/537.36"
::ffff:192.168.0.173 - - [23/Sep/2022:10:50:48 +0000] "GET /feastwell-backend/api/v1/menuCategory HTTP/1.1" 304 - "http://localhost:3000/" "Mozilla/5.0 (Windows NT 10.0; Win64; x64) AppleWebKit/537.36 (KHTML, like Gecko) Chrome/105.0.0.0 Safari/537.36"
::ffff:192.168.0.173 - - [23/Sep/2022:10:50:51 +0000] "GET /feastwell-backend/api/v1/menuCategory HTTP/1.1" 304 - "http://localhost:3000/" "Mozilla/5.0 (Windows NT 10.0; Win64; x64) AppleWebKit/537.36 (KHTML, like Gecko) Chrome/105.0.0.0 Safari/537.36"
::ffff:192.168.0.173 - - [23/Sep/2022:10:50:51 +0000] "GET /feastwell-backend/api/v1/menuCategory HTTP/1.1" 304 - "http://localhost:3000/" "Mozilla/5.0 (Windows NT 10.0; Win64; x64) AppleWebKit/537.36 (KHTML, like Gecko) Chrome/105.0.0.0 Safari/537.36"
::ffff:192.168.0.173 - - [23/Sep/2022:10:50:52 +0000] "GET /feastwell-backend/api/v1/menuCategory HTTP/1.1" 304 - "http://localhost:3000/" "Mozilla/5.0 (Windows NT 10.0; Win64; x64) AppleWebKit/537.36 (KHTML, like Gecko) Chrome/105.0.0.0 Safari/537.36"
::ffff:192.168.0.173 - - [23/Sep/2022:10:50:52 +0000] "GET /feastwell-backend/api/v1/menuCategory HTTP/1.1" 304 - "http://localhost:3000/" "Mozilla/5.0 (Windows NT 10.0; Win64; x64) AppleWebKit/537.36 (KHTML, like Gecko) Chrome/105.0.0.0 Safari/537.36"
::ffff:192.168.0.173 - - [23/Sep/2022:10:51:14 +0000] "GET /feastwell-backend/api/v1/menuCategory HTTP/1.1" 304 - "http://localhost:3000/" "Mozilla/5.0 (Windows NT 10.0; Win64; x64) AppleWebKit/537.36 (KHTML, like Gecko) Chrome/105.0.0.0 Safari/537.36"
::ffff:192.168.0.173 - - [23/Sep/2022:10:51:18 +0000] "GET /feastwell-backend/api/v1/menuCategory HTTP/1.1" 304 - "http://localhost:3000/" "Mozilla/5.0 (Windows NT 10.0; Win64; x64) AppleWebKit/537.36 (KHTML, like Gecko) Chrome/105.0.0.0 Safari/537.36"
::ffff:192.168.0.173 - - [23/Sep/2022:10:51:19 +0000] "GET /feastwell-backend/api/v1/menuCategory HTTP/1.1" 304 - "http://localhost:3000/" "Mozilla/5.0 (Windows NT 10.0; Win64; x64) AppleWebKit/537.36 (KHTML, like Gecko) Chrome/105.0.0.0 Safari/537.36"
::ffff:192.168.0.173 - - [23/Sep/2022:10:51:19 +0000] "GET /feastwell-backend/api/v1/menuCategory HTTP/1.1" 304 - "http://localhost:3000/" "Mozilla/5.0 (Windows NT 10.0; Win64; x64) AppleWebKit/537.36 (KHTML, like Gecko) Chrome/105.0.0.0 Safari/537.36"
::ffff:192.168.0.173 - - [23/Sep/2022:10:51:28 +0000] "GET /feastwell-backend/api/v1/menuCategory HTTP/1.1" 304 - "http://localhost:3000/" "Mozilla/5.0 (Windows NT 10.0; Win64; x64) AppleWebKit/537.36 (KHTML, like Gecko) Chrome/105.0.0.0 Safari/537.36"
::ffff:192.168.0.173 - - [23/Sep/2022:10:51:30 +0000] "GET /feastwell-backend/api/v1/menuCategory HTTP/1.1" 304 - "http://localhost:3000/" "Mozilla/5.0 (Windows NT 10.0; Win64; x64) AppleWebKit/537.36 (KHTML, like Gecko) Chrome/105.0.0.0 Safari/537.36"
::ffff:192.168.0.173 - - [23/Sep/2022:10:51:31 +0000] "GET /feastwell-backend/api/v1/menuCategory HTTP/1.1" 304 - "http://localhost:3000/" "Mozilla/5.0 (Windows NT 10.0; Win64; x64) AppleWebKit/537.36 (KHTML, like Gecko) Chrome/105.0.0.0 Safari/537.36"
::ffff:192.168.0.173 - - [23/Sep/2022:10:51:32 +0000] "GET /feastwell-backend/api/v1/menuCategory HTTP/1.1" 304 - "http://localhost:3000/" "Mozilla/5.0 (Windows NT 10.0; Win64; x64) AppleWebKit/537.36 (KHTML, like Gecko) Chrome/105.0.0.0 Safari/537.36"
::ffff:192.168.0.173 - - [23/Sep/2022:10:51:48 +0000] "GET /feastwell-backend/api/v1/menuCategory HTTP/1.1" 304 - "http://localhost:3000/" "Mozilla/5.0 (Windows NT 10.0; Win64; x64) AppleWebKit/537.36 (KHTML, like Gecko) Chrome/105.0.0.0 Safari/537.36"
::ffff:192.168.0.173 - - [23/Sep/2022:10:51:51 +0000] "GET /feastwell-backend/api/v1/menuCategory HTTP/1.1" 304 - "http://localhost:3000/" "Mozilla/5.0 (Windows NT 10.0; Win64; x64) AppleWebKit/537.36 (KHTML, like Gecko) Chrome/105.0.0.0 Safari/537.36"
::ffff:192.168.0.173 - - [23/Sep/2022:10:52:03 +0000] "GET /feastwell-backend/api/v1/menuCategory HTTP/1.1" 304 - "http://localhost:3000/" "Mozilla/5.0 (Windows NT 10.0; Win64; x64) AppleWebKit/537.36 (KHTML, like Gecko) Chrome/105.0.0.0 Safari/537.36"
::ffff:192.168.0.173 - - [23/Sep/2022:10:59:24 +0000] "GET /feastwell-backend/api/v1/menuCategory HTTP/1.1" 304 - "http://localhost:3000/" "Mozilla/5.0 (Windows NT 10.0; Win64; x64) AppleWebKit/537.36 (KHTML, like Gecko) Chrome/105.0.0.0 Safari/537.36"
::ffff:192.168.0.173 - - [23/Sep/2022:10:59:36 +0000] "GET /feastwell-backend/api/v1/menuCategory HTTP/1.1" 304 - "http://localhost:3000/" "Mozilla/5.0 (Windows NT 10.0; Win64; x64) AppleWebKit/537.36 (KHTML, like Gecko) Chrome/105.0.0.0 Safari/537.36"
::ffff:192.168.0.173 - - [23/Sep/2022:10:59:38 +0000] "GET /feastwell-backend/api/v1/menuCategory HTTP/1.1" 304 - "http://localhost:3000/" "Mozilla/5.0 (Windows NT 10.0; Win64; x64) AppleWebKit/537.36 (KHTML, like Gecko) Chrome/105.0.0.0 Safari/537.36"
::ffff:192.168.0.173 - - [23/Sep/2022:10:59:39 +0000] "GET /feastwell-backend/api/v1/menuCategory HTTP/1.1" 304 - "http://localhost:3000/" "Mozilla/5.0 (Windows NT 10.0; Win64; x64) AppleWebKit/537.36 (KHTML, like Gecko) Chrome/105.0.0.0 Safari/537.36"
::ffff:192.168.0.173 - - [23/Sep/2022:10:59:40 +0000] "GET /feastwell-backend/api/v1/menuCategory HTTP/1.1" 304 - "http://localhost:3000/" "Mozilla/5.0 (Windows NT 10.0; Win64; x64) AppleWebKit/537.36 (KHTML, like Gecko) Chrome/105.0.0.0 Safari/537.36"
::ffff:192.168.0.173 - - [23/Sep/2022:10:59:42 +0000] "GET /feastwell-backend/api/v1/menuCategory HTTP/1.1" 304 - "http://localhost:3000/" "Mozilla/5.0 (Windows NT 10.0; Win64; x64) AppleWebKit/537.36 (KHTML, like Gecko) Chrome/105.0.0.0 Safari/537.36"
::ffff:192.168.0.173 - - [23/Sep/2022:10:59:42 +0000] "GET /feastwell-backend/api/v1/menuCategory HTTP/1.1" 304 - "http://localhost:3000/" "Mozilla/5.0 (Windows NT 10.0; Win64; x64) AppleWebKit/537.36 (KHTML, like Gecko) Chrome/105.0.0.0 Safari/537.36"
::ffff:192.168.0.173 - - [23/Sep/2022:10:59:44 +0000] "GET /feastwell-backend/api/v1/menuCategory HTTP/1.1" 304 - "http://localhost:3000/" "Mozilla/5.0 (Windows NT 10.0; Win64; x64) AppleWebKit/537.36 (KHTML, like Gecko) Chrome/105.0.0.0 Safari/537.36"
::ffff:192.168.0.173 - - [23/Sep/2022:10:59:44 +0000] "GET /feastwell-backend/api/v1/menuCategory HTTP/1.1" 304 - "http://localhost:3000/" "Mozilla/5.0 (Windows NT 10.0; Win64; x64) AppleWebKit/537.36 (KHTML, like Gecko) Chrome/105.0.0.0 Safari/537.36"
::ffff:192.168.0.173 - - [23/Sep/2022:11:00:13 +0000] "GET /feastwell-backend/api/v1/menuCategory HTTP/1.1" 304 - "http://localhost:3000/" "Mozilla/5.0 (Windows NT 10.0; Win64; x64) AppleWebKit/537.36 (KHTML, like Gecko) Chrome/105.0.0.0 Safari/537.36"
::ffff:192.168.0.173 - - [23/Sep/2022:11:00:23 +0000] "GET /feastwell-backend/api/v1/menuCategory HTTP/1.1" 304 - "http://localhost:3000/" "Mozilla/5.0 (Windows NT 10.0; Win64; x64) AppleWebKit/537.36 (KHTML, like Gecko) Chrome/105.0.0.0 Safari/537.36"
::ffff:192.168.0.173 - - [23/Sep/2022:11:00:25 +0000] "GET /feastwell-backend/api/v1/menuCategory HTTP/1.1" 304 - "http://localhost:3000/" "Mozilla/5.0 (Windows NT 10.0; Win64; x64) AppleWebKit/537.36 (KHTML, like Gecko) Chrome/105.0.0.0 Safari/537.36"
::ffff:192.168.0.173 - - [23/Sep/2022:11:00:25 +0000] "GET /feastwell-backend/api/v1/menuCategory HTTP/1.1" 304 - "http://localhost:3000/" "Mozilla/5.0 (Windows NT 10.0; Win64; x64) AppleWebKit/537.36 (KHTML, like Gecko) Chrome/105.0.0.0 Safari/537.36"
::ffff:192.168.0.173 - - [23/Sep/2022:11:00:29 +0000] "GET /feastwell-backend/api/v1/menuCategory HTTP/1.1" 304 - "http://localhost:3000/" "Mozilla/5.0 (Windows NT 10.0; Win64; x64) AppleWebKit/537.36 (KHTML, like Gecko) Chrome/105.0.0.0 Safari/537.36"
::ffff:192.168.0.173 - - [23/Sep/2022:11:00:29 +0000] "GET /feastwell-backend/api/v1/menuCategory HTTP/1.1" 304 - "http://localhost:3000/" "Mozilla/5.0 (Windows NT 10.0; Win64; x64) AppleWebKit/537.36 (KHTML, like Gecko) Chrome/105.0.0.0 Safari/537.36"
::ffff:192.168.0.173 - - [23/Sep/2022:11:00:47 +0000] "GET /feastwell-backend/api/v1/menuCategory HTTP/1.1" 304 - "http://localhost:3000/" "Mozilla/5.0 (Windows NT 10.0; Win64; x64) AppleWebKit/537.36 (KHTML, like Gecko) Chrome/105.0.0.0 Safari/537.36"
::1 - - [23/Sep/2022:11:08:33 +0000] "POST /feastwell-backend/api/v1/auth/login HTTP/1.1" 200 1254 "-" "PostmanRuntime/7.29.2"
::ffff:192.168.0.173 - - [23/Sep/2022:11:40:22 +0000] "GET /feastwell-backend/api/v1/menuCategory HTTP/1.1" 200 4646 "http://localhost:3000/" "Mozilla/5.0 (Windows NT 10.0; Win64; x64) AppleWebKit/537.36 (KHTML, like Gecko) Chrome/105.0.0.0 Safari/537.36"
::ffff:192.168.0.173 - - [23/Sep/2022:11:40:26 +0000] "GET /feastwell-backend/api/v1/menuCategory HTTP/1.1" 304 - "http://localhost:3000/" "Mozilla/5.0 (Windows NT 10.0; Win64; x64) AppleWebKit/537.36 (KHTML, like Gecko) Chrome/105.0.0.0 Safari/537.36"
::ffff:192.168.0.173 - - [23/Sep/2022:11:40:29 +0000] "GET /feastwell-backend/api/v1/menuCategory HTTP/1.1" 304 - "http://localhost:3000/" "Mozilla/5.0 (Windows NT 10.0; Win64; x64) AppleWebKit/537.36 (KHTML, like Gecko) Chrome/105.0.0.0 Safari/537.36"
::ffff:192.168.0.173 - - [23/Sep/2022:11:40:31 +0000] "GET /feastwell-backend/api/v1/menuCategory HTTP/1.1" 304 - "http://localhost:3000/" "Mozilla/5.0 (Windows NT 10.0; Win64; x64) AppleWebKit/537.36 (KHTML, like Gecko) Chrome/105.0.0.0 Safari/537.36"
::ffff:192.168.0.173 - - [23/Sep/2022:11:41:42 +0000] "POST /feastwell-backend/api/v1/auth/login HTTP/1.1" 200 1253 "http://localhost:3000/" "Mozilla/5.0 (Windows NT 10.0; Win64; x64) AppleWebKit/537.36 (KHTML, like Gecko) Chrome/105.0.0.0 Safari/537.36"
::ffff:192.168.0.173 - - [23/Sep/2022:11:41:42 +0000] "GET /feastwell-backend/api/v1/user/182 HTTP/1.1" 201 450 "http://localhost:3000/" "Mozilla/5.0 (Windows NT 10.0; Win64; x64) AppleWebKit/537.36 (KHTML, like Gecko) Chrome/105.0.0.0 Safari/537.36"
::ffff:192.168.0.173 - - [23/Sep/2022:11:41:42 +0000] "POST /feastwell-backend/api/v1/userActivityLog HTTP/1.1" 200 79 "http://localhost:3000/" "Mozilla/5.0 (Windows NT 10.0; Win64; x64) AppleWebKit/537.36 (KHTML, like Gecko) Chrome/105.0.0.0 Safari/537.36"
::ffff:192.168.0.173 - - [23/Sep/2022:11:41:42 +0000] "PUT /feastwell-backend/api/v1/user/loginDetails/182 HTTP/1.1" 401 49 "http://localhost:3000/" "Mozilla/5.0 (Windows NT 10.0; Win64; x64) AppleWebKit/537.36 (KHTML, like Gecko) Chrome/105.0.0.0 Safari/537.36"
::ffff:192.168.0.173 - - [23/Sep/2022:11:41:43 +0000] "GET /feastwell-backend/api/v1/menuCategory HTTP/1.1" 304 - "http://localhost:3000/" "Mozilla/5.0 (Windows NT 10.0; Win64; x64) AppleWebKit/537.36 (KHTML, like Gecko) Chrome/105.0.0.0 Safari/537.36"
::ffff:192.168.0.173 - - [23/Sep/2022:11:41:43 +0000] "GET /feastwell-backend/api/v1/menuCategory HTTP/1.1" 304 - "http://localhost:3000/" "Mozilla/5.0 (Windows NT 10.0; Win64; x64) AppleWebKit/537.36 (KHTML, like Gecko) Chrome/105.0.0.0 Safari/537.36"
::ffff:192.168.0.173 - - [23/Sep/2022:11:48:50 +0000] "GET /feastwell-backend/api/v1/menuCategory HTTP/1.1" 200 4646 "http://localhost:3000/" "Mozilla/5.0 (Windows NT 10.0; Win64; x64) AppleWebKit/537.36 (KHTML, like Gecko) Chrome/105.0.0.0 Safari/537.36"
::ffff:192.168.0.173 - - [23/Sep/2022:11:49:06 +0000] "POST /feastwell-backend/api/v1/auth/login HTTP/1.1" 200 1253 "http://localhost:3000/" "Mozilla/5.0 (Windows NT 10.0; Win64; x64) AppleWebKit/537.36 (KHTML, like Gecko) Chrome/105.0.0.0 Safari/537.36"
::ffff:192.168.0.173 - - [23/Sep/2022:11:49:06 +0000] "GET /feastwell-backend/api/v1/user/182 HTTP/1.1" 201 450 "http://localhost:3000/" "Mozilla/5.0 (Windows NT 10.0; Win64; x64) AppleWebKit/537.36 (KHTML, like Gecko) Chrome/105.0.0.0 Safari/537.36"
::ffff:192.168.0.173 - - [23/Sep/2022:11:49:06 +0000] "POST /feastwell-backend/api/v1/userActivityLog HTTP/1.1" 200 79 "http://localhost:3000/" "Mozilla/5.0 (Windows NT 10.0; Win64; x64) AppleWebKit/537.36 (KHTML, like Gecko) Chrome/105.0.0.0 Safari/537.36"
::ffff:192.168.0.173 - - [23/Sep/2022:11:49:06 +0000] "PUT /feastwell-backend/api/v1/user/loginDetails/182 HTTP/1.1" 401 49 "http://localhost:3000/" "Mozilla/5.0 (Windows NT 10.0; Win64; x64) AppleWebKit/537.36 (KHTML, like Gecko) Chrome/105.0.0.0 Safari/537.36"
::ffff:192.168.0.173 - - [23/Sep/2022:11:49:06 +0000] "GET /feastwell-backend/api/v1/menuCategory HTTP/1.1" 304 - "http://localhost:3000/" "Mozilla/5.0 (Windows NT 10.0; Win64; x64) AppleWebKit/537.36 (KHTML, like Gecko) Chrome/105.0.0.0 Safari/537.36"
::ffff:192.168.0.173 - - [23/Sep/2022:11:49:06 +0000] "GET /feastwell-backend/api/v1/menuCategory HTTP/1.1" 304 - "http://localhost:3000/" "Mozilla/5.0 (Windows NT 10.0; Win64; x64) AppleWebKit/537.36 (KHTML, like Gecko) Chrome/105.0.0.0 Safari/537.36"
::ffff:192.168.0.173 - - [23/Sep/2022:11:51:43 +0000] "POST /feastwell-backend/api/v1/auth/login HTTP/1.1" 404 43 "-" "PostmanRuntime/7.29.2"
::ffff:192.168.0.173 - - [23/Sep/2022:11:51:53 +0000] "POST /feastwell-backend/api/v1/auth/login HTTP/1.1" 200 1253 "-" "PostmanRuntime/7.29.2"
::ffff:192.168.0.173 - - [23/Sep/2022:12:52:22 +0000] "GET /feastwell-backend/api/v1/menuCategory HTTP/1.1" 304 - "http://localhost:3000/" "Mozilla/5.0 (Windows NT 10.0; Win64; x64) AppleWebKit/537.36 (KHTML, like Gecko) Chrome/105.0.0.0 Safari/537.36"
::ffff:192.168.0.173 - - [23/Sep/2022:12:55:41 +0000] "GET /feastwell-backend/api/v1/menuCategory HTTP/1.1" 304 - "http://localhost:3000/" "Mozilla/5.0 (Windows NT 10.0; Win64; x64) AppleWebKit/537.36 (KHTML, like Gecko) Chrome/105.0.0.0 Safari/537.36"
::ffff:192.168.0.173 - - [23/Sep/2022:12:55:46 +0000] "GET /feastwell-backend/api/v1/menuCategory HTTP/1.1" 304 - "http://localhost:3000/" "Mozilla/5.0 (Windows NT 10.0; Win64; x64) AppleWebKit/537.36 (KHTML, like Gecko) Chrome/105.0.0.0 Safari/537.36"
::ffff:192.168.0.173 - - [23/Sep/2022:12:55:48 +0000] "GET /feastwell-backend/api/v1/menuCategory HTTP/1.1" 304 - "http://localhost:3000/" "Mozilla/5.0 (Windows NT 10.0; Win64; x64) AppleWebKit/537.36 (KHTML, like Gecko) Chrome/105.0.0.0 Safari/537.36"
::ffff:192.168.0.173 - - [23/Sep/2022:13:15:04 +0000] "GET /feastwell-backend/api/v1/menuCategory HTTP/1.1" 304 - "http://localhost:3000/" "Mozilla/5.0 (Windows NT 10.0; Win64; x64) AppleWebKit/537.36 (KHTML, like Gecko) Chrome/105.0.0.0 Safari/537.36"
::ffff:192.168.0.173 - - [23/Sep/2022:13:15:05 +0000] "GET /feastwell-backend/api/v1/menuCategory HTTP/1.1" 304 - "http://localhost:3000/" "Mozilla/5.0 (Windows NT 10.0; Win64; x64) AppleWebKit/537.36 (KHTML, like Gecko) Chrome/105.0.0.0 Safari/537.36"
::ffff:192.168.0.173 - - [23/Sep/2022:13:15:07 +0000] "GET /feastwell-backend/api/v1/menuCategory HTTP/1.1" 304 - "http://localhost:3000/" "Mozilla/5.0 (Windows NT 10.0; Win64; x64) AppleWebKit/537.36 (KHTML, like Gecko) Chrome/105.0.0.0 Safari/537.36"
::ffff:192.168.0.173 - - [23/Sep/2022:13:17:00 +0000] "GET /feastwell-backend/api/v1/menuCategory HTTP/1.1" 304 - "http://localhost:3000/" "Mozilla/5.0 (Windows NT 10.0; Win64; x64) AppleWebKit/537.36 (KHTML, like Gecko) Chrome/105.0.0.0 Safari/537.36"
::ffff:192.168.0.173 - - [23/Sep/2022:13:19:41 +0000] "GET /feastwell-backend/api/v1/menuCategory HTTP/1.1" 304 - "http://localhost:3000/" "Mozilla/5.0 (Windows NT 10.0; Win64; x64) AppleWebKit/537.36 (KHTML, like Gecko) Chrome/105.0.0.0 Safari/537.36"
::ffff:192.168.0.173 - - [23/Sep/2022:13:21:13 +0000] "GET /feastwell-backend/api/v1/menuCategory HTTP/1.1" 304 - "http://localhost:3000/" "Mozilla/5.0 (Windows NT 10.0; Win64; x64) AppleWebKit/537.36 (KHTML, like Gecko) Chrome/105.0.0.0 Safari/537.36"
::ffff:192.168.0.173 - - [23/Sep/2022:13:21:24 +0000] "GET /feastwell-backend/api/v1/menuCategory HTTP/1.1" 304 - "http://localhost:3000/" "Mozilla/5.0 (Windows NT 10.0; Win64; x64) AppleWebKit/537.36 (KHTML, like Gecko) Chrome/105.0.0.0 Safari/537.36"
::ffff:192.168.0.173 - - [23/Sep/2022:13:21:26 +0000] "GET /feastwell-backend/api/v1/menuCategory HTTP/1.1" 304 - "http://localhost:3000/" "Mozilla/5.0 (Windows NT 10.0; Win64; x64) AppleWebKit/537.36 (KHTML, like Gecko) Chrome/105.0.0.0 Safari/537.36"
::ffff:192.168.0.173 - - [23/Sep/2022:13:23:29 +0000] "GET /feastwell-backend/api/v1/menuCategory HTTP/1.1" 304 - "http://localhost:3000/" "Mozilla/5.0 (Windows NT 10.0; Win64; x64) AppleWebKit/537.36 (KHTML, like Gecko) Chrome/105.0.0.0 Safari/537.36"
::ffff:192.168.0.173 - - [23/Sep/2022:13:24:26 +0000] "GET /feastwell-backend/api/v1/menuCategory HTTP/1.1" 304 - "http://localhost:3000/" "Mozilla/5.0 (Windows NT 10.0; Win64; x64) AppleWebKit/537.36 (KHTML, like Gecko) Chrome/105.0.0.0 Safari/537.36"
::ffff:192.168.0.173 - - [23/Sep/2022:13:29:50 +0000] "GET /feastwell-backend/api/v1/menuCategory HTTP/1.1" 304 - "http://localhost:3000/" "Mozilla/5.0 (Windows NT 10.0; Win64; x64) AppleWebKit/537.36 (KHTML, like Gecko) Chrome/105.0.0.0 Safari/537.36"
::1 - - [23/Sep/2022:13:31:05 +0000] "POST /feastwell-backend/api/v1/auth/login HTTP/1.1" 500 59 "-" "PostmanRuntime/7.29.2"
::1 - - [23/Sep/2022:13:31:52 +0000] "POST /feastwell-backend/api/v1/auth/login HTTP/1.1" 500 59 "-" "PostmanRuntime/7.29.2"
::ffff:192.168.0.173 - - [23/Sep/2022:13:32:31 +0000] "GET /feastwell-backend/api/v1/menuCategory HTTP/1.1" 401 49 "http://localhost:3000/" "Mozilla/5.0 (Windows NT 10.0; Win64; x64) AppleWebKit/537.36 (KHTML, like Gecko) Chrome/105.0.0.0 Safari/537.36"
::1 - - [23/Sep/2022:13:32:49 +0000] "POST /feastwell-backend/api/v1/auth/login HTTP/1.1" 500 59 "-" "PostmanRuntime/7.29.2"
::ffff:192.168.0.173 - - [23/Sep/2022:13:44:05 +0000] "POST /feastwell-backend/api/v1/auth/login HTTP/1.1" 500 59 "-" "PostmanRuntime/7.29.2"
::ffff:192.168.0.173 - - [23/Sep/2022:13:44:14 +0000] "GET /feastwell-backend/api/v1/menuCategory HTTP/1.1" 304 - "http://localhost:3000/" "Mozilla/5.0 (Windows NT 10.0; Win64; x64) AppleWebKit/537.36 (KHTML, like Gecko) Chrome/105.0.0.0 Safari/537.36"
::ffff:192.168.0.173 - - [23/Sep/2022:13:44:16 +0000] "GET /feastwell-backend/api/v1/menuCategory HTTP/1.1" 304 - "http://localhost:3000/" "Mozilla/5.0 (Windows NT 10.0; Win64; x64) AppleWebKit/537.36 (KHTML, like Gecko) Chrome/105.0.0.0 Safari/537.36"
::ffff:192.168.0.173 - - [23/Sep/2022:13:44:21 +0000] "GET /feastwell-backend/api/v1/menuCategory HTTP/1.1" 304 - "http://localhost:3000/" "Mozilla/5.0 (Windows NT 10.0; Win64; x64) AppleWebKit/537.36 (KHTML, like Gecko) Chrome/105.0.0.0 Safari/537.36"
::ffff:192.168.0.173 - - [23/Sep/2022:13:44:27 +0000] "GET /feastwell-backend/api/v1/menuCategory HTTP/1.1" 304 - "http://localhost:3000/" "Mozilla/5.0 (Windows NT 10.0; Win64; x64) AppleWebKit/537.36 (KHTML, like Gecko) Chrome/105.0.0.0 Safari/537.36"
::ffff:192.168.0.173 - - [23/Sep/2022:13:44:27 +0000] "GET /feastwell-backend/api/v1/user?userType=6 HTTP/1.1" 304 - "http://localhost:3000/" "Mozilla/5.0 (Windows NT 10.0; Win64; x64) AppleWebKit/537.36 (KHTML, like Gecko) Chrome/105.0.0.0 Safari/537.36"
::ffff:192.168.0.173 - - [23/Sep/2022:13:45:29 +0000] "GET /feastwell-backend/api/v1/menuCategory HTTP/1.1" 304 - "http://localhost:3000/" "Mozilla/5.0 (Windows NT 10.0; Win64; x64) AppleWebKit/537.36 (KHTML, like Gecko) Chrome/105.0.0.0 Safari/537.36"
::ffff:192.168.0.173 - - [23/Sep/2022:13:45:29 +0000] "GET /feastwell-backend/api/v1/user?userType=6 HTTP/1.1" 304 - "http://localhost:3000/" "Mozilla/5.0 (Windows NT 10.0; Win64; x64) AppleWebKit/537.36 (KHTML, like Gecko) Chrome/105.0.0.0 Safari/537.36"
::ffff:192.168.0.173 - - [23/Sep/2022:13:48:02 +0000] "POST /feastwell-backend/api/v1/auth/login HTTP/1.1" 500 59 "-" "PostmanRuntime/7.29.2"
::ffff:192.168.0.173 - - [23/Sep/2022:13:48:13 +0000] "POST /feastwell-backend/api/v1/auth/login HTTP/1.1" 500 59 "-" "PostmanRuntime/7.29.2"
::ffff:192.168.0.173 - - [23/Sep/2022:13:48:39 +0000] "POST /feastwell-backend/api/v1/auth/login HTTP/1.1" 200 1253 "-" "PostmanRuntime/7.29.2"
::ffff:192.168.0.173 - - [23/Sep/2022:13:52:26 +0000] "GET /feastwell-backend/api/v1/menuCategory HTTP/1.1" 304 - "http://localhost:3000/" "Mozilla/5.0 (Windows NT 10.0; Win64; x64) AppleWebKit/537.36 (KHTML, like Gecko) Chrome/105.0.0.0 Safari/537.36"
::ffff:192.168.0.173 - - [23/Sep/2022:13:52:31 +0000] "GET /feastwell-backend/api/v1/user?userType=6 HTTP/1.1" 304 - "http://localhost:3000/" "Mozilla/5.0 (Windows NT 10.0; Win64; x64) AppleWebKit/537.36 (KHTML, like Gecko) Chrome/105.0.0.0 Safari/537.36"
::ffff:192.168.0.173 - - [23/Sep/2022:13:53:21 +0000] "POST /feastwell-backend/api/v1/auth/login HTTP/1.1" 200 1253 "http://localhost:3000/" "Mozilla/5.0 (Windows NT 10.0; Win64; x64) AppleWebKit/537.36 (KHTML, like Gecko) Chrome/105.0.0.0 Safari/537.36"
::ffff:192.168.0.173 - - [23/Sep/2022:13:53:21 +0000] "GET /feastwell-backend/api/v1/user/182 HTTP/1.1" 201 450 "http://localhost:3000/" "Mozilla/5.0 (Windows NT 10.0; Win64; x64) AppleWebKit/537.36 (KHTML, like Gecko) Chrome/105.0.0.0 Safari/537.36"
::ffff:192.168.0.173 - - [23/Sep/2022:13:53:21 +0000] "POST /feastwell-backend/api/v1/userActivityLog HTTP/1.1" 200 79 "http://localhost:3000/" "Mozilla/5.0 (Windows NT 10.0; Win64; x64) AppleWebKit/537.36 (KHTML, like Gecko) Chrome/105.0.0.0 Safari/537.36"
::ffff:192.168.0.173 - - [23/Sep/2022:13:53:21 +0000] "PUT /feastwell-backend/api/v1/user/loginDetails/182 HTTP/1.1" 401 49 "http://localhost:3000/" "Mozilla/5.0 (Windows NT 10.0; Win64; x64) AppleWebKit/537.36 (KHTML, like Gecko) Chrome/105.0.0.0 Safari/537.36"
::1 - - [23/Sep/2022:13:55:41 +0000] "POST /feastwell-backend/api/v1/auth/login HTTP/1.1" 200 1254 "-" "PostmanRuntime/7.29.2"
::ffff:192.168.0.173 - - [23/Sep/2022:13:56:07 +0000] "POST /feastwell-backend/api/v1/auth/login HTTP/1.1" 200 1253 "http://localhost:3000/" "Mozilla/5.0 (Windows NT 10.0; Win64; x64) AppleWebKit/537.36 (KHTML, like Gecko) Chrome/105.0.0.0 Safari/537.36"
::ffff:192.168.0.173 - - [23/Sep/2022:13:56:07 +0000] "GET /feastwell-backend/api/v1/user/182 HTTP/1.1" 201 450 "http://localhost:3000/" "Mozilla/5.0 (Windows NT 10.0; Win64; x64) AppleWebKit/537.36 (KHTML, like Gecko) Chrome/105.0.0.0 Safari/537.36"
