::1 - - [06/Oct/2022:21:28:25 +0000] "GET /feastwell-backend/api/v1/imageDetails HTTP/1.1" 404 51 "-" "python-requests/2.28.1"
::1 - - [06/Oct/2022:21:28:26 +0000] "GET /feastwell-backend/api/v1/imageDetails HTTP/1.1" 404 51 "-" "python-requests/2.28.1"
::1 - - [06/Oct/2022:21:28:27 +0000] "GET /feastwell-backend/api/v1/imageDetails HTTP/1.1" 404 51 "-" "python-requests/2.28.1"
::1 - - [06/Oct/2022:21:28:28 +0000] "GET /feastwell-backend/api/v1/imageDetails HTTP/1.1" 404 51 "-" "python-requests/2.28.1"
::1 - - [06/Oct/2022:21:28:29 +0000] "GET /feastwell-backend/api/v1/imageDetails HTTP/1.1" 404 51 "-" "python-requests/2.28.1"
::1 - - [06/Oct/2022:21:28:30 +0000] "GET /feastwell-backend/api/v1/imageDetails HTTP/1.1" 404 51 "-" "python-requests/2.28.1"
::1 - - [06/Oct/2022:21:28:31 +0000] "GET /feastwell-backend/api/v1/imageDetails HTTP/1.1" 404 51 "-" "python-requests/2.28.1"
::1 - - [06/Oct/2022:21:28:33 +0000] "GET /feastwell-backend/api/v1/imageDetails HTTP/1.1" 404 51 "-" "python-requests/2.28.1"
::1 - - [06/Oct/2022:21:28:34 +0000] "GET /feastwell-backend/api/v1/imageDetails HTTP/1.1" 404 51 "-" "python-requests/2.28.1"
::1 - - [06/Oct/2022:21:28:35 +0000] "GET /feastwell-backend/api/v1/imageDetails HTTP/1.1" 404 51 "-" "python-requests/2.28.1"
::1 - - [06/Oct/2022:21:28:36 +0000] "GET /feastwell-backend/api/v1/imageDetails HTTP/1.1" 404 51 "-" "python-requests/2.28.1"
::1 - - [06/Oct/2022:21:28:37 +0000] "GET /feastwell-backend/api/v1/imageDetails HTTP/1.1" 404 51 "-" "python-requests/2.28.1"
::1 - - [06/Oct/2022:21:28:38 +0000] "GET /feastwell-backend/api/v1/imageDetails HTTP/1.1" 404 51 "-" "python-requests/2.28.1"
::1 - - [06/Oct/2022:21:28:39 +0000] "GET /feastwell-backend/api/v1/imageDetails HTTP/1.1" 404 51 "-" "python-requests/2.28.1"
::1 - - [06/Oct/2022:21:28:40 +0000] "GET /feastwell-backend/api/v1/imageDetails HTTP/1.1" 404 51 "-" "python-requests/2.28.1"
::1 - - [06/Oct/2022:21:28:41 +0000] "GET /feastwell-backend/api/v1/imageDetails HTTP/1.1" 404 51 "-" "python-requests/2.28.1"
::1 - - [06/Oct/2022:21:28:43 +0000] "GET /feastwell-backend/api/v1/imageDetails HTTP/1.1" 404 51 "-" "python-requests/2.28.1"
::1 - - [06/Oct/2022:21:28:44 +0000] "GET /feastwell-backend/api/v1/imageDetails HTTP/1.1" 404 51 "-" "python-requests/2.28.1"
::1 - - [06/Oct/2022:21:28:45 +0000] "GET /feastwell-backend/api/v1/imageDetails HTTP/1.1" 404 51 "-" "python-requests/2.28.1"
::1 - - [06/Oct/2022:21:28:46 +0000] "GET /feastwell-backend/api/v1/imageDetails HTTP/1.1" 404 51 "-" "python-requests/2.28.1"
::1 - - [06/Oct/2022:21:28:47 +0000] "GET /feastwell-backend/api/v1/imageDetails HTTP/1.1" 404 51 "-" "python-requests/2.28.1"
::1 - - [06/Oct/2022:21:28:48 +0000] "GET /feastwell-backend/api/v1/imageDetails HTTP/1.1" 404 51 "-" "python-requests/2.28.1"
::1 - - [06/Oct/2022:21:28:49 +0000] "GET /feastwell-backend/api/v1/imageDetails HTTP/1.1" 404 51 "-" "python-requests/2.28.1"
::1 - - [06/Oct/2022:21:28:50 +0000] "GET /feastwell-backend/api/v1/imageDetails HTTP/1.1" 404 51 "-" "python-requests/2.28.1"
::1 - - [06/Oct/2022:21:28:51 +0000] "GET /feastwell-backend/api/v1/imageDetails HTTP/1.1" 404 51 "-" "python-requests/2.28.1"
::1 - - [06/Oct/2022:21:28:52 +0000] "GET /feastwell-backend/api/v1/imageDetails HTTP/1.1" 404 51 "-" "python-requests/2.28.1"
::1 - - [06/Oct/2022:21:28:54 +0000] "GET /feastwell-backend/api/v1/imageDetails HTTP/1.1" 404 51 "-" "python-requests/2.28.1"
::ffff:192.168.0.169 - - [06/Oct/2022:21:28:54 +0000] "POST /feastwell-backend/api/v1/auth/login HTTP/1.1" 200 387 "http://localhost:3000/" "Mozilla/5.0 (Windows NT 10.0; Win64; x64) AppleWebKit/537.36 (KHTML, like Gecko) Chrome/106.0.0.0 Safari/537.36"
::1 - - [06/Oct/2022:21:28:55 +0000] "GET /feastwell-backend/api/v1/imageDetails HTTP/1.1" 404 51 "-" "python-requests/2.28.1"
::ffff:192.168.0.169 - - [06/Oct/2022:21:28:56 +0000] "GET /feastwell-backend/api/v1/user/1 HTTP/1.1" 304 - "http://localhost:3000/" "Mozilla/5.0 (Windows NT 10.0; Win64; x64) AppleWebKit/537.36 (KHTML, like Gecko) Chrome/106.0.0.0 Safari/537.36"
::1 - - [06/Oct/2022:21:28:56 +0000] "GET /feastwell-backend/api/v1/imageDetails HTTP/1.1" 404 51 "-" "python-requests/2.28.1"
::ffff:192.168.0.169 - - [06/Oct/2022:21:28:56 +0000] "POST /feastwell-backend/api/v1/userActivityLog HTTP/1.1" 201 79 "http://localhost:3000/" "Mozilla/5.0 (Windows NT 10.0; Win64; x64) AppleWebKit/537.36 (KHTML, like Gecko) Chrome/106.0.0.0 Safari/537.36"
::ffff:192.168.0.169 - - [06/Oct/2022:21:28:56 +0000] "PUT /feastwell-backend/api/v1/user/loginDetails/1 HTTP/1.1" 400 128 "http://localhost:3000/" "Mozilla/5.0 (Windows NT 10.0; Win64; x64) AppleWebKit/537.36 (KHTML, like Gecko) Chrome/106.0.0.0 Safari/537.36"
::1 - - [06/Oct/2022:21:28:57 +0000] "GET /feastwell-backend/api/v1/imageDetails HTTP/1.1" 404 51 "-" "python-requests/2.28.1"
::1 - - [06/Oct/2022:21:28:58 +0000] "GET /feastwell-backend/api/v1/imageDetails HTTP/1.1" 404 51 "-" "python-requests/2.28.1"
::ffff:192.168.0.169 - - [06/Oct/2022:21:28:59 +0000] "GET /feastwell-backend/api/v1/auth/login/sidebar HTTP/1.1" 304 - "http://localhost:3000/" "Mozilla/5.0 (Windows NT 10.0; Win64; x64) AppleWebKit/537.36 (KHTML, like Gecko) Chrome/106.0.0.0 Safari/537.36"
::1 - - [06/Oct/2022:21:28:59 +0000] "GET /feastwell-backend/api/v1/imageDetails HTTP/1.1" 404 51 "-" "python-requests/2.28.1"
::1 - - [06/Oct/2022:21:29:00 +0000] "GET /feastwell-backend/api/v1/imageDetails HTTP/1.1" 404 51 "-" "python-requests/2.28.1"
::1 - - [06/Oct/2022:21:29:01 +0000] "GET /feastwell-backend/api/v1/imageDetails HTTP/1.1" 404 51 "-" "python-requests/2.28.1"
::ffff:192.168.0.169 - - [06/Oct/2022:21:29:02 +0000] "GET /feastwell-backend/api/v1/auth/login/sidebar HTTP/1.1" 304 - "http://localhost:3000/" "Mozilla/5.0 (Windows NT 10.0; Win64; x64) AppleWebKit/537.36 (KHTML, like Gecko) Chrome/106.0.0.0 Safari/537.36"
::ffff:192.168.0.169 - - [06/Oct/2022:21:29:02 +0000] "GET /feastwell-backend/api/v1/resident HTTP/1.1" 304 - "http://localhost:3000/" "Mozilla/5.0 (Windows NT 10.0; Win64; x64) AppleWebKit/537.36 (KHTML, like Gecko) Chrome/106.0.0.0 Safari/537.36"
::1 - - [06/Oct/2022:21:29:02 +0000] "GET /feastwell-backend/api/v1/imageDetails HTTP/1.1" 404 51 "-" "python-requests/2.28.1"
::1 - - [06/Oct/2022:21:29:04 +0000] "GET /feastwell-backend/api/v1/imageDetails HTTP/1.1" 404 51 "-" "python-requests/2.28.1"
::1 - - [06/Oct/2022:21:29:05 +0000] "GET /feastwell-backend/api/v1/imageDetails HTTP/1.1" 404 51 "-" "python-requests/2.28.1"
::ffff:192.168.0.169 - - [06/Oct/2022:21:29:05 +0000] "GET /feastwell-backend/api/v1/auth/login/sidebar HTTP/1.1" 304 - "http://localhost:3000/" "Mozilla/5.0 (Windows NT 10.0; Win64; x64) AppleWebKit/537.36 (KHTML, like Gecko) Chrome/106.0.0.0 Safari/537.36"
::1 - - [06/Oct/2022:21:29:06 +0000] "GET /feastwell-backend/api/v1/imageDetails HTTP/1.1" 404 51 "-" "python-requests/2.28.1"
::1 - - [06/Oct/2022:21:29:07 +0000] "GET /feastwell-backend/api/v1/imageDetails HTTP/1.1" 404 51 "-" "python-requests/2.28.1"
::ffff:192.168.0.169 - - [06/Oct/2022:21:29:08 +0000] "GET /feastwell-backend/api/v1/auth/login/sidebar HTTP/1.1" 304 - "http://localhost:3000/" "Mozilla/5.0 (Windows NT 10.0; Win64; x64) AppleWebKit/537.36 (KHTML, like Gecko) Chrome/106.0.0.0 Safari/537.36"
::1 - - [06/Oct/2022:21:29:08 +0000] "GET /feastwell-backend/api/v1/imageDetails HTTP/1.1" 404 51 "-" "python-requests/2.28.1"
::ffff:192.168.0.169 - - [06/Oct/2022:21:29:08 +0000] "GET /feastwell-backend/api/v1/user?userType=4 HTTP/1.1" 304 - "http://localhost:3000/" "Mozilla/5.0 (Windows NT 10.0; Win64; x64) AppleWebKit/537.36 (KHTML, like Gecko) Chrome/106.0.0.0 Safari/537.36"
::1 - - [06/Oct/2022:21:29:09 +0000] "GET /feastwell-backend/api/v1/imageDetails HTTP/1.1" 404 51 "-" "python-requests/2.28.1"
::1 - - [06/Oct/2022:21:29:10 +0000] "GET /feastwell-backend/api/v1/imageDetails HTTP/1.1" 404 51 "-" "python-requests/2.28.1"
::ffff:192.168.0.169 - - [06/Oct/2022:21:29:11 +0000] "GET /feastwell-backend/api/v1/auth/login/sidebar HTTP/1.1" 304 - "http://localhost:3000/" "Mozilla/5.0 (Windows NT 10.0; Win64; x64) AppleWebKit/537.36 (KHTML, like Gecko) Chrome/106.0.0.0 Safari/537.36"
::1 - - [06/Oct/2022:21:29:11 +0000] "GET /feastwell-backend/api/v1/imageDetails HTTP/1.1" 404 51 "-" "python-requests/2.28.1"
::1 - - [06/Oct/2022:21:29:12 +0000] "GET /feastwell-backend/api/v1/imageDetails HTTP/1.1" 404 51 "-" "python-requests/2.28.1"
::1 - - [06/Oct/2022:21:29:13 +0000] "GET /feastwell-backend/api/v1/imageDetails HTTP/1.1" 404 51 "-" "python-requests/2.28.1"
::ffff:192.168.0.169 - - [06/Oct/2022:21:29:13 +0000] "GET /feastwell-backend/api/v1/auth/login/sidebar HTTP/1.1" 304 - "http://localhost:3000/" "Mozilla/5.0 (Windows NT 10.0; Win64; x64) AppleWebKit/537.36 (KHTML, like Gecko) Chrome/106.0.0.0 Safari/537.36"
::1 - - [06/Oct/2022:21:29:15 +0000] "GET /feastwell-backend/api/v1/imageDetails HTTP/1.1" 404 51 "-" "python-requests/2.28.1"
::1 - - [06/Oct/2022:21:29:16 +0000] "GET /feastwell-backend/api/v1/imageDetails HTTP/1.1" 404 51 "-" "python-requests/2.28.1"
::1 - - [06/Oct/2022:21:29:17 +0000] "GET /feastwell-backend/api/v1/imageDetails HTTP/1.1" 404 51 "-" "python-requests/2.28.1"
::ffff:192.168.0.169 - - [06/Oct/2022:21:29:17 +0000] "GET /feastwell-backend/api/v1/facility HTTP/1.1" 304 - "http://localhost:3000/" "Mozilla/5.0 (Windows NT 10.0; Win64; x64) AppleWebKit/537.36 (KHTML, like Gecko) Chrome/106.0.0.0 Safari/537.36"
::1 - - [06/Oct/2022:21:29:18 +0000] "GET /feastwell-backend/api/v1/nurseResident?mealType=4 HTTP/1.1" 200 742 "-" "okhttp/3.14.9"
::1 - - [06/Oct/2022:21:29:18 +0000] "GET /feastwell-backend/api/v1/nurseResident?mealType=4 HTTP/1.1" 200 742 "-" "okhttp/3.14.9"
::1 - - [06/Oct/2022:21:29:18 +0000] "GET /feastwell-backend/api/v1/imageDetails HTTP/1.1" 404 51 "-" "python-requests/2.28.1"
::1 - - [06/Oct/2022:21:29:19 +0000] "GET /feastwell-backend/api/v1/imageDetails HTTP/1.1" 404 51 "-" "python-requests/2.28.1"
::ffff:192.168.0.169 - - [06/Oct/2022:21:29:20 +0000] "GET /feastwell-backend/api/v1/auth/login/sidebar HTTP/1.1" 304 - "http://localhost:3000/" "Mozilla/5.0 (Windows NT 10.0; Win64; x64) AppleWebKit/537.36 (KHTML, like Gecko) Chrome/106.0.0.0 Safari/537.36"
::1 - - [06/Oct/2022:21:29:20 +0000] "GET /feastwell-backend/api/v1/imageDetails HTTP/1.1" 404 51 "-" "python-requests/2.28.1"
::1 - - [06/Oct/2022:21:29:21 +0000] "GET /feastwell-backend/api/v1/imageDetails HTTP/1.1" 404 51 "-" "python-requests/2.28.1"
::1 - - [06/Oct/2022:21:29:22 +0000] "GET /feastwell-backend/api/v1/imageDetails HTTP/1.1" 404 51 "-" "python-requests/2.28.1"
::1 - - [06/Oct/2022:21:29:23 +0000] "POST /feastwell-backend/api/v1/uploadMealImage HTTP/1.1" 200 148 "-" "okhttp/3.14.9"
::ffff:192.168.0.169 - - [06/Oct/2022:21:29:23 +0000] "GET /feastwell-backend/api/v1/auth/login/sidebar HTTP/1.1" 304 - "http://localhost:3000/" "Mozilla/5.0 (Windows NT 10.0; Win64; x64) AppleWebKit/537.36 (KHTML, like Gecko) Chrome/106.0.0.0 Safari/537.36"
::1 - - [06/Oct/2022:21:29:23 +0000] "POST /feastwell-backend/api/v1/imageDetails HTTP/1.1" 200 70 "-" "okhttp/3.14.9"
::1 - - [06/Oct/2022:21:29:23 +0000] "GET /feastwell-backend/api/v1/imageDetails HTTP/1.1" 200 246 "-" "python-requests/2.28.1"
::1 - - [06/Oct/2022:21:29:25 +0000] "GET /feastwell-backend/api/v1/imageDetails/byNurseId/38 HTTP/1.1" 200 225 "-" "okhttp/3.14.9"
::1 - - [06/Oct/2022:21:29:26 +0000] "GET /feastwell-backend/api/v1/mealTypes HTTP/1.1" 200 597 "-" "okhttp/3.14.9"
::1 - - [06/Oct/2022:21:29:28 +0000] "GET /feastwell-backend/api/v1/imagedetails/all HTTP/1.1" 200 3808 "-" "okhttp/3.14.9"
::1 - - [06/Oct/2022:21:29:28 +0000] "GET /feastwell-backend/api/v1/auth/login/sidebar HTTP/1.1" 200 2975 "-" "okhttp/3.14.9"
::1 - - [06/Oct/2022:21:29:31 +0000] "POST /feastwell-backend/api/v1/imageResponse HTTP/1.1" 201 516 "-" "python-requests/2.28.1"
::1 - - [06/Oct/2022:21:29:32 +0000] "GET /feastwell-backend/api/v1/imageDetails HTTP/1.1" 404 51 "-" "python-requests/2.28.1"
::1 - - [06/Oct/2022:21:29:33 +0000] "GET /feastwell-backend/api/v1/imageDetails HTTP/1.1" 404 51 "-" "python-requests/2.28.1"
::1 - - [06/Oct/2022:21:29:34 +0000] "GET /feastwell-backend/api/v1/imageDetails HTTP/1.1" 404 51 "-" "python-requests/2.28.1"
::1 - - [06/Oct/2022:21:29:35 +0000] "GET /feastwell-backend/api/v1/imageDetails HTTP/1.1" 404 51 "-" "python-requests/2.28.1"
::1 - - [06/Oct/2022:21:29:36 +0000] "GET /feastwell-backend/api/v1/imageDetails HTTP/1.1" 404 51 "-" "python-requests/2.28.1"
::1 - - [06/Oct/2022:21:29:37 +0000] "GET /feastwell-backend/api/v1/imageDetails HTTP/1.1" 404 51 "-" "python-requests/2.28.1"
::1 - - [06/Oct/2022:21:29:38 +0000] "GET /feastwell-backend/api/v1/imageDetails HTTP/1.1" 404 51 "-" "python-requests/2.28.1"
::1 - - [06/Oct/2022:21:29:39 +0000] "GET /feastwell-backend/api/v1/imageDetails HTTP/1.1" 404 51 "-" "python-requests/2.28.1"
::1 - - [06/Oct/2022:21:29:41 +0000] "GET /feastwell-backend/api/v1/imageDetails HTTP/1.1" 404 51 "-" "python-requests/2.28.1"
::1 - - [06/Oct/2022:21:29:42 +0000] "GET /feastwell-backend/api/v1/imageDetails HTTP/1.1" 404 51 "-" "python-requests/2.28.1"
::1 - - [06/Oct/2022:21:29:43 +0000] "GET /feastwell-backend/api/v1/imageDetails HTTP/1.1" 404 51 "-" "python-requests/2.28.1"
::1 - - [06/Oct/2022:21:29:44 +0000] "GET /feastwell-backend/api/v1/imageDetails HTTP/1.1" 404 51 "-" "python-requests/2.28.1"
::1 - - [06/Oct/2022:21:29:45 +0000] "GET /feastwell-backend/api/v1/imageDetails HTTP/1.1" 404 51 "-" "python-requests/2.28.1"
::1 - - [06/Oct/2022:21:29:46 +0000] "GET /feastwell-backend/api/v1/imageDetails HTTP/1.1" 404 51 "-" "python-requests/2.28.1"
::1 - - [06/Oct/2022:21:29:47 +0000] "GET /feastwell-backend/api/v1/imageDetails HTTP/1.1" 404 51 "-" "python-requests/2.28.1"
::1 - - [06/Oct/2022:21:29:48 +0000] "GET /feastwell-backend/api/v1/imageDetails HTTP/1.1" 404 51 "-" "python-requests/2.28.1"
::1 - - [06/Oct/2022:21:29:49 +0000] "GET /feastwell-backend/api/v1/imageDetails HTTP/1.1" 404 51 "-" "python-requests/2.28.1"
::ffff:192.168.0.169 - - [06/Oct/2022:21:29:50 +0000] "GET /feastwell-backend/api/v1/facility HTTP/1.1" 304 - "http://localhost:3000/" "Mozilla/5.0 (Windows NT 10.0; Win64; x64) AppleWebKit/537.36 (KHTML, like Gecko) Chrome/106.0.0.0 Safari/537.36"
::1 - - [06/Oct/2022:21:29:51 +0000] "GET /feastwell-backend/api/v1/imageDetails HTTP/1.1" 404 51 "-" "python-requests/2.28.1"
::1 - - [06/Oct/2022:21:29:52 +0000] "GET /feastwell-backend/api/v1/imageDetails HTTP/1.1" 404 51 "-" "python-requests/2.28.1"
::ffff:192.168.0.169 - - [06/Oct/2022:21:29:52 +0000] "GET /feastwell-backend/api/v1/auth/login/sidebar HTTP/1.1" 304 - "http://localhost:3000/" "Mozilla/5.0 (Windows NT 10.0; Win64; x64) AppleWebKit/537.36 (KHTML, like Gecko) Chrome/106.0.0.0 Safari/537.36"
::1 - - [06/Oct/2022:21:29:53 +0000] "GET /feastwell-backend/api/v1/imageDetails HTTP/1.1" 404 51 "-" "python-requests/2.28.1"
::1 - - [06/Oct/2022:21:29:54 +0000] "GET /feastwell-backend/api/v1/imageDetails HTTP/1.1" 404 51 "-" "python-requests/2.28.1"
::ffff:192.168.0.169 - - [06/Oct/2022:21:29:55 +0000] "GET /feastwell-backend/api/v1/auth/login/sidebar HTTP/1.1" 304 - "http://localhost:3000/" "Mozilla/5.0 (Windows NT 10.0; Win64; x64) AppleWebKit/537.36 (KHTML, like Gecko) Chrome/106.0.0.0 Safari/537.36"
::1 - - [06/Oct/2022:21:29:55 +0000] "GET /feastwell-backend/api/v1/imageDetails HTTP/1.1" 404 51 "-" "python-requests/2.28.1"
::1 - - [06/Oct/2022:21:29:56 +0000] "GET /feastwell-backend/api/v1/imageDetails HTTP/1.1" 404 51 "-" "python-requests/2.28.1"
::1 - - [06/Oct/2022:21:29:57 +0000] "GET /feastwell-backend/api/v1/imageDetails HTTP/1.1" 404 51 "-" "python-requests/2.28.1"
::1 - - [06/Oct/2022:21:29:58 +0000] "GET /feastwell-backend/api/v1/imageDetails HTTP/1.1" 404 51 "-" "python-requests/2.28.1"
::1 - - [06/Oct/2022:21:29:59 +0000] "GET /feastwell-backend/api/v1/imageDetails HTTP/1.1" 404 51 "-" "python-requests/2.28.1"
::1 - - [06/Oct/2022:21:30:01 +0000] "GET /feastwell-backend/api/v1/imageDetails HTTP/1.1" 404 51 "-" "python-requests/2.28.1"
::ffff:192.168.0.169 - - [06/Oct/2022:21:30:01 +0000] "GET /feastwell-backend/api/v1/facility HTTP/1.1" 304 - "http://localhost:3000/" "Mozilla/5.0 (Windows NT 10.0; Win64; x64) AppleWebKit/537.36 (KHTML, like Gecko) Chrome/106.0.0.0 Safari/537.36"
::1 - - [06/Oct/2022:21:30:02 +0000] "GET /feastwell-backend/api/v1/imageDetails HTTP/1.1" 404 51 "-" "python-requests/2.28.1"
::1 - - [06/Oct/2022:21:30:03 +0000] "GET /feastwell-backend/api/v1/imageDetails HTTP/1.1" 404 51 "-" "python-requests/2.28.1"
::ffff:192.168.0.169 - - [06/Oct/2022:21:30:04 +0000] "GET /feastwell-backend/api/v1/auth/login/sidebar HTTP/1.1" 304 - "http://localhost:3000/" "Mozilla/5.0 (Windows NT 10.0; Win64; x64) AppleWebKit/537.36 (KHTML, like Gecko) Chrome/106.0.0.0 Safari/537.36"
::1 - - [06/Oct/2022:21:30:04 +0000] "GET /feastwell-backend/api/v1/imageDetails HTTP/1.1" 404 51 "-" "python-requests/2.28.1"
::1 - - [06/Oct/2022:21:30:05 +0000] "GET /feastwell-backend/api/v1/imageDetails HTTP/1.1" 404 51 "-" "python-requests/2.28.1"
::1 - - [06/Oct/2022:21:30:06 +0000] "GET /feastwell-backend/api/v1/imageDetails HTTP/1.1" 404 51 "-" "python-requests/2.28.1"
::ffff:192.168.0.169 - - [06/Oct/2022:21:30:06 +0000] "GET /feastwell-backend/api/v1/auth/login/sidebar HTTP/1.1" 304 - "http://localhost:3000/" "Mozilla/5.0 (Windows NT 10.0; Win64; x64) AppleWebKit/537.36 (KHTML, like Gecko) Chrome/106.0.0.0 Safari/537.36"
::1 - - [06/Oct/2022:21:30:07 +0000] "GET /feastwell-backend/api/v1/imageDetails HTTP/1.1" 404 51 "-" "python-requests/2.28.1"
::1 - - [06/Oct/2022:21:30:08 +0000] "GET /feastwell-backend/api/v1/imageDetails HTTP/1.1" 404 51 "-" "python-requests/2.28.1"
::ffff:192.168.0.169 - - [06/Oct/2022:21:30:09 +0000] "GET /feastwell-backend/api/v1/facility HTTP/1.1" 304 - "http://localhost:3000/" "Mozilla/5.0 (Windows NT 10.0; Win64; x64) AppleWebKit/537.36 (KHTML, like Gecko) Chrome/106.0.0.0 Safari/537.36"
::1 - - [06/Oct/2022:21:30:09 +0000] "GET /feastwell-backend/api/v1/imageDetails HTTP/1.1" 404 51 "-" "python-requests/2.28.1"
::1 - - [06/Oct/2022:21:30:11 +0000] "GET /feastwell-backend/api/v1/imageDetails HTTP/1.1" 404 51 "-" "python-requests/2.28.1"
::ffff:192.168.0.169 - - [06/Oct/2022:21:30:11 +0000] "GET /feastwell-backend/api/v1/auth/login/sidebar HTTP/1.1" 304 - "http://localhost:3000/" "Mozilla/5.0 (Windows NT 10.0; Win64; x64) AppleWebKit/537.36 (KHTML, like Gecko) Chrome/106.0.0.0 Safari/537.36"
::1 - - [06/Oct/2022:21:30:12 +0000] "GET /feastwell-backend/api/v1/imageDetails HTTP/1.1" 404 51 "-" "python-requests/2.28.1"
::1 - - [06/Oct/2022:21:30:13 +0000] "GET /feastwell-backend/api/v1/imageDetails HTTP/1.1" 404 51 "-" "python-requests/2.28.1"
::1 - - [06/Oct/2022:21:30:14 +0000] "GET /feastwell-backend/api/v1/imageDetails HTTP/1.1" 404 51 "-" "python-requests/2.28.1"
::ffff:192.168.0.169 - - [06/Oct/2022:21:30:14 +0000] "GET /feastwell-backend/api/v1/auth/login/sidebar HTTP/1.1" 304 - "http://localhost:3000/" "Mozilla/5.0 (Windows NT 10.0; Win64; x64) AppleWebKit/537.36 (KHTML, like Gecko) Chrome/106.0.0.0 Safari/537.36"
::1 - - [06/Oct/2022:21:30:15 +0000] "GET /feastwell-backend/api/v1/imageDetails HTTP/1.1" 404 51 "-" "python-requests/2.28.1"
::1 - - [06/Oct/2022:21:30:16 +0000] "GET /feastwell-backend/api/v1/imageDetails HTTP/1.1" 404 51 "-" "python-requests/2.28.1"
::1 - - [06/Oct/2022:21:30:17 +0000] "GET /feastwell-backend/api/v1/imageDetails HTTP/1.1" 404 51 "-" "python-requests/2.28.1"
::1 - - [06/Oct/2022:21:30:18 +0000] "GET /feastwell-backend/api/v1/imageDetails HTTP/1.1" 404 51 "-" "python-requests/2.28.1"
::1 - - [06/Oct/2022:21:30:19 +0000] "GET /feastwell-backend/api/v1/imageDetails HTTP/1.1" 404 51 "-" "python-requests/2.28.1"
::1 - - [06/Oct/2022:21:30:20 +0000] "GET /feastwell-backend/api/v1/imageDetails HTTP/1.1" 404 51 "-" "python-requests/2.28.1"
::1 - - [06/Oct/2022:21:30:22 +0000] "GET /feastwell-backend/api/v1/imageDetails HTTP/1.1" 404 51 "-" "python-requests/2.28.1"
::1 - - [06/Oct/2022:21:30:23 +0000] "GET /feastwell-backend/api/v1/imageDetails HTTP/1.1" 404 51 "-" "python-requests/2.28.1"
::1 - - [06/Oct/2022:21:30:24 +0000] "GET /feastwell-backend/api/v1/imageDetails HTTP/1.1" 404 51 "-" "python-requests/2.28.1"
::1 - - [06/Oct/2022:21:30:25 +0000] "GET /feastwell-backend/api/v1/imageDetails HTTP/1.1" 404 51 "-" "python-requests/2.28.1"
::1 - - [06/Oct/2022:21:30:26 +0000] "GET /feastwell-backend/api/v1/imageDetails HTTP/1.1" 404 51 "-" "python-requests/2.28.1"
::1 - - [06/Oct/2022:21:30:27 +0000] "GET /feastwell-backend/api/v1/imageDetails HTTP/1.1" 404 51 "-" "python-requests/2.28.1"
::1 - - [06/Oct/2022:21:30:28 +0000] "GET /feastwell-backend/api/v1/imageDetails HTTP/1.1" 404 51 "-" "python-requests/2.28.1"
::1 - - [06/Oct/2022:21:30:29 +0000] "GET /feastwell-backend/api/v1/imageDetails HTTP/1.1" 404 51 "-" "python-requests/2.28.1"
::1 - - [06/Oct/2022:21:30:30 +0000] "GET /feastwell-backend/api/v1/imageDetails HTTP/1.1" 404 51 "-" "python-requests/2.28.1"
::1 - - [06/Oct/2022:21:30:32 +0000] "GET /feastwell-backend/api/v1/imageDetails HTTP/1.1" 404 51 "-" "python-requests/2.28.1"
::1 - - [06/Oct/2022:21:30:33 +0000] "GET /feastwell-backend/api/v1/imageDetails HTTP/1.1" 404 51 "-" "python-requests/2.28.1"
::1 - - [06/Oct/2022:21:30:34 +0000] "GET /feastwell-backend/api/v1/imageDetails HTTP/1.1" 404 51 "-" "python-requests/2.28.1"
::1 - - [06/Oct/2022:21:30:35 +0000] "GET /feastwell-backend/api/v1/imageDetails HTTP/1.1" 404 51 "-" "python-requests/2.28.1"
::1 - - [06/Oct/2022:21:30:36 +0000] "GET /feastwell-backend/api/v1/imageDetails HTTP/1.1" 404 51 "-" "python-requests/2.28.1"
::1 - - [06/Oct/2022:21:30:37 +0000] "GET /feastwell-backend/api/v1/imageDetails HTTP/1.1" 404 51 "-" "python-requests/2.28.1"
::1 - - [06/Oct/2022:21:30:38 +0000] "GET /feastwell-backend/api/v1/imageDetails HTTP/1.1" 404 51 "-" "python-requests/2.28.1"
::1 - - [06/Oct/2022:21:30:39 +0000] "GET /feastwell-backend/api/v1/imageDetails HTTP/1.1" 404 51 "-" "python-requests/2.28.1"
::1 - - [06/Oct/2022:21:30:40 +0000] "GET /feastwell-backend/api/v1/imageDetails HTTP/1.1" 404 51 "-" "python-requests/2.28.1"
::1 - - [06/Oct/2022:21:30:42 +0000] "GET /feastwell-backend/api/v1/imageDetails HTTP/1.1" 404 51 "-" "python-requests/2.28.1"
::1 - - [06/Oct/2022:21:30:43 +0000] "GET /feastwell-backend/api/v1/imageDetails HTTP/1.1" 404 51 "-" "python-requests/2.28.1"
::1 - - [06/Oct/2022:21:30:44 +0000] "GET /feastwell-backend/api/v1/imageDetails HTTP/1.1" 404 51 "-" "python-requests/2.28.1"
::1 - - [06/Oct/2022:21:30:45 +0000] "GET /feastwell-backend/api/v1/imageDetails HTTP/1.1" 404 51 "-" "python-requests/2.28.1"
::1 - - [06/Oct/2022:21:30:46 +0000] "GET /feastwell-backend/api/v1/imageDetails HTTP/1.1" 404 51 "-" "python-requests/2.28.1"
::1 - - [06/Oct/2022:21:30:47 +0000] "GET /feastwell-backend/api/v1/imageDetails HTTP/1.1" 404 51 "-" "python-requests/2.28.1"
::1 - - [06/Oct/2022:21:30:48 +0000] "GET /feastwell-backend/api/v1/imageDetails HTTP/1.1" 404 51 "-" "python-requests/2.28.1"
::1 - - [06/Oct/2022:21:30:49 +0000] "GET /feastwell-backend/api/v1/imageDetails HTTP/1.1" 404 51 "-" "python-requests/2.28.1"
::1 - - [06/Oct/2022:21:30:50 +0000] "GET /feastwell-backend/api/v1/imageDetails HTTP/1.1" 404 51 "-" "python-requests/2.28.1"
::1 - - [06/Oct/2022:21:30:51 +0000] "GET /feastwell-backend/api/v1/imageDetails HTTP/1.1" 404 51 "-" "python-requests/2.28.1"
::1 - - [06/Oct/2022:21:30:53 +0000] "GET /feastwell-backend/api/v1/imageDetails HTTP/1.1" 404 51 "-" "python-requests/2.28.1"
::1 - - [06/Oct/2022:21:30:54 +0000] "GET /feastwell-backend/api/v1/imageDetails HTTP/1.1" 404 51 "-" "python-requests/2.28.1"
::1 - - [06/Oct/2022:21:30:55 +0000] "GET /feastwell-backend/api/v1/imageDetails HTTP/1.1" 404 51 "-" "python-requests/2.28.1"
::1 - - [06/Oct/2022:21:30:56 +0000] "GET /feastwell-backend/api/v1/imageDetails HTTP/1.1" 404 51 "-" "python-requests/2.28.1"
::1 - - [06/Oct/2022:21:30:57 +0000] "GET /feastwell-backend/api/v1/imageDetails HTTP/1.1" 404 51 "-" "python-requests/2.28.1"
::1 - - [06/Oct/2022:21:30:58 +0000] "GET /feastwell-backend/api/v1/imageDetails HTTP/1.1" 404 51 "-" "python-requests/2.28.1"
::1 - - [06/Oct/2022:21:30:59 +0000] "GET /feastwell-backend/api/v1/imageDetails HTTP/1.1" 404 51 "-" "python-requests/2.28.1"
::1 - - [06/Oct/2022:21:31:00 +0000] "GET /feastwell-backend/api/v1/imageDetails HTTP/1.1" 404 51 "-" "python-requests/2.28.1"
::1 - - [06/Oct/2022:21:31:01 +0000] "GET /feastwell-backend/api/v1/imageDetails HTTP/1.1" 404 51 "-" "python-requests/2.28.1"
::1 - - [06/Oct/2022:21:31:03 +0000] "GET /feastwell-backend/api/v1/imageDetails HTTP/1.1" 404 51 "-" "python-requests/2.28.1"
::1 - - [06/Oct/2022:21:31:04 +0000] "GET /feastwell-backend/api/v1/imageDetails HTTP/1.1" 404 51 "-" "python-requests/2.28.1"
::1 - - [06/Oct/2022:21:31:05 +0000] "GET /feastwell-backend/api/v1/imageDetails HTTP/1.1" 404 51 "-" "python-requests/2.28.1"
::1 - - [06/Oct/2022:21:31:06 +0000] "GET /feastwell-backend/api/v1/imageDetails HTTP/1.1" 404 51 "-" "python-requests/2.28.1"
::1 - - [06/Oct/2022:21:31:07 +0000] "GET /feastwell-backend/api/v1/imageDetails HTTP/1.1" 404 51 "-" "python-requests/2.28.1"
::1 - - [06/Oct/2022:21:31:08 +0000] "GET /feastwell-backend/api/v1/imageDetails HTTP/1.1" 404 51 "-" "python-requests/2.28.1"
::1 - - [06/Oct/2022:21:31:09 +0000] "GET /feastwell-backend/api/v1/imageDetails HTTP/1.1" 404 51 "-" "python-requests/2.28.1"
::1 - - [06/Oct/2022:21:31:10 +0000] "GET /feastwell-backend/api/v1/imageDetails HTTP/1.1" 404 51 "-" "python-requests/2.28.1"
::1 - - [06/Oct/2022:21:31:11 +0000] "GET /feastwell-backend/api/v1/imageDetails HTTP/1.1" 404 51 "-" "python-requests/2.28.1"
::1 - - [06/Oct/2022:21:31:12 +0000] "GET /feastwell-backend/api/v1/imageDetails HTTP/1.1" 404 51 "-" "python-requests/2.28.1"
::1 - - [06/Oct/2022:21:31:14 +0000] "GET /feastwell-backend/api/v1/imageDetails HTTP/1.1" 404 51 "-" "python-requests/2.28.1"
::1 - - [06/Oct/2022:21:31:15 +0000] "GET /feastwell-backend/api/v1/imageDetails HTTP/1.1" 404 51 "-" "python-requests/2.28.1"
::1 - - [06/Oct/2022:21:31:15 +0000] "GET /feastwell-backend/api/v1/imageDetails/byNurseId/38 HTTP/1.1" 200 225 "-" "okhttp/3.14.9"
::1 - - [06/Oct/2022:21:31:15 +0000] "GET /feastwell-backend/api/v1/mealTypes HTTP/1.1" 200 597 "-" "okhttp/3.14.9"
::1 - - [06/Oct/2022:21:31:16 +0000] "GET /feastwell-backend/api/v1/imageDetails HTTP/1.1" 404 51 "-" "python-requests/2.28.1"
::1 - - [06/Oct/2022:21:31:17 +0000] "GET /feastwell-backend/api/v1/imageDetails HTTP/1.1" 404 51 "-" "python-requests/2.28.1"
::1 - - [06/Oct/2022:21:31:18 +0000] "GET /feastwell-backend/api/v1/auth/login/sidebar HTTP/1.1" 200 2975 "-" "okhttp/3.14.9"
::1 - - [06/Oct/2022:21:31:18 +0000] "GET /feastwell-backend/api/v1/imageDetails HTTP/1.1" 404 51 "-" "python-requests/2.28.1"
::1 - - [06/Oct/2022:21:31:19 +0000] "GET /feastwell-backend/api/v1/imageDetails HTTP/1.1" 404 51 "-" "python-requests/2.28.1"
::1 - - [06/Oct/2022:21:31:20 +0000] "GET /feastwell-backend/api/v1/imageDetails HTTP/1.1" 404 51 "-" "python-requests/2.28.1"
::1 - - [06/Oct/2022:21:31:21 +0000] "GET /feastwell-backend/api/v1/imageDetails HTTP/1.1" 404 51 "-" "python-requests/2.28.1"
::1 - - [06/Oct/2022:21:31:22 +0000] "GET /feastwell-backend/api/v1/imageDetails HTTP/1.1" 404 51 "-" "python-requests/2.28.1"
::1 - - [06/Oct/2022:21:31:24 +0000] "GET /feastwell-backend/api/v1/imageDetails HTTP/1.1" 404 51 "-" "python-requests/2.28.1"
::1 - - [06/Oct/2022:21:31:25 +0000] "GET /feastwell-backend/api/v1/imageDetails HTTP/1.1" 404 51 "-" "python-requests/2.28.1"
::1 - - [06/Oct/2022:21:31:26 +0000] "GET /feastwell-backend/api/v1/imageDetails HTTP/1.1" 404 51 "-" "python-requests/2.28.1"
::1 - - [06/Oct/2022:21:31:27 +0000] "GET /feastwell-backend/api/v1/imageDetails HTTP/1.1" 404 51 "-" "python-requests/2.28.1"
::1 - - [06/Oct/2022:21:31:28 +0000] "GET /feastwell-backend/api/v1/imageDetails HTTP/1.1" 404 51 "-" "python-requests/2.28.1"
::1 - - [06/Oct/2022:21:31:29 +0000] "GET /feastwell-backend/api/v1/imageDetails HTTP/1.1" 404 51 "-" "python-requests/2.28.1"
::1 - - [06/Oct/2022:21:31:30 +0000] "GET /feastwell-backend/api/v1/imageDetails HTTP/1.1" 404 51 "-" "python-requests/2.28.1"
::1 - - [06/Oct/2022:21:31:31 +0000] "GET /feastwell-backend/api/v1/imageDetails HTTP/1.1" 404 51 "-" "python-requests/2.28.1"
::1 - - [06/Oct/2022:21:31:32 +0000] "GET /feastwell-backend/api/v1/imageDetails HTTP/1.1" 404 51 "-" "python-requests/2.28.1"
::1 - - [06/Oct/2022:21:31:33 +0000] "GET /feastwell-backend/api/v1/imageDetails HTTP/1.1" 404 51 "-" "python-requests/2.28.1"
::1 - - [06/Oct/2022:21:31:35 +0000] "GET /feastwell-backend/api/v1/imageDetails HTTP/1.1" 404 51 "-" "python-requests/2.28.1"
::1 - - [06/Oct/2022:21:31:36 +0000] "GET /feastwell-backend/api/v1/imageDetails HTTP/1.1" 404 51 "-" "python-requests/2.28.1"
::1 - - [06/Oct/2022:21:31:37 +0000] "GET /feastwell-backend/api/v1/imageDetails HTTP/1.1" 404 51 "-" "python-requests/2.28.1"
::1 - - [06/Oct/2022:21:31:38 +0000] "GET /feastwell-backend/api/v1/imageDetails HTTP/1.1" 404 51 "-" "python-requests/2.28.1"
::1 - - [06/Oct/2022:21:31:39 +0000] "GET /feastwell-backend/api/v1/imageDetails HTTP/1.1" 404 51 "-" "python-requests/2.28.1"
::1 - - [06/Oct/2022:21:31:40 +0000] "GET /feastwell-backend/api/v1/imageDetails HTTP/1.1" 404 51 "-" "python-requests/2.28.1"
::1 - - [06/Oct/2022:21:31:41 +0000] "GET /feastwell-backend/api/v1/imageDetails HTTP/1.1" 404 51 "-" "python-requests/2.28.1"
::1 - - [06/Oct/2022:21:31:42 +0000] "GET /feastwell-backend/api/v1/imageDetails HTTP/1.1" 404 51 "-" "python-requests/2.28.1"
::1 - - [06/Oct/2022:21:31:43 +0000] "GET /feastwell-backend/api/v1/imageDetails HTTP/1.1" 404 51 "-" "python-requests/2.28.1"
::1 - - [06/Oct/2022:21:31:45 +0000] "GET /feastwell-backend/api/v1/imageDetails HTTP/1.1" 404 51 "-" "python-requests/2.28.1"
::1 - - [06/Oct/2022:21:31:46 +0000] "GET /feastwell-backend/api/v1/imageDetails HTTP/1.1" 404 51 "-" "python-requests/2.28.1"
::1 - - [06/Oct/2022:21:31:47 +0000] "GET /feastwell-backend/api/v1/imageDetails HTTP/1.1" 404 51 "-" "python-requests/2.28.1"
::1 - - [06/Oct/2022:21:31:48 +0000] "GET /feastwell-backend/api/v1/imageDetails HTTP/1.1" 404 51 "-" "python-requests/2.28.1"
::1 - - [06/Oct/2022:21:31:49 +0000] "GET /feastwell-backend/api/v1/imageDetails HTTP/1.1" 404 51 "-" "python-requests/2.28.1"
::1 - - [06/Oct/2022:21:31:50 +0000] "GET /feastwell-backend/api/v1/imageDetails HTTP/1.1" 404 51 "-" "python-requests/2.28.1"
::1 - - [06/Oct/2022:21:31:51 +0000] "GET /feastwell-backend/api/v1/imageDetails HTTP/1.1" 404 51 "-" "python-requests/2.28.1"
::1 - - [06/Oct/2022:21:31:52 +0000] "GET /feastwell-backend/api/v1/imageDetails HTTP/1.1" 404 51 "-" "python-requests/2.28.1"
::1 - - [06/Oct/2022:21:31:53 +0000] "GET /feastwell-backend/api/v1/imageDetails HTTP/1.1" 404 51 "-" "python-requests/2.28.1"
::1 - - [06/Oct/2022:21:31:54 +0000] "GET /feastwell-backend/api/v1/imageDetails HTTP/1.1" 404 51 "-" "python-requests/2.28.1"
::1 - - [06/Oct/2022:21:31:56 +0000] "GET /feastwell-backend/api/v1/imageDetails HTTP/1.1" 404 51 "-" "python-requests/2.28.1"
::1 - - [06/Oct/2022:21:31:57 +0000] "GET /feastwell-backend/api/v1/imageDetails HTTP/1.1" 404 51 "-" "python-requests/2.28.1"
::ffff:192.168.0.169 - - [06/Oct/2022:21:31:58 +0000] "GET /feastwell-backend/api/v1/facility HTTP/1.1" 304 - "http://localhost:3000/" "Mozilla/5.0 (Windows NT 10.0; Win64; x64) AppleWebKit/537.36 (KHTML, like Gecko) Chrome/106.0.0.0 Safari/537.36"
::1 - - [06/Oct/2022:21:31:58 +0000] "GET /feastwell-backend/api/v1/imageDetails HTTP/1.1" 404 51 "-" "python-requests/2.28.1"
::1 - - [06/Oct/2022:21:31:59 +0000] "GET /feastwell-backend/api/v1/imageDetails HTTP/1.1" 404 51 "-" "python-requests/2.28.1"
::ffff:192.168.0.169 - - [06/Oct/2022:21:31:59 +0000] "GET /feastwell-backend/api/v1/resident HTTP/1.1" 304 - "http://localhost:3000/" "Mozilla/5.0 (Windows NT 10.0; Win64; x64) AppleWebKit/537.36 (KHTML, like Gecko) Chrome/106.0.0.0 Safari/537.36"
::1 - - [06/Oct/2022:21:32:00 +0000] "GET /feastwell-backend/api/v1/imageDetails HTTP/1.1" 404 51 "-" "python-requests/2.28.1"
::ffff:192.168.0.169 - - [06/Oct/2022:21:32:00 +0000] "GET /feastwell-backend/api/v1/auth/login/sidebar HTTP/1.1" 304 - "http://localhost:3000/" "Mozilla/5.0 (Windows NT 10.0; Win64; x64) AppleWebKit/537.36 (KHTML, like Gecko) Chrome/106.0.0.0 Safari/537.36"
::1 - - [06/Oct/2022:21:32:01 +0000] "GET /feastwell-backend/api/v1/imageDetails HTTP/1.1" 404 51 "-" "python-requests/2.28.1"
::ffff:192.168.0.169 - - [06/Oct/2022:21:32:02 +0000] "GET /feastwell-backend/api/v1/user?userType=4 HTTP/1.1" 304 - "http://localhost:3000/" "Mozilla/5.0 (Windows NT 10.0; Win64; x64) AppleWebKit/537.36 (KHTML, like Gecko) Chrome/106.0.0.0 Safari/537.36"
::1 - - [06/Oct/2022:21:32:02 +0000] "GET /feastwell-backend/api/v1/imageDetails HTTP/1.1" 404 51 "-" "python-requests/2.28.1"
::ffff:192.168.0.169 - - [06/Oct/2022:21:32:03 +0000] "GET /feastwell-backend/api/v1/auth/login/sidebar HTTP/1.1" 304 - "http://localhost:3000/" "Mozilla/5.0 (Windows NT 10.0; Win64; x64) AppleWebKit/537.36 (KHTML, like Gecko) Chrome/106.0.0.0 Safari/537.36"
::1 - - [06/Oct/2022:21:32:03 +0000] "GET /feastwell-backend/api/v1/imageDetails HTTP/1.1" 404 51 "-" "python-requests/2.28.1"
::1 - - [06/Oct/2022:21:32:04 +0000] "GET /feastwell-backend/api/v1/imageDetails HTTP/1.1" 404 51 "-" "python-requests/2.28.1"
::1 - - [06/Oct/2022:21:32:06 +0000] "GET /feastwell-backend/api/v1/imageDetails HTTP/1.1" 404 51 "-" "python-requests/2.28.1"
::ffff:192.168.0.169 - - [06/Oct/2022:21:32:06 +0000] "GET /feastwell-backend/api/v1/auth/login/sidebar HTTP/1.1" 304 - "http://localhost:3000/" "Mozilla/5.0 (Windows NT 10.0; Win64; x64) AppleWebKit/537.36 (KHTML, like Gecko) Chrome/106.0.0.0 Safari/537.36"
::1 - - [06/Oct/2022:21:32:07 +0000] "GET /feastwell-backend/api/v1/imageDetails HTTP/1.1" 404 51 "-" "python-requests/2.28.1"
::1 - - [06/Oct/2022:21:32:08 +0000] "GET /feastwell-backend/api/v1/imageDetails HTTP/1.1" 404 51 "-" "python-requests/2.28.1"
::ffff:192.168.0.169 - - [06/Oct/2022:21:32:08 +0000] "GET /feastwell-backend/api/v1/facility HTTP/1.1" 304 - "http://localhost:3000/" "Mozilla/5.0 (Windows NT 10.0; Win64; x64) AppleWebKit/537.36 (KHTML, like Gecko) Chrome/106.0.0.0 Safari/537.36"
::1 - - [06/Oct/2022:21:32:09 +0000] "GET /feastwell-backend/api/v1/imageDetails HTTP/1.1" 404 51 "-" "python-requests/2.28.1"
::1 - - [06/Oct/2022:21:32:10 +0000] "GET /feastwell-backend/api/v1/imageDetails HTTP/1.1" 404 51 "-" "python-requests/2.28.1"
::ffff:192.168.0.169 - - [06/Oct/2022:21:32:11 +0000] "GET /feastwell-backend/api/v1/auth/login/sidebar HTTP/1.1" 304 - "http://localhost:3000/" "Mozilla/5.0 (Windows NT 10.0; Win64; x64) AppleWebKit/537.36 (KHTML, like Gecko) Chrome/106.0.0.0 Safari/537.36"
::ffff:192.168.0.169 - - [06/Oct/2022:21:32:11 +0000] "GET /feastwell-backend/api/v1/kitchen HTTP/1.1" 304 - "http://localhost:3000/" "Mozilla/5.0 (Windows NT 10.0; Win64; x64) AppleWebKit/537.36 (KHTML, like Gecko) Chrome/106.0.0.0 Safari/537.36"
::1 - - [06/Oct/2022:21:32:11 +0000] "GET /feastwell-backend/api/v1/imageDetails HTTP/1.1" 404 51 "-" "python-requests/2.28.1"
::1 - - [06/Oct/2022:21:32:12 +0000] "GET /feastwell-backend/api/v1/imageDetails HTTP/1.1" 404 51 "-" "python-requests/2.28.1"
::1 - - [06/Oct/2022:21:32:13 +0000] "GET /feastwell-backend/api/v1/imageDetails HTTP/1.1" 404 51 "-" "python-requests/2.28.1"
::ffff:192.168.0.169 - - [06/Oct/2022:21:32:14 +0000] "GET /feastwell-backend/api/v1/auth/login/sidebar HTTP/1.1" 304 - "http://localhost:3000/" "Mozilla/5.0 (Windows NT 10.0; Win64; x64) AppleWebKit/537.36 (KHTML, like Gecko) Chrome/106.0.0.0 Safari/537.36"
::1 - - [06/Oct/2022:21:32:14 +0000] "GET /feastwell-backend/api/v1/imageDetails HTTP/1.1" 404 51 "-" "python-requests/2.28.1"
::ffff:192.168.0.169 - - [06/Oct/2022:21:32:15 +0000] "GET /feastwell-backend/api/v1/country HTTP/1.1" 304 - "http://localhost:3000/" "Mozilla/5.0 (Windows NT 10.0; Win64; x64) AppleWebKit/537.36 (KHTML, like Gecko) Chrome/106.0.0.0 Safari/537.36"
::1 - - [06/Oct/2022:21:32:15 +0000] "GET /feastwell-backend/api/v1/imageDetails HTTP/1.1" 404 51 "-" "python-requests/2.28.1"
::ffff:192.168.0.169 - - [06/Oct/2022:21:32:17 +0000] "GET /feastwell-backend/api/v1/kitchen HTTP/1.1" 304 - "http://localhost:3000/" "Mozilla/5.0 (Windows NT 10.0; Win64; x64) AppleWebKit/537.36 (KHTML, like Gecko) Chrome/106.0.0.0 Safari/537.36"
::1 - - [06/Oct/2022:21:32:17 +0000] "GET /feastwell-backend/api/v1/imageDetails HTTP/1.1" 404 51 "-" "python-requests/2.28.1"
::ffff:192.168.0.169 - - [06/Oct/2022:21:32:17 +0000] "GET /feastwell-backend/api/v1/auth/login/sidebar HTTP/1.1" 304 - "http://localhost:3000/" "Mozilla/5.0 (Windows NT 10.0; Win64; x64) AppleWebKit/537.36 (KHTML, like Gecko) Chrome/106.0.0.0 Safari/537.36"
::1 - - [06/Oct/2022:21:32:18 +0000] "GET /feastwell-backend/api/v1/imageDetails HTTP/1.1" 404 51 "-" "python-requests/2.28.1"
::ffff:192.168.0.169 - - [06/Oct/2022:21:32:18 +0000] "GET /feastwell-backend/api/v1/facility HTTP/1.1" 304 - "http://localhost:3000/" "Mozilla/5.0 (Windows NT 10.0; Win64; x64) AppleWebKit/537.36 (KHTML, like Gecko) Chrome/106.0.0.0 Safari/537.36"
::1 - - [06/Oct/2022:21:32:19 +0000] "GET /feastwell-backend/api/v1/auth/refresh HTTP/1.1" 200 374 "-" "okhttp/3.14.9"
::1 - - [06/Oct/2022:21:32:19 +0000] "GET /feastwell-backend/api/v1/imageDetails HTTP/1.1" 404 51 "-" "python-requests/2.28.1"
::1 - - [06/Oct/2022:21:32:19 +0000] "GET /feastwell-backend/api/v1/auth/login HTTP/1.1" 200 392 "-" "okhttp/3.14.9"
::ffff:192.168.0.169 - - [06/Oct/2022:21:32:20 +0000] "GET /feastwell-backend/api/v1/auth/login/sidebar HTTP/1.1" 304 - "http://localhost:3000/" "Mozilla/5.0 (Windows NT 10.0; Win64; x64) AppleWebKit/537.36 (KHTML, like Gecko) Chrome/106.0.0.0 Safari/537.36"
::1 - - [06/Oct/2022:21:32:20 +0000] "GET /feastwell-backend/api/v1/imageDetails HTTP/1.1" 404 51 "-" "python-requests/2.28.1"
::ffff:192.168.0.169 - - [06/Oct/2022:21:32:20 +0000] "GET /feastwell-backend/api/v1/user?userType=4 HTTP/1.1" 304 - "http://localhost:3000/" "Mozilla/5.0 (Windows NT 10.0; Win64; x64) AppleWebKit/537.36 (KHTML, like Gecko) Chrome/106.0.0.0 Safari/537.36"
::1 - - [06/Oct/2022:21:32:20 +0000] "GET /feastwell-backend/api/v1/imageDetails/byNurseId/38 HTTP/1.1" 200 225 "-" "okhttp/3.14.9"
::1 - - [06/Oct/2022:21:32:21 +0000] "GET /feastwell-backend/api/v1/mealTypes HTTP/1.1" 200 597 "-" "okhttp/3.14.9"
::1 - - [06/Oct/2022:21:32:21 +0000] "GET /feastwell-backend/api/v1/imageDetails HTTP/1.1" 404 51 "-" "python-requests/2.28.1"
::1 - - [06/Oct/2022:21:32:22 +0000] "GET /feastwell-backend/api/v1/imageDetails HTTP/1.1" 404 51 "-" "python-requests/2.28.1"
::ffff:192.168.0.169 - - [06/Oct/2022:21:32:23 +0000] "GET /feastwell-backend/api/v1/auth/login/sidebar HTTP/1.1" 304 - "http://localhost:3000/" "Mozilla/5.0 (Windows NT 10.0; Win64; x64) AppleWebKit/537.36 (KHTML, like Gecko) Chrome/106.0.0.0 Safari/537.36"
::1 - - [06/Oct/2022:21:32:23 +0000] "GET /feastwell-backend/api/v1/auth/login/sidebar HTTP/1.1" 200 2975 "-" "okhttp/3.14.9"
::1 - - [06/Oct/2022:21:32:23 +0000] "GET /feastwell-backend/api/v1/imageDetails HTTP/1.1" 404 51 "-" "python-requests/2.28.1"
::ffff:192.168.0.169 - - [06/Oct/2022:21:32:23 +0000] "GET /feastwell-backend/api/v1/facility HTTP/1.1" 304 - "http://localhost:3000/" "Mozilla/5.0 (Windows NT 10.0; Win64; x64) AppleWebKit/537.36 (KHTML, like Gecko) Chrome/106.0.0.0 Safari/537.36"
::1 - - [06/Oct/2022:21:32:24 +0000] "GET /feastwell-backend/api/v1/imageDetails HTTP/1.1" 404 51 "-" "python-requests/2.28.1"
::ffff:192.168.0.169 - - [06/Oct/2022:21:32:24 +0000] "GET /feastwell-backend/api/v1/resident HTTP/1.1" 304 - "http://localhost:3000/" "Mozilla/5.0 (Windows NT 10.0; Win64; x64) AppleWebKit/537.36 (KHTML, like Gecko) Chrome/106.0.0.0 Safari/537.36"
::1 - - [06/Oct/2022:21:32:25 +0000] "GET /feastwell-backend/api/v1/imageDetails HTTP/1.1" 404 51 "-" "python-requests/2.28.1"
::ffff:192.168.0.169 - - [06/Oct/2022:21:32:25 +0000] "GET /feastwell-backend/api/v1/auth/login/sidebar HTTP/1.1" 304 - "http://localhost:3000/" "Mozilla/5.0 (Windows NT 10.0; Win64; x64) AppleWebKit/537.36 (KHTML, like Gecko) Chrome/106.0.0.0 Safari/537.36"
::ffff:192.168.0.169 - - [06/Oct/2022:21:32:26 +0000] "GET /feastwell-backend/api/v1/facility HTTP/1.1" 304 - "http://localhost:3000/" "Mozilla/5.0 (Windows NT 10.0; Win64; x64) AppleWebKit/537.36 (KHTML, like Gecko) Chrome/106.0.0.0 Safari/537.36"
::1 - - [06/Oct/2022:21:32:27 +0000] "GET /feastwell-backend/api/v1/imageDetails HTTP/1.1" 404 51 "-" "python-requests/2.28.1"
::1 - - [06/Oct/2022:21:32:28 +0000] "GET /feastwell-backend/api/v1/imageDetails HTTP/1.1" 404 51 "-" "python-requests/2.28.1"
::ffff:192.168.0.169 - - [06/Oct/2022:21:32:28 +0000] "GET /feastwell-backend/api/v1/kitchen HTTP/1.1" 304 - "http://localhost:3000/" "Mozilla/5.0 (Windows NT 10.0; Win64; x64) AppleWebKit/537.36 (KHTML, like Gecko) Chrome/106.0.0.0 Safari/537.36"
::ffff:192.168.0.169 - - [06/Oct/2022:21:32:28 +0000] "GET /feastwell-backend/api/v1/auth/login/sidebar HTTP/1.1" 304 - "http://localhost:3000/" "Mozilla/5.0 (Windows NT 10.0; Win64; x64) AppleWebKit/537.36 (KHTML, like Gecko) Chrome/106.0.0.0 Safari/537.36"
::1 - - [06/Oct/2022:21:32:29 +0000] "GET /feastwell-backend/api/v1/imageDetails HTTP/1.1" 404 51 "-" "python-requests/2.28.1"
::1 - - [06/Oct/2022:21:32:30 +0000] "GET /feastwell-backend/api/v1/imageDetails HTTP/1.1" 404 51 "-" "python-requests/2.28.1"
::ffff:192.168.0.169 - - [06/Oct/2022:21:32:30 +0000] "GET /feastwell-backend/api/v1/facility HTTP/1.1" 304 - "http://localhost:3000/" "Mozilla/5.0 (Windows NT 10.0; Win64; x64) AppleWebKit/537.36 (KHTML, like Gecko) Chrome/106.0.0.0 Safari/537.36"
::1 - - [06/Oct/2022:21:32:31 +0000] "GET /feastwell-backend/api/v1/imageDetails HTTP/1.1" 404 51 "-" "python-requests/2.28.1"
::ffff:192.168.0.169 - - [06/Oct/2022:21:32:31 +0000] "GET /feastwell-backend/api/v1/auth/login/sidebar HTTP/1.1" 304 - "http://localhost:3000/" "Mozilla/5.0 (Windows NT 10.0; Win64; x64) AppleWebKit/537.36 (KHTML, like Gecko) Chrome/106.0.0.0 Safari/537.36"
::ffff:192.168.0.169 - - [06/Oct/2022:21:32:32 +0000] "GET /feastwell-backend/api/v1/resident HTTP/1.1" 304 - "http://localhost:3000/" "Mozilla/5.0 (Windows NT 10.0; Win64; x64) AppleWebKit/537.36 (KHTML, like Gecko) Chrome/106.0.0.0 Safari/537.36"
::1 - - [06/Oct/2022:21:32:32 +0000] "GET /feastwell-backend/api/v1/imageDetails HTTP/1.1" 404 51 "-" "python-requests/2.28.1"
::1 - - [06/Oct/2022:21:32:33 +0000] "GET /feastwell-backend/api/v1/imageDetails HTTP/1.1" 404 51 "-" "python-requests/2.28.1"
::ffff:192.168.0.169 - - [06/Oct/2022:21:32:34 +0000] "GET /feastwell-backend/api/v1/nutritionalRiskFactors HTTP/1.1" 304 - "http://localhost:3000/" "Mozilla/5.0 (Windows NT 10.0; Win64; x64) AppleWebKit/537.36 (KHTML, like Gecko) Chrome/106.0.0.0 Safari/537.36"
::ffff:192.168.0.169 - - [06/Oct/2022:21:32:34 +0000] "GET /feastwell-backend/api/v1/facility?status=1 HTTP/1.1" 200 2466 "http://localhost:3000/" "Mozilla/5.0 (Windows NT 10.0; Win64; x64) AppleWebKit/537.36 (KHTML, like Gecko) Chrome/106.0.0.0 Safari/537.36"
::ffff:192.168.0.169 - - [06/Oct/2022:21:32:34 +0000] "GET /feastwell-backend/api/v1/auth/login/sidebar HTTP/1.1" 304 - "http://localhost:3000/" "Mozilla/5.0 (Windows NT 10.0; Win64; x64) AppleWebKit/537.36 (KHTML, like Gecko) Chrome/106.0.0.0 Safari/537.36"
::1 - - [06/Oct/2022:21:32:34 +0000] "GET /feastwell-backend/api/v1/imageDetails HTTP/1.1" 404 51 "-" "python-requests/2.28.1"
::1 - - [06/Oct/2022:21:32:35 +0000] "GET /feastwell-backend/api/v1/imageDetails HTTP/1.1" 404 51 "-" "python-requests/2.28.1"
::1 - - [06/Oct/2022:21:32:37 +0000] "GET /feastwell-backend/api/v1/imageDetails HTTP/1.1" 404 51 "-" "python-requests/2.28.1"
::ffff:192.168.0.169 - - [06/Oct/2022:21:32:37 +0000] "GET /feastwell-backend/api/v1/resident HTTP/1.1" 304 - "http://localhost:3000/" "Mozilla/5.0 (Windows NT 10.0; Win64; x64) AppleWebKit/537.36 (KHTML, like Gecko) Chrome/106.0.0.0 Safari/537.36"
::ffff:192.168.0.169 - - [06/Oct/2022:21:32:37 +0000] "GET /feastwell-backend/api/v1/auth/login/sidebar HTTP/1.1" 304 - "http://localhost:3000/" "Mozilla/5.0 (Windows NT 10.0; Win64; x64) AppleWebKit/537.36 (KHTML, like Gecko) Chrome/106.0.0.0 Safari/537.36"
::1 - - [06/Oct/2022:21:32:38 +0000] "GET /feastwell-backend/api/v1/imageDetails HTTP/1.1" 404 51 "-" "python-requests/2.28.1"
::1 - - [06/Oct/2022:21:32:39 +0000] "GET /feastwell-backend/api/v1/imageDetails HTTP/1.1" 404 51 "-" "python-requests/2.28.1"
::ffff:192.168.0.169 - - [06/Oct/2022:21:32:39 +0000] "GET /feastwell-backend/api/v1/user?userType=4 HTTP/1.1" 304 - "http://localhost:3000/" "Mozilla/5.0 (Windows NT 10.0; Win64; x64) AppleWebKit/537.36 (KHTML, like Gecko) Chrome/106.0.0.0 Safari/537.36"
::1 - - [06/Oct/2022:21:32:40 +0000] "GET /feastwell-backend/api/v1/imageDetails HTTP/1.1" 404 51 "-" "python-requests/2.28.1"
::ffff:192.168.0.169 - - [06/Oct/2022:21:32:40 +0000] "GET /feastwell-backend/api/v1/auth/login/sidebar HTTP/1.1" 304 - "http://localhost:3000/" "Mozilla/5.0 (Windows NT 10.0; Win64; x64) AppleWebKit/537.36 (KHTML, like Gecko) Chrome/106.0.0.0 Safari/537.36"
::1 - - [06/Oct/2022:21:32:41 +0000] "GET /feastwell-backend/api/v1/imageDetails HTTP/1.1" 404 51 "-" "python-requests/2.28.1"
::1 - - [06/Oct/2022:21:32:42 +0000] "GET /feastwell-backend/api/v1/imageDetails HTTP/1.1" 404 51 "-" "python-requests/2.28.1"
::ffff:192.168.0.169 - - [06/Oct/2022:21:32:43 +0000] "GET /feastwell-backend/api/v1/auth/login/sidebar HTTP/1.1" 304 - "http://localhost:3000/" "Mozilla/5.0 (Windows NT 10.0; Win64; x64) AppleWebKit/537.36 (KHTML, like Gecko) Chrome/106.0.0.0 Safari/537.36"
::1 - - [06/Oct/2022:21:32:43 +0000] "GET /feastwell-backend/api/v1/imageDetails HTTP/1.1" 404 51 "-" "python-requests/2.28.1"
::1 - - [06/Oct/2022:21:32:44 +0000] "GET /feastwell-backend/api/v1/imageDetails HTTP/1.1" 404 51 "-" "python-requests/2.28.1"
::1 - - [06/Oct/2022:21:32:45 +0000] "GET /feastwell-backend/api/v1/imageDetails HTTP/1.1" 404 51 "-" "python-requests/2.28.1"
::ffff:192.168.0.169 - - [06/Oct/2022:21:32:46 +0000] "GET /feastwell-backend/api/v1/auth/login/sidebar HTTP/1.1" 304 - "http://localhost:3000/" "Mozilla/5.0 (Windows NT 10.0; Win64; x64) AppleWebKit/537.36 (KHTML, like Gecko) Chrome/106.0.0.0 Safari/537.36"
::1 - - [06/Oct/2022:21:32:47 +0000] "GET /feastwell-backend/api/v1/imageDetails HTTP/1.1" 404 51 "-" "python-requests/2.28.1"
::ffff:192.168.0.169 - - [06/Oct/2022:21:32:47 +0000] "GET /feastwell-backend/api/v1/auth/login/sidebar HTTP/1.1" - - "http://localhost:3000/" "Mozilla/5.0 (Windows NT 10.0; Win64; x64) AppleWebKit/537.36 (KHTML, like Gecko) Chrome/106.0.0.0 Safari/537.36"
::1 - - [06/Oct/2022:21:32:48 +0000] "GET /feastwell-backend/api/v1/imageDetails HTTP/1.1" 404 51 "-" "python-requests/2.28.1"
::ffff:192.168.0.169 - - [06/Oct/2022:21:32:49 +0000] "GET /feastwell-backend/api/v1/user?userType=4 HTTP/1.1" 304 - "http://localhost:3000/" "Mozilla/5.0 (Windows NT 10.0; Win64; x64) AppleWebKit/537.36 (KHTML, like Gecko) Chrome/106.0.0.0 Safari/537.36"
::1 - - [06/Oct/2022:21:32:49 +0000] "GET /feastwell-backend/api/v1/imageDetails HTTP/1.1" 404 51 "-" "python-requests/2.28.1"
::ffff:192.168.0.169 - - [06/Oct/2022:21:32:50 +0000] "GET /feastwell-backend/api/v1/resident HTTP/1.1" 304 - "http://localhost:3000/" "Mozilla/5.0 (Windows NT 10.0; Win64; x64) AppleWebKit/537.36 (KHTML, like Gecko) Chrome/106.0.0.0 Safari/537.36"
::1 - - [06/Oct/2022:21:32:50 +0000] "GET /feastwell-backend/api/v1/imageDetails HTTP/1.1" 404 51 "-" "python-requests/2.28.1"
::1 - - [06/Oct/2022:21:32:51 +0000] "GET /feastwell-backend/api/v1/imageDetails HTTP/1.1" 404 51 "-" "python-requests/2.28.1"
::ffff:192.168.0.169 - - [06/Oct/2022:21:32:51 +0000] "GET /feastwell-backend/api/v1/auth/login/sidebar HTTP/1.1" 200 2975 "http://localhost:3000/" "Mozilla/5.0 (Windows NT 10.0; Win64; x64) AppleWebKit/537.36 (KHTML, like Gecko) Chrome/106.0.0.0 Safari/537.36"
::ffff:192.168.0.169 - - [06/Oct/2022:21:32:52 +0000] "GET /feastwell-backend/api/v1/user?userType=4 HTTP/1.1" 304 - "http://localhost:3000/" "Mozilla/5.0 (Windows NT 10.0; Win64; x64) AppleWebKit/537.36 (KHTML, like Gecko) Chrome/106.0.0.0 Safari/537.36"
::1 - - [06/Oct/2022:21:32:52 +0000] "GET /feastwell-backend/api/v1/imageDetails HTTP/1.1" 404 51 "-" "python-requests/2.28.1"
::1 - - [06/Oct/2022:21:32:53 +0000] "GET /feastwell-backend/api/v1/imageDetails HTTP/1.1" 404 51 "-" "python-requests/2.28.1"
::ffff:192.168.0.169 - - [06/Oct/2022:21:32:53 +0000] "GET /feastwell-backend/api/v1/resident HTTP/1.1" 304 - "http://localhost:3000/" "Mozilla/5.0 (Windows NT 10.0; Win64; x64) AppleWebKit/537.36 (KHTML, like Gecko) Chrome/106.0.0.0 Safari/537.36"
::ffff:192.168.0.169 - - [06/Oct/2022:21:32:54 +0000] "GET /feastwell-backend/api/v1/auth/login/sidebar HTTP/1.1" 304 - "http://localhost:3000/" "Mozilla/5.0 (Windows NT 10.0; Win64; x64) AppleWebKit/537.36 (KHTML, like Gecko) Chrome/106.0.0.0 Safari/537.36"
::1 - - [06/Oct/2022:21:32:54 +0000] "GET /feastwell-backend/api/v1/imageDetails HTTP/1.1" 404 51 "-" "python-requests/2.28.1"
::1 - - [06/Oct/2022:21:32:55 +0000] "GET /feastwell-backend/api/v1/imageDetails HTTP/1.1" 404 51 "-" "python-requests/2.28.1"
::ffff:192.168.0.169 - - [06/Oct/2022:21:32:56 +0000] "GET /feastwell-backend/api/v1/user?userType=4 HTTP/1.1" 304 - "http://localhost:3000/" "Mozilla/5.0 (Windows NT 10.0; Win64; x64) AppleWebKit/537.36 (KHTML, like Gecko) Chrome/106.0.0.0 Safari/537.36"
::1 - - [06/Oct/2022:21:32:57 +0000] "GET /feastwell-backend/api/v1/imageDetails HTTP/1.1" 404 51 "-" "python-requests/2.28.1"
::ffff:192.168.0.169 - - [06/Oct/2022:21:32:57 +0000] "GET /feastwell-backend/api/v1/auth/login/sidebar HTTP/1.1" 304 - "http://localhost:3000/" "Mozilla/5.0 (Windows NT 10.0; Win64; x64) AppleWebKit/537.36 (KHTML, like Gecko) Chrome/106.0.0.0 Safari/537.36"
