::1 - - [06/Oct/2022:19:10:15 +0000] "GET /feastwell-backend/api/v1/imageDetails/byNurseId/10 HTTP/1.1" 200 226 "-" "okhttp/3.14.9"
::1 - - [06/Oct/2022:19:10:15 +0000] "GET /feastwell-backend/api/v1/mealTypes HTTP/1.1" 200 597 "-" "okhttp/3.14.9"
::1 - - [06/Oct/2022:19:10:17 +0000] "GET /feastwell-backend/api/v1/auth/login/sidebar HTTP/1.1" 200 2975 "-" "okhttp/3.14.9"
::1 - - [06/Oct/2022:19:10:23 +0000] "GET /feastwell-backend/api/v1/imageDetails/byNurseId/10 HTTP/1.1" 200 226 "-" "okhttp/3.14.9"
::1 - - [06/Oct/2022:19:10:23 +0000] "GET /feastwell-backend/api/v1/mealTypes HTTP/1.1" 200 597 "-" "okhttp/3.14.9"
::1 - - [06/Oct/2022:19:10:23 +0000] "GET /feastwell-backend/api/v1/auth/login/sidebar HTTP/1.1" - - "-" "okhttp/3.14.9"
::1 - - [06/Oct/2022:19:10:28 +0000] "GET /feastwell-backend/api/v1/auth/refresh HTTP/1.1" 200 374 "-" "okhttp/3.14.9"
::1 - - [06/Oct/2022:19:10:29 +0000] "GET /feastwell-backend/api/v1/auth/login HTTP/1.1" 200 392 "-" "okhttp/3.14.9"
::1 - - [06/Oct/2022:19:10:30 +0000] "GET /feastwell-backend/api/v1/imageDetails/byNurseId/10 HTTP/1.1" 200 226 "-" "okhttp/3.14.9"
::1 - - [06/Oct/2022:19:10:30 +0000] "GET /feastwell-backend/api/v1/mealTypes HTTP/1.1" 200 597 "-" "okhttp/3.14.9"
::1 - - [06/Oct/2022:19:10:32 +0000] "GET /feastwell-backend/api/v1/auth/login/sidebar HTTP/1.1" 200 2975 "-" "okhttp/3.14.9"
::1 - - [06/Oct/2022:19:10:33 +0000] "GET /feastwell-backend/api/v1/imagedetails/all HTTP/1.1" 200 643 "-" "okhttp/3.14.9"
::1 - - [06/Oct/2022:19:10:43 +0000] "GET /feastwell-backend/api/v1/imageDetails/byNurseId/10 HTTP/1.1" 200 226 "-" "okhttp/3.14.9"
::1 - - [06/Oct/2022:19:10:44 +0000] "GET /feastwell-backend/api/v1/mealTypes HTTP/1.1" 200 597 "-" "okhttp/3.14.9"
::1 - - [06/Oct/2022:19:10:46 +0000] "GET /feastwell-backend/api/v1/auth/login/sidebar HTTP/1.1" 200 2975 "-" "okhttp/3.14.9"
::1 - - [06/Oct/2022:19:11:03 +0000] "GET /feastwell-backend/api/v1/imageDetails/byNurseId/10 HTTP/1.1" 200 226 "-" "okhttp/3.14.9"
::1 - - [06/Oct/2022:19:11:03 +0000] "GET /feastwell-backend/api/v1/mealTypes HTTP/1.1" 200 597 "-" "okhttp/3.14.9"
::1 - - [06/Oct/2022:19:11:05 +0000] "GET /feastwell-backend/api/v1/auth/login/sidebar HTTP/1.1" 200 2975 "-" "okhttp/3.14.9"
::1 - - [06/Oct/2022:19:11:24 +0000] "GET /feastwell-backend/api/v1/imageDetails/byNurseId/10 HTTP/1.1" 200 226 "-" "okhttp/3.14.9"
::1 - - [06/Oct/2022:19:11:24 +0000] "GET /feastwell-backend/api/v1/mealTypes HTTP/1.1" 200 597 "-" "okhttp/3.14.9"
::1 - - [06/Oct/2022:19:11:27 +0000] "GET /feastwell-backend/api/v1/auth/login/sidebar HTTP/1.1" 200 2975 "-" "okhttp/3.14.9"
::1 - - [06/Oct/2022:19:11:33 +0000] "GET /feastwell-backend/api/v1/nurseResident?mealType=2 HTTP/1.1" 200 90 "-" "okhttp/3.14.9"
::1 - - [06/Oct/2022:19:11:33 +0000] "GET /feastwell-backend/api/v1/nurseResident?mealType=2 HTTP/1.1" 200 90 "-" "okhttp/3.14.9"
::1 - - [06/Oct/2022:19:11:38 +0000] "GET /feastwell-backend/api/v1/imageDetails/byNurseId/10 HTTP/1.1" 200 226 "-" "okhttp/3.14.9"
::1 - - [06/Oct/2022:19:11:38 +0000] "GET /feastwell-backend/api/v1/mealTypes HTTP/1.1" 200 597 "-" "okhttp/3.14.9"
::1 - - [06/Oct/2022:19:11:41 +0000] "GET /feastwell-backend/api/v1/auth/login/sidebar HTTP/1.1" 200 2975 "-" "okhttp/3.14.9"
::1 - - [06/Oct/2022:19:11:46 +0000] "GET /feastwell-backend/api/v1/nurseResident?mealType=1 HTTP/1.1" 200 90 "-" "okhttp/3.14.9"
::1 - - [06/Oct/2022:19:11:46 +0000] "GET /feastwell-backend/api/v1/nurseResident?mealType=1 HTTP/1.1" 200 90 "-" "okhttp/3.14.9"
::1 - - [06/Oct/2022:19:11:51 +0000] "GET /feastwell-backend/api/v1/imageDetails/byNurseId/10 HTTP/1.1" 200 226 "-" "okhttp/3.14.9"
::1 - - [06/Oct/2022:19:11:51 +0000] "GET /feastwell-backend/api/v1/mealTypes HTTP/1.1" 200 597 "-" "okhttp/3.14.9"
::1 - - [06/Oct/2022:19:11:54 +0000] "GET /feastwell-backend/api/v1/auth/login/sidebar HTTP/1.1" 200 2975 "-" "okhttp/3.14.9"
::1 - - [06/Oct/2022:19:12:05 +0000] "POST /feastwell-backend/api/v1/auth/login HTTP/1.1" 200 392 "-" "okhttp/3.14.9"
::1 - - [06/Oct/2022:19:12:06 +0000] "GET /feastwell-backend/api/v1/imageDetails/byNurseId/38 HTTP/1.1" 200 225 "-" "okhttp/3.14.9"
::1 - - [06/Oct/2022:19:12:06 +0000] "GET /feastwell-backend/api/v1/mealTypes HTTP/1.1" 200 597 "-" "okhttp/3.14.9"
::1 - - [06/Oct/2022:19:12:09 +0000] "GET /feastwell-backend/api/v1/auth/login/sidebar HTTP/1.1" 200 2975 "-" "okhttp/3.14.9"
::1 - - [06/Oct/2022:19:12:13 +0000] "GET /feastwell-backend/api/v1/nurseResident?mealType=1 HTTP/1.1" 200 399 "-" "okhttp/3.14.9"
::1 - - [06/Oct/2022:19:12:13 +0000] "GET /feastwell-backend/api/v1/nurseResident?mealType=1 HTTP/1.1" 200 399 "-" "okhttp/3.14.9"
::1 - - [06/Oct/2022:19:12:16 +0000] "GET /feastwell-backend/api/v1/imageDetails/byNurseId/38 HTTP/1.1" 200 225 "-" "okhttp/3.14.9"
::1 - - [06/Oct/2022:19:12:17 +0000] "GET /feastwell-backend/api/v1/mealTypes HTTP/1.1" 200 597 "-" "okhttp/3.14.9"
::1 - - [06/Oct/2022:19:12:17 +0000] "GET /feastwell-backend/api/v1/imagedetails/all HTTP/1.1" 200 643 "-" "okhttp/3.14.9"
::1 - - [06/Oct/2022:19:12:19 +0000] "GET /feastwell-backend/api/v1/auth/login/sidebar HTTP/1.1" 200 2975 "-" "okhttp/3.14.9"
::ffff:192.168.0.169 - - [06/Oct/2022:19:17:32 +0000] "POST /feastwell-backend/api/v1/auth/login HTTP/1.1" 200 387 "http://localhost:3000/" "Mozilla/5.0 (Windows NT 10.0; Win64; x64) AppleWebKit/537.36 (KHTML, like Gecko) Chrome/106.0.0.0 Safari/537.36"
::ffff:192.168.0.169 - - [06/Oct/2022:19:17:33 +0000] "GET /feastwell-backend/api/v1/user/1 HTTP/1.1" 200 422 "http://localhost:3000/" "Mozilla/5.0 (Windows NT 10.0; Win64; x64) AppleWebKit/537.36 (KHTML, like Gecko) Chrome/106.0.0.0 Safari/537.36"
::ffff:192.168.0.169 - - [06/Oct/2022:19:17:33 +0000] "POST /feastwell-backend/api/v1/userActivityLog HTTP/1.1" 201 79 "http://localhost:3000/" "Mozilla/5.0 (Windows NT 10.0; Win64; x64) AppleWebKit/537.36 (KHTML, like Gecko) Chrome/106.0.0.0 Safari/537.36"
::ffff:192.168.0.169 - - [06/Oct/2022:19:17:33 +0000] "PUT /feastwell-backend/api/v1/user/loginDetails/1 HTTP/1.1" 400 128 "http://localhost:3000/" "Mozilla/5.0 (Windows NT 10.0; Win64; x64) AppleWebKit/537.36 (KHTML, like Gecko) Chrome/106.0.0.0 Safari/537.36"
::ffff:192.168.0.169 - - [06/Oct/2022:19:17:36 +0000] "GET /feastwell-backend/api/v1/auth/login/sidebar HTTP/1.1" 200 2975 "http://localhost:3000/" "Mozilla/5.0 (Windows NT 10.0; Win64; x64) AppleWebKit/537.36 (KHTML, like Gecko) Chrome/106.0.0.0 Safari/537.36"
::ffff:192.168.0.169 - - [06/Oct/2022:19:17:39 +0000] "GET /feastwell-backend/api/v1/auth/login/sidebar HTTP/1.1" 304 - "http://localhost:3000/" "Mozilla/5.0 (Windows NT 10.0; Win64; x64) AppleWebKit/537.36 (KHTML, like Gecko) Chrome/106.0.0.0 Safari/537.36"
::ffff:192.168.0.169 - - [06/Oct/2022:19:17:43 +0000] "GET /feastwell-backend/api/v1/resident HTTP/1.1" 200 3713 "http://localhost:3000/" "Mozilla/5.0 (Windows NT 10.0; Win64; x64) AppleWebKit/537.36 (KHTML, like Gecko) Chrome/106.0.0.0 Safari/537.36"
::ffff:192.168.0.169 - - [06/Oct/2022:19:17:45 +0000] "GET /feastwell-backend/api/v1/auth/login/sidebar HTTP/1.1" 304 - "http://localhost:3000/" "Mozilla/5.0 (Windows NT 10.0; Win64; x64) AppleWebKit/537.36 (KHTML, like Gecko) Chrome/106.0.0.0 Safari/537.36"
::ffff:192.168.0.169 - - [06/Oct/2022:19:17:46 +0000] "GET /feastwell-backend/api/v1/user?userType=4 HTTP/1.1" 200 3062 "http://localhost:3000/" "Mozilla/5.0 (Windows NT 10.0; Win64; x64) AppleWebKit/537.36 (KHTML, like Gecko) Chrome/106.0.0.0 Safari/537.36"
::ffff:192.168.0.169 - - [06/Oct/2022:19:17:48 +0000] "GET /feastwell-backend/api/v1/auth/login/sidebar HTTP/1.1" 304 - "http://localhost:3000/" "Mozilla/5.0 (Windows NT 10.0; Win64; x64) AppleWebKit/537.36 (KHTML, like Gecko) Chrome/106.0.0.0 Safari/537.36"
::ffff:192.168.0.169 - - [06/Oct/2022:19:18:14 +0000] "GET /feastwell-backend/api/v1/auth/login/sidebar HTTP/1.1" 304 - "http://localhost:3000/" "Mozilla/5.0 (Windows NT 10.0; Win64; x64) AppleWebKit/537.36 (KHTML, like Gecko) Chrome/106.0.0.0 Safari/537.36"
::ffff:192.168.0.169 - - [06/Oct/2022:19:18:16 +0000] "GET /feastwell-backend/api/v1/user?userType=4 HTTP/1.1" 304 - "http://localhost:3000/" "Mozilla/5.0 (Windows NT 10.0; Win64; x64) AppleWebKit/537.36 (KHTML, like Gecko) Chrome/106.0.0.0 Safari/537.36"
::ffff:192.168.0.169 - - [06/Oct/2022:19:18:17 +0000] "GET /feastwell-backend/api/v1/resident HTTP/1.1" 304 - "http://localhost:3000/" "Mozilla/5.0 (Windows NT 10.0; Win64; x64) AppleWebKit/537.36 (KHTML, like Gecko) Chrome/106.0.0.0 Safari/537.36"
::ffff:192.168.0.169 - - [06/Oct/2022:19:18:18 +0000] "GET /feastwell-backend/api/v1/auth/login/sidebar HTTP/1.1" 304 - "http://localhost:3000/" "Mozilla/5.0 (Windows NT 10.0; Win64; x64) AppleWebKit/537.36 (KHTML, like Gecko) Chrome/106.0.0.0 Safari/537.36"
::ffff:192.168.0.169 - - [06/Oct/2022:19:18:19 +0000] "GET /feastwell-backend/api/v1/user?userType=4 HTTP/1.1" 304 - "http://localhost:3000/" "Mozilla/5.0 (Windows NT 10.0; Win64; x64) AppleWebKit/537.36 (KHTML, like Gecko) Chrome/106.0.0.0 Safari/537.36"
::ffff:192.168.0.169 - - [06/Oct/2022:19:18:20 +0000] "GET /feastwell-backend/api/v1/facility HTTP/1.1" 200 2466 "http://localhost:3000/" "Mozilla/5.0 (Windows NT 10.0; Win64; x64) AppleWebKit/537.36 (KHTML, like Gecko) Chrome/106.0.0.0 Safari/537.36"
::ffff:192.168.0.169 - - [06/Oct/2022:19:18:21 +0000] "GET /feastwell-backend/api/v1/auth/login/sidebar HTTP/1.1" 304 - "http://localhost:3000/" "Mozilla/5.0 (Windows NT 10.0; Win64; x64) AppleWebKit/537.36 (KHTML, like Gecko) Chrome/106.0.0.0 Safari/537.36"
::ffff:192.168.0.169 - - [06/Oct/2022:19:18:23 +0000] "GET /feastwell-backend/api/v1/auth/login/sidebar HTTP/1.1" - - "http://localhost:3000/" "Mozilla/5.0 (Windows NT 10.0; Win64; x64) AppleWebKit/537.36 (KHTML, like Gecko) Chrome/106.0.0.0 Safari/537.36"
::ffff:192.168.0.169 - - [06/Oct/2022:19:18:35 +0000] "POST /feastwell-backend/api/v1/auth/login HTTP/1.1" 200 387 "http://localhost:3000/" "Mozilla/5.0 (Windows NT 10.0; Win64; x64) AppleWebKit/537.36 (KHTML, like Gecko) Chrome/106.0.0.0 Safari/537.36"
::ffff:192.168.0.169 - - [06/Oct/2022:19:18:35 +0000] "GET /feastwell-backend/api/v1/user/1 HTTP/1.1" 200 422 "http://localhost:3000/" "Mozilla/5.0 (Windows NT 10.0; Win64; x64) AppleWebKit/537.36 (KHTML, like Gecko) Chrome/106.0.0.0 Safari/537.36"
::ffff:192.168.0.169 - - [06/Oct/2022:19:18:35 +0000] "POST /feastwell-backend/api/v1/userActivityLog HTTP/1.1" 201 79 "http://localhost:3000/" "Mozilla/5.0 (Windows NT 10.0; Win64; x64) AppleWebKit/537.36 (KHTML, like Gecko) Chrome/106.0.0.0 Safari/537.36"
::ffff:192.168.0.169 - - [06/Oct/2022:19:18:36 +0000] "PUT /feastwell-backend/api/v1/user/loginDetails/1 HTTP/1.1" 400 128 "http://localhost:3000/" "Mozilla/5.0 (Windows NT 10.0; Win64; x64) AppleWebKit/537.36 (KHTML, like Gecko) Chrome/106.0.0.0 Safari/537.36"
::ffff:192.168.0.169 - - [06/Oct/2022:19:18:38 +0000] "GET /feastwell-backend/api/v1/auth/login/sidebar HTTP/1.1" 200 2975 "http://localhost:3000/" "Mozilla/5.0 (Windows NT 10.0; Win64; x64) AppleWebKit/537.36 (KHTML, like Gecko) Chrome/106.0.0.0 Safari/537.36"
::ffff:192.168.0.169 - - [06/Oct/2022:19:18:41 +0000] "GET /feastwell-backend/api/v1/auth/login/sidebar HTTP/1.1" 304 - "http://localhost:3000/" "Mozilla/5.0 (Windows NT 10.0; Win64; x64) AppleWebKit/537.36 (KHTML, like Gecko) Chrome/106.0.0.0 Safari/537.36"
::ffff:192.168.0.169 - - [06/Oct/2022:19:19:14 +0000] "GET /feastwell-backend/api/v1/auth/login/sidebar HTTP/1.1" 304 - "http://localhost:3000/" "Mozilla/5.0 (Windows NT 10.0; Win64; x64) AppleWebKit/537.36 (KHTML, like Gecko) Chrome/106.0.0.0 Safari/537.36"
::ffff:192.168.0.169 - - [06/Oct/2022:19:19:23 +0000] "GET /feastwell-backend/api/v1/auth/login/sidebar HTTP/1.1" 304 - "http://localhost:3000/" "Mozilla/5.0 (Windows NT 10.0; Win64; x64) AppleWebKit/537.36 (KHTML, like Gecko) Chrome/106.0.0.0 Safari/537.36"
::ffff:192.168.0.169 - - [06/Oct/2022:19:19:40 +0000] "GET /feastwell-backend/api/v1/auth/login/sidebar HTTP/1.1" - - "http://localhost:3000/" "Mozilla/5.0 (Windows NT 10.0; Win64; x64) AppleWebKit/537.36 (KHTML, like Gecko) Chrome/106.0.0.0 Safari/537.36"
::ffff:192.168.0.169 - - [06/Oct/2022:19:19:43 +0000] "GET /feastwell-backend/api/v1/resident HTTP/1.1" 200 3713 "http://localhost:3000/" "Mozilla/5.0 (Windows NT 10.0; Win64; x64) AppleWebKit/537.36 (KHTML, like Gecko) Chrome/106.0.0.0 Safari/537.36"
::ffff:192.168.0.169 - - [06/Oct/2022:19:19:44 +0000] "GET /feastwell-backend/api/v1/auth/login/sidebar HTTP/1.1" 200 2975 "http://localhost:3000/" "Mozilla/5.0 (Windows NT 10.0; Win64; x64) AppleWebKit/537.36 (KHTML, like Gecko) Chrome/106.0.0.0 Safari/537.36"
::ffff:192.168.0.169 - - [06/Oct/2022:19:19:45 +0000] "GET /feastwell-backend/api/v1/user?userType=4 HTTP/1.1" 200 3062 "http://localhost:3000/" "Mozilla/5.0 (Windows NT 10.0; Win64; x64) AppleWebKit/537.36 (KHTML, like Gecko) Chrome/106.0.0.0 Safari/537.36"
::ffff:192.168.0.169 - - [06/Oct/2022:19:19:47 +0000] "GET /feastwell-backend/api/v1/auth/login/sidebar HTTP/1.1" 304 - "http://localhost:3000/" "Mozilla/5.0 (Windows NT 10.0; Win64; x64) AppleWebKit/537.36 (KHTML, like Gecko) Chrome/106.0.0.0 Safari/537.36"
::ffff:192.168.0.169 - - [06/Oct/2022:19:19:47 +0000] "GET /feastwell-backend/api/v1/auth/login/sidebar HTTP/1.1" - - "http://localhost:3000/" "Mozilla/5.0 (Windows NT 10.0; Win64; x64) AppleWebKit/537.36 (KHTML, like Gecko) Chrome/106.0.0.0 Safari/537.36"
::ffff:192.168.0.169 - - [06/Oct/2022:19:20:00 +0000] "POST /feastwell-backend/api/v1/auth/login HTTP/1.1" 200 387 "http://localhost:3000/" "Mozilla/5.0 (Windows NT 10.0; Win64; x64) AppleWebKit/537.36 (KHTML, like Gecko) Chrome/106.0.0.0 Safari/537.36"
::ffff:192.168.0.169 - - [06/Oct/2022:19:20:01 +0000] "GET /feastwell-backend/api/v1/user/1 HTTP/1.1" 200 422 "http://localhost:3000/" "Mozilla/5.0 (Windows NT 10.0; Win64; x64) AppleWebKit/537.36 (KHTML, like Gecko) Chrome/106.0.0.0 Safari/537.36"
::ffff:192.168.0.169 - - [06/Oct/2022:19:20:01 +0000] "POST /feastwell-backend/api/v1/userActivityLog HTTP/1.1" 201 79 "http://localhost:3000/" "Mozilla/5.0 (Windows NT 10.0; Win64; x64) AppleWebKit/537.36 (KHTML, like Gecko) Chrome/106.0.0.0 Safari/537.36"
::ffff:192.168.0.169 - - [06/Oct/2022:19:20:01 +0000] "PUT /feastwell-backend/api/v1/user/loginDetails/1 HTTP/1.1" 400 128 "http://localhost:3000/" "Mozilla/5.0 (Windows NT 10.0; Win64; x64) AppleWebKit/537.36 (KHTML, like Gecko) Chrome/106.0.0.0 Safari/537.36"
::ffff:192.168.0.169 - - [06/Oct/2022:19:20:04 +0000] "GET /feastwell-backend/api/v1/auth/login/sidebar HTTP/1.1" 200 2975 "http://localhost:3000/" "Mozilla/5.0 (Windows NT 10.0; Win64; x64) AppleWebKit/537.36 (KHTML, like Gecko) Chrome/106.0.0.0 Safari/537.36"
::ffff:192.168.0.169 - - [06/Oct/2022:19:20:07 +0000] "GET /feastwell-backend/api/v1/auth/login/sidebar HTTP/1.1" 304 - "http://localhost:3000/" "Mozilla/5.0 (Windows NT 10.0; Win64; x64) AppleWebKit/537.36 (KHTML, like Gecko) Chrome/106.0.0.0 Safari/537.36"
::ffff:192.168.0.169 - - [06/Oct/2022:19:20:33 +0000] "GET /feastwell-backend/api/v1/auth/login/sidebar HTTP/1.1" 200 2975 "http://localhost:3000/" "Mozilla/5.0 (Windows NT 10.0; Win64; x64) AppleWebKit/537.36 (KHTML, like Gecko) Chrome/106.0.0.0 Safari/537.36"
::ffff:192.168.0.169 - - [06/Oct/2022:19:22:54 +0000] "POST /feastwell-backend/api/v1/auth/login HTTP/1.1" 200 387 "http://localhost:3000/" "Mozilla/5.0 (Windows NT 10.0; Win64; x64) AppleWebKit/537.36 (KHTML, like Gecko) Chrome/106.0.0.0 Safari/537.36"
::ffff:192.168.0.169 - - [06/Oct/2022:19:22:54 +0000] "GET /feastwell-backend/api/v1/user/1 HTTP/1.1" 200 422 "http://localhost:3000/" "Mozilla/5.0 (Windows NT 10.0; Win64; x64) AppleWebKit/537.36 (KHTML, like Gecko) Chrome/106.0.0.0 Safari/537.36"
::ffff:192.168.0.169 - - [06/Oct/2022:19:22:54 +0000] "POST /feastwell-backend/api/v1/userActivityLog HTTP/1.1" 201 79 "http://localhost:3000/" "Mozilla/5.0 (Windows NT 10.0; Win64; x64) AppleWebKit/537.36 (KHTML, like Gecko) Chrome/106.0.0.0 Safari/537.36"
::ffff:192.168.0.169 - - [06/Oct/2022:19:22:55 +0000] "PUT /feastwell-backend/api/v1/user/loginDetails/1 HTTP/1.1" 400 128 "http://localhost:3000/" "Mozilla/5.0 (Windows NT 10.0; Win64; x64) AppleWebKit/537.36 (KHTML, like Gecko) Chrome/106.0.0.0 Safari/537.36"
::ffff:192.168.0.169 - - [06/Oct/2022:19:22:57 +0000] "GET /feastwell-backend/api/v1/auth/login/sidebar HTTP/1.1" 200 2975 "http://localhost:3000/" "Mozilla/5.0 (Windows NT 10.0; Win64; x64) AppleWebKit/537.36 (KHTML, like Gecko) Chrome/106.0.0.0 Safari/537.36"
::ffff:192.168.0.169 - - [06/Oct/2022:19:22:57 +0000] "GET /feastwell-backend/api/v1/auth/login/sidebar HTTP/1.1" 200 2975 "http://localhost:3000/" "Mozilla/5.0 (Windows NT 10.0; Win64; x64) AppleWebKit/537.36 (KHTML, like Gecko) Chrome/106.0.0.0 Safari/537.36"
::ffff:192.168.0.169 - - [06/Oct/2022:19:25:08 +0000] "GET /feastwell-backend/api/v1/auth/login/sidebar HTTP/1.1" 200 2975 "http://localhost:3000/" "Mozilla/5.0 (Windows NT 10.0; Win64; x64) AppleWebKit/537.36 (KHTML, like Gecko) Chrome/106.0.0.0 Safari/537.36"
::ffff:192.168.0.169 - - [06/Oct/2022:19:25:10 +0000] "GET /feastwell-backend/api/v1/resident HTTP/1.1" 200 3713 "http://localhost:3000/" "Mozilla/5.0 (Windows NT 10.0; Win64; x64) AppleWebKit/537.36 (KHTML, like Gecko) Chrome/106.0.0.0 Safari/537.36"
::ffff:192.168.0.169 - - [06/Oct/2022:19:25:12 +0000] "GET /feastwell-backend/api/v1/user?userType=4 HTTP/1.1" 200 3062 "http://localhost:3000/" "Mozilla/5.0 (Windows NT 10.0; Win64; x64) AppleWebKit/537.36 (KHTML, like Gecko) Chrome/106.0.0.0 Safari/537.36"
::ffff:192.168.0.169 - - [06/Oct/2022:19:25:12 +0000] "GET /feastwell-backend/api/v1/auth/login/sidebar HTTP/1.1" 200 2975 "http://localhost:3000/" "Mozilla/5.0 (Windows NT 10.0; Win64; x64) AppleWebKit/537.36 (KHTML, like Gecko) Chrome/106.0.0.0 Safari/537.36"
::ffff:192.168.0.169 - - [06/Oct/2022:19:25:15 +0000] "GET /feastwell-backend/api/v1/auth/login/sidebar HTTP/1.1" 200 2975 "http://localhost:3000/" "Mozilla/5.0 (Windows NT 10.0; Win64; x64) AppleWebKit/537.36 (KHTML, like Gecko) Chrome/106.0.0.0 Safari/537.36"
::ffff:192.168.0.169 - - [06/Oct/2022:19:25:38 +0000] "POST /feastwell-backend/api/v1/auth/login HTTP/1.1" 200 387 "http://localhost:3000/" "Mozilla/5.0 (Windows NT 10.0; Win64; x64) AppleWebKit/537.36 (KHTML, like Gecko) Chrome/106.0.0.0 Safari/537.36"
::ffff:192.168.0.169 - - [06/Oct/2022:19:25:39 +0000] "GET /feastwell-backend/api/v1/user/1 HTTP/1.1" 200 422 "http://localhost:3000/" "Mozilla/5.0 (Windows NT 10.0; Win64; x64) AppleWebKit/537.36 (KHTML, like Gecko) Chrome/106.0.0.0 Safari/537.36"
::ffff:192.168.0.169 - - [06/Oct/2022:19:25:39 +0000] "POST /feastwell-backend/api/v1/userActivityLog HTTP/1.1" 201 79 "http://localhost:3000/" "Mozilla/5.0 (Windows NT 10.0; Win64; x64) AppleWebKit/537.36 (KHTML, like Gecko) Chrome/106.0.0.0 Safari/537.36"
::ffff:192.168.0.169 - - [06/Oct/2022:19:25:39 +0000] "PUT /feastwell-backend/api/v1/user/loginDetails/1 HTTP/1.1" 400 128 "http://localhost:3000/" "Mozilla/5.0 (Windows NT 10.0; Win64; x64) AppleWebKit/537.36 (KHTML, like Gecko) Chrome/106.0.0.0 Safari/537.36"
::ffff:192.168.0.169 - - [06/Oct/2022:19:25:42 +0000] "GET /feastwell-backend/api/v1/auth/login/sidebar HTTP/1.1" 200 2975 "http://localhost:3000/" "Mozilla/5.0 (Windows NT 10.0; Win64; x64) AppleWebKit/537.36 (KHTML, like Gecko) Chrome/106.0.0.0 Safari/537.36"
::ffff:192.168.0.169 - - [06/Oct/2022:19:25:45 +0000] "GET /feastwell-backend/api/v1/auth/login/sidebar HTTP/1.1" 304 - "http://localhost:3000/" "Mozilla/5.0 (Windows NT 10.0; Win64; x64) AppleWebKit/537.36 (KHTML, like Gecko) Chrome/106.0.0.0 Safari/537.36"
::1 - - [06/Oct/2022:19:27:21 +0000] "GET /feastwell-backend/api/v1/auth/refresh HTTP/1.1" 200 374 "-" "okhttp/3.14.9"
::1 - - [06/Oct/2022:19:27:22 +0000] "GET /feastwell-backend/api/v1/auth/login HTTP/1.1" 200 392 "-" "okhttp/3.14.9"
::1 - - [06/Oct/2022:19:27:23 +0000] "GET /feastwell-backend/api/v1/imageDetails/byNurseId/38 HTTP/1.1" 200 225 "-" "okhttp/3.14.9"
::1 - - [06/Oct/2022:19:27:23 +0000] "GET /feastwell-backend/api/v1/mealTypes HTTP/1.1" 200 597 "-" "okhttp/3.14.9"
::ffff:192.168.0.169 - - [06/Oct/2022:19:27:25 +0000] "GET /feastwell-backend/api/v1/auth/login/sidebar HTTP/1.1" 200 2975 "http://localhost:3000/" "Mozilla/5.0 (Windows NT 10.0; Win64; x64) AppleWebKit/537.36 (KHTML, like Gecko) Chrome/106.0.0.0 Safari/537.36"
::1 - - [06/Oct/2022:19:27:25 +0000] "GET /feastwell-backend/api/v1/imagedetails/all HTTP/1.1" 200 643 "-" "okhttp/3.14.9"
::1 - - [06/Oct/2022:19:27:26 +0000] "GET /feastwell-backend/api/v1/auth/login/sidebar HTTP/1.1" 200 2975 "-" "okhttp/3.14.9"
::ffff:192.168.0.169 - - [06/Oct/2022:19:27:34 +0000] "GET /feastwell-backend/api/v1/auth/login/sidebar HTTP/1.1" 200 2975 "http://localhost:3000/" "Mozilla/5.0 (Windows NT 10.0; Win64; x64) AppleWebKit/537.36 (KHTML, like Gecko) Chrome/106.0.0.0 Safari/537.36"
::ffff:192.168.0.169 - - [06/Oct/2022:19:27:39 +0000] "GET /feastwell-backend/api/v1/auth/login/sidebar HTTP/1.1" 200 2975 "http://localhost:3000/" "Mozilla/5.0 (Windows NT 10.0; Win64; x64) AppleWebKit/537.36 (KHTML, like Gecko) Chrome/106.0.0.0 Safari/537.36"
::ffff:192.168.0.169 - - [06/Oct/2022:19:27:40 +0000] "GET /feastwell-backend/api/v1/resident HTTP/1.1" 200 3713 "http://localhost:3000/" "Mozilla/5.0 (Windows NT 10.0; Win64; x64) AppleWebKit/537.36 (KHTML, like Gecko) Chrome/106.0.0.0 Safari/537.36"
::ffff:192.168.0.169 - - [06/Oct/2022:19:27:42 +0000] "GET /feastwell-backend/api/v1/auth/login/sidebar HTTP/1.1" 200 2975 "http://localhost:3000/" "Mozilla/5.0 (Windows NT 10.0; Win64; x64) AppleWebKit/537.36 (KHTML, like Gecko) Chrome/106.0.0.0 Safari/537.36"
::ffff:192.168.0.169 - - [06/Oct/2022:19:27:46 +0000] "GET /feastwell-backend/api/v1/user?userType=4 HTTP/1.1" 200 3062 "http://localhost:3000/" "Mozilla/5.0 (Windows NT 10.0; Win64; x64) AppleWebKit/537.36 (KHTML, like Gecko) Chrome/106.0.0.0 Safari/537.36"
::ffff:192.168.0.169 - - [06/Oct/2022:19:27:48 +0000] "GET /feastwell-backend/api/v1/auth/login/sidebar HTTP/1.1" 200 2975 "http://localhost:3000/" "Mozilla/5.0 (Windows NT 10.0; Win64; x64) AppleWebKit/537.36 (KHTML, like Gecko) Chrome/106.0.0.0 Safari/537.36"
::ffff:192.168.0.169 - - [06/Oct/2022:19:27:57 +0000] "POST /feastwell-backend/api/v1/auth/login HTTP/1.1" 200 387 "http://localhost:3000/" "Mozilla/5.0 (Windows NT 10.0; Win64; x64) AppleWebKit/537.36 (KHTML, like Gecko) Chrome/106.0.0.0 Safari/537.36"
::ffff:192.168.0.169 - - [06/Oct/2022:19:27:58 +0000] "GET /feastwell-backend/api/v1/user/1 HTTP/1.1" 200 422 "http://localhost:3000/" "Mozilla/5.0 (Windows NT 10.0; Win64; x64) AppleWebKit/537.36 (KHTML, like Gecko) Chrome/106.0.0.0 Safari/537.36"
::ffff:192.168.0.169 - - [06/Oct/2022:19:27:58 +0000] "POST /feastwell-backend/api/v1/userActivityLog HTTP/1.1" 201 79 "http://localhost:3000/" "Mozilla/5.0 (Windows NT 10.0; Win64; x64) AppleWebKit/537.36 (KHTML, like Gecko) Chrome/106.0.0.0 Safari/537.36"
::ffff:192.168.0.169 - - [06/Oct/2022:19:27:58 +0000] "PUT /feastwell-backend/api/v1/user/loginDetails/1 HTTP/1.1" 400 128 "http://localhost:3000/" "Mozilla/5.0 (Windows NT 10.0; Win64; x64) AppleWebKit/537.36 (KHTML, like Gecko) Chrome/106.0.0.0 Safari/537.36"
::ffff:192.168.0.169 - - [06/Oct/2022:19:28:01 +0000] "GET /feastwell-backend/api/v1/auth/login/sidebar HTTP/1.1" 200 2975 "http://localhost:3000/" "Mozilla/5.0 (Windows NT 10.0; Win64; x64) AppleWebKit/537.36 (KHTML, like Gecko) Chrome/106.0.0.0 Safari/537.36"
::ffff:192.168.0.169 - - [06/Oct/2022:19:28:01 +0000] "GET /feastwell-backend/api/v1/auth/login/sidebar HTTP/1.1" 200 2975 "http://localhost:3000/" "Mozilla/5.0 (Windows NT 10.0; Win64; x64) AppleWebKit/537.36 (KHTML, like Gecko) Chrome/106.0.0.0 Safari/537.36"
::ffff:192.168.0.169 - - [06/Oct/2022:19:28:08 +0000] "GET /feastwell-backend/api/v1/resident HTTP/1.1" 304 - "http://localhost:3000/" "Mozilla/5.0 (Windows NT 10.0; Win64; x64) AppleWebKit/537.36 (KHTML, like Gecko) Chrome/106.0.0.0 Safari/537.36"
::1 - - [06/Oct/2022:19:28:09 +0000] "GET /feastwell-backend/api/v1/imageDetails/byNurseId/38 HTTP/1.1" 200 225 "-" "okhttp/3.14.9"
::ffff:192.168.0.169 - - [06/Oct/2022:19:28:09 +0000] "GET /feastwell-backend/api/v1/user?userType=4 HTTP/1.1" 304 - "http://localhost:3000/" "Mozilla/5.0 (Windows NT 10.0; Win64; x64) AppleWebKit/537.36 (KHTML, like Gecko) Chrome/106.0.0.0 Safari/537.36"
::1 - - [06/Oct/2022:19:28:10 +0000] "GET /feastwell-backend/api/v1/mealTypes HTTP/1.1" 200 597 "-" "okhttp/3.14.9"
::ffff:192.168.0.169 - - [06/Oct/2022:19:28:10 +0000] "GET /feastwell-backend/api/v1/auth/login/sidebar HTTP/1.1" 304 - "http://localhost:3000/" "Mozilla/5.0 (Windows NT 10.0; Win64; x64) AppleWebKit/537.36 (KHTML, like Gecko) Chrome/106.0.0.0 Safari/537.36"
::ffff:192.168.0.169 - - [06/Oct/2022:19:28:11 +0000] "GET /feastwell-backend/api/v1/auth/login/sidebar HTTP/1.1" - - "http://localhost:3000/" "Mozilla/5.0 (Windows NT 10.0; Win64; x64) AppleWebKit/537.36 (KHTML, like Gecko) Chrome/106.0.0.0 Safari/537.36"
::1 - - [06/Oct/2022:19:28:12 +0000] "GET /feastwell-backend/api/v1/auth/login/sidebar HTTP/1.1" 200 2975 "-" "okhttp/3.14.9"
::ffff:192.168.0.169 - - [06/Oct/2022:19:28:23 +0000] "POST /feastwell-backend/api/v1/auth/login HTTP/1.1" 200 387 "http://localhost:3000/" "Mozilla/5.0 (Windows NT 10.0; Win64; x64) AppleWebKit/537.36 (KHTML, like Gecko) Chrome/106.0.0.0 Safari/537.36"
::ffff:192.168.0.169 - - [06/Oct/2022:19:28:23 +0000] "GET /feastwell-backend/api/v1/user/1 HTTP/1.1" 200 422 "http://localhost:3000/" "Mozilla/5.0 (Windows NT 10.0; Win64; x64) AppleWebKit/537.36 (KHTML, like Gecko) Chrome/106.0.0.0 Safari/537.36"
::ffff:192.168.0.169 - - [06/Oct/2022:19:28:24 +0000] "POST /feastwell-backend/api/v1/userActivityLog HTTP/1.1" 201 79 "http://localhost:3000/" "Mozilla/5.0 (Windows NT 10.0; Win64; x64) AppleWebKit/537.36 (KHTML, like Gecko) Chrome/106.0.0.0 Safari/537.36"
::1 - - [06/Oct/2022:19:28:24 +0000] "GET /feastwell-backend/api/v1/analytics/nutrients?residentId=1 HTTP/1.1" 404 53 "-" "okhttp/3.14.9"
::ffff:192.168.0.169 - - [06/Oct/2022:19:28:24 +0000] "PUT /feastwell-backend/api/v1/user/loginDetails/1 HTTP/1.1" 400 128 "http://localhost:3000/" "Mozilla/5.0 (Windows NT 10.0; Win64; x64) AppleWebKit/537.36 (KHTML, like Gecko) Chrome/106.0.0.0 Safari/537.36"
::ffff:192.168.0.169 - - [06/Oct/2022:19:28:27 +0000] "GET /feastwell-backend/api/v1/auth/login/sidebar HTTP/1.1" 200 2975 "http://localhost:3000/" "Mozilla/5.0 (Windows NT 10.0; Win64; x64) AppleWebKit/537.36 (KHTML, like Gecko) Chrome/106.0.0.0 Safari/537.36"
::1 - - [06/Oct/2022:19:28:27 +0000] "GET /feastwell-backend/api/v1/analytics/nutrients?residentId=2 HTTP/1.1" 404 53 "-" "okhttp/3.14.9"
::ffff:192.168.0.169 - - [06/Oct/2022:19:28:29 +0000] "GET /feastwell-backend/api/v1/auth/login/sidebar HTTP/1.1" 304 - "http://localhost:3000/" "Mozilla/5.0 (Windows NT 10.0; Win64; x64) AppleWebKit/537.36 (KHTML, like Gecko) Chrome/106.0.0.0 Safari/537.36"
::1 - - [06/Oct/2022:19:28:31 +0000] "GET /feastwell-backend/api/v1/analytics/nutrients?residentId=6 HTTP/1.1" 404 53 "-" "okhttp/3.14.9"
::1 - - [06/Oct/2022:19:28:40 +0000] "GET /feastwell-backend/api/v1/imageDetails/byNurseId/38 HTTP/1.1" 200 225 "-" "okhttp/3.14.9"
::1 - - [06/Oct/2022:19:28:41 +0000] "GET /feastwell-backend/api/v1/mealTypes HTTP/1.1" 200 597 "-" "okhttp/3.14.9"
::1 - - [06/Oct/2022:19:28:43 +0000] "GET /feastwell-backend/api/v1/auth/login/sidebar HTTP/1.1" 200 2975 "-" "okhttp/3.14.9"
::ffff:192.168.0.169 - - [06/Oct/2022:19:28:49 +0000] "GET /feastwell-backend/api/v1/auth/login/sidebar HTTP/1.1" 304 - "http://localhost:3000/" "Mozilla/5.0 (Windows NT 10.0; Win64; x64) AppleWebKit/537.36 (KHTML, like Gecko) Chrome/106.0.0.0 Safari/537.36"
::1 - - [06/Oct/2022:19:28:54 +0000] "GET /feastwell-backend/api/v1/imageDetails/byNurseId/38 HTTP/1.1" 200 225 "-" "okhttp/3.14.9"
::1 - - [06/Oct/2022:19:28:55 +0000] "GET /feastwell-backend/api/v1/mealTypes HTTP/1.1" 200 597 "-" "okhttp/3.14.9"
::1 - - [06/Oct/2022:19:28:57 +0000] "GET /feastwell-backend/api/v1/auth/login/sidebar HTTP/1.1" 200 2975 "-" "okhttp/3.14.9"
::1 - - [06/Oct/2022:19:29:04 +0000] "GET /feastwell-backend/api/v1/imageDetails/byNurseId/38 HTTP/1.1" 200 225 "-" "okhttp/3.14.9"
::1 - - [06/Oct/2022:19:29:04 +0000] "GET /feastwell-backend/api/v1/mealTypes HTTP/1.1" 200 597 "-" "okhttp/3.14.9"
::1 - - [06/Oct/2022:19:29:07 +0000] "GET /feastwell-backend/api/v1/auth/login/sidebar HTTP/1.1" 200 2975 "-" "okhttp/3.14.9"
::1 - - [06/Oct/2022:19:29:07 +0000] "GET /feastwell-backend/api/v1/imagedetails/all HTTP/1.1" 200 643 "-" "okhttp/3.14.9"
::ffff:192.168.0.169 - - [06/Oct/2022:19:29:22 +0000] "GET /feastwell-backend/api/v1/auth/login/sidebar HTTP/1.1" 304 - "http://localhost:3000/" "Mozilla/5.0 (Windows NT 10.0; Win64; x64) AppleWebKit/537.36 (KHTML, like Gecko) Chrome/106.0.0.0 Safari/537.36"
::ffff:192.168.0.169 - - [06/Oct/2022:19:29:37 +0000] "GET /feastwell-backend/api/v1/auth/login/sidebar HTTP/1.1" 304 - "http://localhost:3000/" "Mozilla/5.0 (Windows NT 10.0; Win64; x64) AppleWebKit/537.36 (KHTML, like Gecko) Chrome/106.0.0.0 Safari/537.36"
::ffff:192.168.0.169 - - [06/Oct/2022:19:30:48 +0000] "POST /feastwell-backend/api/v1/auth/login HTTP/1.1" 200 387 "http://localhost:3000/" "Mozilla/5.0 (Windows NT 10.0; Win64; x64) AppleWebKit/537.36 (KHTML, like Gecko) Chrome/106.0.0.0 Safari/537.36"
::ffff:192.168.0.169 - - [06/Oct/2022:19:30:48 +0000] "GET /feastwell-backend/api/v1/user/1 HTTP/1.1" 200 422 "http://localhost:3000/" "Mozilla/5.0 (Windows NT 10.0; Win64; x64) AppleWebKit/537.36 (KHTML, like Gecko) Chrome/106.0.0.0 Safari/537.36"
::ffff:192.168.0.169 - - [06/Oct/2022:19:30:48 +0000] "POST /feastwell-backend/api/v1/userActivityLog HTTP/1.1" 201 79 "http://localhost:3000/" "Mozilla/5.0 (Windows NT 10.0; Win64; x64) AppleWebKit/537.36 (KHTML, like Gecko) Chrome/106.0.0.0 Safari/537.36"
::ffff:192.168.0.169 - - [06/Oct/2022:19:30:49 +0000] "PUT /feastwell-backend/api/v1/user/loginDetails/1 HTTP/1.1" 400 128 "http://localhost:3000/" "Mozilla/5.0 (Windows NT 10.0; Win64; x64) AppleWebKit/537.36 (KHTML, like Gecko) Chrome/106.0.0.0 Safari/537.36"
::ffff:192.168.0.169 - - [06/Oct/2022:19:30:51 +0000] "GET /feastwell-backend/api/v1/auth/login/sidebar HTTP/1.1" 200 2975 "http://localhost:3000/" "Mozilla/5.0 (Windows NT 10.0; Win64; x64) AppleWebKit/537.36 (KHTML, like Gecko) Chrome/106.0.0.0 Safari/537.36"
::ffff:192.168.0.169 - - [06/Oct/2022:19:30:54 +0000] "GET /feastwell-backend/api/v1/auth/login/sidebar HTTP/1.1" 304 - "http://localhost:3000/" "Mozilla/5.0 (Windows NT 10.0; Win64; x64) AppleWebKit/537.36 (KHTML, like Gecko) Chrome/106.0.0.0 Safari/537.36"
::ffff:192.168.0.169 - - [06/Oct/2022:19:31:26 +0000] "GET /feastwell-backend/api/v1/auth/login/sidebar HTTP/1.1" 304 - "http://localhost:3000/" "Mozilla/5.0 (Windows NT 10.0; Win64; x64) AppleWebKit/537.36 (KHTML, like Gecko) Chrome/106.0.0.0 Safari/537.36"
::1 - - [06/Oct/2022:19:32:01 +0000] "GET /feastwell-backend/api/v1/nurseResident HTTP/1.1" 404 47 "-" "PostmanRuntime/7.29.2"
::1 - - [06/Oct/2022:19:32:45 +0000] "GET /feastwell-backend/api/v1/nurseResident HTTP/1.1" 404 47 "-" "PostmanRuntime/7.29.2"
::1 - - [06/Oct/2022:19:33:29 +0000] "GET /feastwell-backend/api/v1/nurseResident HTTP/1.1" 404 47 "-" "PostmanRuntime/7.29.2"
::1 - - [06/Oct/2022:19:33:52 +0000] "POST /feastwell-backend/api/v1/auth/login HTTP/1.1" 200 392 "-" "PostmanRuntime/7.29.2"
::1 - - [06/Oct/2022:19:34:23 +0000] "GET /feastwell-backend/api/v1/nurseResident HTTP/1.1" 404 47 "-" "PostmanRuntime/7.29.2"
::ffff:192.168.0.169 - - [06/Oct/2022:19:34:42 +0000] "GET /feastwell-backend/api/v1/auth/login/sidebar HTTP/1.1" 304 - "http://localhost:3000/" "Mozilla/5.0 (Windows NT 10.0; Win64; x64) AppleWebKit/537.36 (KHTML, like Gecko) Chrome/106.0.0.0 Safari/537.36"
::ffff:192.168.0.169 - - [06/Oct/2022:19:34:45 +0000] "GET /feastwell-backend/api/v1/auth/login/sidebar HTTP/1.1" 304 - "http://localhost:3000/" "Mozilla/5.0 (Windows NT 10.0; Win64; x64) AppleWebKit/537.36 (KHTML, like Gecko) Chrome/106.0.0.0 Safari/537.36"
::ffff:192.168.0.169 - - [06/Oct/2022:19:34:59 +0000] "GET /feastwell-backend/api/v1/auth/login/sidebar HTTP/1.1" 304 - "http://localhost:3000/" "Mozilla/5.0 (Windows NT 10.0; Win64; x64) AppleWebKit/537.36 (KHTML, like Gecko) Chrome/106.0.0.0 Safari/537.36"
::1 - - [06/Oct/2022:19:35:16 +0000] "GET /feastwell-backend/api/v1/nurseResident HTTP/1.1" 404 47 "-" "PostmanRuntime/7.29.2"
::ffff:192.168.0.169 - - [06/Oct/2022:19:35:34 +0000] "GET /feastwell-backend/api/v1/auth/login/sidebar HTTP/1.1" 200 2975 "http://localhost:3000/" "Mozilla/5.0 (Windows NT 10.0; Win64; x64) AppleWebKit/537.36 (KHTML, like Gecko) Chrome/106.0.0.0 Safari/537.36"
::ffff:192.168.0.169 - - [06/Oct/2022:19:35:39 +0000] "GET /feastwell-backend/api/v1/auth/login/sidebar HTTP/1.1" 200 2975 "http://localhost:3000/" "Mozilla/5.0 (Windows NT 10.0; Win64; x64) AppleWebKit/537.36 (KHTML, like Gecko) Chrome/106.0.0.0 Safari/537.36"
::ffff:192.168.0.169 - - [06/Oct/2022:19:36:12 +0000] "GET /feastwell-backend/api/v1/auth/login/sidebar HTTP/1.1" 200 2975 "http://localhost:3000/" "Mozilla/5.0 (Windows NT 10.0; Win64; x64) AppleWebKit/537.36 (KHTML, like Gecko) Chrome/106.0.0.0 Safari/537.36"
::ffff:192.168.0.169 - - [06/Oct/2022:19:36:19 +0000] "GET /feastwell-backend/api/v1/auth/login/sidebar HTTP/1.1" 200 2975 "http://localhost:3000/" "Mozilla/5.0 (Windows NT 10.0; Win64; x64) AppleWebKit/537.36 (KHTML, like Gecko) Chrome/106.0.0.0 Safari/537.36"
::ffff:192.168.0.169 - - [06/Oct/2022:19:36:22 +0000] "GET /feastwell-backend/api/v1/resident HTTP/1.1" 200 3713 "http://localhost:3000/" "Mozilla/5.0 (Windows NT 10.0; Win64; x64) AppleWebKit/537.36 (KHTML, like Gecko) Chrome/106.0.0.0 Safari/537.36"
::ffff:192.168.0.169 - - [06/Oct/2022:19:36:24 +0000] "GET /feastwell-backend/api/v1/user?userType=4 HTTP/1.1" 200 3062 "http://localhost:3000/" "Mozilla/5.0 (Windows NT 10.0; Win64; x64) AppleWebKit/537.36 (KHTML, like Gecko) Chrome/106.0.0.0 Safari/537.36"
::ffff:192.168.0.169 - - [06/Oct/2022:19:36:25 +0000] "GET /feastwell-backend/api/v1/auth/login/sidebar HTTP/1.1" 304 - "http://localhost:3000/" "Mozilla/5.0 (Windows NT 10.0; Win64; x64) AppleWebKit/537.36 (KHTML, like Gecko) Chrome/106.0.0.0 Safari/537.36"
::ffff:192.168.0.169 - - [06/Oct/2022:19:36:26 +0000] "GET /feastwell-backend/api/v1/auth/login/sidebar HTTP/1.1" - - "http://localhost:3000/" "Mozilla/5.0 (Windows NT 10.0; Win64; x64) AppleWebKit/537.36 (KHTML, like Gecko) Chrome/106.0.0.0 Safari/537.36"
::ffff:192.168.0.169 - - [06/Oct/2022:19:36:55 +0000] "POST /feastwell-backend/api/v1/auth/login HTTP/1.1" 200 387 "http://localhost:3000/" "Mozilla/5.0 (Windows NT 10.0; Win64; x64) AppleWebKit/537.36 (KHTML, like Gecko) Chrome/106.0.0.0 Safari/537.36"
::ffff:192.168.0.169 - - [06/Oct/2022:19:36:56 +0000] "GET /feastwell-backend/api/v1/user/1 HTTP/1.1" 200 422 "http://localhost:3000/" "Mozilla/5.0 (Windows NT 10.0; Win64; x64) AppleWebKit/537.36 (KHTML, like Gecko) Chrome/106.0.0.0 Safari/537.36"
::ffff:192.168.0.169 - - [06/Oct/2022:19:36:56 +0000] "POST /feastwell-backend/api/v1/userActivityLog HTTP/1.1" 201 79 "http://localhost:3000/" "Mozilla/5.0 (Windows NT 10.0; Win64; x64) AppleWebKit/537.36 (KHTML, like Gecko) Chrome/106.0.0.0 Safari/537.36"
::ffff:192.168.0.169 - - [06/Oct/2022:19:36:56 +0000] "PUT /feastwell-backend/api/v1/user/loginDetails/1 HTTP/1.1" 400 128 "http://localhost:3000/" "Mozilla/5.0 (Windows NT 10.0; Win64; x64) AppleWebKit/537.36 (KHTML, like Gecko) Chrome/106.0.0.0 Safari/537.36"
::ffff:192.168.0.169 - - [06/Oct/2022:19:36:59 +0000] "GET /feastwell-backend/api/v1/auth/login/sidebar HTTP/1.1" 200 2975 "http://localhost:3000/" "Mozilla/5.0 (Windows NT 10.0; Win64; x64) AppleWebKit/537.36 (KHTML, like Gecko) Chrome/106.0.0.0 Safari/537.36"
::ffff:192.168.0.169 - - [06/Oct/2022:19:37:02 +0000] "GET /feastwell-backend/api/v1/auth/login/sidebar HTTP/1.1" 304 - "http://localhost:3000/" "Mozilla/5.0 (Windows NT 10.0; Win64; x64) AppleWebKit/537.36 (KHTML, like Gecko) Chrome/106.0.0.0 Safari/537.36"
::1 - - [06/Oct/2022:19:37:06 +0000] "GET /feastwell-backend/api/v1/nurseResident HTTP/1.1" 200 90 "-" "PostmanRuntime/7.29.2"
::ffff:192.168.0.169 - - [06/Oct/2022:19:37:26 +0000] "GET /feastwell-backend/api/v1/auth/login/sidebar HTTP/1.1" 200 2975 "http://localhost:3000/" "Mozilla/5.0 (Windows NT 10.0; Win64; x64) AppleWebKit/537.36 (KHTML, like Gecko) Chrome/106.0.0.0 Safari/537.36"
::1 - - [06/Oct/2022:19:37:35 +0000] "GET /feastwell-backend/api/v1/nurseResident HTTP/1.1" 404 47 "-" "PostmanRuntime/7.29.2"
::ffff:192.168.0.169 - - [06/Oct/2022:19:37:48 +0000] "GET /feastwell-backend/api/v1/auth/login/sidebar HTTP/1.1" 200 2975 "http://localhost:3000/" "Mozilla/5.0 (Windows NT 10.0; Win64; x64) AppleWebKit/537.36 (KHTML, like Gecko) Chrome/106.0.0.0 Safari/537.36"
::1 - - [06/Oct/2022:19:37:56 +0000] "GET /feastwell-backend/api/v1/nurseResident HTTP/1.1" 200 90 "-" "PostmanRuntime/7.29.2"
::ffff:192.168.0.169 - - [06/Oct/2022:19:40:00 +0000] "GET /feastwell-backend/api/v1/auth/login/sidebar HTTP/1.1" 200 2975 "http://localhost:3000/" "Mozilla/5.0 (Windows NT 10.0; Win64; x64) AppleWebKit/537.36 (KHTML, like Gecko) Chrome/106.0.0.0 Safari/537.36"
::ffff:192.168.0.169 - - [06/Oct/2022:19:40:17 +0000] "POST /feastwell-backend/api/v1/auth/login HTTP/1.1" 200 387 "http://localhost:3000/" "Mozilla/5.0 (Windows NT 10.0; Win64; x64) AppleWebKit/537.36 (KHTML, like Gecko) Chrome/106.0.0.0 Safari/537.36"
::ffff:192.168.0.169 - - [06/Oct/2022:19:40:18 +0000] "GET /feastwell-backend/api/v1/user/1 HTTP/1.1" 200 422 "http://localhost:3000/" "Mozilla/5.0 (Windows NT 10.0; Win64; x64) AppleWebKit/537.36 (KHTML, like Gecko) Chrome/106.0.0.0 Safari/537.36"
::ffff:192.168.0.169 - - [06/Oct/2022:19:40:18 +0000] "POST /feastwell-backend/api/v1/userActivityLog HTTP/1.1" 201 79 "http://localhost:3000/" "Mozilla/5.0 (Windows NT 10.0; Win64; x64) AppleWebKit/537.36 (KHTML, like Gecko) Chrome/106.0.0.0 Safari/537.36"
::ffff:192.168.0.169 - - [06/Oct/2022:19:40:18 +0000] "PUT /feastwell-backend/api/v1/user/loginDetails/1 HTTP/1.1" 400 128 "http://localhost:3000/" "Mozilla/5.0 (Windows NT 10.0; Win64; x64) AppleWebKit/537.36 (KHTML, like Gecko) Chrome/106.0.0.0 Safari/537.36"
::ffff:192.168.0.169 - - [06/Oct/2022:19:40:21 +0000] "GET /feastwell-backend/api/v1/auth/login/sidebar HTTP/1.1" 200 2975 "http://localhost:3000/" "Mozilla/5.0 (Windows NT 10.0; Win64; x64) AppleWebKit/537.36 (KHTML, like Gecko) Chrome/106.0.0.0 Safari/537.36"
::ffff:192.168.0.169 - - [06/Oct/2022:19:40:24 +0000] "GET /feastwell-backend/api/v1/auth/login/sidebar HTTP/1.1" 304 - "http://localhost:3000/" "Mozilla/5.0 (Windows NT 10.0; Win64; x64) AppleWebKit/537.36 (KHTML, like Gecko) Chrome/106.0.0.0 Safari/537.36"
::ffff:192.168.0.169 - - [06/Oct/2022:19:40:43 +0000] "GET /feastwell-backend/api/v1/auth/login/sidebar HTTP/1.1" 200 2975 "http://localhost:3000/" "Mozilla/5.0 (Windows NT 10.0; Win64; x64) AppleWebKit/537.36 (KHTML, like Gecko) Chrome/106.0.0.0 Safari/537.36"
::ffff:192.168.0.169 - - [06/Oct/2022:19:42:06 +0000] "POST /feastwell-backend/api/v1/auth/login HTTP/1.1" 200 387 "http://localhost:3000/" "Mozilla/5.0 (Windows NT 10.0; Win64; x64) AppleWebKit/537.36 (KHTML, like Gecko) Chrome/106.0.0.0 Safari/537.36"
::ffff:192.168.0.169 - - [06/Oct/2022:19:42:06 +0000] "GET /feastwell-backend/api/v1/user/1 HTTP/1.1" 200 422 "http://localhost:3000/" "Mozilla/5.0 (Windows NT 10.0; Win64; x64) AppleWebKit/537.36 (KHTML, like Gecko) Chrome/106.0.0.0 Safari/537.36"
::ffff:192.168.0.169 - - [06/Oct/2022:19:42:07 +0000] "POST /feastwell-backend/api/v1/userActivityLog HTTP/1.1" 201 79 "http://localhost:3000/" "Mozilla/5.0 (Windows NT 10.0; Win64; x64) AppleWebKit/537.36 (KHTML, like Gecko) Chrome/106.0.0.0 Safari/537.36"
::ffff:192.168.0.169 - - [06/Oct/2022:19:42:07 +0000] "PUT /feastwell-backend/api/v1/user/loginDetails/1 HTTP/1.1" 400 128 "http://localhost:3000/" "Mozilla/5.0 (Windows NT 10.0; Win64; x64) AppleWebKit/537.36 (KHTML, like Gecko) Chrome/106.0.0.0 Safari/537.36"
::ffff:192.168.0.169 - - [06/Oct/2022:19:43:13 +0000] "GET /feastwell-backend/api/v1/auth/login/sidebar HTTP/1.1" 200 2975 "http://localhost:3000/" "Mozilla/5.0 (Windows NT 10.0; Win64; x64) AppleWebKit/537.36 (KHTML, like Gecko) Chrome/106.0.0.0 Safari/537.36"
::ffff:192.168.0.169 - - [06/Oct/2022:19:43:22 +0000] "GET /feastwell-backend/api/v1/auth/login/sidebar HTTP/1.1" 200 2975 "http://localhost:3000/" "Mozilla/5.0 (Windows NT 10.0; Win64; x64) AppleWebKit/537.36 (KHTML, like Gecko) Chrome/106.0.0.0 Safari/537.36"
::ffff:192.168.0.169 - - [06/Oct/2022:19:45:10 +0000] "POST /feastwell-backend/api/v1/auth/login HTTP/1.1" 200 387 "http://localhost:3000/" "Mozilla/5.0 (Windows NT 10.0; Win64; x64) AppleWebKit/537.36 (KHTML, like Gecko) Chrome/106.0.0.0 Safari/537.36"
::ffff:192.168.0.169 - - [06/Oct/2022:19:45:10 +0000] "GET /feastwell-backend/api/v1/user/1 HTTP/1.1" 200 422 "http://localhost:3000/" "Mozilla/5.0 (Windows NT 10.0; Win64; x64) AppleWebKit/537.36 (KHTML, like Gecko) Chrome/106.0.0.0 Safari/537.36"
::ffff:192.168.0.169 - - [06/Oct/2022:19:45:10 +0000] "POST /feastwell-backend/api/v1/userActivityLog HTTP/1.1" 201 79 "http://localhost:3000/" "Mozilla/5.0 (Windows NT 10.0; Win64; x64) AppleWebKit/537.36 (KHTML, like Gecko) Chrome/106.0.0.0 Safari/537.36"
::ffff:192.168.0.169 - - [06/Oct/2022:19:45:11 +0000] "PUT /feastwell-backend/api/v1/user/loginDetails/1 HTTP/1.1" 400 128 "http://localhost:3000/" "Mozilla/5.0 (Windows NT 10.0; Win64; x64) AppleWebKit/537.36 (KHTML, like Gecko) Chrome/106.0.0.0 Safari/537.36"
::ffff:192.168.0.169 - - [06/Oct/2022:19:45:14 +0000] "GET /feastwell-backend/api/v1/auth/login/sidebar HTTP/1.1" 200 2975 "http://localhost:3000/" "Mozilla/5.0 (Windows NT 10.0; Win64; x64) AppleWebKit/537.36 (KHTML, like Gecko) Chrome/106.0.0.0 Safari/537.36"
::ffff:192.168.0.169 - - [06/Oct/2022:19:45:14 +0000] "GET /feastwell-backend/api/v1/auth/login/sidebar HTTP/1.1" 200 2975 "http://localhost:3000/" "Mozilla/5.0 (Windows NT 10.0; Win64; x64) AppleWebKit/537.36 (KHTML, like Gecko) Chrome/106.0.0.0 Safari/537.36"
::ffff:192.168.0.169 - - [06/Oct/2022:19:45:58 +0000] "GET /feastwell-backend/api/v1/auth/login/sidebar HTTP/1.1" 200 2975 "http://localhost:3000/" "Mozilla/5.0 (Windows NT 10.0; Win64; x64) AppleWebKit/537.36 (KHTML, like Gecko) Chrome/106.0.0.0 Safari/537.36"
::ffff:192.168.0.169 - - [06/Oct/2022:19:46:23 +0000] "POST /feastwell-backend/api/v1/auth/login HTTP/1.1" 200 387 "http://localhost:3000/" "Mozilla/5.0 (Windows NT 10.0; Win64; x64) AppleWebKit/537.36 (KHTML, like Gecko) Chrome/106.0.0.0 Safari/537.36"
::ffff:192.168.0.169 - - [06/Oct/2022:19:46:23 +0000] "GET /feastwell-backend/api/v1/user/1 HTTP/1.1" 200 422 "http://localhost:3000/" "Mozilla/5.0 (Windows NT 10.0; Win64; x64) AppleWebKit/537.36 (KHTML, like Gecko) Chrome/106.0.0.0 Safari/537.36"
::ffff:192.168.0.169 - - [06/Oct/2022:19:46:23 +0000] "POST /feastwell-backend/api/v1/userActivityLog HTTP/1.1" 201 79 "http://localhost:3000/" "Mozilla/5.0 (Windows NT 10.0; Win64; x64) AppleWebKit/537.36 (KHTML, like Gecko) Chrome/106.0.0.0 Safari/537.36"
::ffff:192.168.0.169 - - [06/Oct/2022:19:46:23 +0000] "PUT /feastwell-backend/api/v1/user/loginDetails/1 HTTP/1.1" 400 128 "http://localhost:3000/" "Mozilla/5.0 (Windows NT 10.0; Win64; x64) AppleWebKit/537.36 (KHTML, like Gecko) Chrome/106.0.0.0 Safari/537.36"
::ffff:192.168.0.169 - - [06/Oct/2022:19:46:26 +0000] "GET /feastwell-backend/api/v1/auth/login/sidebar HTTP/1.1" 200 2975 "http://localhost:3000/" "Mozilla/5.0 (Windows NT 10.0; Win64; x64) AppleWebKit/537.36 (KHTML, like Gecko) Chrome/106.0.0.0 Safari/537.36"
::ffff:192.168.0.169 - - [06/Oct/2022:19:46:26 +0000] "GET /feastwell-backend/api/v1/auth/login/sidebar HTTP/1.1" 200 2975 "http://localhost:3000/" "Mozilla/5.0 (Windows NT 10.0; Win64; x64) AppleWebKit/537.36 (KHTML, like Gecko) Chrome/106.0.0.0 Safari/537.36"
::ffff:192.168.0.169 - - [06/Oct/2022:19:48:33 +0000] "GET /feastwell-backend/api/v1/auth/login/sidebar HTTP/1.1" 200 2975 "http://localhost:3000/" "Mozilla/5.0 (Windows NT 10.0; Win64; x64) AppleWebKit/537.36 (KHTML, like Gecko) Chrome/106.0.0.0 Safari/537.36"
::ffff:192.168.0.169 - - [06/Oct/2022:19:48:48 +0000] "GET /feastwell-backend/api/v1/auth/login/sidebar HTTP/1.1" 200 2975 "http://localhost:3000/" "Mozilla/5.0 (Windows NT 10.0; Win64; x64) AppleWebKit/537.36 (KHTML, like Gecko) Chrome/106.0.0.0 Safari/537.36"
::ffff:192.168.0.169 - - [06/Oct/2022:19:49:03 +0000] "POST /feastwell-backend/api/v1/auth/login HTTP/1.1" 200 387 "http://localhost:3000/" "Mozilla/5.0 (Windows NT 10.0; Win64; x64) AppleWebKit/537.36 (KHTML, like Gecko) Chrome/106.0.0.0 Safari/537.36"
::ffff:192.168.0.169 - - [06/Oct/2022:19:49:04 +0000] "GET /feastwell-backend/api/v1/user/1 HTTP/1.1" 200 422 "http://localhost:3000/" "Mozilla/5.0 (Windows NT 10.0; Win64; x64) AppleWebKit/537.36 (KHTML, like Gecko) Chrome/106.0.0.0 Safari/537.36"
::ffff:192.168.0.169 - - [06/Oct/2022:19:49:04 +0000] "POST /feastwell-backend/api/v1/userActivityLog HTTP/1.1" 201 79 "http://localhost:3000/" "Mozilla/5.0 (Windows NT 10.0; Win64; x64) AppleWebKit/537.36 (KHTML, like Gecko) Chrome/106.0.0.0 Safari/537.36"
::ffff:192.168.0.169 - - [06/Oct/2022:19:49:04 +0000] "PUT /feastwell-backend/api/v1/user/loginDetails/1 HTTP/1.1" 400 128 "http://localhost:3000/" "Mozilla/5.0 (Windows NT 10.0; Win64; x64) AppleWebKit/537.36 (KHTML, like Gecko) Chrome/106.0.0.0 Safari/537.36"
::ffff:192.168.0.169 - - [06/Oct/2022:19:49:07 +0000] "GET /feastwell-backend/api/v1/auth/login/sidebar HTTP/1.1" 200 2975 "http://localhost:3000/" "Mozilla/5.0 (Windows NT 10.0; Win64; x64) AppleWebKit/537.36 (KHTML, like Gecko) Chrome/106.0.0.0 Safari/537.36"
::ffff:192.168.0.169 - - [06/Oct/2022:19:49:10 +0000] "GET /feastwell-backend/api/v1/auth/login/sidebar HTTP/1.1" 304 - "http://localhost:3000/" "Mozilla/5.0 (Windows NT 10.0; Win64; x64) AppleWebKit/537.36 (KHTML, like Gecko) Chrome/106.0.0.0 Safari/537.36"
::ffff:192.168.0.169 - - [06/Oct/2022:19:49:48 +0000] "GET /feastwell-backend/api/v1/auth/login/sidebar HTTP/1.1" 200 2975 "http://localhost:3000/" "Mozilla/5.0 (Windows NT 10.0; Win64; x64) AppleWebKit/537.36 (KHTML, like Gecko) Chrome/106.0.0.0 Safari/537.36"
::ffff:192.168.0.169 - - [06/Oct/2022:19:52:44 +0000] "POST /feastwell-backend/api/v1/auth/login HTTP/1.1" 200 387 "http://localhost:3000/" "Mozilla/5.0 (Windows NT 10.0; Win64; x64) AppleWebKit/537.36 (KHTML, like Gecko) Chrome/106.0.0.0 Safari/537.36"
::ffff:192.168.0.169 - - [06/Oct/2022:19:52:44 +0000] "GET /feastwell-backend/api/v1/user/1 HTTP/1.1" 200 422 "http://localhost:3000/" "Mozilla/5.0 (Windows NT 10.0; Win64; x64) AppleWebKit/537.36 (KHTML, like Gecko) Chrome/106.0.0.0 Safari/537.36"
::ffff:192.168.0.169 - - [06/Oct/2022:19:52:45 +0000] "POST /feastwell-backend/api/v1/userActivityLog HTTP/1.1" 201 79 "http://localhost:3000/" "Mozilla/5.0 (Windows NT 10.0; Win64; x64) AppleWebKit/537.36 (KHTML, like Gecko) Chrome/106.0.0.0 Safari/537.36"
::ffff:192.168.0.169 - - [06/Oct/2022:19:52:45 +0000] "PUT /feastwell-backend/api/v1/user/loginDetails/1 HTTP/1.1" 400 128 "http://localhost:3000/" "Mozilla/5.0 (Windows NT 10.0; Win64; x64) AppleWebKit/537.36 (KHTML, like Gecko) Chrome/106.0.0.0 Safari/537.36"
::ffff:192.168.0.169 - - [06/Oct/2022:19:52:48 +0000] "GET /feastwell-backend/api/v1/auth/login/sidebar HTTP/1.1" 200 2975 "http://localhost:3000/" "Mozilla/5.0 (Windows NT 10.0; Win64; x64) AppleWebKit/537.36 (KHTML, like Gecko) Chrome/106.0.0.0 Safari/537.36"
::ffff:192.168.0.169 - - [06/Oct/2022:19:52:51 +0000] "GET /feastwell-backend/api/v1/auth/login/sidebar HTTP/1.1" 304 - "http://localhost:3000/" "Mozilla/5.0 (Windows NT 10.0; Win64; x64) AppleWebKit/537.36 (KHTML, like Gecko) Chrome/106.0.0.0 Safari/537.36"
::ffff:192.168.0.169 - - [06/Oct/2022:19:55:35 +0000] "GET /feastwell-backend/api/v1/auth/login/sidebar HTTP/1.1" 200 2975 "http://localhost:3000/" "Mozilla/5.0 (Windows NT 10.0; Win64; x64) AppleWebKit/537.36 (KHTML, like Gecko) Chrome/106.0.0.0 Safari/537.36"
::ffff:192.168.0.169 - - [06/Oct/2022:19:56:31 +0000] "GET /feastwell-backend/api/v1/resident HTTP/1.1" 200 3713 "http://localhost:3000/" "Mozilla/5.0 (Windows NT 10.0; Win64; x64) AppleWebKit/537.36 (KHTML, like Gecko) Chrome/106.0.0.0 Safari/537.36"
::ffff:192.168.0.169 - - [06/Oct/2022:19:56:34 +0000] "GET /feastwell-backend/api/v1/auth/login/sidebar HTTP/1.1" 200 2975 "http://localhost:3000/" "Mozilla/5.0 (Windows NT 10.0; Win64; x64) AppleWebKit/537.36 (KHTML, like Gecko) Chrome/106.0.0.0 Safari/537.36"
::1 - - [06/Oct/2022:20:01:47 +0000] "GET /feastwell-backend/api/v1/nurseResident HTTP/1.1" 200 90 "-" "PostmanRuntime/7.29.2"
::ffff:192.168.0.169 - - [06/Oct/2022:20:02:14 +0000] "GET /feastwell-backend/api/v1/auth/login/sidebar HTTP/1.1" 200 2975 "http://localhost:3000/" "Mozilla/5.0 (Windows NT 10.0; Win64; x64) AppleWebKit/537.36 (KHTML, like Gecko) Chrome/106.0.0.0 Safari/537.36"
::ffff:192.168.0.169 - - [06/Oct/2022:20:02:17 +0000] "GET /feastwell-backend/api/v1/resident HTTP/1.1" 200 3713 "http://localhost:3000/" "Mozilla/5.0 (Windows NT 10.0; Win64; x64) AppleWebKit/537.36 (KHTML, like Gecko) Chrome/106.0.0.0 Safari/537.36"
::ffff:192.168.0.169 - - [06/Oct/2022:20:02:19 +0000] "GET /feastwell-backend/api/v1/auth/login/sidebar HTTP/1.1" 200 2975 "http://localhost:3000/" "Mozilla/5.0 (Windows NT 10.0; Win64; x64) AppleWebKit/537.36 (KHTML, like Gecko) Chrome/106.0.0.0 Safari/537.36"
::ffff:192.168.0.169 - - [06/Oct/2022:20:02:27 +0000] "GET /feastwell-backend/api/v1/facility HTTP/1.1" 200 2466 "http://localhost:3000/" "Mozilla/5.0 (Windows NT 10.0; Win64; x64) AppleWebKit/537.36 (KHTML, like Gecko) Chrome/106.0.0.0 Safari/537.36"
::ffff:192.168.0.169 - - [06/Oct/2022:20:02:28 +0000] "GET /feastwell-backend/api/v1/user?userType=4 HTTP/1.1" 200 3062 "http://localhost:3000/" "Mozilla/5.0 (Windows NT 10.0; Win64; x64) AppleWebKit/537.36 (KHTML, like Gecko) Chrome/106.0.0.0 Safari/537.36"
