::1 - - [06/Oct/2022:20:32:10 +0000] "GET /feastwell-backend/api/v1/nurseResident?mealType=1 HTTP/1.1" 200 419 "-" "okhttp/3.14.9"
::1 - - [06/Oct/2022:20:32:10 +0000] "GET /feastwell-backend/api/v1/nurseResident?mealType=1 HTTP/1.1" 200 419 "-" "okhttp/3.14.9"
::ffff:192.168.0.169 - - [06/Oct/2022:20:32:25 +0000] "GET /feastwell-backend/api/v1/auth/login/sidebar HTTP/1.1" 304 - "http://localhost:3000/" "Mozilla/5.0 (Windows NT 10.0; Win64; x64) AppleWebKit/537.36 (KHTML, like Gecko) Chrome/106.0.0.0 Safari/537.36"
::ffff:192.168.0.169 - - [06/Oct/2022:20:32:25 +0000] "GET /feastwell-backend/api/v1/auth/login/sidebar HTTP/1.1" 304 - "http://localhost:3000/" "Mozilla/5.0 (Windows NT 10.0; Win64; x64) AppleWebKit/537.36 (KHTML, like Gecko) Chrome/106.0.0.0 Safari/537.36"
::ffff:192.168.0.169 - - [06/Oct/2022:20:32:28 +0000] "GET /feastwell-backend/api/v1/auth/login/sidebar HTTP/1.1" - - "http://localhost:3000/" "Mozilla/5.0 (Windows NT 10.0; Win64; x64) AppleWebKit/537.36 (KHTML, like Gecko) Chrome/106.0.0.0 Safari/537.36"
::ffff:192.168.0.169 - - [06/Oct/2022:20:32:28 +0000] "GET /feastwell-backend/api/v1/auth/login/sidebar HTTP/1.1" 304 - "http://localhost:3000/" "Mozilla/5.0 (Windows NT 10.0; Win64; x64) AppleWebKit/537.36 (KHTML, like Gecko) Chrome/106.0.0.0 Safari/537.36"
::ffff:192.168.0.169 - - [06/Oct/2022:20:32:31 +0000] "GET /feastwell-backend/api/v1/auth/login/sidebar HTTP/1.1" - - "http://localhost:3000/" "Mozilla/5.0 (Windows NT 10.0; Win64; x64) AppleWebKit/537.36 (KHTML, like Gecko) Chrome/106.0.0.0 Safari/537.36"
::ffff:192.168.0.169 - - [06/Oct/2022:20:32:42 +0000] "POST /feastwell-backend/api/v1/auth/login HTTP/1.1" 200 387 "http://localhost:3000/" "Mozilla/5.0 (Windows NT 10.0; Win64; x64) AppleWebKit/537.36 (KHTML, like Gecko) Chrome/106.0.0.0 Safari/537.36"
::ffff:192.168.0.169 - - [06/Oct/2022:20:32:43 +0000] "GET /feastwell-backend/api/v1/user/1 HTTP/1.1" 200 422 "http://localhost:3000/" "Mozilla/5.0 (Windows NT 10.0; Win64; x64) AppleWebKit/537.36 (KHTML, like Gecko) Chrome/106.0.0.0 Safari/537.36"
::ffff:192.168.0.169 - - [06/Oct/2022:20:32:43 +0000] "POST /feastwell-backend/api/v1/userActivityLog HTTP/1.1" 201 79 "http://localhost:3000/" "Mozilla/5.0 (Windows NT 10.0; Win64; x64) AppleWebKit/537.36 (KHTML, like Gecko) Chrome/106.0.0.0 Safari/537.36"
::ffff:192.168.0.169 - - [06/Oct/2022:20:32:43 +0000] "PUT /feastwell-backend/api/v1/user/loginDetails/1 HTTP/1.1" 400 128 "http://localhost:3000/" "Mozilla/5.0 (Windows NT 10.0; Win64; x64) AppleWebKit/537.36 (KHTML, like Gecko) Chrome/106.0.0.0 Safari/537.36"
::ffff:192.168.0.169 - - [06/Oct/2022:20:32:46 +0000] "GET /feastwell-backend/api/v1/auth/login/sidebar HTTP/1.1" 200 2975 "http://localhost:3000/" "Mozilla/5.0 (Windows NT 10.0; Win64; x64) AppleWebKit/537.36 (KHTML, like Gecko) Chrome/106.0.0.0 Safari/537.36"
::ffff:192.168.0.169 - - [06/Oct/2022:20:32:49 +0000] "GET /feastwell-backend/api/v1/auth/login/sidebar HTTP/1.1" 304 - "http://localhost:3000/" "Mozilla/5.0 (Windows NT 10.0; Win64; x64) AppleWebKit/537.36 (KHTML, like Gecko) Chrome/106.0.0.0 Safari/537.36"
::ffff:192.168.0.169 - - [06/Oct/2022:20:32:52 +0000] "GET /feastwell-backend/api/v1/auth/login/sidebar HTTP/1.1" 304 - "http://localhost:3000/" "Mozilla/5.0 (Windows NT 10.0; Win64; x64) AppleWebKit/537.36 (KHTML, like Gecko) Chrome/106.0.0.0 Safari/537.36"
::1 - - [06/Oct/2022:20:33:05 +0000] "GET /feastwell-backend/api/v1/nurseResident?mealType=1 HTTP/1.1" 200 419 "-" "okhttp/3.14.9"
::ffff:192.168.0.169 - - [06/Oct/2022:20:33:06 +0000] "GET /feastwell-backend/api/v1/resident HTTP/1.1" 200 3713 "http://localhost:3000/" "Mozilla/5.0 (Windows NT 10.0; Win64; x64) AppleWebKit/537.36 (KHTML, like Gecko) Chrome/106.0.0.0 Safari/537.36"
::ffff:192.168.0.169 - - [06/Oct/2022:20:33:08 +0000] "GET /feastwell-backend/api/v1/user?userType=4 HTTP/1.1" 200 3062 "http://localhost:3000/" "Mozilla/5.0 (Windows NT 10.0; Win64; x64) AppleWebKit/537.36 (KHTML, like Gecko) Chrome/106.0.0.0 Safari/537.36"
::ffff:192.168.0.169 - - [06/Oct/2022:20:33:09 +0000] "GET /feastwell-backend/api/v1/auth/login/sidebar HTTP/1.1" 304 - "http://localhost:3000/" "Mozilla/5.0 (Windows NT 10.0; Win64; x64) AppleWebKit/537.36 (KHTML, like Gecko) Chrome/106.0.0.0 Safari/537.36"
::ffff:192.168.0.169 - - [06/Oct/2022:20:33:09 +0000] "GET /feastwell-backend/api/v1/auth/login/sidebar HTTP/1.1" - - "http://localhost:3000/" "Mozilla/5.0 (Windows NT 10.0; Win64; x64) AppleWebKit/537.36 (KHTML, like Gecko) Chrome/106.0.0.0 Safari/537.36"
::1 - - [06/Oct/2022:20:33:15 +0000] "GET /feastwell-backend/api/v1/nurseResident?mealType=1 HTTP/1.1" 200 419 "-" "okhttp/3.14.9"
::ffff:192.168.0.169 - - [06/Oct/2022:20:33:24 +0000] "POST /feastwell-backend/api/v1/auth/login HTTP/1.1" 200 387 "http://localhost:3000/" "Mozilla/5.0 (Windows NT 10.0; Win64; x64) AppleWebKit/537.36 (KHTML, like Gecko) Chrome/106.0.0.0 Safari/537.36"
::ffff:192.168.0.169 - - [06/Oct/2022:20:33:25 +0000] "GET /feastwell-backend/api/v1/user/1 HTTP/1.1" 200 422 "http://localhost:3000/" "Mozilla/5.0 (Windows NT 10.0; Win64; x64) AppleWebKit/537.36 (KHTML, like Gecko) Chrome/106.0.0.0 Safari/537.36"
::ffff:192.168.0.169 - - [06/Oct/2022:20:33:25 +0000] "POST /feastwell-backend/api/v1/userActivityLog HTTP/1.1" 201 79 "http://localhost:3000/" "Mozilla/5.0 (Windows NT 10.0; Win64; x64) AppleWebKit/537.36 (KHTML, like Gecko) Chrome/106.0.0.0 Safari/537.36"
::ffff:192.168.0.169 - - [06/Oct/2022:20:33:25 +0000] "PUT /feastwell-backend/api/v1/user/loginDetails/1 HTTP/1.1" 400 128 "http://localhost:3000/" "Mozilla/5.0 (Windows NT 10.0; Win64; x64) AppleWebKit/537.36 (KHTML, like Gecko) Chrome/106.0.0.0 Safari/537.36"
::ffff:192.168.0.169 - - [06/Oct/2022:20:33:28 +0000] "GET /feastwell-backend/api/v1/auth/login/sidebar HTTP/1.1" 200 2975 "http://localhost:3000/" "Mozilla/5.0 (Windows NT 10.0; Win64; x64) AppleWebKit/537.36 (KHTML, like Gecko) Chrome/106.0.0.0 Safari/537.36"
::1 - - [06/Oct/2022:20:33:28 +0000] "GET /feastwell-backend/api/v1/imageDetails/byNurseId/38 HTTP/1.1" 200 225 "-" "okhttp/3.14.9"
::1 - - [06/Oct/2022:20:33:28 +0000] "GET /feastwell-backend/api/v1/mealTypes HTTP/1.1" 200 597 "-" "okhttp/3.14.9"
::1 - - [06/Oct/2022:20:33:31 +0000] "GET /feastwell-backend/api/v1/auth/login/sidebar HTTP/1.1" 200 2975 "-" "okhttp/3.14.9"
::ffff:192.168.0.169 - - [06/Oct/2022:20:33:31 +0000] "GET /feastwell-backend/api/v1/auth/login/sidebar HTTP/1.1" 304 - "http://localhost:3000/" "Mozilla/5.0 (Windows NT 10.0; Win64; x64) AppleWebKit/537.36 (KHTML, like Gecko) Chrome/106.0.0.0 Safari/537.36"
::ffff:192.168.0.169 - - [06/Oct/2022:20:33:34 +0000] "GET /feastwell-backend/api/v1/auth/login/sidebar HTTP/1.1" 304 - "http://localhost:3000/" "Mozilla/5.0 (Windows NT 10.0; Win64; x64) AppleWebKit/537.36 (KHTML, like Gecko) Chrome/106.0.0.0 Safari/537.36"
::1 - - [06/Oct/2022:20:34:12 +0000] "GET /feastwell-backend/api/v1/imageDetails/byNurseId/38 HTTP/1.1" 200 225 "-" "okhttp/3.14.9"
::1 - - [06/Oct/2022:20:34:13 +0000] "GET /feastwell-backend/api/v1/mealTypes HTTP/1.1" 200 597 "-" "okhttp/3.14.9"
::1 - - [06/Oct/2022:20:34:15 +0000] "GET /feastwell-backend/api/v1/auth/login/sidebar HTTP/1.1" 200 2975 "-" "okhttp/3.14.9"
::1 - - [06/Oct/2022:20:34:23 +0000] "POST /feastwell-backend/api/v1/auth/login HTTP/1.1" 200 392 "-" "okhttp/3.14.9"
::1 - - [06/Oct/2022:20:34:24 +0000] "GET /feastwell-backend/api/v1/imageDetails/byNurseId/10 HTTP/1.1" 200 226 "-" "okhttp/3.14.9"
::1 - - [06/Oct/2022:20:34:24 +0000] "GET /feastwell-backend/api/v1/mealTypes HTTP/1.1" 200 597 "-" "okhttp/3.14.9"
::1 - - [06/Oct/2022:20:34:27 +0000] "GET /feastwell-backend/api/v1/auth/login/sidebar HTTP/1.1" 200 2975 "-" "okhttp/3.14.9"
::1 - - [06/Oct/2022:20:34:51 +0000] "GET /feastwell-backend/api/v1/nurseResident?mealType=1 HTTP/1.1" 200 2072 "-" "okhttp/3.14.9"
::1 - - [06/Oct/2022:20:34:51 +0000] "GET /feastwell-backend/api/v1/nurseResident?mealType=1 HTTP/1.1" 200 2072 "-" "okhttp/3.14.9"
::1 - - [06/Oct/2022:20:35:06 +0000] "POST /feastwell-backend/api/v1/uploadMealImage HTTP/1.1" 200 147 "-" "okhttp/3.14.9"
::1 - - [06/Oct/2022:20:35:06 +0000] "POST /feastwell-backend/api/v1/imageDetails HTTP/1.1" 200 69 "-" "okhttp/3.14.9"
::1 - - [06/Oct/2022:20:35:22 +0000] "GET /feastwell-backend/api/v1/nurseResident?mealType=1 HTTP/1.1" 200 1747 "-" "okhttp/3.14.9"
::1 - - [06/Oct/2022:20:35:22 +0000] "GET /feastwell-backend/api/v1/nurseResident?mealType=1 HTTP/1.1" 200 1747 "-" "okhttp/3.14.9"
::1 - - [06/Oct/2022:20:35:28 +0000] "POST /feastwell-backend/api/v1/uploadMealImage HTTP/1.1" 200 148 "-" "okhttp/3.14.9"
::1 - - [06/Oct/2022:20:35:28 +0000] "POST /feastwell-backend/api/v1/imageDetails HTTP/1.1" 200 69 "-" "okhttp/3.14.9"
::1 - - [06/Oct/2022:20:35:30 +0000] "GET /feastwell-backend/api/v1/imageDetails/byNurseId/10 HTTP/1.1" 200 225 "-" "okhttp/3.14.9"
::1 - - [06/Oct/2022:20:35:31 +0000] "GET /feastwell-backend/api/v1/mealTypes HTTP/1.1" 200 597 "-" "okhttp/3.14.9"
::1 - - [06/Oct/2022:20:35:33 +0000] "GET /feastwell-backend/api/v1/auth/login/sidebar HTTP/1.1" 200 2975 "-" "okhttp/3.14.9"
::1 - - [06/Oct/2022:20:35:42 +0000] "GET /feastwell-backend/api/v1/nurseResident?mealType=2 HTTP/1.1" 200 1410 "-" "okhttp/3.14.9"
::1 - - [06/Oct/2022:20:35:43 +0000] "GET /feastwell-backend/api/v1/nurseResident?mealType=2 HTTP/1.1" 200 1410 "-" "okhttp/3.14.9"
::1 - - [06/Oct/2022:20:35:57 +0000] "GET /feastwell-backend/api/v1/imageDetails/byNurseId/10 HTTP/1.1" 200 225 "-" "okhttp/3.14.9"
::1 - - [06/Oct/2022:20:35:58 +0000] "GET /feastwell-backend/api/v1/mealTypes HTTP/1.1" 200 597 "-" "okhttp/3.14.9"
::1 - - [06/Oct/2022:20:36:00 +0000] "GET /feastwell-backend/api/v1/auth/login/sidebar HTTP/1.1" 200 2975 "-" "okhttp/3.14.9"
::1 - - [06/Oct/2022:20:36:11 +0000] "GET /feastwell-backend/api/v1/nurseResident?mealType=2 HTTP/1.1" 200 1410 "-" "okhttp/3.14.9"
::1 - - [06/Oct/2022:20:36:11 +0000] "GET /feastwell-backend/api/v1/nurseResident?mealType=2 HTTP/1.1" 200 1410 "-" "okhttp/3.14.9"
::1 - - [06/Oct/2022:20:36:20 +0000] "POST /feastwell-backend/api/v1/uploadMealImage HTTP/1.1" 200 148 "-" "okhttp/3.14.9"
::1 - - [06/Oct/2022:20:36:21 +0000] "POST /feastwell-backend/api/v1/imageDetails HTTP/1.1" 200 69 "-" "okhttp/3.14.9"
::1 - - [06/Oct/2022:20:36:29 +0000] "GET /feastwell-backend/api/v1/imageDetails/byNurseId/10 HTTP/1.1" 200 225 "-" "okhttp/3.14.9"
::1 - - [06/Oct/2022:20:36:30 +0000] "GET /feastwell-backend/api/v1/mealTypes HTTP/1.1" 200 597 "-" "okhttp/3.14.9"
::1 - - [06/Oct/2022:20:36:32 +0000] "GET /feastwell-backend/api/v1/auth/login/sidebar HTTP/1.1" 200 2975 "-" "okhttp/3.14.9"
::1 - - [06/Oct/2022:20:36:40 +0000] "GET /feastwell-backend/api/v1/nurseResident?mealType=1 HTTP/1.1" 200 1410 "-" "okhttp/3.14.9"
::1 - - [06/Oct/2022:20:36:41 +0000] "GET /feastwell-backend/api/v1/nurseResident?mealType=1 HTTP/1.1" 200 1410 "-" "okhttp/3.14.9"
::1 - - [06/Oct/2022:20:36:48 +0000] "POST /feastwell-backend/api/v1/uploadMealImage HTTP/1.1" 200 148 "-" "okhttp/3.14.9"
::1 - - [06/Oct/2022:20:36:48 +0000] "POST /feastwell-backend/api/v1/imageDetails HTTP/1.1" 200 69 "-" "okhttp/3.14.9"
::1 - - [06/Oct/2022:20:36:52 +0000] "GET /feastwell-backend/api/v1/imageDetails/byNurseId/10 HTTP/1.1" 200 225 "-" "okhttp/3.14.9"
::1 - - [06/Oct/2022:20:36:53 +0000] "GET /feastwell-backend/api/v1/mealTypes HTTP/1.1" 200 597 "-" "okhttp/3.14.9"
::1 - - [06/Oct/2022:20:36:55 +0000] "GET /feastwell-backend/api/v1/auth/login/sidebar HTTP/1.1" 200 2975 "-" "okhttp/3.14.9"
::1 - - [06/Oct/2022:20:37:02 +0000] "GET /feastwell-backend/api/v1/nurseResident?mealType=4 HTTP/1.1" 200 1075 "-" "okhttp/3.14.9"
::1 - - [06/Oct/2022:20:37:02 +0000] "GET /feastwell-backend/api/v1/nurseResident?mealType=4 HTTP/1.1" 200 1075 "-" "okhttp/3.14.9"
::1 - - [06/Oct/2022:20:37:13 +0000] "GET /feastwell-backend/api/v1/imageDetails/byNurseId/10 HTTP/1.1" 200 225 "-" "okhttp/3.14.9"
::1 - - [06/Oct/2022:20:37:13 +0000] "GET /feastwell-backend/api/v1/mealTypes HTTP/1.1" 200 597 "-" "okhttp/3.14.9"
::1 - - [06/Oct/2022:20:37:16 +0000] "GET /feastwell-backend/api/v1/auth/login/sidebar HTTP/1.1" 200 2975 "-" "okhttp/3.14.9"
::1 - - [06/Oct/2022:20:37:24 +0000] "GET /feastwell-backend/api/v1/nurseResident?mealType=3 HTTP/1.1" 200 1075 "-" "okhttp/3.14.9"
::1 - - [06/Oct/2022:20:37:24 +0000] "GET /feastwell-backend/api/v1/nurseResident?mealType=3 HTTP/1.1" 200 1075 "-" "okhttp/3.14.9"
::1 - - [06/Oct/2022:20:37:32 +0000] "GET /feastwell-backend/api/v1/imageDetails/byNurseId/10 HTTP/1.1" 200 225 "-" "okhttp/3.14.9"
::1 - - [06/Oct/2022:20:37:33 +0000] "GET /feastwell-backend/api/v1/mealTypes HTTP/1.1" 200 597 "-" "okhttp/3.14.9"
::1 - - [06/Oct/2022:20:37:35 +0000] "GET /feastwell-backend/api/v1/auth/login/sidebar HTTP/1.1" 200 2975 "-" "okhttp/3.14.9"
::1 - - [06/Oct/2022:20:37:43 +0000] "GET /feastwell-backend/api/v1/nurseResident?mealType=5 HTTP/1.1" 200 1075 "-" "okhttp/3.14.9"
::1 - - [06/Oct/2022:20:37:43 +0000] "GET /feastwell-backend/api/v1/nurseResident?mealType=5 HTTP/1.1" 200 1075 "-" "okhttp/3.14.9"
::1 - - [06/Oct/2022:20:38:08 +0000] "GET /feastwell-backend/api/v1/imageDetails/byNurseId/10 HTTP/1.1" 200 225 "-" "okhttp/3.14.9"
::1 - - [06/Oct/2022:20:38:08 +0000] "GET /feastwell-backend/api/v1/mealTypes HTTP/1.1" 200 597 "-" "okhttp/3.14.9"
::1 - - [06/Oct/2022:20:38:11 +0000] "GET /feastwell-backend/api/v1/auth/login/sidebar HTTP/1.1" 200 2975 "-" "okhttp/3.14.9"
::1 - - [06/Oct/2022:20:38:28 +0000] "POST /feastwell-backend/api/v1/auth/login HTTP/1.1" 404 43 "-" "okhttp/3.14.9"
::1 - - [06/Oct/2022:20:39:19 +0000] "POST /feastwell-backend/api/v1/auth/login HTTP/1.1" 200 392 "-" "okhttp/3.14.9"
::1 - - [06/Oct/2022:20:39:19 +0000] "GET /feastwell-backend/api/v1/imageDetails/byNurseId/38 HTTP/1.1" 200 225 "-" "okhttp/3.14.9"
::1 - - [06/Oct/2022:20:39:20 +0000] "GET /feastwell-backend/api/v1/mealTypes HTTP/1.1" 200 597 "-" "okhttp/3.14.9"
::1 - - [06/Oct/2022:20:39:22 +0000] "GET /feastwell-backend/api/v1/auth/login/sidebar HTTP/1.1" 200 2975 "-" "okhttp/3.14.9"
::1 - - [06/Oct/2022:20:40:12 +0000] "GET /feastwell-backend/api/v1/imageDetails/byNurseId/38 HTTP/1.1" 200 225 "-" "okhttp/3.14.9"
::1 - - [06/Oct/2022:20:40:12 +0000] "GET /feastwell-backend/api/v1/mealTypes HTTP/1.1" 200 597 "-" "okhttp/3.14.9"
::1 - - [06/Oct/2022:20:40:15 +0000] "GET /feastwell-backend/api/v1/auth/login/sidebar HTTP/1.1" 200 2975 "-" "okhttp/3.14.9"
::1 - - [06/Oct/2022:20:40:23 +0000] "GET /feastwell-backend/api/v1/nurseResident?mealType=1 HTTP/1.1" 200 419 "-" "okhttp/3.14.9"
::1 - - [06/Oct/2022:20:40:23 +0000] "GET /feastwell-backend/api/v1/nurseResident?mealType=1 HTTP/1.1" 200 419 "-" "okhttp/3.14.9"
::1 - - [06/Oct/2022:20:40:40 +0000] "GET /feastwell-backend/api/v1/imageDetails/byNurseId/38 HTTP/1.1" 200 225 "-" "okhttp/3.14.9"
::1 - - [06/Oct/2022:20:40:41 +0000] "GET /feastwell-backend/api/v1/mealTypes HTTP/1.1" 200 597 "-" "okhttp/3.14.9"
::1 - - [06/Oct/2022:20:40:43 +0000] "GET /feastwell-backend/api/v1/auth/login/sidebar HTTP/1.1" 200 2975 "-" "okhttp/3.14.9"
::1 - - [06/Oct/2022:20:41:01 +0000] "POST /feastwell-backend/api/v1/auth/login HTTP/1.1" 404 43 "-" "okhttp/3.14.9"
::1 - - [06/Oct/2022:20:42:06 +0000] "POST /feastwell-backend/api/v1/auth/login HTTP/1.1" 200 392 "-" "okhttp/3.14.9"
::1 - - [06/Oct/2022:20:42:06 +0000] "GET /feastwell-backend/api/v1/imageDetails/byNurseId/10 HTTP/1.1" 200 225 "-" "okhttp/3.14.9"
::1 - - [06/Oct/2022:20:42:07 +0000] "GET /feastwell-backend/api/v1/mealTypes HTTP/1.1" 200 597 "-" "okhttp/3.14.9"
::1 - - [06/Oct/2022:20:42:09 +0000] "GET /feastwell-backend/api/v1/auth/login/sidebar HTTP/1.1" 200 2975 "-" "okhttp/3.14.9"
::ffff:192.168.0.169 - - [06/Oct/2022:20:42:18 +0000] "POST /feastwell-backend/api/v1/auth/login HTTP/1.1" 200 387 "http://localhost:3000/" "Mozilla/5.0 (Windows NT 10.0; Win64; x64) AppleWebKit/537.36 (KHTML, like Gecko) Chrome/106.0.0.0 Safari/537.36"
::ffff:192.168.0.169 - - [06/Oct/2022:20:42:18 +0000] "GET /feastwell-backend/api/v1/user/1 HTTP/1.1" 200 422 "http://localhost:3000/" "Mozilla/5.0 (Windows NT 10.0; Win64; x64) AppleWebKit/537.36 (KHTML, like Gecko) Chrome/106.0.0.0 Safari/537.36"
::ffff:192.168.0.169 - - [06/Oct/2022:20:42:18 +0000] "POST /feastwell-backend/api/v1/userActivityLog HTTP/1.1" 201 79 "http://localhost:3000/" "Mozilla/5.0 (Windows NT 10.0; Win64; x64) AppleWebKit/537.36 (KHTML, like Gecko) Chrome/106.0.0.0 Safari/537.36"
::ffff:192.168.0.169 - - [06/Oct/2022:20:42:18 +0000] "PUT /feastwell-backend/api/v1/user/loginDetails/1 HTTP/1.1" 400 128 "http://localhost:3000/" "Mozilla/5.0 (Windows NT 10.0; Win64; x64) AppleWebKit/537.36 (KHTML, like Gecko) Chrome/106.0.0.0 Safari/537.36"
::ffff:192.168.0.169 - - [06/Oct/2022:20:42:21 +0000] "GET /feastwell-backend/api/v1/auth/login/sidebar HTTP/1.1" 200 2975 "http://localhost:3000/" "Mozilla/5.0 (Windows NT 10.0; Win64; x64) AppleWebKit/537.36 (KHTML, like Gecko) Chrome/106.0.0.0 Safari/537.36"
::ffff:192.168.0.169 - - [06/Oct/2022:20:42:24 +0000] "GET /feastwell-backend/api/v1/auth/login/sidebar HTTP/1.1" 304 - "http://localhost:3000/" "Mozilla/5.0 (Windows NT 10.0; Win64; x64) AppleWebKit/537.36 (KHTML, like Gecko) Chrome/106.0.0.0 Safari/537.36"
::1 - - [06/Oct/2022:20:42:24 +0000] "POST /feastwell-backend/api/v1/auth/login HTTP/1.1" 200 392 "-" "PostmanRuntime/7.29.2"
::ffff:192.168.0.169 - - [06/Oct/2022:20:42:27 +0000] "GET /feastwell-backend/api/v1/auth/login/sidebar HTTP/1.1" 304 - "http://localhost:3000/" "Mozilla/5.0 (Windows NT 10.0; Win64; x64) AppleWebKit/537.36 (KHTML, like Gecko) Chrome/106.0.0.0 Safari/537.36"
::1 - - [06/Oct/2022:20:42:39 +0000] "GET /feastwell-backend/api/v1/nurseResident HTTP/1.1" 200 1075 "-" "PostmanRuntime/7.29.2"
::1 - - [06/Oct/2022:20:44:32 +0000] "GET /feastwell-backend/api/v1/imageDetails/byNurseId/10 HTTP/1.1" 200 225 "-" "okhttp/3.14.9"
::1 - - [06/Oct/2022:20:44:33 +0000] "GET /feastwell-backend/api/v1/mealTypes HTTP/1.1" 200 597 "-" "okhttp/3.14.9"
::1 - - [06/Oct/2022:20:44:35 +0000] "GET /feastwell-backend/api/v1/auth/login/sidebar HTTP/1.1" 200 2975 "-" "okhttp/3.14.9"
::1 - - [06/Oct/2022:20:44:46 +0000] "GET /feastwell-backend/api/v1/nurseResident?mealType=1 HTTP/1.1" 200 1075 "-" "PostmanRuntime/7.29.2"
::1 - - [06/Oct/2022:20:45:17 +0000] "GET /feastwell-backend/api/v1/nurseResident?mealType=2 HTTP/1.1" 200 1075 "-" "PostmanRuntime/7.29.2"
::1 - - [06/Oct/2022:20:47:22 +0000] "GET /feastwell-backend/api/v1/nurseResident?mealType=2 HTTP/1.1" 200 1075 "-" "PostmanRuntime/7.29.2"
::1 - - [06/Oct/2022:20:48:05 +0000] "GET /feastwell-backend/api/v1/nurseResident?mealType=3 HTTP/1.1" 200 1075 "-" "PostmanRuntime/7.29.2"
::1 - - [06/Oct/2022:20:48:14 +0000] "GET /feastwell-backend/api/v1/nurseResident?mealType=4 HTTP/1.1" 200 1075 "-" "PostmanRuntime/7.29.2"
::1 - - [06/Oct/2022:20:48:20 +0000] "GET /feastwell-backend/api/v1/nurseResident?mealType=5 HTTP/1.1" 200 1075 "-" "PostmanRuntime/7.29.2"
::1 - - [06/Oct/2022:20:48:28 +0000] "GET /feastwell-backend/api/v1/nurseResident?mealType=8 HTTP/1.1" 401 49 "-" "PostmanRuntime/7.29.2"
::1 - - [06/Oct/2022:20:48:35 +0000] "GET /feastwell-backend/api/v1/nurseResident?mealType=6 HTTP/1.1" 401 49 "-" "PostmanRuntime/7.29.2"
::1 - - [06/Oct/2022:20:48:42 +0000] "GET /feastwell-backend/api/v1/nurseResident?mealType=5 HTTP/1.1" 200 1075 "-" "PostmanRuntime/7.29.2"
::1 - - [06/Oct/2022:20:48:49 +0000] "GET /feastwell-backend/api/v1/imageDetails/byNurseId/10 HTTP/1.1" 200 225 "-" "okhttp/3.14.9"
::1 - - [06/Oct/2022:20:48:49 +0000] "GET /feastwell-backend/api/v1/mealTypes HTTP/1.1" 200 597 "-" "okhttp/3.14.9"
::1 - - [06/Oct/2022:20:48:52 +0000] "GET /feastwell-backend/api/v1/auth/login/sidebar HTTP/1.1" 200 2975 "-" "okhttp/3.14.9"
::1 - - [06/Oct/2022:20:49:07 +0000] "GET /feastwell-backend/api/v1/nurseResident?mealType=5 HTTP/1.1" 200 1075 "-" "okhttp/3.14.9"
::1 - - [06/Oct/2022:20:49:07 +0000] "GET /feastwell-backend/api/v1/nurseResident?mealType=5 HTTP/1.1" 200 1075 "-" "okhttp/3.14.9"
::1 - - [06/Oct/2022:20:49:17 +0000] "POST /feastwell-backend/api/v1/uploadMealImage HTTP/1.1" 200 148 "-" "okhttp/3.14.9"
::1 - - [06/Oct/2022:20:49:18 +0000] "POST /feastwell-backend/api/v1/imageDetails HTTP/1.1" 200 69 "-" "okhttp/3.14.9"
::1 - - [06/Oct/2022:20:49:21 +0000] "GET /feastwell-backend/api/v1/imageDetails/byNurseId/10 HTTP/1.1" 200 225 "-" "okhttp/3.14.9"
::1 - - [06/Oct/2022:20:49:21 +0000] "GET /feastwell-backend/api/v1/mealTypes HTTP/1.1" 200 597 "-" "okhttp/3.14.9"
::1 - - [06/Oct/2022:20:49:23 +0000] "GET /feastwell-backend/api/v1/auth/login/sidebar HTTP/1.1" 200 2975 "-" "okhttp/3.14.9"
::ffff:192.168.0.169 - - [06/Oct/2022:20:49:26 +0000] "GET /feastwell-backend/api/v1/auth/login/sidebar HTTP/1.1" 304 - "http://localhost:3000/" "Mozilla/5.0 (Windows NT 10.0; Win64; x64) AppleWebKit/537.36 (KHTML, like Gecko) Chrome/106.0.0.0 Safari/537.36"
::ffff:192.168.0.169 - - [06/Oct/2022:20:49:29 +0000] "GET /feastwell-backend/api/v1/auth/login/sidebar HTTP/1.1" 304 - "http://localhost:3000/" "Mozilla/5.0 (Windows NT 10.0; Win64; x64) AppleWebKit/537.36 (KHTML, like Gecko) Chrome/106.0.0.0 Safari/537.36"
::ffff:192.168.0.169 - - [06/Oct/2022:20:49:32 +0000] "GET /feastwell-backend/api/v1/auth/login/sidebar HTTP/1.1" 304 - "http://localhost:3000/" "Mozilla/5.0 (Windows NT 10.0; Win64; x64) AppleWebKit/537.36 (KHTML, like Gecko) Chrome/106.0.0.0 Safari/537.36"
::1 - - [06/Oct/2022:20:49:42 +0000] "GET /feastwell-backend/api/v1/nurseResident?mealType=5 HTTP/1.1" 200 1075 "-" "PostmanRuntime/7.29.2"
::ffff:192.168.0.169 - - [06/Oct/2022:20:50:27 +0000] "GET /feastwell-backend/api/v1/resident HTTP/1.1" 304 - "http://localhost:3000/" "Mozilla/5.0 (Windows NT 10.0; Win64; x64) AppleWebKit/537.36 (KHTML, like Gecko) Chrome/106.0.0.0 Safari/537.36"
::ffff:192.168.0.169 - - [06/Oct/2022:20:50:28 +0000] "GET /feastwell-backend/api/v1/auth/login/sidebar HTTP/1.1" 304 - "http://localhost:3000/" "Mozilla/5.0 (Windows NT 10.0; Win64; x64) AppleWebKit/537.36 (KHTML, like Gecko) Chrome/106.0.0.0 Safari/537.36"
::ffff:192.168.0.169 - - [06/Oct/2022:20:50:29 +0000] "GET /feastwell-backend/api/v1/user?userType=4 HTTP/1.1" 304 - "http://localhost:3000/" "Mozilla/5.0 (Windows NT 10.0; Win64; x64) AppleWebKit/537.36 (KHTML, like Gecko) Chrome/106.0.0.0 Safari/537.36"
::ffff:192.168.0.169 - - [06/Oct/2022:20:50:31 +0000] "GET /feastwell-backend/api/v1/auth/login/sidebar HTTP/1.1" 304 - "http://localhost:3000/" "Mozilla/5.0 (Windows NT 10.0; Win64; x64) AppleWebKit/537.36 (KHTML, like Gecko) Chrome/106.0.0.0 Safari/537.36"
::ffff:192.168.0.169 - - [06/Oct/2022:20:50:31 +0000] "GET /feastwell-backend/api/v1/resident HTTP/1.1" 304 - "http://localhost:3000/" "Mozilla/5.0 (Windows NT 10.0; Win64; x64) AppleWebKit/537.36 (KHTML, like Gecko) Chrome/106.0.0.0 Safari/537.36"
::ffff:192.168.0.169 - - [06/Oct/2022:20:50:34 +0000] "GET /feastwell-backend/api/v1/auth/login/sidebar HTTP/1.1" 304 - "http://localhost:3000/" "Mozilla/5.0 (Windows NT 10.0; Win64; x64) AppleWebKit/537.36 (KHTML, like Gecko) Chrome/106.0.0.0 Safari/537.36"
::ffff:192.168.0.169 - - [06/Oct/2022:20:50:37 +0000] "GET /feastwell-backend/api/v1/auth/login/sidebar HTTP/1.1" 304 - "http://localhost:3000/" "Mozilla/5.0 (Windows NT 10.0; Win64; x64) AppleWebKit/537.36 (KHTML, like Gecko) Chrome/106.0.0.0 Safari/537.36"
::ffff:192.168.0.169 - - [06/Oct/2022:20:50:40 +0000] "GET /feastwell-backend/api/v1/auth/login/sidebar HTTP/1.1" 304 - "http://localhost:3000/" "Mozilla/5.0 (Windows NT 10.0; Win64; x64) AppleWebKit/537.36 (KHTML, like Gecko) Chrome/106.0.0.0 Safari/537.36"
::1 - - [06/Oct/2022:20:51:02 +0000] "GET /feastwell-backend/api/v1/imageDetails/byNurseId/10 HTTP/1.1" 200 225 "-" "okhttp/3.14.9"
::1 - - [06/Oct/2022:20:51:02 +0000] "GET /feastwell-backend/api/v1/mealTypes HTTP/1.1" 200 597 "-" "okhttp/3.14.9"
::1 - - [06/Oct/2022:20:51:05 +0000] "GET /feastwell-backend/api/v1/auth/login/sidebar HTTP/1.1" 200 2975 "-" "okhttp/3.14.9"
::1 - - [06/Oct/2022:20:51:05 +0000] "GET /feastwell-backend/api/v1/imageDetails/byNurseId/10 HTTP/1.1" 200 225 "-" "okhttp/3.14.9"
::1 - - [06/Oct/2022:20:51:06 +0000] "GET /feastwell-backend/api/v1/mealTypes HTTP/1.1" 200 597 "-" "okhttp/3.14.9"
::1 - - [06/Oct/2022:20:51:08 +0000] "GET /feastwell-backend/api/v1/auth/login/sidebar HTTP/1.1" 200 2975 "-" "okhttp/3.14.9"
::1 - - [06/Oct/2022:20:53:03 +0000] "GET /feastwell-backend/api/v1/imageDetails/byNurseId/10 HTTP/1.1" 200 225 "-" "okhttp/3.14.9"
::1 - - [06/Oct/2022:20:53:03 +0000] "GET /feastwell-backend/api/v1/mealTypes HTTP/1.1" 200 597 "-" "okhttp/3.14.9"
::1 - - [06/Oct/2022:20:53:06 +0000] "GET /feastwell-backend/api/v1/auth/login/sidebar HTTP/1.1" 200 2975 "-" "okhttp/3.14.9"
::1 - - [06/Oct/2022:20:54:35 +0000] "GET /feastwell-backend/api/v1/imageDetails/byNurseId/10 HTTP/1.1" 200 226 "-" "okhttp/3.14.9"
::1 - - [06/Oct/2022:20:54:35 +0000] "GET /feastwell-backend/api/v1/mealTypes HTTP/1.1" 200 597 "-" "okhttp/3.14.9"
::1 - - [06/Oct/2022:20:54:37 +0000] "GET /feastwell-backend/api/v1/auth/login/sidebar HTTP/1.1" 200 2975 "-" "okhttp/3.14.9"
::1 - - [06/Oct/2022:20:54:44 +0000] "GET /feastwell-backend/api/v1/nurseResident?mealType=1 HTTP/1.1" 404 47 "-" "PostmanRuntime/7.29.2"
::1 - - [06/Oct/2022:20:55:08 +0000] "GET /feastwell-backend/api/v1/nurseResident?mealType=1 HTTP/1.1" 200 2072 "-" "PostmanRuntime/7.29.2"
::1 - - [06/Oct/2022:20:55:43 +0000] "POST /feastwell-backend/api/v1/auth/login HTTP/1.1" 200 392 "-" "PostmanRuntime/7.29.2"
::1 - - [06/Oct/2022:20:55:51 +0000] "GET /feastwell-backend/api/v1/nurseResident?mealType=1 HTTP/1.1" 200 1072 "-" "PostmanRuntime/7.29.2"
::ffff:192.168.0.169 - - [06/Oct/2022:20:55:58 +0000] "GET /feastwell-backend/api/v1/resident/43 HTTP/1.1" 201 336 "http://localhost:3000/" "Mozilla/5.0 (Windows NT 10.0; Win64; x64) AppleWebKit/537.36 (KHTML, like Gecko) Chrome/106.0.0.0 Safari/537.36"
::ffff:192.168.0.169 - - [06/Oct/2022:20:55:58 +0000] "GET /feastwell-backend/api/v1/nutritionalRiskFactors HTTP/1.1" 304 - "http://localhost:3000/" "Mozilla/5.0 (Windows NT 10.0; Win64; x64) AppleWebKit/537.36 (KHTML, like Gecko) Chrome/106.0.0.0 Safari/537.36"
::ffff:192.168.0.169 - - [06/Oct/2022:20:55:58 +0000] "GET /feastwell-backend/api/v1/residentsDetails/43 HTTP/1.1" 200 1121 "http://localhost:3000/" "Mozilla/5.0 (Windows NT 10.0; Win64; x64) AppleWebKit/537.36 (KHTML, like Gecko) Chrome/106.0.0.0 Safari/537.36"
::ffff:192.168.0.169 - - [06/Oct/2022:20:56:01 +0000] "GET /feastwell-backend/api/v1/auth/login/sidebar HTTP/1.1" 304 - "http://localhost:3000/" "Mozilla/5.0 (Windows NT 10.0; Win64; x64) AppleWebKit/537.36 (KHTML, like Gecko) Chrome/106.0.0.0 Safari/537.36"
::ffff:192.168.0.169 - - [06/Oct/2022:20:56:04 +0000] "GET /feastwell-backend/api/v1/auth/login/sidebar HTTP/1.1" 304 - "http://localhost:3000/" "Mozilla/5.0 (Windows NT 10.0; Win64; x64) AppleWebKit/537.36 (KHTML, like Gecko) Chrome/106.0.0.0 Safari/537.36"
::ffff:192.168.0.169 - - [06/Oct/2022:20:56:06 +0000] "GET /feastwell-backend/api/v1/resident HTTP/1.1" 304 - "http://localhost:3000/" "Mozilla/5.0 (Windows NT 10.0; Win64; x64) AppleWebKit/537.36 (KHTML, like Gecko) Chrome/106.0.0.0 Safari/537.36"
::ffff:192.168.0.169 - - [06/Oct/2022:20:56:09 +0000] "GET /feastwell-backend/api/v1/auth/login/sidebar HTTP/1.1" 304 - "http://localhost:3000/" "Mozilla/5.0 (Windows NT 10.0; Win64; x64) AppleWebKit/537.36 (KHTML, like Gecko) Chrome/106.0.0.0 Safari/537.36"
::ffff:192.168.0.169 - - [06/Oct/2022:20:56:12 +0000] "GET /feastwell-backend/api/v1/auth/login/sidebar HTTP/1.1" 304 - "http://localhost:3000/" "Mozilla/5.0 (Windows NT 10.0; Win64; x64) AppleWebKit/537.36 (KHTML, like Gecko) Chrome/106.0.0.0 Safari/537.36"
::1 - - [06/Oct/2022:20:56:13 +0000] "POST /feastwell-backend/api/v1/auth/login HTTP/1.1" 401 47 "-" "okhttp/3.14.9"
::1 - - [06/Oct/2022:20:56:21 +0000] "POST /feastwell-backend/api/v1/auth/login HTTP/1.1" 200 392 "-" "okhttp/3.14.9"
::1 - - [06/Oct/2022:20:56:22 +0000] "GET /feastwell-backend/api/v1/imageDetails/byNurseId/38 HTTP/1.1" 200 226 "-" "okhttp/3.14.9"
::1 - - [06/Oct/2022:20:56:22 +0000] "GET /feastwell-backend/api/v1/mealTypes HTTP/1.1" 200 597 "-" "okhttp/3.14.9"
::1 - - [06/Oct/2022:20:56:25 +0000] "GET /feastwell-backend/api/v1/auth/login/sidebar HTTP/1.1" 200 2975 "-" "okhttp/3.14.9"
::1 - - [06/Oct/2022:20:56:39 +0000] "GET /feastwell-backend/api/v1/nurseResident?mealType=2 HTTP/1.1" 200 1072 "-" "PostmanRuntime/7.29.2"
::ffff:192.168.0.169 - - [06/Oct/2022:20:56:49 +0000] "POST /feastwell-backend/api/v1/auth/login HTTP/1.1" 200 387 "http://localhost:3000/" "Mozilla/5.0 (Windows NT 10.0; Win64; x64) AppleWebKit/537.36 (KHTML, like Gecko) Chrome/106.0.0.0 Safari/537.36"
::ffff:192.168.0.169 - - [06/Oct/2022:20:56:50 +0000] "GET /feastwell-backend/api/v1/user/1 HTTP/1.1" 200 422 "http://localhost:3000/" "Mozilla/5.0 (Windows NT 10.0; Win64; x64) AppleWebKit/537.36 (KHTML, like Gecko) Chrome/106.0.0.0 Safari/537.36"
::ffff:192.168.0.169 - - [06/Oct/2022:20:56:50 +0000] "POST /feastwell-backend/api/v1/userActivityLog HTTP/1.1" 201 79 "http://localhost:3000/" "Mozilla/5.0 (Windows NT 10.0; Win64; x64) AppleWebKit/537.36 (KHTML, like Gecko) Chrome/106.0.0.0 Safari/537.36"
::ffff:192.168.0.169 - - [06/Oct/2022:20:56:50 +0000] "PUT /feastwell-backend/api/v1/user/loginDetails/1 HTTP/1.1" 400 128 "http://localhost:3000/" "Mozilla/5.0 (Windows NT 10.0; Win64; x64) AppleWebKit/537.36 (KHTML, like Gecko) Chrome/106.0.0.0 Safari/537.36"
::1 - - [06/Oct/2022:20:56:50 +0000] "GET /feastwell-backend/api/v1/nurseResident?mealType=3 HTTP/1.1" 200 1072 "-" "PostmanRuntime/7.29.2"
::ffff:192.168.0.169 - - [06/Oct/2022:20:56:53 +0000] "GET /feastwell-backend/api/v1/auth/login/sidebar HTTP/1.1" 200 2975 "http://localhost:3000/" "Mozilla/5.0 (Windows NT 10.0; Win64; x64) AppleWebKit/537.36 (KHTML, like Gecko) Chrome/106.0.0.0 Safari/537.36"
::ffff:192.168.0.169 - - [06/Oct/2022:20:56:55 +0000] "GET /feastwell-backend/api/v1/auth/login/sidebar HTTP/1.1" 304 - "http://localhost:3000/" "Mozilla/5.0 (Windows NT 10.0; Win64; x64) AppleWebKit/537.36 (KHTML, like Gecko) Chrome/106.0.0.0 Safari/537.36"
::ffff:192.168.0.169 - - [06/Oct/2022:20:56:58 +0000] "GET /feastwell-backend/api/v1/auth/login/sidebar HTTP/1.1" 304 - "http://localhost:3000/" "Mozilla/5.0 (Windows NT 10.0; Win64; x64) AppleWebKit/537.36 (KHTML, like Gecko) Chrome/106.0.0.0 Safari/537.36"
::ffff:192.168.0.169 - - [06/Oct/2022:20:57:02 +0000] "GET /feastwell-backend/api/v1/resident HTTP/1.1" 200 3713 "http://localhost:3000/" "Mozilla/5.0 (Windows NT 10.0; Win64; x64) AppleWebKit/537.36 (KHTML, like Gecko) Chrome/106.0.0.0 Safari/537.36"
::ffff:192.168.0.169 - - [06/Oct/2022:20:57:04 +0000] "GET /feastwell-backend/api/v1/auth/login/sidebar HTTP/1.1" 304 - "http://localhost:3000/" "Mozilla/5.0 (Windows NT 10.0; Win64; x64) AppleWebKit/537.36 (KHTML, like Gecko) Chrome/106.0.0.0 Safari/537.36"
::1 - - [06/Oct/2022:20:57:05 +0000] "GET /feastwell-backend/api/v1/nurseResident?mealType=5 HTTP/1.1" 200 1072 "-" "PostmanRuntime/7.29.2"
::ffff:192.168.0.169 - - [06/Oct/2022:20:57:07 +0000] "GET /feastwell-backend/api/v1/auth/login/sidebar HTTP/1.1" 304 - "http://localhost:3000/" "Mozilla/5.0 (Windows NT 10.0; Win64; x64) AppleWebKit/537.36 (KHTML, like Gecko) Chrome/106.0.0.0 Safari/537.36"
::ffff:192.168.0.169 - - [06/Oct/2022:20:57:08 +0000] "GET /feastwell-backend/api/v1/nutritionalRiskFactors HTTP/1.1" 200 1782 "http://localhost:3000/" "Mozilla/5.0 (Windows NT 10.0; Win64; x64) AppleWebKit/537.36 (KHTML, like Gecko) Chrome/106.0.0.0 Safari/537.36"
::ffff:192.168.0.169 - - [06/Oct/2022:20:57:08 +0000] "GET /feastwell-backend/api/v1/facility?status=1 HTTP/1.1" 200 2466 "http://localhost:3000/" "Mozilla/5.0 (Windows NT 10.0; Win64; x64) AppleWebKit/537.36 (KHTML, like Gecko) Chrome/106.0.0.0 Safari/537.36"
::ffff:192.168.0.169 - - [06/Oct/2022:20:57:10 +0000] "GET /feastwell-backend/api/v1/auth/login/sidebar HTTP/1.1" 304 - "http://localhost:3000/" "Mozilla/5.0 (Windows NT 10.0; Win64; x64) AppleWebKit/537.36 (KHTML, like Gecko) Chrome/106.0.0.0 Safari/537.36"
::ffff:192.168.0.169 - - [06/Oct/2022:20:57:13 +0000] "GET /feastwell-backend/api/v1/auth/login/sidebar HTTP/1.1" 304 - "http://localhost:3000/" "Mozilla/5.0 (Windows NT 10.0; Win64; x64) AppleWebKit/537.36 (KHTML, like Gecko) Chrome/106.0.0.0 Safari/537.36"
::1 - - [06/Oct/2022:20:57:31 +0000] "GET /feastwell-backend/api/v1/nurseResident?mealType=1 HTTP/1.1" 200 1072 "-" "okhttp/3.14.9"
::1 - - [06/Oct/2022:20:57:31 +0000] "GET /feastwell-backend/api/v1/nurseResident?mealType=1 HTTP/1.1" 200 1072 "-" "okhttp/3.14.9"
::1 - - [06/Oct/2022:20:58:36 +0000] "GET /feastwell-backend/api/v1/auth/refresh HTTP/1.1" 200 374 "-" "okhttp/3.14.9"
::1 - - [06/Oct/2022:20:58:37 +0000] "GET /feastwell-backend/api/v1/auth/login HTTP/1.1" 200 392 "-" "okhttp/3.14.9"
::1 - - [06/Oct/2022:20:58:37 +0000] "GET /feastwell-backend/api/v1/imageDetails/byNurseId/38 HTTP/1.1" 200 226 "-" "okhttp/3.14.9"
::1 - - [06/Oct/2022:20:58:38 +0000] "GET /feastwell-backend/api/v1/mealTypes HTTP/1.1" 200 597 "-" "okhttp/3.14.9"
::1 - - [06/Oct/2022:20:58:40 +0000] "GET /feastwell-backend/api/v1/auth/login/sidebar HTTP/1.1" 200 2975 "-" "okhttp/3.14.9"
::1 - - [06/Oct/2022:20:58:46 +0000] "GET /feastwell-backend/api/v1/nurseResident?mealType=1 HTTP/1.1" 200 1072 "-" "okhttp/3.14.9"
::1 - - [06/Oct/2022:20:58:46 +0000] "GET /feastwell-backend/api/v1/nurseResident?mealType=1 HTTP/1.1" 200 1072 "-" "okhttp/3.14.9"
::1 - - [06/Oct/2022:20:58:53 +0000] "POST /feastwell-backend/api/v1/uploadMealImage HTTP/1.1" 200 148 "-" "okhttp/3.14.9"
::1 - - [06/Oct/2022:20:58:54 +0000] "POST /feastwell-backend/api/v1/imageDetails HTTP/1.1" 200 69 "-" "okhttp/3.14.9"
::1 - - [06/Oct/2022:20:58:57 +0000] "GET /feastwell-backend/api/v1/imageDetails/byNurseId/38 HTTP/1.1" 200 225 "-" "okhttp/3.14.9"
::1 - - [06/Oct/2022:20:58:57 +0000] "GET /feastwell-backend/api/v1/mealTypes HTTP/1.1" 200 597 "-" "okhttp/3.14.9"
::1 - - [06/Oct/2022:20:59:00 +0000] "GET /feastwell-backend/api/v1/auth/login/sidebar HTTP/1.1" 200 2975 "-" "okhttp/3.14.9"
::1 - - [06/Oct/2022:20:59:27 +0000] "GET /feastwell-backend/api/v1/imageDetails/byNurseId/38 HTTP/1.1" 200 225 "-" "okhttp/3.14.9"
::1 - - [06/Oct/2022:20:59:27 +0000] "GET /feastwell-backend/api/v1/mealTypes HTTP/1.1" 200 597 "-" "okhttp/3.14.9"
::1 - - [06/Oct/2022:20:59:28 +0000] "GET /feastwell-backend/api/v1/auth/login/sidebar HTTP/1.1" - - "-" "okhttp/3.14.9"
::1 - - [06/Oct/2022:20:59:33 +0000] "GET /feastwell-backend/api/v1/auth/refresh HTTP/1.1" 200 374 "-" "okhttp/3.14.9"
::1 - - [06/Oct/2022:20:59:34 +0000] "GET /feastwell-backend/api/v1/auth/login HTTP/1.1" 200 392 "-" "okhttp/3.14.9"
::1 - - [06/Oct/2022:20:59:35 +0000] "GET /feastwell-backend/api/v1/imageDetails/byNurseId/38 HTTP/1.1" 200 225 "-" "okhttp/3.14.9"
::1 - - [06/Oct/2022:20:59:35 +0000] "GET /feastwell-backend/api/v1/mealTypes HTTP/1.1" 200 597 "-" "okhttp/3.14.9"
::ffff:192.168.0.169 - - [06/Oct/2022:20:59:37 +0000] "GET /feastwell-backend/api/v1/auth/login/sidebar HTTP/1.1" 304 - "http://localhost:3000/" "Mozilla/5.0 (Windows NT 10.0; Win64; x64) AppleWebKit/537.36 (KHTML, like Gecko) Chrome/106.0.0.0 Safari/537.36"
::1 - - [06/Oct/2022:20:59:37 +0000] "GET /feastwell-backend/api/v1/auth/login/sidebar HTTP/1.1" 200 2975 "-" "okhttp/3.14.9"
::ffff:192.168.0.169 - - [06/Oct/2022:20:59:40 +0000] "GET /feastwell-backend/api/v1/auth/login/sidebar HTTP/1.1" 304 - "http://localhost:3000/" "Mozilla/5.0 (Windows NT 10.0; Win64; x64) AppleWebKit/537.36 (KHTML, like Gecko) Chrome/106.0.0.0 Safari/537.36"
::1 - - [06/Oct/2022:20:59:41 +0000] "GET /feastwell-backend/api/v1/imageDetails/byNurseId/38 HTTP/1.1" 200 225 "-" "okhttp/3.14.9"
::1 - - [06/Oct/2022:20:59:41 +0000] "GET /feastwell-backend/api/v1/mealTypes HTTP/1.1" 200 597 "-" "okhttp/3.14.9"
::1 - - [06/Oct/2022:20:59:44 +0000] "GET /feastwell-backend/api/v1/auth/login/sidebar HTTP/1.1" 200 2975 "-" "okhttp/3.14.9"
::1 - - [06/Oct/2022:21:00:11 +0000] "GET /feastwell-backend/api/v1/imageDetails/byNurseId/38 HTTP/1.1" 200 225 "-" "okhttp/3.14.9"
::1 - - [06/Oct/2022:21:00:11 +0000] "GET /feastwell-backend/api/v1/mealTypes HTTP/1.1" - - "-" "okhttp/3.14.9"
::1 - - [06/Oct/2022:21:00:11 +0000] "GET /feastwell-backend/api/v1/auth/login/sidebar HTTP/1.1" - - "-" "okhttp/3.14.9"
::1 - - [06/Oct/2022:21:00:15 +0000] "GET /feastwell-backend/api/v1/auth/refresh HTTP/1.1" 200 374 "-" "okhttp/3.14.9"
::1 - - [06/Oct/2022:21:00:15 +0000] "GET /feastwell-backend/api/v1/auth/login HTTP/1.1" 200 392 "-" "okhttp/3.14.9"
::1 - - [06/Oct/2022:21:00:16 +0000] "GET /feastwell-backend/api/v1/imageDetails/byNurseId/38 HTTP/1.1" 200 225 "-" "okhttp/3.14.9"
::1 - - [06/Oct/2022:21:00:17 +0000] "GET /feastwell-backend/api/v1/mealTypes HTTP/1.1" 200 597 "-" "okhttp/3.14.9"
::1 - - [06/Oct/2022:21:00:19 +0000] "GET /feastwell-backend/api/v1/auth/login/sidebar HTTP/1.1" 200 2975 "-" "okhttp/3.14.9"
::1 - - [06/Oct/2022:21:00:24 +0000] "GET /feastwell-backend/api/v1/imageDetails/byNurseId/38 HTTP/1.1" 200 225 "-" "okhttp/3.14.9"
::1 - - [06/Oct/2022:21:00:24 +0000] "GET /feastwell-backend/api/v1/mealTypes HTTP/1.1" 200 597 "-" "okhttp/3.14.9"
::1 - - [06/Oct/2022:21:00:27 +0000] "GET /feastwell-backend/api/v1/auth/login/sidebar HTTP/1.1" 200 2975 "-" "okhttp/3.14.9"
::ffff:192.168.0.169 - - [06/Oct/2022:21:01:01 +0000] "POST /feastwell-backend/api/v1/auth/login HTTP/1.1" 200 387 "http://localhost:3000/" "Mozilla/5.0 (Windows NT 10.0; Win64; x64) AppleWebKit/537.36 (KHTML, like Gecko) Chrome/106.0.0.0 Safari/537.36"
::ffff:192.168.0.169 - - [06/Oct/2022:21:01:01 +0000] "GET /feastwell-backend/api/v1/user/1 HTTP/1.1" 200 422 "http://localhost:3000/" "Mozilla/5.0 (Windows NT 10.0; Win64; x64) AppleWebKit/537.36 (KHTML, like Gecko) Chrome/106.0.0.0 Safari/537.36"
::ffff:192.168.0.169 - - [06/Oct/2022:21:01:01 +0000] "POST /feastwell-backend/api/v1/userActivityLog HTTP/1.1" 201 79 "http://localhost:3000/" "Mozilla/5.0 (Windows NT 10.0; Win64; x64) AppleWebKit/537.36 (KHTML, like Gecko) Chrome/106.0.0.0 Safari/537.36"
::ffff:192.168.0.169 - - [06/Oct/2022:21:01:01 +0000] "PUT /feastwell-backend/api/v1/user/loginDetails/1 HTTP/1.1" 400 128 "http://localhost:3000/" "Mozilla/5.0 (Windows NT 10.0; Win64; x64) AppleWebKit/537.36 (KHTML, like Gecko) Chrome/106.0.0.0 Safari/537.36"
::ffff:192.168.0.169 - - [06/Oct/2022:21:01:04 +0000] "GET /feastwell-backend/api/v1/auth/login/sidebar HTTP/1.1" 200 2975 "http://localhost:3000/" "Mozilla/5.0 (Windows NT 10.0; Win64; x64) AppleWebKit/537.36 (KHTML, like Gecko) Chrome/106.0.0.0 Safari/537.36"
::ffff:192.168.0.169 - - [06/Oct/2022:21:01:07 +0000] "GET /feastwell-backend/api/v1/auth/login/sidebar HTTP/1.1" 304 - "http://localhost:3000/" "Mozilla/5.0 (Windows NT 10.0; Win64; x64) AppleWebKit/537.36 (KHTML, like Gecko) Chrome/106.0.0.0 Safari/537.36"
::ffff:192.168.0.169 - - [06/Oct/2022:21:01:10 +0000] "GET /feastwell-backend/api/v1/resident HTTP/1.1" 200 3713 "http://localhost:3000/" "Mozilla/5.0 (Windows NT 10.0; Win64; x64) AppleWebKit/537.36 (KHTML, like Gecko) Chrome/106.0.0.0 Safari/537.36"
::ffff:192.168.0.169 - - [06/Oct/2022:21:01:10 +0000] "GET /feastwell-backend/api/v1/auth/login/sidebar HTTP/1.1" 304 - "http://localhost:3000/" "Mozilla/5.0 (Windows NT 10.0; Win64; x64) AppleWebKit/537.36 (KHTML, like Gecko) Chrome/106.0.0.0 Safari/537.36"
::ffff:192.168.0.169 - - [06/Oct/2022:21:01:13 +0000] "GET /feastwell-backend/api/v1/nutritionalRiskFactors HTTP/1.1" 200 1782 "http://localhost:3000/" "Mozilla/5.0 (Windows NT 10.0; Win64; x64) AppleWebKit/537.36 (KHTML, like Gecko) Chrome/106.0.0.0 Safari/537.36"
::ffff:192.168.0.169 - - [06/Oct/2022:21:01:13 +0000] "GET /feastwell-backend/api/v1/facility?status=1 HTTP/1.1" 200 2466 "http://localhost:3000/" "Mozilla/5.0 (Windows NT 10.0; Win64; x64) AppleWebKit/537.36 (KHTML, like Gecko) Chrome/106.0.0.0 Safari/537.36"
::ffff:192.168.0.169 - - [06/Oct/2022:21:01:13 +0000] "GET /feastwell-backend/api/v1/auth/login/sidebar HTTP/1.1" 304 - "http://localhost:3000/" "Mozilla/5.0 (Windows NT 10.0; Win64; x64) AppleWebKit/537.36 (KHTML, like Gecko) Chrome/106.0.0.0 Safari/537.36"
::ffff:192.168.0.169 - - [06/Oct/2022:21:01:16 +0000] "GET /feastwell-backend/api/v1/user?userType=4 HTTP/1.1" 200 3062 "http://localhost:3000/" "Mozilla/5.0 (Windows NT 10.0; Win64; x64) AppleWebKit/537.36 (KHTML, like Gecko) Chrome/106.0.0.0 Safari/537.36"
::ffff:192.168.0.169 - - [06/Oct/2022:21:01:16 +0000] "GET /feastwell-backend/api/v1/auth/login/sidebar HTTP/1.1" 304 - "http://localhost:3000/" "Mozilla/5.0 (Windows NT 10.0; Win64; x64) AppleWebKit/537.36 (KHTML, like Gecko) Chrome/106.0.0.0 Safari/537.36"
::ffff:192.168.0.169 - - [06/Oct/2022:21:01:18 +0000] "GET /feastwell-backend/api/v1/facility HTTP/1.1" 200 2466 "http://localhost:3000/" "Mozilla/5.0 (Windows NT 10.0; Win64; x64) AppleWebKit/537.36 (KHTML, like Gecko) Chrome/106.0.0.0 Safari/537.36"
::ffff:192.168.0.169 - - [06/Oct/2022:21:01:19 +0000] "GET /feastwell-backend/api/v1/auth/login/sidebar HTTP/1.1" 304 - "http://localhost:3000/" "Mozilla/5.0 (Windows NT 10.0; Win64; x64) AppleWebKit/537.36 (KHTML, like Gecko) Chrome/106.0.0.0 Safari/537.36"
::ffff:192.168.0.169 - - [06/Oct/2022:21:01:20 +0000] "GET /feastwell-backend/api/v1/facility HTTP/1.1" 304 - "http://localhost:3000/" "Mozilla/5.0 (Windows NT 10.0; Win64; x64) AppleWebKit/537.36 (KHTML, like Gecko) Chrome/106.0.0.0 Safari/537.36"
::ffff:192.168.0.169 - - [06/Oct/2022:21:01:22 +0000] "GET /feastwell-backend/api/v1/country HTTP/1.1" 200 83959 "http://localhost:3000/" "Mozilla/5.0 (Windows NT 10.0; Win64; x64) AppleWebKit/537.36 (KHTML, like Gecko) Chrome/106.0.0.0 Safari/537.36"
::ffff:192.168.0.169 - - [06/Oct/2022:21:01:22 +0000] "GET /feastwell-backend/api/v1/auth/login/sidebar HTTP/1.1" 304 - "http://localhost:3000/" "Mozilla/5.0 (Windows NT 10.0; Win64; x64) AppleWebKit/537.36 (KHTML, like Gecko) Chrome/106.0.0.0 Safari/537.36"
::ffff:192.168.0.169 - - [06/Oct/2022:21:01:24 +0000] "GET /feastwell-backend/api/v1/mealitems HTTP/1.1" 200 1948 "http://localhost:3000/" "Mozilla/5.0 (Windows NT 10.0; Win64; x64) AppleWebKit/537.36 (KHTML, like Gecko) Chrome/106.0.0.0 Safari/537.36"
::ffff:192.168.0.169 - - [06/Oct/2022:21:01:25 +0000] "GET /feastwell-backend/api/v1/auth/login/sidebar HTTP/1.1" 304 - "http://localhost:3000/" "Mozilla/5.0 (Windows NT 10.0; Win64; x64) AppleWebKit/537.36 (KHTML, like Gecko) Chrome/106.0.0.0 Safari/537.36"
::ffff:192.168.0.169 - - [06/Oct/2022:21:01:28 +0000] "GET /feastwell-backend/api/v1/auth/login/sidebar HTTP/1.1" 304 - "http://localhost:3000/" "Mozilla/5.0 (Windows NT 10.0; Win64; x64) AppleWebKit/537.36 (KHTML, like Gecko) Chrome/106.0.0.0 Safari/537.36"
::ffff:192.168.0.169 - - [06/Oct/2022:21:01:31 +0000] "GET /feastwell-backend/api/v1/auth/login/sidebar HTTP/1.1" 304 - "http://localhost:3000/" "Mozilla/5.0 (Windows NT 10.0; Win64; x64) AppleWebKit/537.36 (KHTML, like Gecko) Chrome/106.0.0.0 Safari/537.36"
::ffff:192.168.0.169 - - [06/Oct/2022:21:01:31 +0000] "GET /feastwell-backend/api/v1/resident HTTP/1.1" 304 - "http://localhost:3000/" "Mozilla/5.0 (Windows NT 10.0; Win64; x64) AppleWebKit/537.36 (KHTML, like Gecko) Chrome/106.0.0.0 Safari/537.36"
::ffff:192.168.0.169 - - [06/Oct/2022:21:01:33 +0000] "GET /feastwell-backend/api/v1/nutritionalRiskFactors HTTP/1.1" 304 - "http://localhost:3000/" "Mozilla/5.0 (Windows NT 10.0; Win64; x64) AppleWebKit/537.36 (KHTML, like Gecko) Chrome/106.0.0.0 Safari/537.36"
::ffff:192.168.0.169 - - [06/Oct/2022:21:01:33 +0000] "GET /feastwell-backend/api/v1/facility?status=1 HTTP/1.1" 304 - "http://localhost:3000/" "Mozilla/5.0 (Windows NT 10.0; Win64; x64) AppleWebKit/537.36 (KHTML, like Gecko) Chrome/106.0.0.0 Safari/537.36"
::ffff:192.168.0.169 - - [06/Oct/2022:21:01:34 +0000] "GET /feastwell-backend/api/v1/auth/login/sidebar HTTP/1.1" 304 - "http://localhost:3000/" "Mozilla/5.0 (Windows NT 10.0; Win64; x64) AppleWebKit/537.36 (KHTML, like Gecko) Chrome/106.0.0.0 Safari/537.36"
::ffff:192.168.0.169 - - [06/Oct/2022:21:01:36 +0000] "GET /feastwell-backend/api/v1/resident HTTP/1.1" 304 - "http://localhost:3000/" "Mozilla/5.0 (Windows NT 10.0; Win64; x64) AppleWebKit/537.36 (KHTML, like Gecko) Chrome/106.0.0.0 Safari/537.36"
::ffff:192.168.0.169 - - [06/Oct/2022:21:01:37 +0000] "GET /feastwell-backend/api/v1/auth/login/sidebar HTTP/1.1" 304 - "http://localhost:3000/" "Mozilla/5.0 (Windows NT 10.0; Win64; x64) AppleWebKit/537.36 (KHTML, like Gecko) Chrome/106.0.0.0 Safari/537.36"
::ffff:192.168.0.169 - - [06/Oct/2022:21:01:40 +0000] "GET /feastwell-backend/api/v1/auth/login/sidebar HTTP/1.1" 304 - "http://localhost:3000/" "Mozilla/5.0 (Windows NT 10.0; Win64; x64) AppleWebKit/537.36 (KHTML, like Gecko) Chrome/106.0.0.0 Safari/537.36"
::ffff:192.168.0.169 - - [06/Oct/2022:21:01:43 +0000] "GET /feastwell-backend/api/v1/auth/login/sidebar HTTP/1.1" 304 - "http://localhost:3000/" "Mozilla/5.0 (Windows NT 10.0; Win64; x64) AppleWebKit/537.36 (KHTML, like Gecko) Chrome/106.0.0.0 Safari/537.36"
::ffff:192.168.0.169 - - [06/Oct/2022:21:01:43 +0000] "GET /feastwell-backend/api/v1/facility HTTP/1.1" 304 - "http://localhost:3000/" "Mozilla/5.0 (Windows NT 10.0; Win64; x64) AppleWebKit/537.36 (KHTML, like Gecko) Chrome/106.0.0.0 Safari/537.36"
::ffff:192.168.0.169 - - [06/Oct/2022:21:01:46 +0000] "GET /feastwell-backend/api/v1/auth/login/sidebar HTTP/1.1" 304 - "http://localhost:3000/" "Mozilla/5.0 (Windows NT 10.0; Win64; x64) AppleWebKit/537.36 (KHTML, like Gecko) Chrome/106.0.0.0 Safari/537.36"
::ffff:192.168.0.169 - - [06/Oct/2022:21:01:48 +0000] "GET /feastwell-backend/api/v1/auth/login/sidebar HTTP/1.1" 304 - "http://localhost:3000/" "Mozilla/5.0 (Windows NT 10.0; Win64; x64) AppleWebKit/537.36 (KHTML, like Gecko) Chrome/106.0.0.0 Safari/537.36"
::ffff:192.168.0.169 - - [06/Oct/2022:21:01:51 +0000] "GET /feastwell-backend/api/v1/auth/login/sidebar HTTP/1.1" 304 - "http://localhost:3000/" "Mozilla/5.0 (Windows NT 10.0; Win64; x64) AppleWebKit/537.36 (KHTML, like Gecko) Chrome/106.0.0.0 Safari/537.36"
::ffff:192.168.0.169 - - [06/Oct/2022:21:01:59 +0000] "GET /feastwell-backend/api/v1/user?userType=4 HTTP/1.1" 304 - "http://localhost:3000/" "Mozilla/5.0 (Windows NT 10.0; Win64; x64) AppleWebKit/537.36 (KHTML, like Gecko) Chrome/106.0.0.0 Safari/537.36"
::ffff:192.168.0.169 - - [06/Oct/2022:21:02:02 +0000] "GET /feastwell-backend/api/v1/auth/login/sidebar HTTP/1.1" 304 - "http://localhost:3000/" "Mozilla/5.0 (Windows NT 10.0; Win64; x64) AppleWebKit/537.36 (KHTML, like Gecko) Chrome/106.0.0.0 Safari/537.36"
::ffff:192.168.0.169 - - [06/Oct/2022:21:02:05 +0000] "GET /feastwell-backend/api/v1/auth/login/sidebar HTTP/1.1" 304 - "http://localhost:3000/" "Mozilla/5.0 (Windows NT 10.0; Win64; x64) AppleWebKit/537.36 (KHTML, like Gecko) Chrome/106.0.0.0 Safari/537.36"
::1 - - [06/Oct/2022:21:02:07 +0000] "GET /feastwell-backend/api/v1/imageDetails/byNurseId/38 HTTP/1.1" 200 225 "-" "okhttp/3.14.9"
::1 - - [06/Oct/2022:21:02:07 +0000] "GET /feastwell-backend/api/v1/mealTypes HTTP/1.1" 200 597 "-" "okhttp/3.14.9"
::1 - - [06/Oct/2022:21:02:10 +0000] "GET /feastwell-backend/api/v1/auth/login/sidebar HTTP/1.1" 200 2975 "-" "okhttp/3.14.9"
::ffff:192.168.0.169 - - [06/Oct/2022:21:02:31 +0000] "GET /feastwell-backend/api/v1/user/2 HTTP/1.1" 200 396 "http://localhost:3000/" "Mozilla/5.0 (Windows NT 10.0; Win64; x64) AppleWebKit/537.36 (KHTML, like Gecko) Chrome/106.0.0.0 Safari/537.36"
::1 - - [06/Oct/2022:21:02:32 +0000] "GET /feastwell-backend/api/v1/imageDetails/byNurseId/38 HTTP/1.1" 200 225 "-" "okhttp/3.14.9"
::1 - - [06/Oct/2022:21:02:33 +0000] "GET /feastwell-backend/api/v1/mealTypes HTTP/1.1" 200 597 "-" "okhttp/3.14.9"
::ffff:192.168.0.169 - - [06/Oct/2022:21:02:33 +0000] "GET /feastwell-backend/api/v1/user?userType=4 HTTP/1.1" 304 - "http://localhost:3000/" "Mozilla/5.0 (Windows NT 10.0; Win64; x64) AppleWebKit/537.36 (KHTML, like Gecko) Chrome/106.0.0.0 Safari/537.36"
::ffff:192.168.0.169 - - [06/Oct/2022:21:02:33 +0000] "GET /feastwell-backend/api/v1/auth/login/sidebar HTTP/1.1" 304 - "http://localhost:3000/" "Mozilla/5.0 (Windows NT 10.0; Win64; x64) AppleWebKit/537.36 (KHTML, like Gecko) Chrome/106.0.0.0 Safari/537.36"
::ffff:192.168.0.169 - - [06/Oct/2022:21:02:35 +0000] "GET /feastwell-backend/api/v1/user/3 HTTP/1.1" 200 396 "http://localhost:3000/" "Mozilla/5.0 (Windows NT 10.0; Win64; x64) AppleWebKit/537.36 (KHTML, like Gecko) Chrome/106.0.0.0 Safari/537.36"
::1 - - [06/Oct/2022:21:02:35 +0000] "GET /feastwell-backend/api/v1/auth/login/sidebar HTTP/1.1" 200 2975 "-" "okhttp/3.14.9"
::ffff:192.168.0.169 - - [06/Oct/2022:21:02:36 +0000] "GET /feastwell-backend/api/v1/auth/login/sidebar HTTP/1.1" 304 - "http://localhost:3000/" "Mozilla/5.0 (Windows NT 10.0; Win64; x64) AppleWebKit/537.36 (KHTML, like Gecko) Chrome/106.0.0.0 Safari/537.36"
::ffff:192.168.0.169 - - [06/Oct/2022:21:02:37 +0000] "GET /feastwell-backend/api/v1/user?userType=4 HTTP/1.1" 304 - "http://localhost:3000/" "Mozilla/5.0 (Windows NT 10.0; Win64; x64) AppleWebKit/537.36 (KHTML, like Gecko) Chrome/106.0.0.0 Safari/537.36"
::ffff:192.168.0.169 - - [06/Oct/2022:21:02:38 +0000] "GET /feastwell-backend/api/v1/user/3 HTTP/1.1" 304 - "http://localhost:3000/" "Mozilla/5.0 (Windows NT 10.0; Win64; x64) AppleWebKit/537.36 (KHTML, like Gecko) Chrome/106.0.0.0 Safari/537.36"
::ffff:192.168.0.169 - - [06/Oct/2022:21:02:39 +0000] "GET /feastwell-backend/api/v1/auth/login/sidebar HTTP/1.1" 304 - "http://localhost:3000/" "Mozilla/5.0 (Windows NT 10.0; Win64; x64) AppleWebKit/537.36 (KHTML, like Gecko) Chrome/106.0.0.0 Safari/537.36"
::ffff:192.168.0.169 - - [06/Oct/2022:21:02:40 +0000] "GET /feastwell-backend/api/v1/user?userType=4 HTTP/1.1" 304 - "http://localhost:3000/" "Mozilla/5.0 (Windows NT 10.0; Win64; x64) AppleWebKit/537.36 (KHTML, like Gecko) Chrome/106.0.0.0 Safari/537.36"
