::1 - - [06/Oct/2022:21:32:58 +0000] "GET /feastwell-backend/api/v1/imageDetails HTTP/1.1" 404 51 "-" "python-requests/2.28.1"
::1 - - [06/Oct/2022:21:32:58 +0000] "GET /feastwell-backend/api/v1/imageDetails/byNurseId/38 HTTP/1.1" 200 226 "-" "okhttp/3.14.9"
::ffff:192.168.0.169 - - [06/Oct/2022:21:32:58 +0000] "GET /feastwell-backend/api/v1/kitchen HTTP/1.1" 304 - "http://localhost:3000/" "Mozilla/5.0 (Windows NT 10.0; Win64; x64) AppleWebKit/537.36 (KHTML, like Gecko) Chrome/106.0.0.0 Safari/537.36"
::1 - - [06/Oct/2022:21:32:58 +0000] "GET /feastwell-backend/api/v1/mealTypes HTTP/1.1" 200 597 "-" "okhttp/3.14.9"
::1 - - [06/Oct/2022:21:32:59 +0000] "GET /feastwell-backend/api/v1/imageDetails HTTP/1.1" 404 51 "-" "python-requests/2.28.1"
::1 - - [06/Oct/2022:21:33:00 +0000] "GET /feastwell-backend/api/v1/imageDetails HTTP/1.1" 404 51 "-" "python-requests/2.28.1"
::ffff:192.168.0.169 - - [06/Oct/2022:21:33:00 +0000] "GET /feastwell-backend/api/v1/auth/login/sidebar HTTP/1.1" 304 - "http://localhost:3000/" "Mozilla/5.0 (Windows NT 10.0; Win64; x64) AppleWebKit/537.36 (KHTML, like Gecko) Chrome/106.0.0.0 Safari/537.36"
::1 - - [06/Oct/2022:21:33:01 +0000] "GET /feastwell-backend/api/v1/imagedetails/all HTTP/1.1" 200 85 "-" "okhttp/3.14.9"
::1 - - [06/Oct/2022:21:33:01 +0000] "GET /feastwell-backend/api/v1/imageDetails HTTP/1.1" 404 51 "-" "python-requests/2.28.1"
::1 - - [06/Oct/2022:21:33:01 +0000] "GET /feastwell-backend/api/v1/auth/login/sidebar HTTP/1.1" 200 2975 "-" "okhttp/3.14.9"
::1 - - [06/Oct/2022:21:33:02 +0000] "GET /feastwell-backend/api/v1/imageDetails/byNurseId/38 HTTP/1.1" 200 226 "-" "okhttp/3.14.9"
::1 - - [06/Oct/2022:21:33:02 +0000] "GET /feastwell-backend/api/v1/imageDetails HTTP/1.1" 404 51 "-" "python-requests/2.28.1"
::1 - - [06/Oct/2022:21:33:02 +0000] "GET /feastwell-backend/api/v1/mealTypes HTTP/1.1" 200 597 "-" "okhttp/3.14.9"
::ffff:192.168.0.169 - - [06/Oct/2022:21:33:03 +0000] "GET /feastwell-backend/api/v1/country HTTP/1.1" 304 - "http://localhost:3000/" "Mozilla/5.0 (Windows NT 10.0; Win64; x64) AppleWebKit/537.36 (KHTML, like Gecko) Chrome/106.0.0.0 Safari/537.36"
::ffff:192.168.0.169 - - [06/Oct/2022:21:33:03 +0000] "GET /feastwell-backend/api/v1/auth/login/sidebar HTTP/1.1" 304 - "http://localhost:3000/" "Mozilla/5.0 (Windows NT 10.0; Win64; x64) AppleWebKit/537.36 (KHTML, like Gecko) Chrome/106.0.0.0 Safari/537.36"
::1 - - [06/Oct/2022:21:33:03 +0000] "GET /feastwell-backend/api/v1/imageDetails HTTP/1.1" 404 51 "-" "python-requests/2.28.1"
::1 - - [06/Oct/2022:21:33:04 +0000] "GET /feastwell-backend/api/v1/imageDetails HTTP/1.1" 404 51 "-" "python-requests/2.28.1"
::1 - - [06/Oct/2022:21:33:05 +0000] "GET /feastwell-backend/api/v1/auth/login/sidebar HTTP/1.1" 200 2975 "-" "okhttp/3.14.9"
::ffff:192.168.0.169 - - [06/Oct/2022:21:33:05 +0000] "GET /feastwell-backend/api/v1/facility HTTP/1.1" 304 - "http://localhost:3000/" "Mozilla/5.0 (Windows NT 10.0; Win64; x64) AppleWebKit/537.36 (KHTML, like Gecko) Chrome/106.0.0.0 Safari/537.36"
::1 - - [06/Oct/2022:21:33:05 +0000] "GET /feastwell-backend/api/v1/imageDetails HTTP/1.1" 404 51 "-" "python-requests/2.28.1"
::ffff:192.168.0.169 - - [06/Oct/2022:21:33:06 +0000] "GET /feastwell-backend/api/v1/auth/login/sidebar HTTP/1.1" 304 - "http://localhost:3000/" "Mozilla/5.0 (Windows NT 10.0; Win64; x64) AppleWebKit/537.36 (KHTML, like Gecko) Chrome/106.0.0.0 Safari/537.36"
::1 - - [06/Oct/2022:21:33:07 +0000] "GET /feastwell-backend/api/v1/imageDetails HTTP/1.1" 404 51 "-" "python-requests/2.28.1"
::ffff:192.168.0.169 - - [06/Oct/2022:21:33:07 +0000] "GET /feastwell-backend/api/v1/user?userType=4 HTTP/1.1" 304 - "http://localhost:3000/" "Mozilla/5.0 (Windows NT 10.0; Win64; x64) AppleWebKit/537.36 (KHTML, like Gecko) Chrome/106.0.0.0 Safari/537.36"
::ffff:192.168.0.169 - - [06/Oct/2022:21:33:08 +0000] "GET /feastwell-backend/api/v1/resident HTTP/1.1" 304 - "http://localhost:3000/" "Mozilla/5.0 (Windows NT 10.0; Win64; x64) AppleWebKit/537.36 (KHTML, like Gecko) Chrome/106.0.0.0 Safari/537.36"
::1 - - [06/Oct/2022:21:33:08 +0000] "GET /feastwell-backend/api/v1/imageDetails HTTP/1.1" 404 51 "-" "python-requests/2.28.1"
::ffff:192.168.0.169 - - [06/Oct/2022:21:33:09 +0000] "GET /feastwell-backend/api/v1/auth/login/sidebar HTTP/1.1" 304 - "http://localhost:3000/" "Mozilla/5.0 (Windows NT 10.0; Win64; x64) AppleWebKit/537.36 (KHTML, like Gecko) Chrome/106.0.0.0 Safari/537.36"
::1 - - [06/Oct/2022:21:33:09 +0000] "GET /feastwell-backend/api/v1/imageDetails HTTP/1.1" 404 51 "-" "python-requests/2.28.1"
::1 - - [06/Oct/2022:21:33:10 +0000] "GET /feastwell-backend/api/v1/imageDetails HTTP/1.1" 404 51 "-" "python-requests/2.28.1"
::1 - - [06/Oct/2022:21:33:11 +0000] "GET /feastwell-backend/api/v1/imageDetails HTTP/1.1" 404 51 "-" "python-requests/2.28.1"
::ffff:192.168.0.169 - - [06/Oct/2022:21:33:12 +0000] "GET /feastwell-backend/api/v1/auth/login/sidebar HTTP/1.1" 304 - "http://localhost:3000/" "Mozilla/5.0 (Windows NT 10.0; Win64; x64) AppleWebKit/537.36 (KHTML, like Gecko) Chrome/106.0.0.0 Safari/537.36"
::ffff:192.168.0.169 - - [06/Oct/2022:21:33:12 +0000] "GET /feastwell-backend/api/v1/nutritionalRiskFactors HTTP/1.1" 304 - "http://localhost:3000/" "Mozilla/5.0 (Windows NT 10.0; Win64; x64) AppleWebKit/537.36 (KHTML, like Gecko) Chrome/106.0.0.0 Safari/537.36"
::ffff:192.168.0.169 - - [06/Oct/2022:21:33:12 +0000] "GET /feastwell-backend/api/v1/facility?status=1 HTTP/1.1" 304 - "http://localhost:3000/" "Mozilla/5.0 (Windows NT 10.0; Win64; x64) AppleWebKit/537.36 (KHTML, like Gecko) Chrome/106.0.0.0 Safari/537.36"
::1 - - [06/Oct/2022:21:33:12 +0000] "GET /feastwell-backend/api/v1/imageDetails HTTP/1.1" 404 51 "-" "python-requests/2.28.1"
::1 - - [06/Oct/2022:21:33:13 +0000] "GET /feastwell-backend/api/v1/imageDetails HTTP/1.1" 404 51 "-" "python-requests/2.28.1"
::1 - - [06/Oct/2022:21:33:14 +0000] "GET /feastwell-backend/api/v1/imageDetails HTTP/1.1" 404 51 "-" "python-requests/2.28.1"
::ffff:192.168.0.169 - - [06/Oct/2022:21:33:14 +0000] "GET /feastwell-backend/api/v1/auth/login/sidebar HTTP/1.1" 304 - "http://localhost:3000/" "Mozilla/5.0 (Windows NT 10.0; Win64; x64) AppleWebKit/537.36 (KHTML, like Gecko) Chrome/106.0.0.0 Safari/537.36"
::ffff:192.168.0.169 - - [06/Oct/2022:21:33:14 +0000] "GET /feastwell-backend/api/v1/user?userType=4 HTTP/1.1" 304 - "http://localhost:3000/" "Mozilla/5.0 (Windows NT 10.0; Win64; x64) AppleWebKit/537.36 (KHTML, like Gecko) Chrome/106.0.0.0 Safari/537.36"
::1 - - [06/Oct/2022:21:33:15 +0000] "GET /feastwell-backend/api/v1/imageDetails HTTP/1.1" 404 51 "-" "python-requests/2.28.1"
::ffff:192.168.0.169 - - [06/Oct/2022:21:33:16 +0000] "GET /feastwell-backend/api/v1/kitchen HTTP/1.1" 304 - "http://localhost:3000/" "Mozilla/5.0 (Windows NT 10.0; Win64; x64) AppleWebKit/537.36 (KHTML, like Gecko) Chrome/106.0.0.0 Safari/537.36"
::1 - - [06/Oct/2022:21:33:17 +0000] "GET /feastwell-backend/api/v1/imageDetails HTTP/1.1" 404 51 "-" "python-requests/2.28.1"
::ffff:192.168.0.169 - - [06/Oct/2022:21:33:17 +0000] "GET /feastwell-backend/api/v1/auth/login/sidebar HTTP/1.1" 304 - "http://localhost:3000/" "Mozilla/5.0 (Windows NT 10.0; Win64; x64) AppleWebKit/537.36 (KHTML, like Gecko) Chrome/106.0.0.0 Safari/537.36"
::1 - - [06/Oct/2022:21:33:18 +0000] "GET /feastwell-backend/api/v1/imageDetails HTTP/1.1" 404 51 "-" "python-requests/2.28.1"
::ffff:192.168.0.169 - - [06/Oct/2022:21:33:18 +0000] "GET /feastwell-backend/api/v1/mealitems HTTP/1.1" 200 1948 "http://localhost:3000/" "Mozilla/5.0 (Windows NT 10.0; Win64; x64) AppleWebKit/537.36 (KHTML, like Gecko) Chrome/106.0.0.0 Safari/537.36"
::1 - - [06/Oct/2022:21:33:19 +0000] "GET /feastwell-backend/api/v1/imageDetails HTTP/1.1" 404 51 "-" "python-requests/2.28.1"
::1 - - [06/Oct/2022:21:33:20 +0000] "GET /feastwell-backend/api/v1/imageDetails HTTP/1.1" 404 51 "-" "python-requests/2.28.1"
::ffff:192.168.0.169 - - [06/Oct/2022:21:33:20 +0000] "GET /feastwell-backend/api/v1/auth/login/sidebar HTTP/1.1" 304 - "http://localhost:3000/" "Mozilla/5.0 (Windows NT 10.0; Win64; x64) AppleWebKit/537.36 (KHTML, like Gecko) Chrome/106.0.0.0 Safari/537.36"
::ffff:192.168.0.169 - - [06/Oct/2022:21:33:20 +0000] "GET /feastwell-backend/api/v1/mealMenu HTTP/1.1" 200 2125 "http://localhost:3000/" "Mozilla/5.0 (Windows NT 10.0; Win64; x64) AppleWebKit/537.36 (KHTML, like Gecko) Chrome/106.0.0.0 Safari/537.36"
::1 - - [06/Oct/2022:21:33:21 +0000] "GET /feastwell-backend/api/v1/imageDetails HTTP/1.1" 404 51 "-" "python-requests/2.28.1"
::ffff:192.168.0.169 - - [06/Oct/2022:21:33:21 +0000] "GET /feastwell-backend/api/v1/imageDetails/all HTTP/1.1" 200 85 "http://localhost:3000/" "Mozilla/5.0 (Windows NT 10.0; Win64; x64) AppleWebKit/537.36 (KHTML, like Gecko) Chrome/106.0.0.0 Safari/537.36"
::1 - - [06/Oct/2022:21:33:22 +0000] "GET /feastwell-backend/api/v1/imageDetails HTTP/1.1" 404 51 "-" "python-requests/2.28.1"
::ffff:192.168.0.169 - - [06/Oct/2022:21:33:23 +0000] "GET /feastwell-backend/api/v1/auth/login/sidebar HTTP/1.1" 304 - "http://localhost:3000/" "Mozilla/5.0 (Windows NT 10.0; Win64; x64) AppleWebKit/537.36 (KHTML, like Gecko) Chrome/106.0.0.0 Safari/537.36"
::1 - - [06/Oct/2022:21:33:23 +0000] "GET /feastwell-backend/api/v1/imageDetails HTTP/1.1" 404 51 "-" "python-requests/2.28.1"
::1 - - [06/Oct/2022:21:33:24 +0000] "GET /feastwell-backend/api/v1/imageDetails HTTP/1.1" 404 51 "-" "python-requests/2.28.1"
::1 - - [06/Oct/2022:21:33:25 +0000] "GET /feastwell-backend/api/v1/imageDetails HTTP/1.1" 404 51 "-" "python-requests/2.28.1"
::ffff:192.168.0.169 - - [06/Oct/2022:21:33:26 +0000] "GET /feastwell-backend/api/v1/auth/login/sidebar HTTP/1.1" 304 - "http://localhost:3000/" "Mozilla/5.0 (Windows NT 10.0; Win64; x64) AppleWebKit/537.36 (KHTML, like Gecko) Chrome/106.0.0.0 Safari/537.36"
::1 - - [06/Oct/2022:21:33:26 +0000] "GET /feastwell-backend/api/v1/imageDetails HTTP/1.1" 404 51 "-" "python-requests/2.28.1"
::1 - - [06/Oct/2022:21:33:28 +0000] "GET /feastwell-backend/api/v1/imageDetails HTTP/1.1" 404 51 "-" "python-requests/2.28.1"
::ffff:127.0.0.1 - - [06/Oct/2022:21:33:30 +0000] "GET /feastwell-backend/api/v1/imageDetails HTTP/1.1" 404 51 "-" "python-requests/2.28.1"
::ffff:127.0.0.1 - - [06/Oct/2022:21:33:31 +0000] "GET /feastwell-backend/api/v1/imageDetails HTTP/1.1" 404 51 "-" "python-requests/2.28.1"
::ffff:127.0.0.1 - - [06/Oct/2022:21:33:32 +0000] "GET /feastwell-backend/api/v1/imageDetails HTTP/1.1" 404 51 "-" "python-requests/2.28.1"
::ffff:192.168.0.169 - - [06/Oct/2022:21:33:32 +0000] "GET /feastwell-backend/api/v1/auth/login/sidebar HTTP/1.1" 304 - "http://localhost:3000/" "Mozilla/5.0 (Windows NT 10.0; Win64; x64) AppleWebKit/537.36 (KHTML, like Gecko) Chrome/106.0.0.0 Safari/537.36"
::ffff:127.0.0.1 - - [06/Oct/2022:21:33:33 +0000] "GET /feastwell-backend/api/v1/imageDetails HTTP/1.1" 404 51 "-" "python-requests/2.28.1"
::ffff:127.0.0.1 - - [06/Oct/2022:21:33:34 +0000] "GET /feastwell-backend/api/v1/imageDetails HTTP/1.1" 404 51 "-" "python-requests/2.28.1"
::ffff:127.0.0.1 - - [06/Oct/2022:21:33:35 +0000] "GET /feastwell-backend/api/v1/imageDetails HTTP/1.1" 404 51 "-" "python-requests/2.28.1"
::ffff:192.168.0.169 - - [06/Oct/2022:21:33:35 +0000] "GET /feastwell-backend/api/v1/auth/login/sidebar HTTP/1.1" 304 - "http://localhost:3000/" "Mozilla/5.0 (Windows NT 10.0; Win64; x64) AppleWebKit/537.36 (KHTML, like Gecko) Chrome/106.0.0.0 Safari/537.36"
::ffff:127.0.0.1 - - [06/Oct/2022:21:33:36 +0000] "GET /feastwell-backend/api/v1/imageDetails HTTP/1.1" 404 51 "-" "python-requests/2.28.1"
::ffff:192.168.0.169 - - [06/Oct/2022:21:33:37 +0000] "GET /feastwell-backend/api/v1/resident HTTP/1.1" 304 - "http://localhost:3000/" "Mozilla/5.0 (Windows NT 10.0; Win64; x64) AppleWebKit/537.36 (KHTML, like Gecko) Chrome/106.0.0.0 Safari/537.36"
::ffff:127.0.0.1 - - [06/Oct/2022:21:33:37 +0000] "GET /feastwell-backend/api/v1/imageDetails HTTP/1.1" 404 51 "-" "python-requests/2.28.1"
::ffff:192.168.0.169 - - [06/Oct/2022:21:33:38 +0000] "GET /feastwell-backend/api/v1/auth/login/sidebar HTTP/1.1" 304 - "http://localhost:3000/" "Mozilla/5.0 (Windows NT 10.0; Win64; x64) AppleWebKit/537.36 (KHTML, like Gecko) Chrome/106.0.0.0 Safari/537.36"
::ffff:127.0.0.1 - - [06/Oct/2022:21:33:38 +0000] "GET /feastwell-backend/api/v1/imageDetails HTTP/1.1" 404 51 "-" "python-requests/2.28.1"
::ffff:192.168.0.169 - - [06/Oct/2022:21:33:39 +0000] "GET /feastwell-backend/api/v1/facility HTTP/1.1" 304 - "http://localhost:3000/" "Mozilla/5.0 (Windows NT 10.0; Win64; x64) AppleWebKit/537.36 (KHTML, like Gecko) Chrome/106.0.0.0 Safari/537.36"
::ffff:127.0.0.1 - - [06/Oct/2022:21:33:40 +0000] "GET /feastwell-backend/api/v1/imageDetails HTTP/1.1" 404 51 "-" "python-requests/2.28.1"
::ffff:127.0.0.1 - - [06/Oct/2022:21:33:41 +0000] "GET /feastwell-backend/api/v1/imageDetails HTTP/1.1" 404 51 "-" "python-requests/2.28.1"
::ffff:192.168.0.169 - - [06/Oct/2022:21:33:41 +0000] "GET /feastwell-backend/api/v1/auth/login/sidebar HTTP/1.1" 304 - "http://localhost:3000/" "Mozilla/5.0 (Windows NT 10.0; Win64; x64) AppleWebKit/537.36 (KHTML, like Gecko) Chrome/106.0.0.0 Safari/537.36"
::1 - - [06/Oct/2022:21:33:42 +0000] "GET /feastwell-backend/api/v1/nurseResident?mealType=1 HTTP/1.1" 200 1072 "-" "okhttp/3.14.9"
::ffff:127.0.0.1 - - [06/Oct/2022:21:33:42 +0000] "GET /feastwell-backend/api/v1/imageDetails HTTP/1.1" 404 51 "-" "python-requests/2.28.1"
::1 - - [06/Oct/2022:21:33:42 +0000] "GET /feastwell-backend/api/v1/nurseResident?mealType=1 HTTP/1.1" 200 1072 "-" "okhttp/3.14.9"
::ffff:127.0.0.1 - - [06/Oct/2022:21:33:43 +0000] "GET /feastwell-backend/api/v1/imageDetails HTTP/1.1" 404 51 "-" "python-requests/2.28.1"
::ffff:192.168.0.169 - - [06/Oct/2022:21:33:44 +0000] "GET /feastwell-backend/api/v1/auth/login/sidebar HTTP/1.1" 304 - "http://localhost:3000/" "Mozilla/5.0 (Windows NT 10.0; Win64; x64) AppleWebKit/537.36 (KHTML, like Gecko) Chrome/106.0.0.0 Safari/537.36"
::ffff:127.0.0.1 - - [06/Oct/2022:21:33:44 +0000] "GET /feastwell-backend/api/v1/imageDetails HTTP/1.1" 404 51 "-" "python-requests/2.28.1"
::ffff:127.0.0.1 - - [06/Oct/2022:21:33:45 +0000] "GET /feastwell-backend/api/v1/imageDetails HTTP/1.1" 404 51 "-" "python-requests/2.28.1"
::ffff:127.0.0.1 - - [06/Oct/2022:21:33:46 +0000] "GET /feastwell-backend/api/v1/imageDetails HTTP/1.1" 404 51 "-" "python-requests/2.28.1"
::ffff:192.168.0.169 - - [06/Oct/2022:21:33:47 +0000] "GET /feastwell-backend/api/v1/auth/login/sidebar HTTP/1.1" 304 - "http://localhost:3000/" "Mozilla/5.0 (Windows NT 10.0; Win64; x64) AppleWebKit/537.36 (KHTML, like Gecko) Chrome/106.0.0.0 Safari/537.36"
::ffff:127.0.0.1 - - [06/Oct/2022:21:33:47 +0000] "GET /feastwell-backend/api/v1/imageDetails HTTP/1.1" 404 51 "-" "python-requests/2.28.1"
::ffff:127.0.0.1 - - [06/Oct/2022:21:33:49 +0000] "GET /feastwell-backend/api/v1/imageDetails HTTP/1.1" 404 51 "-" "python-requests/2.28.1"
::ffff:127.0.0.1 - - [06/Oct/2022:21:33:50 +0000] "GET /feastwell-backend/api/v1/imageDetails HTTP/1.1" 404 51 "-" "python-requests/2.28.1"
::ffff:127.0.0.1 - - [06/Oct/2022:21:33:51 +0000] "GET /feastwell-backend/api/v1/imageDetails HTTP/1.1" 404 51 "-" "python-requests/2.28.1"
::ffff:127.0.0.1 - - [06/Oct/2022:21:33:52 +0000] "GET /feastwell-backend/api/v1/imageDetails HTTP/1.1" 404 51 "-" "python-requests/2.28.1"
::ffff:127.0.0.1 - - [06/Oct/2022:21:33:53 +0000] "GET /feastwell-backend/api/v1/imageDetails HTTP/1.1" 404 51 "-" "python-requests/2.28.1"
::ffff:127.0.0.1 - - [06/Oct/2022:21:33:54 +0000] "GET /feastwell-backend/api/v1/imageDetails HTTP/1.1" 404 51 "-" "python-requests/2.28.1"
::1 - - [06/Oct/2022:21:33:54 +0000] "GET /feastwell-backend/api/v1/nurseResident?mealType=1 HTTP/1.1" 200 1072 "-" "okhttp/3.14.9"
::1 - - [06/Oct/2022:21:33:54 +0000] "GET /feastwell-backend/api/v1/nurseResident?mealType=1 HTTP/1.1" 200 1072 "-" "okhttp/3.14.9"
::ffff:127.0.0.1 - - [06/Oct/2022:21:33:55 +0000] "GET /feastwell-backend/api/v1/imageDetails HTTP/1.1" 404 51 "-" "python-requests/2.28.1"
::ffff:127.0.0.1 - - [06/Oct/2022:21:33:56 +0000] "GET /feastwell-backend/api/v1/imageDetails HTTP/1.1" 404 51 "-" "python-requests/2.28.1"
::ffff:127.0.0.1 - - [06/Oct/2022:21:33:57 +0000] "GET /feastwell-backend/api/v1/imageDetails HTTP/1.1" 404 51 "-" "python-requests/2.28.1"
::1 - - [06/Oct/2022:21:33:58 +0000] "POST /feastwell-backend/api/v1/uploadMealImage HTTP/1.1" 200 148 "-" "okhttp/3.14.9"
::ffff:127.0.0.1 - - [06/Oct/2022:21:33:59 +0000] "GET /feastwell-backend/api/v1/imageDetails HTTP/1.1" 404 51 "-" "python-requests/2.28.1"
::1 - - [06/Oct/2022:21:33:59 +0000] "POST /feastwell-backend/api/v1/imageDetails HTTP/1.1" 200 69 "-" "okhttp/3.14.9"
::ffff:127.0.0.1 - - [06/Oct/2022:21:34:00 +0000] "GET /feastwell-backend/api/v1/imageDetails HTTP/1.1" 200 245 "-" "python-requests/2.28.1"
::1 - - [06/Oct/2022:21:34:06 +0000] "GET /feastwell-backend/api/v1/imageDetails/byNurseId/38 HTTP/1.1" 200 225 "-" "okhttp/3.14.9"
::1 - - [06/Oct/2022:21:34:06 +0000] "GET /feastwell-backend/api/v1/mealTypes HTTP/1.1" 200 597 "-" "okhttp/3.14.9"
::1 - - [06/Oct/2022:21:34:07 +0000] "POST /feastwell-backend/api/v1/imageResponse HTTP/1.1" 201 877 "-" "python-requests/2.28.1"
::1 - - [06/Oct/2022:21:34:08 +0000] "GET /feastwell-backend/api/v1/imageDetails HTTP/1.1" 404 51 "-" "python-requests/2.28.1"
::1 - - [06/Oct/2022:21:34:09 +0000] "GET /feastwell-backend/api/v1/auth/login/sidebar HTTP/1.1" 200 2975 "-" "okhttp/3.14.9"
::1 - - [06/Oct/2022:21:34:09 +0000] "GET /feastwell-backend/api/v1/imageDetails HTTP/1.1" 404 51 "-" "python-requests/2.28.1"
::1 - - [06/Oct/2022:21:34:10 +0000] "GET /feastwell-backend/api/v1/imagedetails/all HTTP/1.1" 200 372 "-" "okhttp/3.14.9"
::1 - - [06/Oct/2022:21:34:10 +0000] "GET /feastwell-backend/api/v1/imageDetails HTTP/1.1" 404 51 "-" "python-requests/2.28.1"
::1 - - [06/Oct/2022:21:34:11 +0000] "GET /feastwell-backend/api/v1/imageDetails HTTP/1.1" 404 51 "-" "python-requests/2.28.1"
::1 - - [06/Oct/2022:21:34:12 +0000] "GET /feastwell-backend/api/v1/imageDetails HTTP/1.1" 404 51 "-" "python-requests/2.28.1"
::1 - - [06/Oct/2022:21:34:13 +0000] "GET /feastwell-backend/api/v1/imageResponse/byReferenceId/1 HTTP/1.1" 200 764 "-" "okhttp/3.14.9"
::1 - - [06/Oct/2022:21:34:13 +0000] "GET /feastwell-backend/api/v1/imageDetails HTTP/1.1" 404 51 "-" "python-requests/2.28.1"
::1 - - [06/Oct/2022:21:34:15 +0000] "GET /feastwell-backend/api/v1/imageDetails HTTP/1.1" 404 51 "-" "python-requests/2.28.1"
::1 - - [06/Oct/2022:21:34:16 +0000] "GET /feastwell-backend/api/v1/imageDetails HTTP/1.1" 404 51 "-" "python-requests/2.28.1"
::1 - - [06/Oct/2022:21:34:17 +0000] "GET /feastwell-backend/api/v1/imageDetails HTTP/1.1" 404 51 "-" "python-requests/2.28.1"
::ffff:192.168.0.169 - - [06/Oct/2022:21:34:17 +0000] "GET /feastwell-backend/api/v1/auth/login/sidebar HTTP/1.1" - - "http://localhost:3000/" "Mozilla/5.0 (Windows NT 10.0; Win64; x64) AppleWebKit/537.36 (KHTML, like Gecko) Chrome/106.0.0.0 Safari/537.36"
::1 - - [06/Oct/2022:21:34:18 +0000] "GET /feastwell-backend/api/v1/imageDetails HTTP/1.1" 404 51 "-" "python-requests/2.28.1"
::ffff:192.168.0.169 - - [06/Oct/2022:21:34:18 +0000] "GET /feastwell-backend/api/v1/facility HTTP/1.1" 304 - "http://localhost:3000/" "Mozilla/5.0 (Windows NT 10.0; Win64; x64) AppleWebKit/537.36 (KHTML, like Gecko) Chrome/106.0.0.0 Safari/537.36"
::1 - - [06/Oct/2022:21:34:19 +0000] "GET /feastwell-backend/api/v1/imageDetails HTTP/1.1" 404 51 "-" "python-requests/2.28.1"
::1 - - [06/Oct/2022:21:34:20 +0000] "GET /feastwell-backend/api/v1/imageDetails/byNurseId/38 HTTP/1.1" 200 225 "-" "okhttp/3.14.9"
::1 - - [06/Oct/2022:21:34:20 +0000] "GET /feastwell-backend/api/v1/mealTypes HTTP/1.1" 200 597 "-" "okhttp/3.14.9"
::1 - - [06/Oct/2022:21:34:20 +0000] "GET /feastwell-backend/api/v1/imageDetails HTTP/1.1" 404 51 "-" "python-requests/2.28.1"
::ffff:192.168.0.169 - - [06/Oct/2022:21:34:21 +0000] "GET /feastwell-backend/api/v1/auth/login/sidebar HTTP/1.1" 200 2975 "http://localhost:3000/" "Mozilla/5.0 (Windows NT 10.0; Win64; x64) AppleWebKit/537.36 (KHTML, like Gecko) Chrome/106.0.0.0 Safari/537.36"
::1 - - [06/Oct/2022:21:34:21 +0000] "GET /feastwell-backend/api/v1/imageDetails HTTP/1.1" 404 51 "-" "python-requests/2.28.1"
::1 - - [06/Oct/2022:21:34:22 +0000] "GET /feastwell-backend/api/v1/imageDetails HTTP/1.1" 404 51 "-" "python-requests/2.28.1"
::1 - - [06/Oct/2022:21:34:22 +0000] "GET /feastwell-backend/api/v1/auth/login/sidebar HTTP/1.1" 200 2975 "-" "okhttp/3.14.9"
::1 - - [06/Oct/2022:21:34:23 +0000] "GET /feastwell-backend/api/v1/imageDetails HTTP/1.1" 404 51 "-" "python-requests/2.28.1"
::1 - - [06/Oct/2022:21:34:24 +0000] "GET /feastwell-backend/api/v1/imageDetails HTTP/1.1" 404 51 "-" "python-requests/2.28.1"
::1 - - [06/Oct/2022:21:34:26 +0000] "GET /feastwell-backend/api/v1/imageDetails HTTP/1.1" 404 51 "-" "python-requests/2.28.1"
::1 - - [06/Oct/2022:21:34:27 +0000] "GET /feastwell-backend/api/v1/imageDetails HTTP/1.1" 404 51 "-" "python-requests/2.28.1"
::1 - - [06/Oct/2022:21:34:28 +0000] "GET /feastwell-backend/api/v1/imageDetails HTTP/1.1" 404 51 "-" "python-requests/2.28.1"
::1 - - [06/Oct/2022:21:34:29 +0000] "GET /feastwell-backend/api/v1/imageDetails HTTP/1.1" 404 51 "-" "python-requests/2.28.1"
::1 - - [06/Oct/2022:21:34:30 +0000] "GET /feastwell-backend/api/v1/imageDetails HTTP/1.1" 404 51 "-" "python-requests/2.28.1"
::1 - - [06/Oct/2022:21:34:31 +0000] "GET /feastwell-backend/api/v1/imageDetails HTTP/1.1" 404 51 "-" "python-requests/2.28.1"
::1 - - [06/Oct/2022:21:34:32 +0000] "GET /feastwell-backend/api/v1/imageDetails HTTP/1.1" 404 51 "-" "python-requests/2.28.1"
::ffff:192.168.0.169 - - [06/Oct/2022:21:34:33 +0000] "GET /feastwell-backend/api/v1/resident HTTP/1.1" 304 - "http://localhost:3000/" "Mozilla/5.0 (Windows NT 10.0; Win64; x64) AppleWebKit/537.36 (KHTML, like Gecko) Chrome/106.0.0.0 Safari/537.36"
::1 - - [06/Oct/2022:21:34:33 +0000] "GET /feastwell-backend/api/v1/imageDetails HTTP/1.1" 404 51 "-" "python-requests/2.28.1"
::1 - - [06/Oct/2022:21:34:34 +0000] "GET /feastwell-backend/api/v1/imageDetails HTTP/1.1" 404 51 "-" "python-requests/2.28.1"
::1 - - [06/Oct/2022:21:34:36 +0000] "GET /feastwell-backend/api/v1/imageDetails HTTP/1.1" 404 51 "-" "python-requests/2.28.1"
::ffff:192.168.0.169 - - [06/Oct/2022:21:34:36 +0000] "GET /feastwell-backend/api/v1/auth/login/sidebar HTTP/1.1" 304 - "http://localhost:3000/" "Mozilla/5.0 (Windows NT 10.0; Win64; x64) AppleWebKit/537.36 (KHTML, like Gecko) Chrome/106.0.0.0 Safari/537.36"
::ffff:192.168.0.169 - - [06/Oct/2022:21:34:36 +0000] "GET /feastwell-backend/api/v1/facility HTTP/1.1" 304 - "http://localhost:3000/" "Mozilla/5.0 (Windows NT 10.0; Win64; x64) AppleWebKit/537.36 (KHTML, like Gecko) Chrome/106.0.0.0 Safari/537.36"
::1 - - [06/Oct/2022:21:34:37 +0000] "GET /feastwell-backend/api/v1/imageDetails HTTP/1.1" 404 51 "-" "python-requests/2.28.1"
::1 - - [06/Oct/2022:21:34:38 +0000] "GET /feastwell-backend/api/v1/imageDetails HTTP/1.1" 404 51 "-" "python-requests/2.28.1"
::ffff:192.168.0.169 - - [06/Oct/2022:21:34:39 +0000] "GET /feastwell-backend/api/v1/auth/login/sidebar HTTP/1.1" 304 - "http://localhost:3000/" "Mozilla/5.0 (Windows NT 10.0; Win64; x64) AppleWebKit/537.36 (KHTML, like Gecko) Chrome/106.0.0.0 Safari/537.36"
::1 - - [06/Oct/2022:21:34:39 +0000] "GET /feastwell-backend/api/v1/imageDetails HTTP/1.1" 404 51 "-" "python-requests/2.28.1"
::1 - - [06/Oct/2022:21:34:40 +0000] "GET /feastwell-backend/api/v1/imageDetails HTTP/1.1" 404 51 "-" "python-requests/2.28.1"
::1 - - [06/Oct/2022:21:34:41 +0000] "GET /feastwell-backend/api/v1/imageDetails HTTP/1.1" 404 51 "-" "python-requests/2.28.1"
::1 - - [06/Oct/2022:21:34:42 +0000] "GET /feastwell-backend/api/v1/imageDetails HTTP/1.1" 404 51 "-" "python-requests/2.28.1"
::1 - - [06/Oct/2022:21:34:43 +0000] "GET /feastwell-backend/api/v1/imageDetails HTTP/1.1" 404 51 "-" "python-requests/2.28.1"
::1 - - [06/Oct/2022:21:34:44 +0000] "GET /feastwell-backend/api/v1/imageDetails HTTP/1.1" 404 51 "-" "python-requests/2.28.1"
::1 - - [06/Oct/2022:21:34:45 +0000] "GET /feastwell-backend/api/v1/imageDetails HTTP/1.1" 404 51 "-" "python-requests/2.28.1"
::1 - - [06/Oct/2022:21:34:47 +0000] "GET /feastwell-backend/api/v1/imageDetails HTTP/1.1" 404 51 "-" "python-requests/2.28.1"
::1 - - [06/Oct/2022:21:34:48 +0000] "GET /feastwell-backend/api/v1/imageDetails HTTP/1.1" 404 51 "-" "python-requests/2.28.1"
::1 - - [06/Oct/2022:21:34:49 +0000] "GET /feastwell-backend/api/v1/imageDetails HTTP/1.1" 404 51 "-" "python-requests/2.28.1"
::1 - - [06/Oct/2022:21:34:50 +0000] "GET /feastwell-backend/api/v1/imageDetails HTTP/1.1" 404 51 "-" "python-requests/2.28.1"
::1 - - [06/Oct/2022:21:34:51 +0000] "GET /feastwell-backend/api/v1/imageDetails HTTP/1.1" 404 51 "-" "python-requests/2.28.1"
::1 - - [06/Oct/2022:21:34:52 +0000] "GET /feastwell-backend/api/v1/imageDetails HTTP/1.1" 404 51 "-" "python-requests/2.28.1"
::1 - - [06/Oct/2022:21:34:53 +0000] "GET /feastwell-backend/api/v1/imageDetails HTTP/1.1" 404 51 "-" "python-requests/2.28.1"
::1 - - [06/Oct/2022:21:34:54 +0000] "GET /feastwell-backend/api/v1/imageDetails HTTP/1.1" 404 51 "-" "python-requests/2.28.1"
::ffff:192.168.0.169 - - [06/Oct/2022:21:34:54 +0000] "GET /feastwell-backend/api/v1/auth/login/sidebar HTTP/1.1" - - "http://localhost:3000/" "Mozilla/5.0 (Windows NT 10.0; Win64; x64) AppleWebKit/537.36 (KHTML, like Gecko) Chrome/106.0.0.0 Safari/537.36"
::1 - - [06/Oct/2022:21:34:55 +0000] "GET /feastwell-backend/api/v1/imageDetails HTTP/1.1" 404 51 "-" "python-requests/2.28.1"
::ffff:192.168.0.169 - - [06/Oct/2022:21:34:56 +0000] "GET /feastwell-backend/api/v1/facility HTTP/1.1" 304 - "http://localhost:3000/" "Mozilla/5.0 (Windows NT 10.0; Win64; x64) AppleWebKit/537.36 (KHTML, like Gecko) Chrome/106.0.0.0 Safari/537.36"
::1 - - [06/Oct/2022:21:34:57 +0000] "GET /feastwell-backend/api/v1/imageDetails HTTP/1.1" 404 51 "-" "python-requests/2.28.1"
::1 - - [06/Oct/2022:21:34:58 +0000] "GET /feastwell-backend/api/v1/imageDetails HTTP/1.1" 404 51 "-" "python-requests/2.28.1"
::ffff:192.168.0.169 - - [06/Oct/2022:21:34:58 +0000] "GET /feastwell-backend/api/v1/auth/login/sidebar HTTP/1.1" 200 2975 "http://localhost:3000/" "Mozilla/5.0 (Windows NT 10.0; Win64; x64) AppleWebKit/537.36 (KHTML, like Gecko) Chrome/106.0.0.0 Safari/537.36"
::1 - - [06/Oct/2022:21:34:59 +0000] "GET /feastwell-backend/api/v1/imageDetails HTTP/1.1" 404 51 "-" "python-requests/2.28.1"
::1 - - [06/Oct/2022:21:35:00 +0000] "GET /feastwell-backend/api/v1/imageDetails HTTP/1.1" 404 51 "-" "python-requests/2.28.1"
::1 - - [06/Oct/2022:21:35:01 +0000] "GET /feastwell-backend/api/v1/imageDetails HTTP/1.1" 404 51 "-" "python-requests/2.28.1"
::ffff:192.168.0.169 - - [06/Oct/2022:21:35:01 +0000] "GET /feastwell-backend/api/v1/auth/login/sidebar HTTP/1.1" 304 - "http://localhost:3000/" "Mozilla/5.0 (Windows NT 10.0; Win64; x64) AppleWebKit/537.36 (KHTML, like Gecko) Chrome/106.0.0.0 Safari/537.36"
::1 - - [06/Oct/2022:21:35:02 +0000] "GET /feastwell-backend/api/v1/imageDetails HTTP/1.1" 404 51 "-" "python-requests/2.28.1"
::1 - - [06/Oct/2022:21:35:03 +0000] "GET /feastwell-backend/api/v1/imageDetails HTTP/1.1" 404 51 "-" "python-requests/2.28.1"
::1 - - [06/Oct/2022:21:35:04 +0000] "GET /feastwell-backend/api/v1/imageDetails HTTP/1.1" 404 51 "-" "python-requests/2.28.1"
::1 - - [06/Oct/2022:21:35:05 +0000] "GET /feastwell-backend/api/v1/imageDetails HTTP/1.1" 404 51 "-" "python-requests/2.28.1"
::1 - - [06/Oct/2022:21:35:06 +0000] "GET /feastwell-backend/api/v1/imageDetails HTTP/1.1" 404 51 "-" "python-requests/2.28.1"
::1 - - [06/Oct/2022:21:35:08 +0000] "GET /feastwell-backend/api/v1/imageDetails HTTP/1.1" 404 51 "-" "python-requests/2.28.1"
::ffff:192.168.0.169 - - [06/Oct/2022:21:35:09 +0000] "GET /feastwell-backend/api/v1/facility HTTP/1.1" 304 - "http://localhost:3000/" "Mozilla/5.0 (Windows NT 10.0; Win64; x64) AppleWebKit/537.36 (KHTML, like Gecko) Chrome/106.0.0.0 Safari/537.36"
::1 - - [06/Oct/2022:21:35:09 +0000] "GET /feastwell-backend/api/v1/imageDetails HTTP/1.1" 404 51 "-" "python-requests/2.28.1"
::1 - - [06/Oct/2022:21:35:10 +0000] "GET /feastwell-backend/api/v1/imageDetails HTTP/1.1" 404 51 "-" "python-requests/2.28.1"
::1 - - [06/Oct/2022:21:35:10 +0000] "GET /feastwell-backend/api/v1/nurseResident?mealType=4 HTTP/1.1" 200 1072 "-" "okhttp/3.14.9"
::1 - - [06/Oct/2022:21:35:10 +0000] "GET /feastwell-backend/api/v1/nurseResident?mealType=4 HTTP/1.1" 200 1072 "-" "okhttp/3.14.9"
::1 - - [06/Oct/2022:21:35:11 +0000] "GET /feastwell-backend/api/v1/imageDetails HTTP/1.1" 404 51 "-" "python-requests/2.28.1"
::ffff:192.168.0.169 - - [06/Oct/2022:21:35:11 +0000] "GET /feastwell-backend/api/v1/auth/login/sidebar HTTP/1.1" 304 - "http://localhost:3000/" "Mozilla/5.0 (Windows NT 10.0; Win64; x64) AppleWebKit/537.36 (KHTML, like Gecko) Chrome/106.0.0.0 Safari/537.36"
::1 - - [06/Oct/2022:21:35:12 +0000] "GET /feastwell-backend/api/v1/imageDetails HTTP/1.1" 404 51 "-" "python-requests/2.28.1"
::1 - - [06/Oct/2022:21:35:13 +0000] "GET /feastwell-backend/api/v1/imageDetails HTTP/1.1" 404 51 "-" "python-requests/2.28.1"
::ffff:192.168.0.169 - - [06/Oct/2022:21:35:14 +0000] "GET /feastwell-backend/api/v1/auth/login/sidebar HTTP/1.1" 304 - "http://localhost:3000/" "Mozilla/5.0 (Windows NT 10.0; Win64; x64) AppleWebKit/537.36 (KHTML, like Gecko) Chrome/106.0.0.0 Safari/537.36"
::1 - - [06/Oct/2022:21:35:14 +0000] "POST /feastwell-backend/api/v1/uploadMealImage HTTP/1.1" 200 148 "-" "okhttp/3.14.9"
::1 - - [06/Oct/2022:21:35:14 +0000] "GET /feastwell-backend/api/v1/imageDetails HTTP/1.1" 404 51 "-" "python-requests/2.28.1"
::1 - - [06/Oct/2022:21:35:15 +0000] "POST /feastwell-backend/api/v1/imageDetails HTTP/1.1" 200 69 "-" "okhttp/3.14.9"
::1 - - [06/Oct/2022:21:35:15 +0000] "GET /feastwell-backend/api/v1/imageDetails HTTP/1.1" 200 245 "-" "python-requests/2.28.1"
::1 - - [06/Oct/2022:21:35:22 +0000] "POST /feastwell-backend/api/v1/imageResponse HTTP/1.1" 201 497 "-" "python-requests/2.28.1"
::1 - - [06/Oct/2022:21:35:24 +0000] "GET /feastwell-backend/api/v1/imageDetails HTTP/1.1" 404 51 "-" "python-requests/2.28.1"
::1 - - [06/Oct/2022:21:35:25 +0000] "GET /feastwell-backend/api/v1/imageDetails HTTP/1.1" 404 51 "-" "python-requests/2.28.1"
::1 - - [06/Oct/2022:21:35:26 +0000] "GET /feastwell-backend/api/v1/imageDetails HTTP/1.1" 404 51 "-" "python-requests/2.28.1"
::ffff:192.168.0.169 - - [06/Oct/2022:21:35:27 +0000] "GET /feastwell-backend/api/v1/auth/login/sidebar HTTP/1.1" - - "http://localhost:3000/" "Mozilla/5.0 (Windows NT 10.0; Win64; x64) AppleWebKit/537.36 (KHTML, like Gecko) Chrome/106.0.0.0 Safari/537.36"
::1 - - [06/Oct/2022:21:35:27 +0000] "GET /feastwell-backend/api/v1/imageDetails HTTP/1.1" 404 51 "-" "python-requests/2.28.1"
::1 - - [06/Oct/2022:21:35:28 +0000] "GET /feastwell-backend/api/v1/imageDetails HTTP/1.1" 404 51 "-" "python-requests/2.28.1"
::ffff:192.168.0.169 - - [06/Oct/2022:21:35:28 +0000] "GET /feastwell-backend/api/v1/facility HTTP/1.1" 304 - "http://localhost:3000/" "Mozilla/5.0 (Windows NT 10.0; Win64; x64) AppleWebKit/537.36 (KHTML, like Gecko) Chrome/106.0.0.0 Safari/537.36"
::1 - - [06/Oct/2022:21:35:29 +0000] "GET /feastwell-backend/api/v1/imageDetails HTTP/1.1" 404 51 "-" "python-requests/2.28.1"
::1 - - [06/Oct/2022:21:35:30 +0000] "GET /feastwell-backend/api/v1/imageDetails HTTP/1.1" 404 51 "-" "python-requests/2.28.1"
::ffff:192.168.0.169 - - [06/Oct/2022:21:35:30 +0000] "GET /feastwell-backend/api/v1/auth/login/sidebar HTTP/1.1" 200 2975 "http://localhost:3000/" "Mozilla/5.0 (Windows NT 10.0; Win64; x64) AppleWebKit/537.36 (KHTML, like Gecko) Chrome/106.0.0.0 Safari/537.36"
::1 - - [06/Oct/2022:21:35:31 +0000] "GET /feastwell-backend/api/v1/nurseResident?mealType=4 HTTP/1.1" 200 742 "-" "okhttp/3.14.9"
::1 - - [06/Oct/2022:21:35:31 +0000] "GET /feastwell-backend/api/v1/nurseResident?mealType=4 HTTP/1.1" 200 742 "-" "okhttp/3.14.9"
::1 - - [06/Oct/2022:21:35:31 +0000] "GET /feastwell-backend/api/v1/imageDetails HTTP/1.1" 404 51 "-" "python-requests/2.28.1"
::1 - - [06/Oct/2022:21:35:32 +0000] "GET /feastwell-backend/api/v1/imageDetails HTTP/1.1" 404 51 "-" "python-requests/2.28.1"
::ffff:192.168.0.169 - - [06/Oct/2022:21:35:33 +0000] "GET /feastwell-backend/api/v1/resident HTTP/1.1" 304 - "http://localhost:3000/" "Mozilla/5.0 (Windows NT 10.0; Win64; x64) AppleWebKit/537.36 (KHTML, like Gecko) Chrome/106.0.0.0 Safari/537.36"
::1 - - [06/Oct/2022:21:35:34 +0000] "GET /feastwell-backend/api/v1/imageDetails HTTP/1.1" 404 51 "-" "python-requests/2.28.1"
::1 - - [06/Oct/2022:21:35:35 +0000] "GET /feastwell-backend/api/v1/imageDetails HTTP/1.1" 404 51 "-" "python-requests/2.28.1"
::1 - - [06/Oct/2022:21:35:35 +0000] "GET /feastwell-backend/api/v1/imageDetails/byNurseId/38 HTTP/1.1" 200 225 "-" "okhttp/3.14.9"
::ffff:192.168.0.169 - - [06/Oct/2022:21:35:35 +0000] "GET /feastwell-backend/api/v1/facility HTTP/1.1" 304 - "http://localhost:3000/" "Mozilla/5.0 (Windows NT 10.0; Win64; x64) AppleWebKit/537.36 (KHTML, like Gecko) Chrome/106.0.0.0 Safari/537.36"
::1 - - [06/Oct/2022:21:35:35 +0000] "GET /feastwell-backend/api/v1/mealTypes HTTP/1.1" 200 597 "-" "okhttp/3.14.9"
::ffff:192.168.0.169 - - [06/Oct/2022:21:35:36 +0000] "GET /feastwell-backend/api/v1/auth/login/sidebar HTTP/1.1" 304 - "http://localhost:3000/" "Mozilla/5.0 (Windows NT 10.0; Win64; x64) AppleWebKit/537.36 (KHTML, like Gecko) Chrome/106.0.0.0 Safari/537.36"
::1 - - [06/Oct/2022:21:35:36 +0000] "GET /feastwell-backend/api/v1/imageDetails HTTP/1.1" 404 51 "-" "python-requests/2.28.1"
::1 - - [06/Oct/2022:21:35:37 +0000] "GET /feastwell-backend/api/v1/imageDetails HTTP/1.1" 404 51 "-" "python-requests/2.28.1"
::1 - - [06/Oct/2022:21:35:38 +0000] "GET /feastwell-backend/api/v1/auth/login/sidebar HTTP/1.1" 200 2975 "-" "okhttp/3.14.9"
::1 - - [06/Oct/2022:21:35:38 +0000] "GET /feastwell-backend/api/v1/imageDetails HTTP/1.1" 404 51 "-" "python-requests/2.28.1"
::ffff:192.168.0.169 - - [06/Oct/2022:21:35:38 +0000] "GET /feastwell-backend/api/v1/auth/login/sidebar HTTP/1.1" 304 - "http://localhost:3000/" "Mozilla/5.0 (Windows NT 10.0; Win64; x64) AppleWebKit/537.36 (KHTML, like Gecko) Chrome/106.0.0.0 Safari/537.36"
::1 - - [06/Oct/2022:21:35:39 +0000] "GET /feastwell-backend/api/v1/imageDetails HTTP/1.1" 404 51 "-" "python-requests/2.28.1"
::1 - - [06/Oct/2022:21:35:40 +0000] "GET /feastwell-backend/api/v1/imageDetails HTTP/1.1" 404 51 "-" "python-requests/2.28.1"
::1 - - [06/Oct/2022:21:35:41 +0000] "GET /feastwell-backend/api/v1/imageDetails HTTP/1.1" 404 51 "-" "python-requests/2.28.1"
::1 - - [06/Oct/2022:21:35:42 +0000] "GET /feastwell-backend/api/v1/imageDetails HTTP/1.1" 404 51 "-" "python-requests/2.28.1"
::1 - - [06/Oct/2022:21:35:44 +0000] "GET /feastwell-backend/api/v1/imageDetails HTTP/1.1" 404 51 "-" "python-requests/2.28.1"
::1 - - [06/Oct/2022:21:35:45 +0000] "GET /feastwell-backend/api/v1/imageDetails HTTP/1.1" 404 51 "-" "python-requests/2.28.1"
::1 - - [06/Oct/2022:21:35:46 +0000] "GET /feastwell-backend/api/v1/imageDetails HTTP/1.1" 404 51 "-" "python-requests/2.28.1"
::1 - - [06/Oct/2022:21:35:47 +0000] "GET /feastwell-backend/api/v1/imageDetails HTTP/1.1" 404 51 "-" "python-requests/2.28.1"
::1 - - [06/Oct/2022:21:35:48 +0000] "GET /feastwell-backend/api/v1/imageDetails HTTP/1.1" 404 51 "-" "python-requests/2.28.1"
::1 - - [06/Oct/2022:21:35:49 +0000] "GET /feastwell-backend/api/v1/imageDetails HTTP/1.1" 404 51 "-" "python-requests/2.28.1"
::1 - - [06/Oct/2022:21:35:50 +0000] "GET /feastwell-backend/api/v1/imageDetails HTTP/1.1" 404 51 "-" "python-requests/2.28.1"
::1 - - [06/Oct/2022:21:35:51 +0000] "GET /feastwell-backend/api/v1/imageDetails HTTP/1.1" 404 51 "-" "python-requests/2.28.1"
::1 - - [06/Oct/2022:21:35:52 +0000] "GET /feastwell-backend/api/v1/imageDetails HTTP/1.1" 404 51 "-" "python-requests/2.28.1"
::1 - - [06/Oct/2022:21:35:53 +0000] "GET /feastwell-backend/api/v1/imageDetails HTTP/1.1" 404 51 "-" "python-requests/2.28.1"
::1 - - [06/Oct/2022:21:35:55 +0000] "GET /feastwell-backend/api/v1/imageDetails HTTP/1.1" 404 51 "-" "python-requests/2.28.1"
::ffff:192.168.0.169 - - [06/Oct/2022:21:35:56 +0000] "GET /feastwell-backend/api/v1/country HTTP/1.1" 304 - "http://localhost:3000/" "Mozilla/5.0 (Windows NT 10.0; Win64; x64) AppleWebKit/537.36 (KHTML, like Gecko) Chrome/106.0.0.0 Safari/537.36"
::1 - - [06/Oct/2022:21:35:56 +0000] "GET /feastwell-backend/api/v1/imageDetails HTTP/1.1" 404 51 "-" "python-requests/2.28.1"
::1 - - [06/Oct/2022:21:35:57 +0000] "GET /feastwell-backend/api/v1/imageDetails HTTP/1.1" 404 51 "-" "python-requests/2.28.1"
::1 - - [06/Oct/2022:21:35:58 +0000] "GET /feastwell-backend/api/v1/imageDetails HTTP/1.1" 404 51 "-" "python-requests/2.28.1"
::ffff:192.168.0.169 - - [06/Oct/2022:21:35:58 +0000] "GET /feastwell-backend/api/v1/auth/login/sidebar HTTP/1.1" 304 - "http://localhost:3000/" "Mozilla/5.0 (Windows NT 10.0; Win64; x64) AppleWebKit/537.36 (KHTML, like Gecko) Chrome/106.0.0.0 Safari/537.36"
::1 - - [06/Oct/2022:21:35:59 +0000] "GET /feastwell-backend/api/v1/imageDetails HTTP/1.1" 404 51 "-" "python-requests/2.28.1"
::1 - - [06/Oct/2022:21:36:00 +0000] "GET /feastwell-backend/api/v1/imageDetails HTTP/1.1" 404 51 "-" "python-requests/2.28.1"
::1 - - [06/Oct/2022:21:36:01 +0000] "GET /feastwell-backend/api/v1/imageDetails HTTP/1.1" 404 51 "-" "python-requests/2.28.1"
::1 - - [06/Oct/2022:21:36:02 +0000] "GET /feastwell-backend/api/v1/imageDetails HTTP/1.1" 404 51 "-" "python-requests/2.28.1"
::ffff:192.168.0.169 - - [06/Oct/2022:21:36:03 +0000] "GET /feastwell-backend/api/v1/states/byCountryId/39 HTTP/1.1" 304 - "http://localhost:3000/" "Mozilla/5.0 (Windows NT 10.0; Win64; x64) AppleWebKit/537.36 (KHTML, like Gecko) Chrome/106.0.0.0 Safari/537.36"
::ffff:192.168.0.169 - - [06/Oct/2022:21:36:03 +0000] "GET /feastwell-backend/api/v1/city/byStateId/875 HTTP/1.1" 304 - "http://localhost:3000/" "Mozilla/5.0 (Windows NT 10.0; Win64; x64) AppleWebKit/537.36 (KHTML, like Gecko) Chrome/106.0.0.0 Safari/537.36"
::1 - - [06/Oct/2022:21:36:03 +0000] "GET /feastwell-backend/api/v1/imageDetails HTTP/1.1" 404 51 "-" "python-requests/2.28.1"
::1 - - [06/Oct/2022:21:36:05 +0000] "GET /feastwell-backend/api/v1/imageDetails HTTP/1.1" 404 51 "-" "python-requests/2.28.1"
::ffff:192.168.0.169 - - [06/Oct/2022:21:36:05 +0000] "GET /feastwell-backend/api/v1/states/byCountryId/14 HTTP/1.1" 200 690 "http://localhost:3000/" "Mozilla/5.0 (Windows NT 10.0; Win64; x64) AppleWebKit/537.36 (KHTML, like Gecko) Chrome/106.0.0.0 Safari/537.36"
::1 - - [06/Oct/2022:21:36:06 +0000] "GET /feastwell-backend/api/v1/imageDetails HTTP/1.1" 404 51 "-" "python-requests/2.28.1"
::1 - - [06/Oct/2022:21:36:07 +0000] "GET /feastwell-backend/api/v1/imageDetails HTTP/1.1" 404 51 "-" "python-requests/2.28.1"
::1 - - [06/Oct/2022:21:36:08 +0000] "GET /feastwell-backend/api/v1/imageDetails HTTP/1.1" 404 51 "-" "python-requests/2.28.1"
::ffff:192.168.0.169 - - [06/Oct/2022:21:36:08 +0000] "GET /feastwell-backend/api/v1/city/byStateId/3904 HTTP/1.1" 200 37754 "http://localhost:3000/" "Mozilla/5.0 (Windows NT 10.0; Win64; x64) AppleWebKit/537.36 (KHTML, like Gecko) Chrome/106.0.0.0 Safari/537.36"
::1 - - [06/Oct/2022:21:36:09 +0000] "GET /feastwell-backend/api/v1/imageDetails HTTP/1.1" 404 51 "-" "python-requests/2.28.1"
::1 - - [06/Oct/2022:21:36:10 +0000] "GET /feastwell-backend/api/v1/imageDetails HTTP/1.1" 404 51 "-" "python-requests/2.28.1"
::1 - - [06/Oct/2022:21:36:11 +0000] "GET /feastwell-backend/api/v1/imageDetails HTTP/1.1" 404 51 "-" "python-requests/2.28.1"
::1 - - [06/Oct/2022:21:36:12 +0000] "GET /feastwell-backend/api/v1/imageDetails HTTP/1.1" 404 51 "-" "python-requests/2.28.1"
::1 - - [06/Oct/2022:21:36:13 +0000] "GET /feastwell-backend/api/v1/imageDetails HTTP/1.1" 404 51 "-" "python-requests/2.28.1"
::1 - - [06/Oct/2022:21:36:14 +0000] "GET /feastwell-backend/api/v1/imageDetails HTTP/1.1" 404 51 "-" "python-requests/2.28.1"
::1 - - [06/Oct/2022:21:36:16 +0000] "GET /feastwell-backend/api/v1/imageDetails HTTP/1.1" 404 51 "-" "python-requests/2.28.1"
::1 - - [06/Oct/2022:21:36:17 +0000] "GET /feastwell-backend/api/v1/imageDetails HTTP/1.1" 404 51 "-" "python-requests/2.28.1"
::1 - - [06/Oct/2022:21:36:18 +0000] "GET /feastwell-backend/api/v1/imageDetails HTTP/1.1" 404 51 "-" "python-requests/2.28.1"
::1 - - [06/Oct/2022:21:36:19 +0000] "GET /feastwell-backend/api/v1/imageDetails HTTP/1.1" 404 51 "-" "python-requests/2.28.1"
::1 - - [06/Oct/2022:21:36:20 +0000] "GET /feastwell-backend/api/v1/imageDetails HTTP/1.1" 404 51 "-" "python-requests/2.28.1"
::1 - - [06/Oct/2022:21:36:21 +0000] "GET /feastwell-backend/api/v1/imageDetails HTTP/1.1" 404 51 "-" "python-requests/2.28.1"
::1 - - [06/Oct/2022:21:36:22 +0000] "GET /feastwell-backend/api/v1/imageDetails HTTP/1.1" 404 51 "-" "python-requests/2.28.1"
::1 - - [06/Oct/2022:21:36:23 +0000] "GET /feastwell-backend/api/v1/imageDetails HTTP/1.1" 404 51 "-" "python-requests/2.28.1"
::1 - - [06/Oct/2022:21:36:24 +0000] "GET /feastwell-backend/api/v1/imageDetails HTTP/1.1" 404 51 "-" "python-requests/2.28.1"
::1 - - [06/Oct/2022:21:36:25 +0000] "GET /feastwell-backend/api/v1/imageDetails HTTP/1.1" 404 51 "-" "python-requests/2.28.1"
::1 - - [06/Oct/2022:21:36:27 +0000] "GET /feastwell-backend/api/v1/imageDetails HTTP/1.1" 404 51 "-" "python-requests/2.28.1"
::1 - - [06/Oct/2022:21:36:28 +0000] "GET /feastwell-backend/api/v1/imageDetails HTTP/1.1" 404 51 "-" "python-requests/2.28.1"
::1 - - [06/Oct/2022:21:36:29 +0000] "GET /feastwell-backend/api/v1/imageDetails HTTP/1.1" 404 51 "-" "python-requests/2.28.1"
::1 - - [06/Oct/2022:21:36:30 +0000] "GET /feastwell-backend/api/v1/imageDetails HTTP/1.1" 404 51 "-" "python-requests/2.28.1"
::1 - - [06/Oct/2022:21:36:31 +0000] "GET /feastwell-backend/api/v1/imageDetails HTTP/1.1" 404 51 "-" "python-requests/2.28.1"
::1 - - [06/Oct/2022:21:36:32 +0000] "GET /feastwell-backend/api/v1/imageDetails HTTP/1.1" 404 51 "-" "python-requests/2.28.1"
::1 - - [06/Oct/2022:21:36:33 +0000] "GET /feastwell-backend/api/v1/imageDetails HTTP/1.1" 404 51 "-" "python-requests/2.28.1"
::1 - - [06/Oct/2022:21:36:34 +0000] "GET /feastwell-backend/api/v1/imageDetails HTTP/1.1" 404 51 "-" "python-requests/2.28.1"
::1 - - [06/Oct/2022:21:36:35 +0000] "GET /feastwell-backend/api/v1/imageDetails HTTP/1.1" 404 51 "-" "python-requests/2.28.1"
::1 - - [06/Oct/2022:21:36:37 +0000] "GET /feastwell-backend/api/v1/imageDetails HTTP/1.1" 404 51 "-" "python-requests/2.28.1"
::1 - - [06/Oct/2022:21:36:38 +0000] "GET /feastwell-backend/api/v1/imageDetails HTTP/1.1" 404 51 "-" "python-requests/2.28.1"
::1 - - [06/Oct/2022:21:36:39 +0000] "GET /feastwell-backend/api/v1/imageDetails HTTP/1.1" 404 51 "-" "python-requests/2.28.1"
::1 - - [06/Oct/2022:21:36:40 +0000] "GET /feastwell-backend/api/v1/imageDetails HTTP/1.1" 404 51 "-" "python-requests/2.28.1"
::1 - - [06/Oct/2022:21:36:41 +0000] "GET /feastwell-backend/api/v1/imageDetails HTTP/1.1" 404 51 "-" "python-requests/2.28.1"
::1 - - [06/Oct/2022:21:36:42 +0000] "GET /feastwell-backend/api/v1/imageDetails HTTP/1.1" 404 51 "-" "python-requests/2.28.1"
::1 - - [06/Oct/2022:21:36:43 +0000] "GET /feastwell-backend/api/v1/imageDetails HTTP/1.1" 404 51 "-" "python-requests/2.28.1"
::1 - - [06/Oct/2022:21:36:44 +0000] "GET /feastwell-backend/api/v1/imageDetails HTTP/1.1" 404 51 "-" "python-requests/2.28.1"
::1 - - [06/Oct/2022:21:36:45 +0000] "GET /feastwell-backend/api/v1/imageDetails HTTP/1.1" 404 51 "-" "python-requests/2.28.1"
::1 - - [06/Oct/2022:21:36:46 +0000] "GET /feastwell-backend/api/v1/imageDetails HTTP/1.1" 404 51 "-" "python-requests/2.28.1"
::1 - - [06/Oct/2022:21:36:48 +0000] "GET /feastwell-backend/api/v1/imageDetails HTTP/1.1" 404 51 "-" "python-requests/2.28.1"
::1 - - [06/Oct/2022:21:36:49 +0000] "GET /feastwell-backend/api/v1/imageDetails HTTP/1.1" 404 51 "-" "python-requests/2.28.1"
::1 - - [06/Oct/2022:21:36:50 +0000] "GET /feastwell-backend/api/v1/imageDetails HTTP/1.1" 404 51 "-" "python-requests/2.28.1"
::1 - - [06/Oct/2022:21:36:51 +0000] "GET /feastwell-backend/api/v1/imageDetails HTTP/1.1" 404 51 "-" "python-requests/2.28.1"
::1 - - [06/Oct/2022:21:36:52 +0000] "GET /feastwell-backend/api/v1/imageDetails HTTP/1.1" 404 51 "-" "python-requests/2.28.1"
::1 - - [06/Oct/2022:21:36:53 +0000] "GET /feastwell-backend/api/v1/imageDetails HTTP/1.1" 404 51 "-" "python-requests/2.28.1"
::1 - - [06/Oct/2022:21:36:54 +0000] "GET /feastwell-backend/api/v1/imageDetails HTTP/1.1" 404 51 "-" "python-requests/2.28.1"
::1 - - [06/Oct/2022:21:36:55 +0000] "GET /feastwell-backend/api/v1/imageDetails HTTP/1.1" 404 51 "-" "python-requests/2.28.1"
::1 - - [06/Oct/2022:21:36:56 +0000] "GET /feastwell-backend/api/v1/imageDetails HTTP/1.1" 404 51 "-" "python-requests/2.28.1"
::1 - - [06/Oct/2022:21:36:58 +0000] "GET /feastwell-backend/api/v1/imageDetails HTTP/1.1" 404 51 "-" "python-requests/2.28.1"
::1 - - [06/Oct/2022:21:36:59 +0000] "GET /feastwell-backend/api/v1/imageDetails HTTP/1.1" 404 51 "-" "python-requests/2.28.1"
::1 - - [06/Oct/2022:21:37:00 +0000] "GET /feastwell-backend/api/v1/imageDetails HTTP/1.1" 404 51 "-" "python-requests/2.28.1"
::1 - - [06/Oct/2022:21:37:01 +0000] "GET /feastwell-backend/api/v1/imageDetails HTTP/1.1" 404 51 "-" "python-requests/2.28.1"
::ffff:192.168.0.169 - - [06/Oct/2022:21:37:01 +0000] "POST /feastwell-backend/api/v1/facility HTTP/1.1" 201 87 "http://localhost:3000/" "Mozilla/5.0 (Windows NT 10.0; Win64; x64) AppleWebKit/537.36 (KHTML, like Gecko) Chrome/106.0.0.0 Safari/537.36"
::ffff:192.168.0.169 - - [06/Oct/2022:21:37:01 +0000] "POST /feastwell-backend/api/v1/userActivityLog HTTP/1.1" 201 79 "http://localhost:3000/" "Mozilla/5.0 (Windows NT 10.0; Win64; x64) AppleWebKit/537.36 (KHTML, like Gecko) Chrome/106.0.0.0 Safari/537.36"
::ffff:192.168.0.169 - - [06/Oct/2022:21:37:02 +0000] "GET /feastwell-backend/api/v1/facility HTTP/1.1" 200 2887 "http://localhost:3000/" "Mozilla/5.0 (Windows NT 10.0; Win64; x64) AppleWebKit/537.36 (KHTML, like Gecko) Chrome/106.0.0.0 Safari/537.36"
::1 - - [06/Oct/2022:21:37:02 +0000] "GET /feastwell-backend/api/v1/imageDetails HTTP/1.1" 404 51 "-" "python-requests/2.28.1"
::1 - - [06/Oct/2022:21:37:03 +0000] "GET /feastwell-backend/api/v1/imageDetails HTTP/1.1" 404 51 "-" "python-requests/2.28.1"
::1 - - [06/Oct/2022:21:37:04 +0000] "GET /feastwell-backend/api/v1/imageDetails HTTP/1.1" 404 51 "-" "python-requests/2.28.1"
::ffff:192.168.0.169 - - [06/Oct/2022:21:37:04 +0000] "GET /feastwell-backend/api/v1/auth/login/sidebar HTTP/1.1" 304 - "http://localhost:3000/" "Mozilla/5.0 (Windows NT 10.0; Win64; x64) AppleWebKit/537.36 (KHTML, like Gecko) Chrome/106.0.0.0 Safari/537.36"
::1 - - [06/Oct/2022:21:37:05 +0000] "GET /feastwell-backend/api/v1/imageDetails HTTP/1.1" 404 51 "-" "python-requests/2.28.1"
::ffff:192.168.0.169 - - [06/Oct/2022:21:37:06 +0000] "GET /feastwell-backend/api/v1/states/byCountryId/ HTTP/1.1" 404 36 "http://localhost:3000/" "Mozilla/5.0 (Windows NT 10.0; Win64; x64) AppleWebKit/537.36 (KHTML, like Gecko) Chrome/106.0.0.0 Safari/537.36"
::ffff:192.168.0.169 - - [06/Oct/2022:21:37:06 +0000] "GET /feastwell-backend/api/v1/city/byStateId/ HTTP/1.1" 404 36 "http://localhost:3000/" "Mozilla/5.0 (Windows NT 10.0; Win64; x64) AppleWebKit/537.36 (KHTML, like Gecko) Chrome/106.0.0.0 Safari/537.36"
::ffff:192.168.0.169 - - [06/Oct/2022:21:37:06 +0000] "GET /feastwell-backend/api/v1/facility/7 HTTP/1.1" 200 482 "http://localhost:3000/" "Mozilla/5.0 (Windows NT 10.0; Win64; x64) AppleWebKit/537.36 (KHTML, like Gecko) Chrome/106.0.0.0 Safari/537.36"
::ffff:192.168.0.169 - - [06/Oct/2022:21:37:06 +0000] "GET /feastwell-backend/api/v1/country HTTP/1.1" 304 - "http://localhost:3000/" "Mozilla/5.0 (Windows NT 10.0; Win64; x64) AppleWebKit/537.36 (KHTML, like Gecko) Chrome/106.0.0.0 Safari/537.36"
::1 - - [06/Oct/2022:21:37:06 +0000] "GET /feastwell-backend/api/v1/imageDetails HTTP/1.1" 404 51 "-" "python-requests/2.28.1"
::ffff:192.168.0.169 - - [06/Oct/2022:21:37:07 +0000] "GET /feastwell-backend/api/v1/city/byStateId/3904 HTTP/1.1" 304 - "http://localhost:3000/" "Mozilla/5.0 (Windows NT 10.0; Win64; x64) AppleWebKit/537.36 (KHTML, like Gecko) Chrome/106.0.0.0 Safari/537.36"
::ffff:192.168.0.169 - - [06/Oct/2022:21:37:07 +0000] "GET /feastwell-backend/api/v1/states/byCountryId/14 HTTP/1.1" 304 - "http://localhost:3000/" "Mozilla/5.0 (Windows NT 10.0; Win64; x64) AppleWebKit/537.36 (KHTML, like Gecko) Chrome/106.0.0.0 Safari/537.36"
::ffff:192.168.0.169 - - [06/Oct/2022:21:37:07 +0000] "GET /feastwell-backend/api/v1/country HTTP/1.1" 304 - "http://localhost:3000/" "Mozilla/5.0 (Windows NT 10.0; Win64; x64) AppleWebKit/537.36 (KHTML, like Gecko) Chrome/106.0.0.0 Safari/537.36"
::1 - - [06/Oct/2022:21:37:08 +0000] "GET /feastwell-backend/api/v1/imageDetails HTTP/1.1" 404 51 "-" "python-requests/2.28.1"
::1 - - [06/Oct/2022:21:37:09 +0000] "GET /feastwell-backend/api/v1/imageDetails HTTP/1.1" 404 51 "-" "python-requests/2.28.1"
::ffff:192.168.0.169 - - [06/Oct/2022:21:37:09 +0000] "GET /feastwell-backend/api/v1/auth/login/sidebar HTTP/1.1" 304 - "http://localhost:3000/" "Mozilla/5.0 (Windows NT 10.0; Win64; x64) AppleWebKit/537.36 (KHTML, like Gecko) Chrome/106.0.0.0 Safari/537.36"
::1 - - [06/Oct/2022:21:37:10 +0000] "GET /feastwell-backend/api/v1/imageDetails HTTP/1.1" 404 51 "-" "python-requests/2.28.1"
::1 - - [06/Oct/2022:21:37:11 +0000] "GET /feastwell-backend/api/v1/imageDetails HTTP/1.1" 404 51 "-" "python-requests/2.28.1"
::1 - - [06/Oct/2022:21:37:12 +0000] "GET /feastwell-backend/api/v1/imageDetails HTTP/1.1" 404 51 "-" "python-requests/2.28.1"
::ffff:192.168.0.169 - - [06/Oct/2022:21:37:12 +0000] "GET /feastwell-backend/api/v1/states/byCountryId/39 HTTP/1.1" 304 - "http://localhost:3000/" "Mozilla/5.0 (Windows NT 10.0; Win64; x64) AppleWebKit/537.36 (KHTML, like Gecko) Chrome/106.0.0.0 Safari/537.36"
