::ffff:192.168.0.169 - - [06/Oct/2022:21:37:12 +0000] "GET /feastwell-backend/api/v1/country HTTP/1.1" 304 - "http://localhost:3000/" "Mozilla/5.0 (Windows NT 10.0; Win64; x64) AppleWebKit/537.36 (KHTML, like Gecko) Chrome/106.0.0.0 Safari/537.36"
::1 - - [06/Oct/2022:21:37:13 +0000] "GET /feastwell-backend/api/v1/imageDetails HTTP/1.1" 404 51 "-" "python-requests/2.28.1"
::1 - - [06/Oct/2022:21:37:14 +0000] "GET /feastwell-backend/api/v1/imageDetails HTTP/1.1" 404 51 "-" "python-requests/2.28.1"
::1 - - [06/Oct/2022:21:37:15 +0000] "GET /feastwell-backend/api/v1/imageDetails HTTP/1.1" 404 51 "-" "python-requests/2.28.1"
::1 - - [06/Oct/2022:21:37:16 +0000] "GET /feastwell-backend/api/v1/imageDetails HTTP/1.1" 404 51 "-" "python-requests/2.28.1"
::1 - - [06/Oct/2022:21:37:18 +0000] "GET /feastwell-backend/api/v1/imageDetails HTTP/1.1" 404 51 "-" "python-requests/2.28.1"
::ffff:192.168.0.169 - - [06/Oct/2022:21:37:18 +0000] "GET /feastwell-backend/api/v1/city/byStateId/868 HTTP/1.1" 200 3189 "http://localhost:3000/" "Mozilla/5.0 (Windows NT 10.0; Win64; x64) AppleWebKit/537.36 (KHTML, like Gecko) Chrome/106.0.0.0 Safari/537.36"
::1 - - [06/Oct/2022:21:37:19 +0000] "GET /feastwell-backend/api/v1/imageDetails HTTP/1.1" 404 51 "-" "python-requests/2.28.1"
::1 - - [06/Oct/2022:21:37:20 +0000] "GET /feastwell-backend/api/v1/imageDetails HTTP/1.1" 404 51 "-" "python-requests/2.28.1"
::1 - - [06/Oct/2022:21:37:21 +0000] "GET /feastwell-backend/api/v1/imageDetails HTTP/1.1" 404 51 "-" "python-requests/2.28.1"
::ffff:192.168.0.169 - - [06/Oct/2022:21:37:21 +0000] "PUT /feastwell-backend/api/v1/facility/7 HTTP/1.1" 200 49 "http://localhost:3000/" "Mozilla/5.0 (Windows NT 10.0; Win64; x64) AppleWebKit/537.36 (KHTML, like Gecko) Chrome/106.0.0.0 Safari/537.36"
::ffff:192.168.0.169 - - [06/Oct/2022:21:37:21 +0000] "POST /feastwell-backend/api/v1/userActivityLog HTTP/1.1" 201 79 "http://localhost:3000/" "Mozilla/5.0 (Windows NT 10.0; Win64; x64) AppleWebKit/537.36 (KHTML, like Gecko) Chrome/106.0.0.0 Safari/537.36"
::ffff:192.168.0.169 - - [06/Oct/2022:21:37:22 +0000] "GET /feastwell-backend/api/v1/facility HTTP/1.1" 200 2879 "http://localhost:3000/" "Mozilla/5.0 (Windows NT 10.0; Win64; x64) AppleWebKit/537.36 (KHTML, like Gecko) Chrome/106.0.0.0 Safari/537.36"
::1 - - [06/Oct/2022:21:37:22 +0000] "GET /feastwell-backend/api/v1/imageDetails HTTP/1.1" 404 51 "-" "python-requests/2.28.1"
::1 - - [06/Oct/2022:21:37:23 +0000] "GET /feastwell-backend/api/v1/imageDetails HTTP/1.1" 404 51 "-" "python-requests/2.28.1"
::ffff:192.168.0.169 - - [06/Oct/2022:21:37:24 +0000] "GET /feastwell-backend/api/v1/auth/login/sidebar HTTP/1.1" 304 - "http://localhost:3000/" "Mozilla/5.0 (Windows NT 10.0; Win64; x64) AppleWebKit/537.36 (KHTML, like Gecko) Chrome/106.0.0.0 Safari/537.36"
::1 - - [06/Oct/2022:21:37:24 +0000] "GET /feastwell-backend/api/v1/imageDetails HTTP/1.1" 404 51 "-" "python-requests/2.28.1"
::1 - - [06/Oct/2022:21:37:25 +0000] "GET /feastwell-backend/api/v1/imageDetails HTTP/1.1" 404 51 "-" "python-requests/2.28.1"
::1 - - [06/Oct/2022:21:37:26 +0000] "GET /feastwell-backend/api/v1/imageDetails HTTP/1.1" 404 51 "-" "python-requests/2.28.1"
::1 - - [06/Oct/2022:21:37:27 +0000] "GET /feastwell-backend/api/v1/imageDetails HTTP/1.1" 404 51 "-" "python-requests/2.28.1"
::1 - - [06/Oct/2022:21:37:29 +0000] "GET /feastwell-backend/api/v1/imageDetails HTTP/1.1" 404 51 "-" "python-requests/2.28.1"
::1 - - [06/Oct/2022:21:37:30 +0000] "GET /feastwell-backend/api/v1/imageDetails HTTP/1.1" 404 51 "-" "python-requests/2.28.1"
::1 - - [06/Oct/2022:21:37:31 +0000] "GET /feastwell-backend/api/v1/imageDetails HTTP/1.1" 404 51 "-" "python-requests/2.28.1"
::1 - - [06/Oct/2022:21:37:32 +0000] "GET /feastwell-backend/api/v1/imageDetails HTTP/1.1" 404 51 "-" "python-requests/2.28.1"
::1 - - [06/Oct/2022:21:37:33 +0000] "GET /feastwell-backend/api/v1/imageDetails HTTP/1.1" 404 51 "-" "python-requests/2.28.1"
::1 - - [06/Oct/2022:21:37:34 +0000] "GET /feastwell-backend/api/v1/imageDetails HTTP/1.1" 404 51 "-" "python-requests/2.28.1"
::1 - - [06/Oct/2022:21:37:35 +0000] "GET /feastwell-backend/api/v1/imageDetails HTTP/1.1" 404 51 "-" "python-requests/2.28.1"
::1 - - [06/Oct/2022:21:37:36 +0000] "GET /feastwell-backend/api/v1/imageDetails HTTP/1.1" 404 51 "-" "python-requests/2.28.1"
::1 - - [06/Oct/2022:21:37:37 +0000] "GET /feastwell-backend/api/v1/imageDetails HTTP/1.1" 404 51 "-" "python-requests/2.28.1"
::1 - - [06/Oct/2022:21:37:39 +0000] "GET /feastwell-backend/api/v1/imageDetails HTTP/1.1" 404 51 "-" "python-requests/2.28.1"
::1 - - [06/Oct/2022:21:37:40 +0000] "GET /feastwell-backend/api/v1/imageDetails HTTP/1.1" 404 51 "-" "python-requests/2.28.1"
::1 - - [06/Oct/2022:21:37:41 +0000] "GET /feastwell-backend/api/v1/imageDetails HTTP/1.1" 404 51 "-" "python-requests/2.28.1"
::1 - - [06/Oct/2022:21:37:42 +0000] "GET /feastwell-backend/api/v1/imageDetails HTTP/1.1" 404 51 "-" "python-requests/2.28.1"
::1 - - [06/Oct/2022:21:37:43 +0000] "GET /feastwell-backend/api/v1/imageDetails HTTP/1.1" 404 51 "-" "python-requests/2.28.1"
::1 - - [06/Oct/2022:21:37:44 +0000] "GET /feastwell-backend/api/v1/imageDetails HTTP/1.1" 404 51 "-" "python-requests/2.28.1"
::1 - - [06/Oct/2022:21:37:45 +0000] "GET /feastwell-backend/api/v1/imageDetails HTTP/1.1" 404 51 "-" "python-requests/2.28.1"
::1 - - [06/Oct/2022:21:37:46 +0000] "GET /feastwell-backend/api/v1/imageDetails HTTP/1.1" 404 51 "-" "python-requests/2.28.1"
::1 - - [06/Oct/2022:21:37:47 +0000] "GET /feastwell-backend/api/v1/imageDetails HTTP/1.1" 404 51 "-" "python-requests/2.28.1"
::1 - - [06/Oct/2022:21:37:48 +0000] "GET /feastwell-backend/api/v1/imageDetails HTTP/1.1" 404 51 "-" "python-requests/2.28.1"
::1 - - [06/Oct/2022:21:37:50 +0000] "GET /feastwell-backend/api/v1/imageDetails HTTP/1.1" 404 51 "-" "python-requests/2.28.1"
::1 - - [06/Oct/2022:21:37:51 +0000] "GET /feastwell-backend/api/v1/imageDetails HTTP/1.1" 404 51 "-" "python-requests/2.28.1"
::ffff:192.168.0.169 - - [06/Oct/2022:21:37:52 +0000] "GET /feastwell-backend/api/v1/user?userType=4 HTTP/1.1" 304 - "http://localhost:3000/" "Mozilla/5.0 (Windows NT 10.0; Win64; x64) AppleWebKit/537.36 (KHTML, like Gecko) Chrome/106.0.0.0 Safari/537.36"
::1 - - [06/Oct/2022:21:37:52 +0000] "GET /feastwell-backend/api/v1/imageDetails HTTP/1.1" 404 51 "-" "python-requests/2.28.1"
::1 - - [06/Oct/2022:21:37:53 +0000] "GET /feastwell-backend/api/v1/imageDetails HTTP/1.1" 404 51 "-" "python-requests/2.28.1"
::ffff:192.168.0.169 - - [06/Oct/2022:21:37:53 +0000] "GET /feastwell-backend/api/v1/facility HTTP/1.1" 304 - "http://localhost:3000/" "Mozilla/5.0 (Windows NT 10.0; Win64; x64) AppleWebKit/537.36 (KHTML, like Gecko) Chrome/106.0.0.0 Safari/537.36"
::ffff:192.168.0.169 - - [06/Oct/2022:21:37:54 +0000] "GET /feastwell-backend/api/v1/auth/login/sidebar HTTP/1.1" 304 - "http://localhost:3000/" "Mozilla/5.0 (Windows NT 10.0; Win64; x64) AppleWebKit/537.36 (KHTML, like Gecko) Chrome/106.0.0.0 Safari/537.36"
::1 - - [06/Oct/2022:21:37:54 +0000] "GET /feastwell-backend/api/v1/imageDetails HTTP/1.1" 404 51 "-" "python-requests/2.28.1"
::ffff:192.168.0.169 - - [06/Oct/2022:21:37:55 +0000] "GET /feastwell-backend/api/v1/kitchen HTTP/1.1" 304 - "http://localhost:3000/" "Mozilla/5.0 (Windows NT 10.0; Win64; x64) AppleWebKit/537.36 (KHTML, like Gecko) Chrome/106.0.0.0 Safari/537.36"
::1 - - [06/Oct/2022:21:37:55 +0000] "GET /feastwell-backend/api/v1/imageDetails HTTP/1.1" 404 51 "-" "python-requests/2.28.1"
::1 - - [06/Oct/2022:21:37:56 +0000] "GET /feastwell-backend/api/v1/imageDetails HTTP/1.1" 404 51 "-" "python-requests/2.28.1"
::ffff:192.168.0.169 - - [06/Oct/2022:21:37:57 +0000] "GET /feastwell-backend/api/v1/mealitems HTTP/1.1" 304 - "http://localhost:3000/" "Mozilla/5.0 (Windows NT 10.0; Win64; x64) AppleWebKit/537.36 (KHTML, like Gecko) Chrome/106.0.0.0 Safari/537.36"
::ffff:192.168.0.169 - - [06/Oct/2022:21:37:57 +0000] "GET /feastwell-backend/api/v1/auth/login/sidebar HTTP/1.1" 304 - "http://localhost:3000/" "Mozilla/5.0 (Windows NT 10.0; Win64; x64) AppleWebKit/537.36 (KHTML, like Gecko) Chrome/106.0.0.0 Safari/537.36"
::1 - - [06/Oct/2022:21:37:57 +0000] "GET /feastwell-backend/api/v1/imageDetails HTTP/1.1" 404 51 "-" "python-requests/2.28.1"
::1 - - [06/Oct/2022:21:37:58 +0000] "GET /feastwell-backend/api/v1/imageDetails HTTP/1.1" 404 51 "-" "python-requests/2.28.1"
::1 - - [06/Oct/2022:21:38:00 +0000] "GET /feastwell-backend/api/v1/imageDetails HTTP/1.1" 404 51 "-" "python-requests/2.28.1"
::ffff:192.168.0.169 - - [06/Oct/2022:21:38:00 +0000] "GET /feastwell-backend/api/v1/auth/login/sidebar HTTP/1.1" 304 - "http://localhost:3000/" "Mozilla/5.0 (Windows NT 10.0; Win64; x64) AppleWebKit/537.36 (KHTML, like Gecko) Chrome/106.0.0.0 Safari/537.36"
::1 - - [06/Oct/2022:21:38:01 +0000] "GET /feastwell-backend/api/v1/imageDetails HTTP/1.1" 404 51 "-" "python-requests/2.28.1"
::1 - - [06/Oct/2022:21:38:02 +0000] "GET /feastwell-backend/api/v1/imageDetails HTTP/1.1" 404 51 "-" "python-requests/2.28.1"
::ffff:192.168.0.169 - - [06/Oct/2022:21:38:03 +0000] "GET /feastwell-backend/api/v1/auth/login/sidebar HTTP/1.1" 304 - "http://localhost:3000/" "Mozilla/5.0 (Windows NT 10.0; Win64; x64) AppleWebKit/537.36 (KHTML, like Gecko) Chrome/106.0.0.0 Safari/537.36"
::1 - - [06/Oct/2022:21:38:03 +0000] "GET /feastwell-backend/api/v1/imageDetails HTTP/1.1" 404 51 "-" "python-requests/2.28.1"
::ffff:192.168.0.169 - - [06/Oct/2022:21:38:04 +0000] "GET /feastwell-backend/api/v1/facility HTTP/1.1" 304 - "http://localhost:3000/" "Mozilla/5.0 (Windows NT 10.0; Win64; x64) AppleWebKit/537.36 (KHTML, like Gecko) Chrome/106.0.0.0 Safari/537.36"
::1 - - [06/Oct/2022:21:38:04 +0000] "GET /feastwell-backend/api/v1/imageDetails HTTP/1.1" 404 51 "-" "python-requests/2.28.1"
::1 - - [06/Oct/2022:21:38:05 +0000] "GET /feastwell-backend/api/v1/imageDetails HTTP/1.1" 404 51 "-" "python-requests/2.28.1"
::ffff:192.168.0.169 - - [06/Oct/2022:21:38:06 +0000] "GET /feastwell-backend/api/v1/auth/login/sidebar HTTP/1.1" 304 - "http://localhost:3000/" "Mozilla/5.0 (Windows NT 10.0; Win64; x64) AppleWebKit/537.36 (KHTML, like Gecko) Chrome/106.0.0.0 Safari/537.36"
::1 - - [06/Oct/2022:21:38:06 +0000] "GET /feastwell-backend/api/v1/imageDetails HTTP/1.1" 404 51 "-" "python-requests/2.28.1"
::1 - - [06/Oct/2022:21:38:07 +0000] "GET /feastwell-backend/api/v1/imageDetails HTTP/1.1" 404 51 "-" "python-requests/2.28.1"
::1 - - [06/Oct/2022:21:38:08 +0000] "GET /feastwell-backend/api/v1/imageDetails HTTP/1.1" 404 51 "-" "python-requests/2.28.1"
::1 - - [06/Oct/2022:21:38:10 +0000] "GET /feastwell-backend/api/v1/imageDetails HTTP/1.1" 404 51 "-" "python-requests/2.28.1"
::ffff:192.168.0.169 - - [06/Oct/2022:21:38:10 +0000] "GET /feastwell-backend/api/v1/country HTTP/1.1" 304 - "http://localhost:3000/" "Mozilla/5.0 (Windows NT 10.0; Win64; x64) AppleWebKit/537.36 (KHTML, like Gecko) Chrome/106.0.0.0 Safari/537.36"
::1 - - [06/Oct/2022:21:38:11 +0000] "GET /feastwell-backend/api/v1/imageDetails HTTP/1.1" 404 51 "-" "python-requests/2.28.1"
::1 - - [06/Oct/2022:21:38:12 +0000] "GET /feastwell-backend/api/v1/imageDetails HTTP/1.1" 404 51 "-" "python-requests/2.28.1"
::ffff:192.168.0.169 - - [06/Oct/2022:21:38:12 +0000] "GET /feastwell-backend/api/v1/auth/login/sidebar HTTP/1.1" 304 - "http://localhost:3000/" "Mozilla/5.0 (Windows NT 10.0; Win64; x64) AppleWebKit/537.36 (KHTML, like Gecko) Chrome/106.0.0.0 Safari/537.36"
::1 - - [06/Oct/2022:21:38:13 +0000] "GET /feastwell-backend/api/v1/imageDetails HTTP/1.1" 404 51 "-" "python-requests/2.28.1"
::1 - - [06/Oct/2022:21:38:14 +0000] "GET /feastwell-backend/api/v1/imageDetails HTTP/1.1" 404 51 "-" "python-requests/2.28.1"
::1 - - [06/Oct/2022:21:38:15 +0000] "GET /feastwell-backend/api/v1/imageDetails HTTP/1.1" 404 51 "-" "python-requests/2.28.1"
::1 - - [06/Oct/2022:21:38:16 +0000] "GET /feastwell-backend/api/v1/imageDetails HTTP/1.1" 404 51 "-" "python-requests/2.28.1"
::1 - - [06/Oct/2022:21:38:17 +0000] "GET /feastwell-backend/api/v1/imageDetails HTTP/1.1" 404 51 "-" "python-requests/2.28.1"
::1 - - [06/Oct/2022:21:38:18 +0000] "GET /feastwell-backend/api/v1/imageDetails HTTP/1.1" 404 51 "-" "python-requests/2.28.1"
::1 - - [06/Oct/2022:21:38:19 +0000] "GET /feastwell-backend/api/v1/imageDetails HTTP/1.1" 404 51 "-" "python-requests/2.28.1"
::1 - - [06/Oct/2022:21:38:21 +0000] "GET /feastwell-backend/api/v1/imageDetails HTTP/1.1" 404 51 "-" "python-requests/2.28.1"
::1 - - [06/Oct/2022:21:38:22 +0000] "GET /feastwell-backend/api/v1/imageDetails HTTP/1.1" 404 51 "-" "python-requests/2.28.1"
::1 - - [06/Oct/2022:21:38:23 +0000] "GET /feastwell-backend/api/v1/imageDetails HTTP/1.1" 404 51 "-" "python-requests/2.28.1"
::ffff:192.168.0.169 - - [06/Oct/2022:21:38:24 +0000] "GET /feastwell-backend/api/v1/states/byCountryId/39 HTTP/1.1" 304 - "http://localhost:3000/" "Mozilla/5.0 (Windows NT 10.0; Win64; x64) AppleWebKit/537.36 (KHTML, like Gecko) Chrome/106.0.0.0 Safari/537.36"
::1 - - [06/Oct/2022:21:38:24 +0000] "GET /feastwell-backend/api/v1/imageDetails HTTP/1.1" 404 51 "-" "python-requests/2.28.1"
::1 - - [06/Oct/2022:21:38:25 +0000] "GET /feastwell-backend/api/v1/imageDetails HTTP/1.1" 404 51 "-" "python-requests/2.28.1"
::ffff:192.168.0.169 - - [06/Oct/2022:21:38:26 +0000] "GET /feastwell-backend/api/v1/city/byStateId/871 HTTP/1.1" 200 822 "http://localhost:3000/" "Mozilla/5.0 (Windows NT 10.0; Win64; x64) AppleWebKit/537.36 (KHTML, like Gecko) Chrome/106.0.0.0 Safari/537.36"
::1 - - [06/Oct/2022:21:38:26 +0000] "GET /feastwell-backend/api/v1/imageDetails HTTP/1.1" 404 51 "-" "python-requests/2.28.1"
::1 - - [06/Oct/2022:21:38:27 +0000] "GET /feastwell-backend/api/v1/imageDetails HTTP/1.1" 404 51 "-" "python-requests/2.28.1"
::1 - - [06/Oct/2022:21:38:28 +0000] "GET /feastwell-backend/api/v1/imageDetails HTTP/1.1" 404 51 "-" "python-requests/2.28.1"
::1 - - [06/Oct/2022:21:38:29 +0000] "GET /feastwell-backend/api/v1/imageDetails HTTP/1.1" 404 51 "-" "python-requests/2.28.1"
::1 - - [06/Oct/2022:21:38:31 +0000] "GET /feastwell-backend/api/v1/imageDetails HTTP/1.1" 404 51 "-" "python-requests/2.28.1"
::ffff:192.168.0.169 - - [06/Oct/2022:21:38:31 +0000] "GET /feastwell-backend/api/v1/states/byCountryId/101 HTTP/1.1" 200 2696 "http://localhost:3000/" "Mozilla/5.0 (Windows NT 10.0; Win64; x64) AppleWebKit/537.36 (KHTML, like Gecko) Chrome/106.0.0.0 Safari/537.36"
::1 - - [06/Oct/2022:21:38:32 +0000] "GET /feastwell-backend/api/v1/imageDetails HTTP/1.1" 404 51 "-" "python-requests/2.28.1"
::1 - - [06/Oct/2022:21:38:33 +0000] "GET /feastwell-backend/api/v1/imageDetails HTTP/1.1" 404 51 "-" "python-requests/2.28.1"
::1 - - [06/Oct/2022:21:38:34 +0000] "GET /feastwell-backend/api/v1/imageDetails HTTP/1.1" 404 51 "-" "python-requests/2.28.1"
::1 - - [06/Oct/2022:21:38:35 +0000] "GET /feastwell-backend/api/v1/imageDetails HTTP/1.1" 404 51 "-" "python-requests/2.28.1"
::1 - - [06/Oct/2022:21:38:36 +0000] "GET /feastwell-backend/api/v1/imageDetails HTTP/1.1" 404 51 "-" "python-requests/2.28.1"
::1 - - [06/Oct/2022:21:38:37 +0000] "GET /feastwell-backend/api/v1/imageDetails HTTP/1.1" 404 51 "-" "python-requests/2.28.1"
::1 - - [06/Oct/2022:21:38:38 +0000] "GET /feastwell-backend/api/v1/imageDetails HTTP/1.1" 404 51 "-" "python-requests/2.28.1"
::1 - - [06/Oct/2022:21:38:39 +0000] "GET /feastwell-backend/api/v1/imageDetails HTTP/1.1" 404 51 "-" "python-requests/2.28.1"
::1 - - [06/Oct/2022:21:38:40 +0000] "GET /feastwell-backend/api/v1/imageDetails HTTP/1.1" 404 51 "-" "python-requests/2.28.1"
::1 - - [06/Oct/2022:21:38:42 +0000] "GET /feastwell-backend/api/v1/imageDetails HTTP/1.1" 404 51 "-" "python-requests/2.28.1"
::1 - - [06/Oct/2022:21:38:43 +0000] "GET /feastwell-backend/api/v1/imageDetails HTTP/1.1" 404 51 "-" "python-requests/2.28.1"
::1 - - [06/Oct/2022:21:38:44 +0000] "GET /feastwell-backend/api/v1/imageDetails HTTP/1.1" 404 51 "-" "python-requests/2.28.1"
::ffff:192.168.0.169 - - [06/Oct/2022:21:38:44 +0000] "GET /feastwell-backend/api/v1/states/byCountryId/1 HTTP/1.1" 200 2289 "http://localhost:3000/" "Mozilla/5.0 (Windows NT 10.0; Win64; x64) AppleWebKit/537.36 (KHTML, like Gecko) Chrome/106.0.0.0 Safari/537.36"
::1 - - [06/Oct/2022:21:38:45 +0000] "GET /feastwell-backend/api/v1/imageDetails HTTP/1.1" 404 51 "-" "python-requests/2.28.1"
::1 - - [06/Oct/2022:21:38:46 +0000] "GET /feastwell-backend/api/v1/imageDetails HTTP/1.1" 404 51 "-" "python-requests/2.28.1"
::1 - - [06/Oct/2022:21:38:47 +0000] "GET /feastwell-backend/api/v1/imageDetails HTTP/1.1" 404 51 "-" "python-requests/2.28.1"
::1 - - [06/Oct/2022:21:38:48 +0000] "GET /feastwell-backend/api/v1/imageDetails HTTP/1.1" 404 51 "-" "python-requests/2.28.1"
::1 - - [06/Oct/2022:21:38:49 +0000] "GET /feastwell-backend/api/v1/imageDetails HTTP/1.1" 404 51 "-" "python-requests/2.28.1"
::1 - - [06/Oct/2022:21:38:50 +0000] "GET /feastwell-backend/api/v1/imageDetails HTTP/1.1" 404 51 "-" "python-requests/2.28.1"
::1 - - [06/Oct/2022:21:38:52 +0000] "GET /feastwell-backend/api/v1/imageDetails HTTP/1.1" 404 51 "-" "python-requests/2.28.1"
::1 - - [06/Oct/2022:21:38:53 +0000] "GET /feastwell-backend/api/v1/imageDetails HTTP/1.1" 404 51 "-" "python-requests/2.28.1"
::1 - - [06/Oct/2022:21:38:54 +0000] "GET /feastwell-backend/api/v1/imageDetails HTTP/1.1" 404 51 "-" "python-requests/2.28.1"
::1 - - [06/Oct/2022:21:38:55 +0000] "GET /feastwell-backend/api/v1/imageDetails HTTP/1.1" 404 51 "-" "python-requests/2.28.1"
::1 - - [06/Oct/2022:21:38:56 +0000] "GET /feastwell-backend/api/v1/imageDetails HTTP/1.1" 404 51 "-" "python-requests/2.28.1"
::1 - - [06/Oct/2022:21:38:57 +0000] "GET /feastwell-backend/api/v1/imageDetails HTTP/1.1" 404 51 "-" "python-requests/2.28.1"
::1 - - [06/Oct/2022:21:38:58 +0000] "GET /feastwell-backend/api/v1/imageDetails HTTP/1.1" 404 51 "-" "python-requests/2.28.1"
::1 - - [06/Oct/2022:21:38:59 +0000] "GET /feastwell-backend/api/v1/imageDetails HTTP/1.1" 404 51 "-" "python-requests/2.28.1"
::1 - - [06/Oct/2022:21:39:00 +0000] "GET /feastwell-backend/api/v1/imageDetails HTTP/1.1" 404 51 "-" "python-requests/2.28.1"
::1 - - [06/Oct/2022:21:39:01 +0000] "GET /feastwell-backend/api/v1/imageDetails/byNurseId/38 HTTP/1.1" 200 225 "-" "okhttp/3.14.9"
::1 - - [06/Oct/2022:21:39:02 +0000] "GET /feastwell-backend/api/v1/mealTypes HTTP/1.1" 200 597 "-" "okhttp/3.14.9"
::1 - - [06/Oct/2022:21:39:02 +0000] "GET /feastwell-backend/api/v1/imageDetails HTTP/1.1" 404 51 "-" "python-requests/2.28.1"
::1 - - [06/Oct/2022:21:39:03 +0000] "GET /feastwell-backend/api/v1/imageDetails HTTP/1.1" 404 51 "-" "python-requests/2.28.1"
::1 - - [06/Oct/2022:21:39:04 +0000] "GET /feastwell-backend/api/v1/imageDetails HTTP/1.1" 404 51 "-" "python-requests/2.28.1"
::1 - - [06/Oct/2022:21:39:04 +0000] "GET /feastwell-backend/api/v1/auth/login/sidebar HTTP/1.1" 200 2975 "-" "okhttp/3.14.9"
::1 - - [06/Oct/2022:21:39:05 +0000] "GET /feastwell-backend/api/v1/imageDetails HTTP/1.1" 404 51 "-" "python-requests/2.28.1"
::1 - - [06/Oct/2022:21:39:06 +0000] "GET /feastwell-backend/api/v1/imageDetails HTTP/1.1" 404 51 "-" "python-requests/2.28.1"
::1 - - [06/Oct/2022:21:39:07 +0000] "GET /feastwell-backend/api/v1/imageDetails HTTP/1.1" 404 51 "-" "python-requests/2.28.1"
::1 - - [06/Oct/2022:21:39:08 +0000] "GET /feastwell-backend/api/v1/imageDetails HTTP/1.1" 404 51 "-" "python-requests/2.28.1"
::1 - - [06/Oct/2022:21:39:09 +0000] "GET /feastwell-backend/api/v1/imageDetails HTTP/1.1" 404 51 "-" "python-requests/2.28.1"
::1 - - [06/Oct/2022:21:39:10 +0000] "GET /feastwell-backend/api/v1/imageDetails HTTP/1.1" 404 51 "-" "python-requests/2.28.1"
::1 - - [06/Oct/2022:21:39:12 +0000] "GET /feastwell-backend/api/v1/imageDetails HTTP/1.1" 404 51 "-" "python-requests/2.28.1"
::1 - - [06/Oct/2022:21:39:13 +0000] "GET /feastwell-backend/api/v1/imageDetails HTTP/1.1" 404 51 "-" "python-requests/2.28.1"
::1 - - [06/Oct/2022:21:39:14 +0000] "GET /feastwell-backend/api/v1/imageDetails HTTP/1.1" 404 51 "-" "python-requests/2.28.1"
::1 - - [06/Oct/2022:21:39:15 +0000] "GET /feastwell-backend/api/v1/imageDetails HTTP/1.1" 404 51 "-" "python-requests/2.28.1"
::1 - - [06/Oct/2022:21:39:16 +0000] "GET /feastwell-backend/api/v1/imageDetails HTTP/1.1" 404 51 "-" "python-requests/2.28.1"
::1 - - [06/Oct/2022:21:39:17 +0000] "GET /feastwell-backend/api/v1/imageDetails HTTP/1.1" 404 51 "-" "python-requests/2.28.1"
::1 - - [06/Oct/2022:21:39:18 +0000] "GET /feastwell-backend/api/v1/imageDetails HTTP/1.1" 404 51 "-" "python-requests/2.28.1"
::1 - - [06/Oct/2022:21:39:19 +0000] "GET /feastwell-backend/api/v1/imageDetails HTTP/1.1" 404 51 "-" "python-requests/2.28.1"
::1 - - [06/Oct/2022:21:39:20 +0000] "GET /feastwell-backend/api/v1/imageDetails HTTP/1.1" 404 51 "-" "python-requests/2.28.1"
::1 - - [06/Oct/2022:21:39:21 +0000] "GET /feastwell-backend/api/v1/imageDetails HTTP/1.1" 404 51 "-" "python-requests/2.28.1"
::1 - - [06/Oct/2022:21:39:23 +0000] "GET /feastwell-backend/api/v1/imageDetails HTTP/1.1" 404 51 "-" "python-requests/2.28.1"
::1 - - [06/Oct/2022:21:39:24 +0000] "GET /feastwell-backend/api/v1/imageDetails HTTP/1.1" 404 51 "-" "python-requests/2.28.1"
::1 - - [06/Oct/2022:21:39:25 +0000] "GET /feastwell-backend/api/v1/imageDetails HTTP/1.1" 404 51 "-" "python-requests/2.28.1"
::1 - - [06/Oct/2022:21:39:26 +0000] "GET /feastwell-backend/api/v1/imageDetails HTTP/1.1" 404 51 "-" "python-requests/2.28.1"
::1 - - [06/Oct/2022:21:39:27 +0000] "GET /feastwell-backend/api/v1/imageDetails HTTP/1.1" 404 51 "-" "python-requests/2.28.1"
::1 - - [06/Oct/2022:21:39:28 +0000] "GET /feastwell-backend/api/v1/imageDetails HTTP/1.1" 404 51 "-" "python-requests/2.28.1"
::1 - - [06/Oct/2022:21:39:29 +0000] "GET /feastwell-backend/api/v1/imageDetails HTTP/1.1" 404 51 "-" "python-requests/2.28.1"
::1 - - [06/Oct/2022:21:39:30 +0000] "GET /feastwell-backend/api/v1/imageDetails HTTP/1.1" 404 51 "-" "python-requests/2.28.1"
::1 - - [06/Oct/2022:21:39:31 +0000] "GET /feastwell-backend/api/v1/imageDetails HTTP/1.1" 404 51 "-" "python-requests/2.28.1"
::1 - - [06/Oct/2022:21:39:32 +0000] "GET /feastwell-backend/api/v1/imageDetails HTTP/1.1" 404 51 "-" "python-requests/2.28.1"
::1 - - [06/Oct/2022:21:39:34 +0000] "GET /feastwell-backend/api/v1/imageDetails HTTP/1.1" 404 51 "-" "python-requests/2.28.1"
::1 - - [06/Oct/2022:21:39:35 +0000] "GET /feastwell-backend/api/v1/imageDetails HTTP/1.1" 404 51 "-" "python-requests/2.28.1"
::1 - - [06/Oct/2022:21:39:36 +0000] "GET /feastwell-backend/api/v1/imageDetails HTTP/1.1" 404 51 "-" "python-requests/2.28.1"
::1 - - [06/Oct/2022:21:39:37 +0000] "GET /feastwell-backend/api/v1/imageDetails HTTP/1.1" 404 51 "-" "python-requests/2.28.1"
::1 - - [06/Oct/2022:21:39:38 +0000] "GET /feastwell-backend/api/v1/imageDetails HTTP/1.1" 404 51 "-" "python-requests/2.28.1"
::1 - - [06/Oct/2022:21:39:39 +0000] "GET /feastwell-backend/api/v1/imageDetails HTTP/1.1" 404 51 "-" "python-requests/2.28.1"
::1 - - [06/Oct/2022:21:39:40 +0000] "GET /feastwell-backend/api/v1/imageDetails HTTP/1.1" 404 51 "-" "python-requests/2.28.1"
::1 - - [06/Oct/2022:21:39:41 +0000] "GET /feastwell-backend/api/v1/imageDetails HTTP/1.1" 404 51 "-" "python-requests/2.28.1"
::1 - - [06/Oct/2022:21:39:42 +0000] "GET /feastwell-backend/api/v1/imageDetails HTTP/1.1" 404 51 "-" "python-requests/2.28.1"
::1 - - [06/Oct/2022:21:39:44 +0000] "GET /feastwell-backend/api/v1/imageDetails HTTP/1.1" 404 51 "-" "python-requests/2.28.1"
::1 - - [06/Oct/2022:21:39:45 +0000] "GET /feastwell-backend/api/v1/imageDetails HTTP/1.1" 404 51 "-" "python-requests/2.28.1"
::1 - - [06/Oct/2022:21:39:46 +0000] "GET /feastwell-backend/api/v1/imageDetails HTTP/1.1" 404 51 "-" "python-requests/2.28.1"
::1 - - [06/Oct/2022:21:39:47 +0000] "GET /feastwell-backend/api/v1/imageDetails HTTP/1.1" 404 51 "-" "python-requests/2.28.1"
::1 - - [06/Oct/2022:21:39:48 +0000] "GET /feastwell-backend/api/v1/imageDetails HTTP/1.1" 404 51 "-" "python-requests/2.28.1"
::1 - - [06/Oct/2022:21:39:49 +0000] "GET /feastwell-backend/api/v1/imageDetails HTTP/1.1" 404 51 "-" "python-requests/2.28.1"
::1 - - [06/Oct/2022:21:39:50 +0000] "GET /feastwell-backend/api/v1/imageDetails HTTP/1.1" 404 51 "-" "python-requests/2.28.1"
::1 - - [06/Oct/2022:21:39:51 +0000] "GET /feastwell-backend/api/v1/imageDetails HTTP/1.1" 404 51 "-" "python-requests/2.28.1"
::1 - - [06/Oct/2022:21:39:52 +0000] "GET /feastwell-backend/api/v1/imageDetails HTTP/1.1" 404 51 "-" "python-requests/2.28.1"
::1 - - [06/Oct/2022:21:39:53 +0000] "GET /feastwell-backend/api/v1/imageDetails HTTP/1.1" 404 51 "-" "python-requests/2.28.1"
::1 - - [06/Oct/2022:21:39:55 +0000] "GET /feastwell-backend/api/v1/imageDetails HTTP/1.1" 404 51 "-" "python-requests/2.28.1"
::1 - - [06/Oct/2022:21:39:56 +0000] "GET /feastwell-backend/api/v1/imageDetails HTTP/1.1" 404 51 "-" "python-requests/2.28.1"
::1 - - [06/Oct/2022:21:39:57 +0000] "GET /feastwell-backend/api/v1/imageDetails HTTP/1.1" 404 51 "-" "python-requests/2.28.1"
::1 - - [06/Oct/2022:21:39:58 +0000] "GET /feastwell-backend/api/v1/imageDetails HTTP/1.1" 404 51 "-" "python-requests/2.28.1"
::1 - - [06/Oct/2022:21:39:59 +0000] "GET /feastwell-backend/api/v1/imageDetails HTTP/1.1" 404 51 "-" "python-requests/2.28.1"
::1 - - [06/Oct/2022:21:40:00 +0000] "GET /feastwell-backend/api/v1/imageDetails HTTP/1.1" 404 51 "-" "python-requests/2.28.1"
::1 - - [06/Oct/2022:21:40:01 +0000] "GET /feastwell-backend/api/v1/imageDetails HTTP/1.1" 404 51 "-" "python-requests/2.28.1"
::1 - - [06/Oct/2022:21:40:02 +0000] "GET /feastwell-backend/api/v1/imageDetails HTTP/1.1" 404 51 "-" "python-requests/2.28.1"
::1 - - [06/Oct/2022:21:40:03 +0000] "GET /feastwell-backend/api/v1/imageDetails HTTP/1.1" 404 51 "-" "python-requests/2.28.1"
::1 - - [06/Oct/2022:21:40:05 +0000] "GET /feastwell-backend/api/v1/imageDetails HTTP/1.1" 404 51 "-" "python-requests/2.28.1"
::1 - - [06/Oct/2022:21:40:06 +0000] "GET /feastwell-backend/api/v1/imageDetails HTTP/1.1" 404 51 "-" "python-requests/2.28.1"
::1 - - [06/Oct/2022:21:40:07 +0000] "GET /feastwell-backend/api/v1/imageDetails HTTP/1.1" 404 51 "-" "python-requests/2.28.1"
::1 - - [06/Oct/2022:21:40:08 +0000] "GET /feastwell-backend/api/v1/imageDetails/byNurseId/38 HTTP/1.1" 200 225 "-" "okhttp/3.14.9"
::1 - - [06/Oct/2022:21:40:08 +0000] "GET /feastwell-backend/api/v1/imageDetails HTTP/1.1" 404 51 "-" "python-requests/2.28.1"
::1 - - [06/Oct/2022:21:40:08 +0000] "GET /feastwell-backend/api/v1/mealTypes HTTP/1.1" 200 597 "-" "okhttp/3.14.9"
::1 - - [06/Oct/2022:21:40:09 +0000] "GET /feastwell-backend/api/v1/imageDetails HTTP/1.1" 404 51 "-" "python-requests/2.28.1"
::1 - - [06/Oct/2022:21:40:10 +0000] "GET /feastwell-backend/api/v1/imageDetails HTTP/1.1" 404 51 "-" "python-requests/2.28.1"
::1 - - [06/Oct/2022:21:40:10 +0000] "GET /feastwell-backend/api/v1/auth/login/sidebar HTTP/1.1" - - "-" "okhttp/3.14.9"
::1 - - [06/Oct/2022:21:40:11 +0000] "GET /feastwell-backend/api/v1/imageDetails HTTP/1.1" 404 51 "-" "python-requests/2.28.1"
::1 - - [06/Oct/2022:21:40:12 +0000] "GET /feastwell-backend/api/v1/imageDetails HTTP/1.1" 404 51 "-" "python-requests/2.28.1"
::1 - - [06/Oct/2022:21:40:13 +0000] "GET /feastwell-backend/api/v1/imageDetails HTTP/1.1" 404 51 "-" "python-requests/2.28.1"
::1 - - [06/Oct/2022:21:40:14 +0000] "GET /feastwell-backend/api/v1/imageDetails HTTP/1.1" 404 51 "-" "python-requests/2.28.1"
::1 - - [06/Oct/2022:21:40:16 +0000] "GET /feastwell-backend/api/v1/imageDetails HTTP/1.1" 404 51 "-" "python-requests/2.28.1"
::1 - - [06/Oct/2022:21:40:17 +0000] "GET /feastwell-backend/api/v1/imageDetails HTTP/1.1" 404 51 "-" "python-requests/2.28.1"
::1 - - [06/Oct/2022:21:40:18 +0000] "GET /feastwell-backend/api/v1/imageDetails HTTP/1.1" 404 51 "-" "python-requests/2.28.1"
::1 - - [06/Oct/2022:21:40:19 +0000] "GET /feastwell-backend/api/v1/imageDetails HTTP/1.1" 404 51 "-" "python-requests/2.28.1"
::1 - - [06/Oct/2022:21:40:20 +0000] "GET /feastwell-backend/api/v1/imageDetails HTTP/1.1" 404 51 "-" "python-requests/2.28.1"
::1 - - [06/Oct/2022:21:40:21 +0000] "GET /feastwell-backend/api/v1/imageDetails HTTP/1.1" 404 51 "-" "python-requests/2.28.1"
::1 - - [06/Oct/2022:21:40:22 +0000] "GET /feastwell-backend/api/v1/imageDetails HTTP/1.1" 404 51 "-" "python-requests/2.28.1"
::1 - - [06/Oct/2022:21:40:23 +0000] "GET /feastwell-backend/api/v1/imageDetails HTTP/1.1" 404 51 "-" "python-requests/2.28.1"
::1 - - [06/Oct/2022:21:40:24 +0000] "GET /feastwell-backend/api/v1/imageDetails HTTP/1.1" 404 51 "-" "python-requests/2.28.1"
::1 - - [06/Oct/2022:21:40:25 +0000] "GET /feastwell-backend/api/v1/imageDetails HTTP/1.1" 404 51 "-" "python-requests/2.28.1"
::1 - - [06/Oct/2022:21:40:27 +0000] "GET /feastwell-backend/api/v1/imageDetails HTTP/1.1" 404 51 "-" "python-requests/2.28.1"
::1 - - [06/Oct/2022:21:40:28 +0000] "GET /feastwell-backend/api/v1/imageDetails HTTP/1.1" 404 51 "-" "python-requests/2.28.1"
::1 - - [06/Oct/2022:21:40:29 +0000] "GET /feastwell-backend/api/v1/imageDetails HTTP/1.1" 404 51 "-" "python-requests/2.28.1"
::1 - - [06/Oct/2022:21:40:30 +0000] "GET /feastwell-backend/api/v1/imageDetails HTTP/1.1" 404 51 "-" "python-requests/2.28.1"
::1 - - [06/Oct/2022:21:40:31 +0000] "GET /feastwell-backend/api/v1/imageDetails HTTP/1.1" 404 51 "-" "python-requests/2.28.1"
::1 - - [06/Oct/2022:21:40:32 +0000] "GET /feastwell-backend/api/v1/imageDetails HTTP/1.1" 404 51 "-" "python-requests/2.28.1"
::1 - - [06/Oct/2022:21:40:33 +0000] "GET /feastwell-backend/api/v1/imageDetails HTTP/1.1" 404 51 "-" "python-requests/2.28.1"
::1 - - [06/Oct/2022:21:40:34 +0000] "GET /feastwell-backend/api/v1/imageDetails HTTP/1.1" 404 51 "-" "python-requests/2.28.1"
::1 - - [06/Oct/2022:21:40:35 +0000] "GET /feastwell-backend/api/v1/imageDetails HTTP/1.1" 404 51 "-" "python-requests/2.28.1"
::1 - - [06/Oct/2022:21:40:37 +0000] "GET /feastwell-backend/api/v1/imageDetails HTTP/1.1" 404 51 "-" "python-requests/2.28.1"
::1 - - [06/Oct/2022:21:40:38 +0000] "GET /feastwell-backend/api/v1/imageDetails HTTP/1.1" 404 51 "-" "python-requests/2.28.1"
::1 - - [06/Oct/2022:21:40:39 +0000] "GET /feastwell-backend/api/v1/imageDetails HTTP/1.1" 404 51 "-" "python-requests/2.28.1"
::1 - - [06/Oct/2022:21:40:40 +0000] "GET /feastwell-backend/api/v1/imageDetails HTTP/1.1" 404 51 "-" "python-requests/2.28.1"
::1 - - [06/Oct/2022:21:40:41 +0000] "GET /feastwell-backend/api/v1/imageDetails HTTP/1.1" 404 51 "-" "python-requests/2.28.1"
::1 - - [06/Oct/2022:21:40:42 +0000] "GET /feastwell-backend/api/v1/imageDetails HTTP/1.1" 404 51 "-" "python-requests/2.28.1"
::1 - - [06/Oct/2022:21:40:43 +0000] "GET /feastwell-backend/api/v1/imageDetails HTTP/1.1" 404 51 "-" "python-requests/2.28.1"
::1 - - [06/Oct/2022:21:40:44 +0000] "GET /feastwell-backend/api/v1/imageDetails HTTP/1.1" 404 51 "-" "python-requests/2.28.1"
::1 - - [06/Oct/2022:21:40:45 +0000] "GET /feastwell-backend/api/v1/imageDetails HTTP/1.1" 404 51 "-" "python-requests/2.28.1"
::1 - - [06/Oct/2022:21:40:46 +0000] "GET /feastwell-backend/api/v1/imageDetails HTTP/1.1" 404 51 "-" "python-requests/2.28.1"
::1 - - [06/Oct/2022:21:40:48 +0000] "GET /feastwell-backend/api/v1/imageDetails HTTP/1.1" 404 51 "-" "python-requests/2.28.1"
::1 - - [06/Oct/2022:21:40:49 +0000] "GET /feastwell-backend/api/v1/imageDetails HTTP/1.1" 404 51 "-" "python-requests/2.28.1"
::1 - - [06/Oct/2022:21:40:50 +0000] "GET /feastwell-backend/api/v1/imageDetails HTTP/1.1" 404 51 "-" "python-requests/2.28.1"
::1 - - [06/Oct/2022:21:40:51 +0000] "GET /feastwell-backend/api/v1/imageDetails HTTP/1.1" 404 51 "-" "python-requests/2.28.1"
::ffff:192.168.0.169 - - [06/Oct/2022:21:40:52 +0000] "GET /feastwell-backend/api/v1/country HTTP/1.1" 200 83959 "http://localhost:3000/" "Mozilla/5.0 (Windows NT 10.0; Win64; x64) AppleWebKit/537.36 (KHTML, like Gecko) Chrome/106.0.0.0 Safari/537.36"
::1 - - [06/Oct/2022:21:40:52 +0000] "GET /feastwell-backend/api/v1/imageDetails HTTP/1.1" 404 51 "-" "python-requests/2.28.1"
::1 - - [06/Oct/2022:21:40:53 +0000] "GET /feastwell-backend/api/v1/imageDetails HTTP/1.1" 200 245 "-" "python-requests/2.28.1"
::ffff:192.168.0.169 - - [06/Oct/2022:21:40:55 +0000] "GET /feastwell-backend/api/v1/country HTTP/1.1" 200 83959 "http://localhost:3000/" "Mozilla/5.0 (Windows NT 10.0; Win64; x64) AppleWebKit/537.36 (KHTML, like Gecko) Chrome/106.0.0.0 Safari/537.36"
::ffff:192.168.0.169 - - [06/Oct/2022:21:40:57 +0000] "GET /feastwell-backend/api/v1/auth/login/sidebar HTTP/1.1" 200 2975 "http://localhost:3000/" "Mozilla/5.0 (Windows NT 10.0; Win64; x64) AppleWebKit/537.36 (KHTML, like Gecko) Chrome/106.0.0.0 Safari/537.36"
::1 - - [06/Oct/2022:21:41:00 +0000] "POST /feastwell-backend/api/v1/imageResponse HTTP/1.1" 201 892 "-" "python-requests/2.28.1"
::1 - - [06/Oct/2022:21:41:01 +0000] "GET /feastwell-backend/api/v1/imageDetails HTTP/1.1" 404 51 "-" "python-requests/2.28.1"
::1 - - [06/Oct/2022:21:41:02 +0000] "GET /feastwell-backend/api/v1/imageDetails HTTP/1.1" 404 51 "-" "python-requests/2.28.1"
::ffff:192.168.0.169 - - [06/Oct/2022:21:41:03 +0000] "GET /feastwell-backend/api/v1/states/byCountryId/39 HTTP/1.1" 200 1022 "http://localhost:3000/" "Mozilla/5.0 (Windows NT 10.0; Win64; x64) AppleWebKit/537.36 (KHTML, like Gecko) Chrome/106.0.0.0 Safari/537.36"
::1 - - [06/Oct/2022:21:41:04 +0000] "GET /feastwell-backend/api/v1/imageDetails HTTP/1.1" 404 51 "-" "python-requests/2.28.1"
::1 - - [06/Oct/2022:21:41:05 +0000] "GET /feastwell-backend/api/v1/imageDetails HTTP/1.1" 404 51 "-" "python-requests/2.28.1"
::1 - - [06/Oct/2022:21:41:06 +0000] "GET /feastwell-backend/api/v1/imageDetails HTTP/1.1" 404 51 "-" "python-requests/2.28.1"
::1 - - [06/Oct/2022:21:41:07 +0000] "GET /feastwell-backend/api/v1/imageDetails HTTP/1.1" 404 51 "-" "python-requests/2.28.1"
::1 - - [06/Oct/2022:21:41:08 +0000] "GET /feastwell-backend/api/v1/imageDetails HTTP/1.1" 404 51 "-" "python-requests/2.28.1"
::1 - - [06/Oct/2022:21:41:09 +0000] "GET /feastwell-backend/api/v1/imageDetails HTTP/1.1" 404 51 "-" "python-requests/2.28.1"
::1 - - [06/Oct/2022:21:41:10 +0000] "GET /feastwell-backend/api/v1/imageDetails HTTP/1.1" 404 51 "-" "python-requests/2.28.1"
::1 - - [06/Oct/2022:21:41:11 +0000] "GET /feastwell-backend/api/v1/imageDetails HTTP/1.1" 404 51 "-" "python-requests/2.28.1"
::1 - - [06/Oct/2022:21:41:12 +0000] "GET /feastwell-backend/api/v1/imageDetails HTTP/1.1" 404 51 "-" "python-requests/2.28.1"
::1 - - [06/Oct/2022:21:41:14 +0000] "GET /feastwell-backend/api/v1/imageDetails HTTP/1.1" 404 51 "-" "python-requests/2.28.1"
::1 - - [06/Oct/2022:21:41:15 +0000] "GET /feastwell-backend/api/v1/imageDetails HTTP/1.1" 404 51 "-" "python-requests/2.28.1"
::1 - - [06/Oct/2022:21:41:16 +0000] "GET /feastwell-backend/api/v1/imageDetails HTTP/1.1" 404 51 "-" "python-requests/2.28.1"
::ffff:192.168.0.169 - - [06/Oct/2022:21:41:17 +0000] "GET /feastwell-backend/api/v1/country HTTP/1.1" 200 83959 "http://localhost:3000/" "Mozilla/5.0 (Windows NT 10.0; Win64; x64) AppleWebKit/537.36 (KHTML, like Gecko) Chrome/106.0.0.0 Safari/537.36"
::1 - - [06/Oct/2022:21:41:17 +0000] "GET /feastwell-backend/api/v1/imageDetails HTTP/1.1" 404 51 "-" "python-requests/2.28.1"
::1 - - [06/Oct/2022:21:41:18 +0000] "GET /feastwell-backend/api/v1/imageDetails HTTP/1.1" 404 51 "-" "python-requests/2.28.1"
::1 - - [06/Oct/2022:21:41:19 +0000] "GET /feastwell-backend/api/v1/imageDetails HTTP/1.1" 404 51 "-" "python-requests/2.28.1"
::ffff:192.168.0.169 - - [06/Oct/2022:21:41:19 +0000] "GET /feastwell-backend/api/v1/auth/login/sidebar HTTP/1.1" 200 2975 "http://localhost:3000/" "Mozilla/5.0 (Windows NT 10.0; Win64; x64) AppleWebKit/537.36 (KHTML, like Gecko) Chrome/106.0.0.0 Safari/537.36"
::1 - - [06/Oct/2022:21:41:20 +0000] "GET /feastwell-backend/api/v1/imageDetails HTTP/1.1" 404 51 "-" "python-requests/2.28.1"
::ffff:192.168.0.169 - - [06/Oct/2022:21:41:20 +0000] "GET /feastwell-backend/api/v1/states/byCountryId/14 HTTP/1.1" 200 690 "http://localhost:3000/" "Mozilla/5.0 (Windows NT 10.0; Win64; x64) AppleWebKit/537.36 (KHTML, like Gecko) Chrome/106.0.0.0 Safari/537.36"
::1 - - [06/Oct/2022:21:41:21 +0000] "GET /feastwell-backend/api/v1/imageDetails HTTP/1.1" 404 51 "-" "python-requests/2.28.1"
::1 - - [06/Oct/2022:21:41:22 +0000] "GET /feastwell-backend/api/v1/imageDetails HTTP/1.1" 404 51 "-" "python-requests/2.28.1"
::ffff:192.168.0.169 - - [06/Oct/2022:21:41:23 +0000] "GET /feastwell-backend/api/v1/city/byStateId/3903 HTTP/1.1" 200 60877 "http://localhost:3000/" "Mozilla/5.0 (Windows NT 10.0; Win64; x64) AppleWebKit/537.36 (KHTML, like Gecko) Chrome/106.0.0.0 Safari/537.36"
::1 - - [06/Oct/2022:21:41:23 +0000] "GET /feastwell-backend/api/v1/imageDetails HTTP/1.1" 404 51 "-" "python-requests/2.28.1"
::1 - - [06/Oct/2022:21:41:25 +0000] "GET /feastwell-backend/api/v1/imageDetails HTTP/1.1" 404 51 "-" "python-requests/2.28.1"
::1 - - [06/Oct/2022:21:41:26 +0000] "GET /feastwell-backend/api/v1/imageDetails HTTP/1.1" 404 51 "-" "python-requests/2.28.1"
::1 - - [06/Oct/2022:21:41:27 +0000] "GET /feastwell-backend/api/v1/imageDetails HTTP/1.1" 404 51 "-" "python-requests/2.28.1"
::1 - - [06/Oct/2022:21:41:28 +0000] "GET /feastwell-backend/api/v1/imageDetails HTTP/1.1" 404 51 "-" "python-requests/2.28.1"
::1 - - [06/Oct/2022:21:41:29 +0000] "GET /feastwell-backend/api/v1/imageDetails HTTP/1.1" 404 51 "-" "python-requests/2.28.1"
::1 - - [06/Oct/2022:21:41:30 +0000] "GET /feastwell-backend/api/v1/imageDetails HTTP/1.1" 404 51 "-" "python-requests/2.28.1"
::1 - - [06/Oct/2022:21:41:31 +0000] "GET /feastwell-backend/api/v1/imageDetails HTTP/1.1" 404 51 "-" "python-requests/2.28.1"
::1 - - [06/Oct/2022:21:41:32 +0000] "GET /feastwell-backend/api/v1/imageDetails HTTP/1.1" 404 51 "-" "python-requests/2.28.1"
::1 - - [06/Oct/2022:21:41:33 +0000] "GET /feastwell-backend/api/v1/imageDetails HTTP/1.1" 404 51 "-" "python-requests/2.28.1"
::1 - - [06/Oct/2022:21:41:35 +0000] "GET /feastwell-backend/api/v1/imageDetails HTTP/1.1" 404 51 "-" "python-requests/2.28.1"
::1 - - [06/Oct/2022:21:41:36 +0000] "GET /feastwell-backend/api/v1/imageDetails HTTP/1.1" 404 51 "-" "python-requests/2.28.1"
::1 - - [06/Oct/2022:21:41:37 +0000] "GET /feastwell-backend/api/v1/imageDetails HTTP/1.1" 404 51 "-" "python-requests/2.28.1"
::1 - - [06/Oct/2022:21:41:38 +0000] "GET /feastwell-backend/api/v1/imageDetails HTTP/1.1" 404 51 "-" "python-requests/2.28.1"
::1 - - [06/Oct/2022:21:41:39 +0000] "GET /feastwell-backend/api/v1/imageDetails HTTP/1.1" 404 51 "-" "python-requests/2.28.1"
::1 - - [06/Oct/2022:21:41:40 +0000] "GET /feastwell-backend/api/v1/imageDetails HTTP/1.1" 404 51 "-" "python-requests/2.28.1"
::1 - - [06/Oct/2022:21:41:41 +0000] "GET /feastwell-backend/api/v1/imageDetails HTTP/1.1" 404 51 "-" "python-requests/2.28.1"
::1 - - [06/Oct/2022:21:41:42 +0000] "GET /feastwell-backend/api/v1/imageDetails HTTP/1.1" 404 51 "-" "python-requests/2.28.1"
::1 - - [06/Oct/2022:21:41:43 +0000] "GET /feastwell-backend/api/v1/imageDetails HTTP/1.1" 404 51 "-" "python-requests/2.28.1"
::1 - - [06/Oct/2022:21:41:45 +0000] "GET /feastwell-backend/api/v1/imageDetails HTTP/1.1" 404 51 "-" "python-requests/2.28.1"
::1 - - [06/Oct/2022:21:41:46 +0000] "GET /feastwell-backend/api/v1/imageDetails HTTP/1.1" 404 51 "-" "python-requests/2.28.1"
::1 - - [06/Oct/2022:21:41:47 +0000] "GET /feastwell-backend/api/v1/imageDetails HTTP/1.1" 404 51 "-" "python-requests/2.28.1"
::1 - - [06/Oct/2022:21:41:48 +0000] "GET /feastwell-backend/api/v1/imageDetails HTTP/1.1" 404 51 "-" "python-requests/2.28.1"
::1 - - [06/Oct/2022:21:41:49 +0000] "GET /feastwell-backend/api/v1/imageDetails HTTP/1.1" 404 51 "-" "python-requests/2.28.1"
::1 - - [06/Oct/2022:21:41:50 +0000] "GET /feastwell-backend/api/v1/imageDetails HTTP/1.1" 404 51 "-" "python-requests/2.28.1"
::1 - - [06/Oct/2022:21:41:51 +0000] "GET /feastwell-backend/api/v1/imageDetails HTTP/1.1" 404 51 "-" "python-requests/2.28.1"
::1 - - [06/Oct/2022:21:41:52 +0000] "GET /feastwell-backend/api/v1/imageDetails HTTP/1.1" 404 51 "-" "python-requests/2.28.1"
::1 - - [06/Oct/2022:21:41:53 +0000] "GET /feastwell-backend/api/v1/imageDetails HTTP/1.1" 404 51 "-" "python-requests/2.28.1"
::1 - - [06/Oct/2022:21:41:54 +0000] "GET /feastwell-backend/api/v1/imageDetails HTTP/1.1" 404 51 "-" "python-requests/2.28.1"
::1 - - [06/Oct/2022:21:41:56 +0000] "GET /feastwell-backend/api/v1/imageDetails HTTP/1.1" 404 51 "-" "python-requests/2.28.1"
::1 - - [06/Oct/2022:21:41:57 +0000] "GET /feastwell-backend/api/v1/imageDetails HTTP/1.1" 404 51 "-" "python-requests/2.28.1"
::1 - - [06/Oct/2022:21:41:58 +0000] "GET /feastwell-backend/api/v1/imageDetails HTTP/1.1" 404 51 "-" "python-requests/2.28.1"
::1 - - [06/Oct/2022:21:41:59 +0000] "GET /feastwell-backend/api/v1/imageDetails HTTP/1.1" 404 51 "-" "python-requests/2.28.1"
::1 - - [06/Oct/2022:21:42:00 +0000] "GET /feastwell-backend/api/v1/imageDetails HTTP/1.1" 404 51 "-" "python-requests/2.28.1"
::1 - - [06/Oct/2022:21:42:01 +0000] "GET /feastwell-backend/api/v1/imageDetails HTTP/1.1" 404 51 "-" "python-requests/2.28.1"
::1 - - [06/Oct/2022:21:42:02 +0000] "GET /feastwell-backend/api/v1/imageDetails HTTP/1.1" 404 51 "-" "python-requests/2.28.1"
::1 - - [06/Oct/2022:21:42:03 +0000] "GET /feastwell-backend/api/v1/imageDetails HTTP/1.1" 404 51 "-" "python-requests/2.28.1"
::1 - - [06/Oct/2022:21:42:04 +0000] "GET /feastwell-backend/api/v1/imageDetails HTTP/1.1" 404 51 "-" "python-requests/2.28.1"
::1 - - [06/Oct/2022:21:42:06 +0000] "GET /feastwell-backend/api/v1/imageDetails HTTP/1.1" 404 51 "-" "python-requests/2.28.1"
::1 - - [06/Oct/2022:21:42:07 +0000] "GET /feastwell-backend/api/v1/imageDetails HTTP/1.1" 404 51 "-" "python-requests/2.28.1"
::1 - - [06/Oct/2022:21:42:08 +0000] "GET /feastwell-backend/api/v1/imageDetails HTTP/1.1" 404 51 "-" "python-requests/2.28.1"
::1 - - [06/Oct/2022:21:42:09 +0000] "GET /feastwell-backend/api/v1/imageDetails HTTP/1.1" 404 51 "-" "python-requests/2.28.1"
::1 - - [06/Oct/2022:21:42:10 +0000] "GET /feastwell-backend/api/v1/imageDetails HTTP/1.1" 404 51 "-" "python-requests/2.28.1"
::1 - - [06/Oct/2022:21:42:11 +0000] "GET /feastwell-backend/api/v1/imageDetails HTTP/1.1" 404 51 "-" "python-requests/2.28.1"
::1 - - [06/Oct/2022:21:42:12 +0000] "GET /feastwell-backend/api/v1/imageDetails HTTP/1.1" 404 51 "-" "python-requests/2.28.1"
::1 - - [06/Oct/2022:21:42:13 +0000] "GET /feastwell-backend/api/v1/imageDetails HTTP/1.1" 404 51 "-" "python-requests/2.28.1"
::1 - - [06/Oct/2022:21:42:14 +0000] "GET /feastwell-backend/api/v1/imageDetails HTTP/1.1" 404 51 "-" "python-requests/2.28.1"
::1 - - [06/Oct/2022:21:42:16 +0000] "GET /feastwell-backend/api/v1/imageDetails HTTP/1.1" 404 51 "-" "python-requests/2.28.1"
::1 - - [06/Oct/2022:21:42:17 +0000] "GET /feastwell-backend/api/v1/imageDetails HTTP/1.1" 404 51 "-" "python-requests/2.28.1"
::1 - - [06/Oct/2022:21:42:18 +0000] "GET /feastwell-backend/api/v1/imageDetails HTTP/1.1" 404 51 "-" "python-requests/2.28.1"
::1 - - [06/Oct/2022:21:42:19 +0000] "GET /feastwell-backend/api/v1/imageDetails HTTP/1.1" 404 51 "-" "python-requests/2.28.1"
::1 - - [06/Oct/2022:21:42:20 +0000] "GET /feastwell-backend/api/v1/imageDetails HTTP/1.1" 404 51 "-" "python-requests/2.28.1"
::1 - - [06/Oct/2022:21:42:21 +0000] "GET /feastwell-backend/api/v1/imageDetails HTTP/1.1" 404 51 "-" "python-requests/2.28.1"
::1 - - [06/Oct/2022:21:42:21 +0000] "GET /feastwell-backend/api/v1/imageDetails/all HTTP/1.1" 200 947 "-" "PostmanRuntime/7.29.2"
::1 - - [06/Oct/2022:21:42:22 +0000] "GET /feastwell-backend/api/v1/imageDetails HTTP/1.1" 404 51 "-" "python-requests/2.28.1"
::1 - - [06/Oct/2022:21:42:23 +0000] "GET /feastwell-backend/api/v1/imageDetails HTTP/1.1" 404 51 "-" "python-requests/2.28.1"
::1 - - [06/Oct/2022:21:42:24 +0000] "GET /feastwell-backend/api/v1/imageDetails HTTP/1.1" 404 51 "-" "python-requests/2.28.1"
::1 - - [06/Oct/2022:21:42:25 +0000] "GET /feastwell-backend/api/v1/imageDetails HTTP/1.1" 404 51 "-" "python-requests/2.28.1"
::1 - - [06/Oct/2022:21:42:27 +0000] "GET /feastwell-backend/api/v1/imageDetails HTTP/1.1" 404 51 "-" "python-requests/2.28.1"
::1 - - [06/Oct/2022:21:42:28 +0000] "GET /feastwell-backend/api/v1/imageDetails HTTP/1.1" 404 51 "-" "python-requests/2.28.1"
::1 - - [06/Oct/2022:21:42:29 +0000] "GET /feastwell-backend/api/v1/imageDetails HTTP/1.1" 404 51 "-" "python-requests/2.28.1"
::1 - - [06/Oct/2022:21:42:30 +0000] "GET /feastwell-backend/api/v1/imageDetails HTTP/1.1" 404 51 "-" "python-requests/2.28.1"
::1 - - [06/Oct/2022:21:42:31 +0000] "GET /feastwell-backend/api/v1/imageDetails HTTP/1.1" 404 51 "-" "python-requests/2.28.1"
::1 - - [06/Oct/2022:21:42:32 +0000] "GET /feastwell-backend/api/v1/imageDetails HTTP/1.1" 404 51 "-" "python-requests/2.28.1"
::1 - - [06/Oct/2022:21:42:33 +0000] "GET /feastwell-backend/api/v1/imageDetails HTTP/1.1" 404 51 "-" "python-requests/2.28.1"
::1 - - [06/Oct/2022:21:42:34 +0000] "GET /feastwell-backend/api/v1/imageDetails HTTP/1.1" 404 51 "-" "python-requests/2.28.1"
::1 - - [06/Oct/2022:21:42:35 +0000] "GET /feastwell-backend/api/v1/imageDetails HTTP/1.1" 404 51 "-" "python-requests/2.28.1"
::1 - - [06/Oct/2022:21:42:36 +0000] "GET /feastwell-backend/api/v1/imageDetails HTTP/1.1" 404 51 "-" "python-requests/2.28.1"
::1 - - [06/Oct/2022:21:42:38 +0000] "GET /feastwell-backend/api/v1/imageDetails HTTP/1.1" 404 51 "-" "python-requests/2.28.1"
::1 - - [06/Oct/2022:21:42:39 +0000] "GET /feastwell-backend/api/v1/imageDetails HTTP/1.1" 404 51 "-" "python-requests/2.28.1"
::1 - - [06/Oct/2022:21:42:40 +0000] "GET /feastwell-backend/api/v1/imageDetails HTTP/1.1" 404 51 "-" "python-requests/2.28.1"
::1 - - [06/Oct/2022:21:42:41 +0000] "GET /feastwell-backend/api/v1/imageDetails HTTP/1.1" 404 51 "-" "python-requests/2.28.1"
::1 - - [06/Oct/2022:21:42:42 +0000] "GET /feastwell-backend/api/v1/imageDetails HTTP/1.1" 404 51 "-" "python-requests/2.28.1"
::1 - - [06/Oct/2022:21:42:43 +0000] "GET /feastwell-backend/api/v1/imageDetails HTTP/1.1" 404 51 "-" "python-requests/2.28.1"
::1 - - [06/Oct/2022:21:42:44 +0000] "GET /feastwell-backend/api/v1/imageDetails HTTP/1.1" 404 51 "-" "python-requests/2.28.1"
::1 - - [06/Oct/2022:21:42:45 +0000] "GET /feastwell-backend/api/v1/imageDetails HTTP/1.1" 404 51 "-" "python-requests/2.28.1"
::1 - - [06/Oct/2022:21:42:46 +0000] "GET /feastwell-backend/api/v1/imageResponse/byReferenceId/ HTTP/1.1" 404 36 "-" "PostmanRuntime/7.29.2"
::1 - - [06/Oct/2022:21:42:46 +0000] "GET /feastwell-backend/api/v1/imageDetails HTTP/1.1" 404 51 "-" "python-requests/2.28.1"
::1 - - [06/Oct/2022:21:42:48 +0000] "GET /feastwell-backend/api/v1/imageDetails HTTP/1.1" 404 51 "-" "python-requests/2.28.1"
::1 - - [06/Oct/2022:21:42:49 +0000] "GET /feastwell-backend/api/v1/imageDetails HTTP/1.1" 404 51 "-" "python-requests/2.28.1"
::1 - - [06/Oct/2022:21:42:50 +0000] "GET /feastwell-backend/api/v1/imageDetails HTTP/1.1" 404 51 "-" "python-requests/2.28.1"
::1 - - [06/Oct/2022:21:42:50 +0000] "GET /feastwell-backend/api/v1/imageResponse/byReferenceId HTTP/1.1" 404 36 "-" "PostmanRuntime/7.29.2"
::1 - - [06/Oct/2022:21:42:51 +0000] "GET /feastwell-backend/api/v1/imageDetails HTTP/1.1" 404 51 "-" "python-requests/2.28.1"
::1 - - [06/Oct/2022:21:42:52 +0000] "GET /feastwell-backend/api/v1/imageDetails HTTP/1.1" 404 51 "-" "python-requests/2.28.1"
::1 - - [06/Oct/2022:21:42:53 +0000] "GET /feastwell-backend/api/v1/imageDetails HTTP/1.1" 404 51 "-" "python-requests/2.28.1"
::1 - - [06/Oct/2022:21:42:54 +0000] "GET /feastwell-backend/api/v1/imageDetails HTTP/1.1" 404 51 "-" "python-requests/2.28.1"
::1 - - [06/Oct/2022:21:42:55 +0000] "GET /feastwell-backend/api/v1/imageDetails HTTP/1.1" 404 51 "-" "python-requests/2.28.1"
::1 - - [06/Oct/2022:21:42:56 +0000] "GET /feastwell-backend/api/v1/imageDetails HTTP/1.1" 404 51 "-" "python-requests/2.28.1"
::1 - - [06/Oct/2022:21:42:57 +0000] "GET /feastwell-backend/api/v1/imageResponse/ HTTP/1.1" 404 36 "-" "PostmanRuntime/7.29.2"
::1 - - [06/Oct/2022:21:42:58 +0000] "GET /feastwell-backend/api/v1/imageDetails HTTP/1.1" 404 51 "-" "python-requests/2.28.1"
::1 - - [06/Oct/2022:21:42:58 +0000] "GET /feastwell-backend/api/v1/imageResponse/ HTTP/1.1" 404 36 "-" "PostmanRuntime/7.29.2"
::1 - - [06/Oct/2022:21:42:59 +0000] "GET /feastwell-backend/api/v1/imageDetails HTTP/1.1" 404 51 "-" "python-requests/2.28.1"
::1 - - [06/Oct/2022:21:43:00 +0000] "GET /feastwell-backend/api/v1/imageDetails HTTP/1.1" 404 51 "-" "python-requests/2.28.1"
::1 - - [06/Oct/2022:21:43:01 +0000] "GET /feastwell-backend/api/v1/imageResponse HTTP/1.1" 404 36 "-" "PostmanRuntime/7.29.2"
::1 - - [06/Oct/2022:21:43:01 +0000] "GET /feastwell-backend/api/v1/imageDetails HTTP/1.1" 404 51 "-" "python-requests/2.28.1"
::1 - - [06/Oct/2022:21:43:02 +0000] "GET /feastwell-backend/api/v1/imageDetails HTTP/1.1" 404 51 "-" "python-requests/2.28.1"
::1 - - [06/Oct/2022:21:43:03 +0000] "GET /feastwell-backend/api/v1/imageDetails HTTP/1.1" 404 51 "-" "python-requests/2.28.1"
::1 - - [06/Oct/2022:21:43:04 +0000] "GET /feastwell-backend/api/v1/imageDetails HTTP/1.1" 404 51 "-" "python-requests/2.28.1"
::1 - - [06/Oct/2022:21:43:05 +0000] "GET /feastwell-backend/api/v1/imageDetails HTTP/1.1" 404 51 "-" "python-requests/2.28.1"
::1 - - [06/Oct/2022:21:43:06 +0000] "GET /feastwell-backend/api/v1/imageDetails HTTP/1.1" 404 51 "-" "python-requests/2.28.1"
::1 - - [06/Oct/2022:21:43:07 +0000] "GET /feastwell-backend/api/v1/imageDetails HTTP/1.1" 404 51 "-" "python-requests/2.28.1"
::1 - - [06/Oct/2022:21:43:09 +0000] "GET /feastwell-backend/api/v1/imageDetails HTTP/1.1" 404 51 "-" "python-requests/2.28.1"
::1 - - [06/Oct/2022:21:43:10 +0000] "GET /feastwell-backend/api/v1/imageDetails HTTP/1.1" 404 51 "-" "python-requests/2.28.1"
::1 - - [06/Oct/2022:21:43:11 +0000] "GET /feastwell-backend/api/v1/imageDetails HTTP/1.1" 404 51 "-" "python-requests/2.28.1"
::1 - - [06/Oct/2022:21:43:12 +0000] "GET /feastwell-backend/api/v1/imageDetails HTTP/1.1" 404 51 "-" "python-requests/2.28.1"
