::1 - - [06/Oct/2022:21:43:13 +0000] "GET /feastwell-backend/api/v1/imageDetails HTTP/1.1" 404 51 "-" "python-requests/2.28.1"
::1 - - [06/Oct/2022:21:43:14 +0000] "GET /feastwell-backend/api/v1/imageDetails HTTP/1.1" 404 51 "-" "python-requests/2.28.1"
::1 - - [06/Oct/2022:21:43:15 +0000] "GET /feastwell-backend/api/v1/imageDetails HTTP/1.1" 404 51 "-" "python-requests/2.28.1"
::1 - - [06/Oct/2022:21:43:16 +0000] "GET /feastwell-backend/api/v1/imageDetails HTTP/1.1" 404 51 "-" "python-requests/2.28.1"
::1 - - [06/Oct/2022:21:43:17 +0000] "GET /feastwell-backend/api/v1/imageDetails HTTP/1.1" 404 51 "-" "python-requests/2.28.1"
::1 - - [06/Oct/2022:21:43:19 +0000] "GET /feastwell-backend/api/v1/imageDetails HTTP/1.1" 404 51 "-" "python-requests/2.28.1"
::1 - - [06/Oct/2022:21:43:20 +0000] "GET /feastwell-backend/api/v1/imageDetails HTTP/1.1" 404 51 "-" "python-requests/2.28.1"
::1 - - [06/Oct/2022:21:43:21 +0000] "GET /feastwell-backend/api/v1/imageDetails HTTP/1.1" 404 51 "-" "python-requests/2.28.1"
::1 - - [06/Oct/2022:21:43:22 +0000] "GET /feastwell-backend/api/v1/imageDetails HTTP/1.1" 404 51 "-" "python-requests/2.28.1"
::1 - - [06/Oct/2022:21:43:22 +0000] "GET /feastwell-backend/api/v1/analytics/nutrients HTTP/1.1" 200 1954 "-" "PostmanRuntime/7.29.2"
::1 - - [06/Oct/2022:21:43:23 +0000] "GET /feastwell-backend/api/v1/imageDetails HTTP/1.1" 404 51 "-" "python-requests/2.28.1"
::1 - - [06/Oct/2022:21:43:24 +0000] "GET /feastwell-backend/api/v1/imageDetails HTTP/1.1" 404 51 "-" "python-requests/2.28.1"
::1 - - [06/Oct/2022:21:43:25 +0000] "GET /feastwell-backend/api/v1/imageDetails HTTP/1.1" 404 51 "-" "python-requests/2.28.1"
::1 - - [06/Oct/2022:21:43:26 +0000] "GET /feastwell-backend/api/v1/imageDetails HTTP/1.1" 404 51 "-" "python-requests/2.28.1"
::1 - - [06/Oct/2022:21:43:27 +0000] "GET /feastwell-backend/api/v1/imageDetails HTTP/1.1" 404 51 "-" "python-requests/2.28.1"
::1 - - [06/Oct/2022:21:43:28 +0000] "GET /feastwell-backend/api/v1/imageDetails HTTP/1.1" 404 51 "-" "python-requests/2.28.1"
::1 - - [06/Oct/2022:21:43:30 +0000] "GET /feastwell-backend/api/v1/imageDetails HTTP/1.1" 404 51 "-" "python-requests/2.28.1"
::1 - - [06/Oct/2022:21:43:31 +0000] "GET /feastwell-backend/api/v1/imageDetails HTTP/1.1" 404 51 "-" "python-requests/2.28.1"
::1 - - [06/Oct/2022:21:43:32 +0000] "GET /feastwell-backend/api/v1/imageDetails HTTP/1.1" 404 51 "-" "python-requests/2.28.1"
::1 - - [06/Oct/2022:21:43:33 +0000] "GET /feastwell-backend/api/v1/imageDetails HTTP/1.1" 404 51 "-" "python-requests/2.28.1"
::1 - - [06/Oct/2022:21:43:34 +0000] "GET /feastwell-backend/api/v1/imageDetails HTTP/1.1" 404 51 "-" "python-requests/2.28.1"
::1 - - [06/Oct/2022:21:43:35 +0000] "GET /feastwell-backend/api/v1/imageDetails HTTP/1.1" 404 51 "-" "python-requests/2.28.1"
::1 - - [06/Oct/2022:21:43:36 +0000] "GET /feastwell-backend/api/v1/imageDetails HTTP/1.1" 404 51 "-" "python-requests/2.28.1"
::1 - - [06/Oct/2022:21:43:37 +0000] "GET /feastwell-backend/api/v1/imageDetails HTTP/1.1" 404 51 "-" "python-requests/2.28.1"
::1 - - [06/Oct/2022:21:43:38 +0000] "GET /feastwell-backend/api/v1/imageDetails HTTP/1.1" 404 51 "-" "python-requests/2.28.1"
::1 - - [06/Oct/2022:21:43:40 +0000] "GET /feastwell-backend/api/v1/imageDetails HTTP/1.1" 404 51 "-" "python-requests/2.28.1"
::1 - - [06/Oct/2022:21:43:41 +0000] "GET /feastwell-backend/api/v1/imageDetails HTTP/1.1" 404 51 "-" "python-requests/2.28.1"
::1 - - [06/Oct/2022:21:43:42 +0000] "GET /feastwell-backend/api/v1/imageDetails HTTP/1.1" 404 51 "-" "python-requests/2.28.1"
::1 - - [06/Oct/2022:21:43:43 +0000] "GET /feastwell-backend/api/v1/imageDetails HTTP/1.1" 404 51 "-" "python-requests/2.28.1"
::1 - - [06/Oct/2022:21:43:44 +0000] "GET /feastwell-backend/api/v1/imageDetails HTTP/1.1" 404 51 "-" "python-requests/2.28.1"
::1 - - [06/Oct/2022:21:43:45 +0000] "GET /feastwell-backend/api/v1/imageDetails HTTP/1.1" 404 51 "-" "python-requests/2.28.1"
::1 - - [06/Oct/2022:21:43:46 +0000] "GET /feastwell-backend/api/v1/imageDetails HTTP/1.1" 404 51 "-" "python-requests/2.28.1"
::1 - - [06/Oct/2022:21:43:47 +0000] "GET /feastwell-backend/api/v1/imageDetails HTTP/1.1" 404 51 "-" "python-requests/2.28.1"
::1 - - [06/Oct/2022:21:43:48 +0000] "GET /feastwell-backend/api/v1/imageDetails HTTP/1.1" 404 51 "-" "python-requests/2.28.1"
::1 - - [06/Oct/2022:21:43:49 +0000] "GET /feastwell-backend/api/v1/imageDetails HTTP/1.1" 404 51 "-" "python-requests/2.28.1"
::1 - - [06/Oct/2022:21:43:51 +0000] "GET /feastwell-backend/api/v1/imageDetails HTTP/1.1" 404 51 "-" "python-requests/2.28.1"
::1 - - [06/Oct/2022:21:43:52 +0000] "GET /feastwell-backend/api/v1/imageDetails HTTP/1.1" 404 51 "-" "python-requests/2.28.1"
::1 - - [06/Oct/2022:21:43:53 +0000] "GET /feastwell-backend/api/v1/imageDetails HTTP/1.1" 404 51 "-" "python-requests/2.28.1"
::1 - - [06/Oct/2022:21:43:54 +0000] "GET /feastwell-backend/api/v1/imageDetails HTTP/1.1" 404 51 "-" "python-requests/2.28.1"
::1 - - [06/Oct/2022:21:43:55 +0000] "GET /feastwell-backend/api/v1/imageDetails HTTP/1.1" 404 51 "-" "python-requests/2.28.1"
::1 - - [06/Oct/2022:21:43:56 +0000] "GET /feastwell-backend/api/v1/imageDetails HTTP/1.1" 404 51 "-" "python-requests/2.28.1"
::1 - - [06/Oct/2022:21:43:57 +0000] "GET /feastwell-backend/api/v1/imageDetails HTTP/1.1" 404 51 "-" "python-requests/2.28.1"
::1 - - [06/Oct/2022:21:43:58 +0000] "GET /feastwell-backend/api/v1/imageDetails HTTP/1.1" 404 51 "-" "python-requests/2.28.1"
::1 - - [06/Oct/2022:21:43:59 +0000] "GET /feastwell-backend/api/v1/imageDetails HTTP/1.1" 404 51 "-" "python-requests/2.28.1"
::1 - - [06/Oct/2022:21:44:01 +0000] "GET /feastwell-backend/api/v1/imageDetails HTTP/1.1" 404 51 "-" "python-requests/2.28.1"
::1 - - [06/Oct/2022:21:44:02 +0000] "GET /feastwell-backend/api/v1/imageDetails HTTP/1.1" 404 51 "-" "python-requests/2.28.1"
::1 - - [06/Oct/2022:21:44:03 +0000] "GET /feastwell-backend/api/v1/imageDetails HTTP/1.1" 404 51 "-" "python-requests/2.28.1"
::1 - - [06/Oct/2022:21:44:04 +0000] "GET /feastwell-backend/api/v1/imageDetails HTTP/1.1" 404 51 "-" "python-requests/2.28.1"
::1 - - [06/Oct/2022:21:44:05 +0000] "GET /feastwell-backend/api/v1/imageDetails HTTP/1.1" 404 51 "-" "python-requests/2.28.1"
::1 - - [06/Oct/2022:21:44:06 +0000] "GET /feastwell-backend/api/v1/imageDetails HTTP/1.1" 404 51 "-" "python-requests/2.28.1"
::1 - - [06/Oct/2022:21:44:07 +0000] "GET /feastwell-backend/api/v1/imageDetails HTTP/1.1" 404 51 "-" "python-requests/2.28.1"
::1 - - [06/Oct/2022:21:44:08 +0000] "GET /feastwell-backend/api/v1/imageDetails HTTP/1.1" 404 51 "-" "python-requests/2.28.1"
::1 - - [06/Oct/2022:21:44:09 +0000] "GET /feastwell-backend/api/v1/imageDetails HTTP/1.1" 404 51 "-" "python-requests/2.28.1"
::1 - - [06/Oct/2022:21:44:10 +0000] "GET /feastwell-backend/api/v1/imageDetails HTTP/1.1" 404 51 "-" "python-requests/2.28.1"
::1 - - [06/Oct/2022:21:44:12 +0000] "GET /feastwell-backend/api/v1/imageDetails HTTP/1.1" 404 51 "-" "python-requests/2.28.1"
::1 - - [06/Oct/2022:21:44:13 +0000] "GET /feastwell-backend/api/v1/imageDetails HTTP/1.1" 404 51 "-" "python-requests/2.28.1"
::1 - - [06/Oct/2022:21:44:14 +0000] "GET /feastwell-backend/api/v1/imageDetails HTTP/1.1" 404 51 "-" "python-requests/2.28.1"
::1 - - [06/Oct/2022:21:44:15 +0000] "GET /feastwell-backend/api/v1/imageDetails HTTP/1.1" 404 51 "-" "python-requests/2.28.1"
::1 - - [06/Oct/2022:21:44:16 +0000] "GET /feastwell-backend/api/v1/imageDetails HTTP/1.1" 404 51 "-" "python-requests/2.28.1"
::1 - - [06/Oct/2022:21:44:17 +0000] "GET /feastwell-backend/api/v1/imageDetails HTTP/1.1" 404 51 "-" "python-requests/2.28.1"
::1 - - [06/Oct/2022:21:44:18 +0000] "GET /feastwell-backend/api/v1/imageDetails HTTP/1.1" 404 51 "-" "python-requests/2.28.1"
::1 - - [06/Oct/2022:21:44:19 +0000] "GET /feastwell-backend/api/v1/imageDetails HTTP/1.1" 404 51 "-" "python-requests/2.28.1"
::1 - - [06/Oct/2022:21:44:20 +0000] "GET /feastwell-backend/api/v1/imageDetails HTTP/1.1" 404 51 "-" "python-requests/2.28.1"
::1 - - [06/Oct/2022:21:44:22 +0000] "GET /feastwell-backend/api/v1/imageDetails HTTP/1.1" 404 51 "-" "python-requests/2.28.1"
::1 - - [06/Oct/2022:21:44:23 +0000] "GET /feastwell-backend/api/v1/imageDetails HTTP/1.1" 404 51 "-" "python-requests/2.28.1"
::1 - - [06/Oct/2022:21:44:24 +0000] "GET /feastwell-backend/api/v1/imageDetails HTTP/1.1" 404 51 "-" "python-requests/2.28.1"
::1 - - [06/Oct/2022:21:44:25 +0000] "GET /feastwell-backend/api/v1/imageDetails HTTP/1.1" 404 51 "-" "python-requests/2.28.1"
::1 - - [06/Oct/2022:21:44:26 +0000] "GET /feastwell-backend/api/v1/imageDetails HTTP/1.1" 404 51 "-" "python-requests/2.28.1"
::1 - - [06/Oct/2022:21:44:27 +0000] "GET /feastwell-backend/api/v1/imageDetails HTTP/1.1" 404 51 "-" "python-requests/2.28.1"
::1 - - [06/Oct/2022:21:44:28 +0000] "GET /feastwell-backend/api/v1/imageDetails HTTP/1.1" 404 51 "-" "python-requests/2.28.1"
::1 - - [06/Oct/2022:21:44:29 +0000] "GET /feastwell-backend/api/v1/imageDetails HTTP/1.1" 404 51 "-" "python-requests/2.28.1"
::1 - - [06/Oct/2022:21:44:30 +0000] "GET /feastwell-backend/api/v1/imageDetails HTTP/1.1" 404 51 "-" "python-requests/2.28.1"
::1 - - [06/Oct/2022:21:44:31 +0000] "GET /feastwell-backend/api/v1/imageDetails HTTP/1.1" 404 51 "-" "python-requests/2.28.1"
::1 - - [06/Oct/2022:21:44:33 +0000] "GET /feastwell-backend/api/v1/imageDetails HTTP/1.1" 404 51 "-" "python-requests/2.28.1"
::1 - - [06/Oct/2022:21:44:34 +0000] "GET /feastwell-backend/api/v1/imageDetails HTTP/1.1" 404 51 "-" "python-requests/2.28.1"
::1 - - [06/Oct/2022:21:44:35 +0000] "GET /feastwell-backend/api/v1/imageDetails HTTP/1.1" 404 51 "-" "python-requests/2.28.1"
::1 - - [06/Oct/2022:21:44:36 +0000] "GET /feastwell-backend/api/v1/imageDetails HTTP/1.1" 404 51 "-" "python-requests/2.28.1"
::1 - - [06/Oct/2022:21:44:37 +0000] "GET /feastwell-backend/api/v1/imageDetails HTTP/1.1" 404 51 "-" "python-requests/2.28.1"
::1 - - [06/Oct/2022:21:44:38 +0000] "GET /feastwell-backend/api/v1/imageDetails HTTP/1.1" 404 51 "-" "python-requests/2.28.1"
::1 - - [06/Oct/2022:21:44:39 +0000] "GET /feastwell-backend/api/v1/imageDetails HTTP/1.1" 404 51 "-" "python-requests/2.28.1"
::1 - - [06/Oct/2022:21:44:40 +0000] "GET /feastwell-backend/api/v1/imageDetails HTTP/1.1" 404 51 "-" "python-requests/2.28.1"
::1 - - [06/Oct/2022:21:44:41 +0000] "GET /feastwell-backend/api/v1/imageDetails HTTP/1.1" 404 51 "-" "python-requests/2.28.1"
::1 - - [06/Oct/2022:21:44:43 +0000] "GET /feastwell-backend/api/v1/imageDetails HTTP/1.1" 404 51 "-" "python-requests/2.28.1"
::1 - - [06/Oct/2022:21:44:44 +0000] "GET /feastwell-backend/api/v1/imageDetails HTTP/1.1" 404 51 "-" "python-requests/2.28.1"
::1 - - [06/Oct/2022:21:44:45 +0000] "GET /feastwell-backend/api/v1/imageDetails HTTP/1.1" 404 51 "-" "python-requests/2.28.1"
::1 - - [06/Oct/2022:21:44:46 +0000] "GET /feastwell-backend/api/v1/imageDetails HTTP/1.1" 404 51 "-" "python-requests/2.28.1"
::1 - - [06/Oct/2022:21:44:47 +0000] "GET /feastwell-backend/api/v1/imageDetails HTTP/1.1" 404 51 "-" "python-requests/2.28.1"
::1 - - [06/Oct/2022:21:44:48 +0000] "GET /feastwell-backend/api/v1/imageDetails HTTP/1.1" 404 51 "-" "python-requests/2.28.1"
::1 - - [06/Oct/2022:21:44:49 +0000] "GET /feastwell-backend/api/v1/imageDetails HTTP/1.1" 404 51 "-" "python-requests/2.28.1"
::1 - - [06/Oct/2022:21:44:50 +0000] "GET /feastwell-backend/api/v1/imageDetails HTTP/1.1" 404 51 "-" "python-requests/2.28.1"
::1 - - [06/Oct/2022:21:44:51 +0000] "GET /feastwell-backend/api/v1/imageDetails HTTP/1.1" 404 51 "-" "python-requests/2.28.1"
::ffff:192.168.0.169 - - [06/Oct/2022:21:44:52 +0000] "GET /feastwell-backend/api/v1/country HTTP/1.1" 200 83959 "http://localhost:3000/" "Mozilla/5.0 (Windows NT 10.0; Win64; x64) AppleWebKit/537.36 (KHTML, like Gecko) Chrome/106.0.0.0 Safari/537.36"
::1 - - [06/Oct/2022:21:44:52 +0000] "GET /feastwell-backend/api/v1/imageDetails HTTP/1.1" 404 51 "-" "python-requests/2.28.1"
::1 - - [06/Oct/2022:21:44:54 +0000] "GET /feastwell-backend/api/v1/imageDetails HTTP/1.1" 404 51 "-" "python-requests/2.28.1"
::1 - - [06/Oct/2022:21:44:55 +0000] "GET /feastwell-backend/api/v1/imageDetails HTTP/1.1" 404 51 "-" "python-requests/2.28.1"
::1 - - [06/Oct/2022:21:44:56 +0000] "GET /feastwell-backend/api/v1/imageDetails HTTP/1.1" 404 51 "-" "python-requests/2.28.1"
::ffff:192.168.0.169 - - [06/Oct/2022:21:44:57 +0000] "GET /feastwell-backend/api/v1/country HTTP/1.1" 200 83959 "http://localhost:3000/" "Mozilla/5.0 (Windows NT 10.0; Win64; x64) AppleWebKit/537.36 (KHTML, like Gecko) Chrome/106.0.0.0 Safari/537.36"
::1 - - [06/Oct/2022:21:44:57 +0000] "GET /feastwell-backend/api/v1/imageDetails HTTP/1.1" 404 51 "-" "python-requests/2.28.1"
::1 - - [06/Oct/2022:21:44:58 +0000] "GET /feastwell-backend/api/v1/imageDetails HTTP/1.1" 404 51 "-" "python-requests/2.28.1"
::1 - - [06/Oct/2022:21:44:59 +0000] "GET /feastwell-backend/api/v1/imageDetails HTTP/1.1" 404 51 "-" "python-requests/2.28.1"
::1 - - [06/Oct/2022:21:45:00 +0000] "GET /feastwell-backend/api/v1/imageDetails HTTP/1.1" 404 51 "-" "python-requests/2.28.1"
::1 - - [06/Oct/2022:21:45:01 +0000] "GET /feastwell-backend/api/v1/imageDetails HTTP/1.1" 404 51 "-" "python-requests/2.28.1"
::ffff:192.168.0.169 - - [06/Oct/2022:21:45:02 +0000] "GET /feastwell-backend/api/v1/country HTTP/1.1" 200 83959 "http://localhost:3000/" "Mozilla/5.0 (Windows NT 10.0; Win64; x64) AppleWebKit/537.36 (KHTML, like Gecko) Chrome/106.0.0.0 Safari/537.36"
::1 - - [06/Oct/2022:21:45:02 +0000] "GET /feastwell-backend/api/v1/imageDetails HTTP/1.1" 404 51 "-" "python-requests/2.28.1"
::1 - - [06/Oct/2022:21:45:04 +0000] "GET /feastwell-backend/api/v1/imageDetails HTTP/1.1" 404 51 "-" "python-requests/2.28.1"
::ffff:192.168.0.169 - - [06/Oct/2022:21:45:04 +0000] "GET /feastwell-backend/api/v1/auth/login/sidebar HTTP/1.1" 200 2975 "http://localhost:3000/" "Mozilla/5.0 (Windows NT 10.0; Win64; x64) AppleWebKit/537.36 (KHTML, like Gecko) Chrome/106.0.0.0 Safari/537.36"
::1 - - [06/Oct/2022:21:45:05 +0000] "GET /feastwell-backend/api/v1/imageDetails HTTP/1.1" 404 51 "-" "python-requests/2.28.1"
::1 - - [06/Oct/2022:21:45:06 +0000] "GET /feastwell-backend/api/v1/imageDetails HTTP/1.1" 404 51 "-" "python-requests/2.28.1"
::1 - - [06/Oct/2022:21:45:07 +0000] "GET /feastwell-backend/api/v1/imageDetails HTTP/1.1" 404 51 "-" "python-requests/2.28.1"
::ffff:192.168.0.169 - - [06/Oct/2022:21:45:08 +0000] "GET /feastwell-backend/api/v1/states/byCountryId/1 HTTP/1.1" 200 2289 "http://localhost:3000/" "Mozilla/5.0 (Windows NT 10.0; Win64; x64) AppleWebKit/537.36 (KHTML, like Gecko) Chrome/106.0.0.0 Safari/537.36"
::1 - - [06/Oct/2022:21:45:08 +0000] "GET /feastwell-backend/api/v1/imageDetails HTTP/1.1" 404 51 "-" "python-requests/2.28.1"
::1 - - [06/Oct/2022:21:45:09 +0000] "GET /feastwell-backend/api/v1/imageDetails HTTP/1.1" 404 51 "-" "python-requests/2.28.1"
::1 - - [06/Oct/2022:21:45:10 +0000] "GET /feastwell-backend/api/v1/imageDetails HTTP/1.1" 404 51 "-" "python-requests/2.28.1"
::ffff:192.168.0.169 - - [06/Oct/2022:21:45:11 +0000] "GET /feastwell-backend/api/v1/city/byStateId/3870 HTTP/1.1" 200 160 "http://localhost:3000/" "Mozilla/5.0 (Windows NT 10.0; Win64; x64) AppleWebKit/537.36 (KHTML, like Gecko) Chrome/106.0.0.0 Safari/537.36"
::1 - - [06/Oct/2022:21:45:11 +0000] "GET /feastwell-backend/api/v1/imageDetails HTTP/1.1" 404 51 "-" "python-requests/2.28.1"
::1 - - [06/Oct/2022:21:45:12 +0000] "GET /feastwell-backend/api/v1/imageDetails HTTP/1.1" 404 51 "-" "python-requests/2.28.1"
::1 - - [06/Oct/2022:21:45:13 +0000] "GET /feastwell-backend/api/v1/imageDetails HTTP/1.1" 404 51 "-" "python-requests/2.28.1"
::1 - - [06/Oct/2022:21:45:15 +0000] "GET /feastwell-backend/api/v1/imageDetails HTTP/1.1" 404 51 "-" "python-requests/2.28.1"
::1 - - [06/Oct/2022:21:45:16 +0000] "GET /feastwell-backend/api/v1/imageDetails HTTP/1.1" 404 51 "-" "python-requests/2.28.1"
::1 - - [06/Oct/2022:21:45:17 +0000] "GET /feastwell-backend/api/v1/imageDetails HTTP/1.1" 404 51 "-" "python-requests/2.28.1"
::1 - - [06/Oct/2022:21:45:18 +0000] "GET /feastwell-backend/api/v1/imageDetails HTTP/1.1" 404 51 "-" "python-requests/2.28.1"
::1 - - [06/Oct/2022:21:45:19 +0000] "GET /feastwell-backend/api/v1/imageDetails HTTP/1.1" 404 51 "-" "python-requests/2.28.1"
::ffff:192.168.0.169 - - [06/Oct/2022:21:45:19 +0000] "GET /feastwell-backend/api/v1/states/byCountryId/39 HTTP/1.1" 200 1022 "http://localhost:3000/" "Mozilla/5.0 (Windows NT 10.0; Win64; x64) AppleWebKit/537.36 (KHTML, like Gecko) Chrome/106.0.0.0 Safari/537.36"
::1 - - [06/Oct/2022:21:45:20 +0000] "GET /feastwell-backend/api/v1/imageDetails HTTP/1.1" 404 51 "-" "python-requests/2.28.1"
::1 - - [06/Oct/2022:21:45:21 +0000] "GET /feastwell-backend/api/v1/imageDetails HTTP/1.1" 404 51 "-" "python-requests/2.28.1"
::1 - - [06/Oct/2022:21:45:22 +0000] "GET /feastwell-backend/api/v1/imageDetails HTTP/1.1" 404 51 "-" "python-requests/2.28.1"
::ffff:192.168.0.169 - - [06/Oct/2022:21:45:23 +0000] "GET /feastwell-backend/api/v1/city/byStateId/867 HTTP/1.1" 200 3598 "http://localhost:3000/" "Mozilla/5.0 (Windows NT 10.0; Win64; x64) AppleWebKit/537.36 (KHTML, like Gecko) Chrome/106.0.0.0 Safari/537.36"
::1 - - [06/Oct/2022:21:45:23 +0000] "GET /feastwell-backend/api/v1/imageDetails HTTP/1.1" 404 51 "-" "python-requests/2.28.1"
::1 - - [06/Oct/2022:21:45:25 +0000] "GET /feastwell-backend/api/v1/imageDetails HTTP/1.1" 404 51 "-" "python-requests/2.28.1"
::1 - - [06/Oct/2022:21:45:26 +0000] "GET /feastwell-backend/api/v1/imageDetails HTTP/1.1" 404 51 "-" "python-requests/2.28.1"
::1 - - [06/Oct/2022:21:45:27 +0000] "GET /feastwell-backend/api/v1/imageDetails HTTP/1.1" 404 51 "-" "python-requests/2.28.1"
::1 - - [06/Oct/2022:21:45:28 +0000] "GET /feastwell-backend/api/v1/imageDetails HTTP/1.1" 404 51 "-" "python-requests/2.28.1"
::1 - - [06/Oct/2022:21:45:29 +0000] "GET /feastwell-backend/api/v1/imageDetails HTTP/1.1" 404 51 "-" "python-requests/2.28.1"
::1 - - [06/Oct/2022:21:45:30 +0000] "GET /feastwell-backend/api/v1/imageDetails HTTP/1.1" 404 51 "-" "python-requests/2.28.1"
::1 - - [06/Oct/2022:21:45:31 +0000] "GET /feastwell-backend/api/v1/imageDetails HTTP/1.1" 404 51 "-" "python-requests/2.28.1"
::1 - - [06/Oct/2022:21:45:32 +0000] "GET /feastwell-backend/api/v1/imageDetails HTTP/1.1" 404 51 "-" "python-requests/2.28.1"
::1 - - [06/Oct/2022:21:45:33 +0000] "GET /feastwell-backend/api/v1/imageDetails HTTP/1.1" 404 51 "-" "python-requests/2.28.1"
::1 - - [06/Oct/2022:21:45:35 +0000] "GET /feastwell-backend/api/v1/imageDetails HTTP/1.1" 404 51 "-" "python-requests/2.28.1"
::1 - - [06/Oct/2022:21:45:36 +0000] "GET /feastwell-backend/api/v1/imageDetails HTTP/1.1" 404 51 "-" "python-requests/2.28.1"
::1 - - [06/Oct/2022:21:45:37 +0000] "GET /feastwell-backend/api/v1/imageDetails HTTP/1.1" 404 51 "-" "python-requests/2.28.1"
::1 - - [06/Oct/2022:21:45:38 +0000] "GET /feastwell-backend/api/v1/imageDetails HTTP/1.1" 404 51 "-" "python-requests/2.28.1"
::1 - - [06/Oct/2022:21:45:39 +0000] "GET /feastwell-backend/api/v1/imageDetails HTTP/1.1" 404 51 "-" "python-requests/2.28.1"
::1 - - [06/Oct/2022:21:45:40 +0000] "GET /feastwell-backend/api/v1/imageDetails HTTP/1.1" 404 51 "-" "python-requests/2.28.1"
::1 - - [06/Oct/2022:21:45:41 +0000] "GET /feastwell-backend/api/v1/imageDetails HTTP/1.1" 404 51 "-" "python-requests/2.28.1"
::1 - - [06/Oct/2022:21:45:42 +0000] "GET /feastwell-backend/api/v1/imageDetails HTTP/1.1" 404 51 "-" "python-requests/2.28.1"
::1 - - [06/Oct/2022:21:45:43 +0000] "GET /feastwell-backend/api/v1/imageDetails HTTP/1.1" 404 51 "-" "python-requests/2.28.1"
::ffff:192.168.0.169 - - [06/Oct/2022:21:45:44 +0000] "POST /feastwell-backend/api/v1/facility HTTP/1.1" 201 87 "http://localhost:3000/" "Mozilla/5.0 (Windows NT 10.0; Win64; x64) AppleWebKit/537.36 (KHTML, like Gecko) Chrome/106.0.0.0 Safari/537.36"
::ffff:192.168.0.169 - - [06/Oct/2022:21:45:44 +0000] "POST /feastwell-backend/api/v1/userActivityLog HTTP/1.1" 201 79 "http://localhost:3000/" "Mozilla/5.0 (Windows NT 10.0; Win64; x64) AppleWebKit/537.36 (KHTML, like Gecko) Chrome/106.0.0.0 Safari/537.36"
::1 - - [06/Oct/2022:21:45:45 +0000] "GET /feastwell-backend/api/v1/imageDetails HTTP/1.1" 404 51 "-" "python-requests/2.28.1"
::ffff:192.168.0.169 - - [06/Oct/2022:21:45:45 +0000] "GET /feastwell-backend/api/v1/facility HTTP/1.1" 200 3286 "http://localhost:3000/" "Mozilla/5.0 (Windows NT 10.0; Win64; x64) AppleWebKit/537.36 (KHTML, like Gecko) Chrome/106.0.0.0 Safari/537.36"
::1 - - [06/Oct/2022:21:45:46 +0000] "GET /feastwell-backend/api/v1/imageDetails HTTP/1.1" 404 51 "-" "python-requests/2.28.1"
::1 - - [06/Oct/2022:21:45:47 +0000] "GET /feastwell-backend/api/v1/imageDetails HTTP/1.1" 404 51 "-" "python-requests/2.28.1"
::ffff:192.168.0.169 - - [06/Oct/2022:21:45:47 +0000] "GET /feastwell-backend/api/v1/auth/login/sidebar HTTP/1.1" 200 2975 "http://localhost:3000/" "Mozilla/5.0 (Windows NT 10.0; Win64; x64) AppleWebKit/537.36 (KHTML, like Gecko) Chrome/106.0.0.0 Safari/537.36"
::1 - - [06/Oct/2022:21:45:48 +0000] "GET /feastwell-backend/api/v1/imageDetails HTTP/1.1" 404 51 "-" "python-requests/2.28.1"
::1 - - [06/Oct/2022:21:45:49 +0000] "GET /feastwell-backend/api/v1/imageDetails HTTP/1.1" 404 51 "-" "python-requests/2.28.1"
::1 - - [06/Oct/2022:21:45:50 +0000] "GET /feastwell-backend/api/v1/imageDetails HTTP/1.1" 404 51 "-" "python-requests/2.28.1"
::1 - - [06/Oct/2022:21:45:51 +0000] "GET /feastwell-backend/api/v1/imageDetails HTTP/1.1" 404 51 "-" "python-requests/2.28.1"
::1 - - [06/Oct/2022:21:45:52 +0000] "GET /feastwell-backend/api/v1/imageDetails HTTP/1.1" 404 51 "-" "python-requests/2.28.1"
::1 - - [06/Oct/2022:21:45:53 +0000] "GET /feastwell-backend/api/v1/imageDetails HTTP/1.1" 404 51 "-" "python-requests/2.28.1"
::1 - - [06/Oct/2022:21:45:54 +0000] "GET /feastwell-backend/api/v1/imageDetails HTTP/1.1" 404 51 "-" "python-requests/2.28.1"
::1 - - [06/Oct/2022:21:45:56 +0000] "GET /feastwell-backend/api/v1/imageDetails HTTP/1.1" 404 51 "-" "python-requests/2.28.1"
::1 - - [06/Oct/2022:21:45:57 +0000] "GET /feastwell-backend/api/v1/imageDetails HTTP/1.1" 404 51 "-" "python-requests/2.28.1"
::1 - - [06/Oct/2022:21:45:58 +0000] "GET /feastwell-backend/api/v1/imageDetails HTTP/1.1" 404 51 "-" "python-requests/2.28.1"
::1 - - [06/Oct/2022:21:45:59 +0000] "GET /feastwell-backend/api/v1/imageDetails HTTP/1.1" 404 51 "-" "python-requests/2.28.1"
::1 - - [06/Oct/2022:21:46:00 +0000] "GET /feastwell-backend/api/v1/imageDetails HTTP/1.1" 404 51 "-" "python-requests/2.28.1"
::1 - - [06/Oct/2022:21:46:01 +0000] "GET /feastwell-backend/api/v1/imageDetails HTTP/1.1" 404 51 "-" "python-requests/2.28.1"
::1 - - [06/Oct/2022:21:46:02 +0000] "GET /feastwell-backend/api/v1/imageDetails HTTP/1.1" 404 51 "-" "python-requests/2.28.1"
::1 - - [06/Oct/2022:21:46:03 +0000] "GET /feastwell-backend/api/v1/imageDetails HTTP/1.1" 404 51 "-" "python-requests/2.28.1"
::1 - - [06/Oct/2022:21:46:04 +0000] "GET /feastwell-backend/api/v1/imageDetails HTTP/1.1" 404 51 "-" "python-requests/2.28.1"
::1 - - [06/Oct/2022:21:46:06 +0000] "GET /feastwell-backend/api/v1/imageDetails HTTP/1.1" 404 51 "-" "python-requests/2.28.1"
::1 - - [06/Oct/2022:21:46:07 +0000] "GET /feastwell-backend/api/v1/imageDetails HTTP/1.1" 404 51 "-" "python-requests/2.28.1"
::1 - - [06/Oct/2022:21:46:08 +0000] "GET /feastwell-backend/api/v1/imageDetails HTTP/1.1" 404 51 "-" "python-requests/2.28.1"
::1 - - [06/Oct/2022:21:46:09 +0000] "GET /feastwell-backend/api/v1/imageDetails HTTP/1.1" 404 51 "-" "python-requests/2.28.1"
::1 - - [06/Oct/2022:21:46:10 +0000] "GET /feastwell-backend/api/v1/imageDetails HTTP/1.1" 404 51 "-" "python-requests/2.28.1"
::1 - - [06/Oct/2022:21:46:11 +0000] "GET /feastwell-backend/api/v1/imageDetails HTTP/1.1" 404 51 "-" "python-requests/2.28.1"
::1 - - [06/Oct/2022:21:46:12 +0000] "GET /feastwell-backend/api/v1/imageDetails HTTP/1.1" 404 51 "-" "python-requests/2.28.1"
::1 - - [06/Oct/2022:21:46:13 +0000] "GET /feastwell-backend/api/v1/imageDetails HTTP/1.1" 404 51 "-" "python-requests/2.28.1"
::1 - - [06/Oct/2022:21:46:14 +0000] "GET /feastwell-backend/api/v1/imageDetails HTTP/1.1" 404 51 "-" "python-requests/2.28.1"
::1 - - [06/Oct/2022:21:46:15 +0000] "GET /feastwell-backend/api/v1/imageDetails HTTP/1.1" 404 51 "-" "python-requests/2.28.1"
::1 - - [06/Oct/2022:21:46:17 +0000] "GET /feastwell-backend/api/v1/imageDetails HTTP/1.1" 404 51 "-" "python-requests/2.28.1"
::1 - - [06/Oct/2022:21:46:18 +0000] "GET /feastwell-backend/api/v1/imageDetails HTTP/1.1" 404 51 "-" "python-requests/2.28.1"
::1 - - [06/Oct/2022:21:46:19 +0000] "GET /feastwell-backend/api/v1/imageDetails HTTP/1.1" 404 51 "-" "python-requests/2.28.1"
::1 - - [06/Oct/2022:21:46:20 +0000] "GET /feastwell-backend/api/v1/imageDetails HTTP/1.1" 404 51 "-" "python-requests/2.28.1"
::1 - - [06/Oct/2022:21:46:21 +0000] "GET /feastwell-backend/api/v1/imageDetails HTTP/1.1" 404 51 "-" "python-requests/2.28.1"
::1 - - [06/Oct/2022:21:46:22 +0000] "GET /feastwell-backend/api/v1/imageDetails HTTP/1.1" 404 51 "-" "python-requests/2.28.1"
::1 - - [06/Oct/2022:21:46:23 +0000] "GET /feastwell-backend/api/v1/imageDetails HTTP/1.1" 404 51 "-" "python-requests/2.28.1"
::1 - - [06/Oct/2022:21:46:24 +0000] "GET /feastwell-backend/api/v1/imageDetails HTTP/1.1" 404 51 "-" "python-requests/2.28.1"
::1 - - [06/Oct/2022:21:46:25 +0000] "GET /feastwell-backend/api/v1/imageDetails HTTP/1.1" 404 51 "-" "python-requests/2.28.1"
::1 - - [06/Oct/2022:21:46:27 +0000] "GET /feastwell-backend/api/v1/imageDetails HTTP/1.1" 404 51 "-" "python-requests/2.28.1"
::1 - - [06/Oct/2022:21:46:28 +0000] "GET /feastwell-backend/api/v1/imageDetails HTTP/1.1" 404 51 "-" "python-requests/2.28.1"
::1 - - [06/Oct/2022:21:46:29 +0000] "GET /feastwell-backend/api/v1/imageDetails HTTP/1.1" 404 51 "-" "python-requests/2.28.1"
::1 - - [06/Oct/2022:21:46:30 +0000] "GET /feastwell-backend/api/v1/imageDetails HTTP/1.1" 404 51 "-" "python-requests/2.28.1"
::1 - - [06/Oct/2022:21:46:31 +0000] "GET /feastwell-backend/api/v1/imageDetails HTTP/1.1" 404 51 "-" "python-requests/2.28.1"
::1 - - [06/Oct/2022:21:46:32 +0000] "GET /feastwell-backend/api/v1/imageDetails HTTP/1.1" 404 51 "-" "python-requests/2.28.1"
::1 - - [06/Oct/2022:21:46:33 +0000] "GET /feastwell-backend/api/v1/imageDetails HTTP/1.1" 404 51 "-" "python-requests/2.28.1"
::1 - - [06/Oct/2022:21:46:34 +0000] "GET /feastwell-backend/api/v1/imageDetails HTTP/1.1" 404 51 "-" "python-requests/2.28.1"
::1 - - [06/Oct/2022:21:46:35 +0000] "GET /feastwell-backend/api/v1/imageDetails HTTP/1.1" 404 51 "-" "python-requests/2.28.1"
::ffff:192.168.0.169 - - [06/Oct/2022:21:46:36 +0000] "GET /feastwell-backend/api/v1/states/byCountryId/ HTTP/1.1" 404 36 "http://localhost:3000/" "Mozilla/5.0 (Windows NT 10.0; Win64; x64) AppleWebKit/537.36 (KHTML, like Gecko) Chrome/106.0.0.0 Safari/537.36"
::ffff:192.168.0.169 - - [06/Oct/2022:21:46:36 +0000] "GET /feastwell-backend/api/v1/city/byStateId/ HTTP/1.1" 404 36 "http://localhost:3000/" "Mozilla/5.0 (Windows NT 10.0; Win64; x64) AppleWebKit/537.36 (KHTML, like Gecko) Chrome/106.0.0.0 Safari/537.36"
::1 - - [06/Oct/2022:21:46:36 +0000] "GET /feastwell-backend/api/v1/imageDetails HTTP/1.1" 404 51 "-" "python-requests/2.28.1"
::ffff:192.168.0.169 - - [06/Oct/2022:21:46:37 +0000] "GET /feastwell-backend/api/v1/facility/8 HTTP/1.1" 200 468 "http://localhost:3000/" "Mozilla/5.0 (Windows NT 10.0; Win64; x64) AppleWebKit/537.36 (KHTML, like Gecko) Chrome/106.0.0.0 Safari/537.36"
::ffff:192.168.0.169 - - [06/Oct/2022:21:46:37 +0000] "GET /feastwell-backend/api/v1/country HTTP/1.1" 200 83959 "http://localhost:3000/" "Mozilla/5.0 (Windows NT 10.0; Win64; x64) AppleWebKit/537.36 (KHTML, like Gecko) Chrome/106.0.0.0 Safari/537.36"
::ffff:192.168.0.169 - - [06/Oct/2022:21:46:37 +0000] "GET /feastwell-backend/api/v1/states/byCountryId/39 HTTP/1.1" 200 1022 "http://localhost:3000/" "Mozilla/5.0 (Windows NT 10.0; Win64; x64) AppleWebKit/537.36 (KHTML, like Gecko) Chrome/106.0.0.0 Safari/537.36"
::ffff:192.168.0.169 - - [06/Oct/2022:21:46:37 +0000] "GET /feastwell-backend/api/v1/city/byStateId/867 HTTP/1.1" 200 3598 "http://localhost:3000/" "Mozilla/5.0 (Windows NT 10.0; Win64; x64) AppleWebKit/537.36 (KHTML, like Gecko) Chrome/106.0.0.0 Safari/537.36"
::ffff:192.168.0.169 - - [06/Oct/2022:21:46:37 +0000] "GET /feastwell-backend/api/v1/country HTTP/1.1" 200 83959 "http://localhost:3000/" "Mozilla/5.0 (Windows NT 10.0; Win64; x64) AppleWebKit/537.36 (KHTML, like Gecko) Chrome/106.0.0.0 Safari/537.36"
::1 - - [06/Oct/2022:21:46:38 +0000] "GET /feastwell-backend/api/v1/imageDetails HTTP/1.1" 404 51 "-" "python-requests/2.28.1"
::1 - - [06/Oct/2022:21:46:39 +0000] "GET /feastwell-backend/api/v1/imageDetails HTTP/1.1" 404 51 "-" "python-requests/2.28.1"
::ffff:192.168.0.169 - - [06/Oct/2022:21:46:39 +0000] "GET /feastwell-backend/api/v1/auth/login/sidebar HTTP/1.1" 200 2975 "http://localhost:3000/" "Mozilla/5.0 (Windows NT 10.0; Win64; x64) AppleWebKit/537.36 (KHTML, like Gecko) Chrome/106.0.0.0 Safari/537.36"
::1 - - [06/Oct/2022:21:46:40 +0000] "GET /feastwell-backend/api/v1/imageDetails HTTP/1.1" 404 51 "-" "python-requests/2.28.1"
::1 - - [06/Oct/2022:21:46:41 +0000] "GET /feastwell-backend/api/v1/imageDetails HTTP/1.1" 404 51 "-" "python-requests/2.28.1"
::1 - - [06/Oct/2022:21:46:42 +0000] "GET /feastwell-backend/api/v1/imageDetails HTTP/1.1" 404 51 "-" "python-requests/2.28.1"
::1 - - [06/Oct/2022:21:46:43 +0000] "GET /feastwell-backend/api/v1/imageDetails HTTP/1.1" 404 51 "-" "python-requests/2.28.1"
::1 - - [06/Oct/2022:21:46:44 +0000] "GET /feastwell-backend/api/v1/imageDetails HTTP/1.1" 404 51 "-" "python-requests/2.28.1"
::1 - - [06/Oct/2022:21:46:45 +0000] "GET /feastwell-backend/api/v1/imageDetails HTTP/1.1" 404 51 "-" "python-requests/2.28.1"
::1 - - [06/Oct/2022:21:46:46 +0000] "GET /feastwell-backend/api/v1/imageDetails HTTP/1.1" 404 51 "-" "python-requests/2.28.1"
::1 - - [06/Oct/2022:21:46:47 +0000] "GET /feastwell-backend/api/v1/imageDetails HTTP/1.1" 404 51 "-" "python-requests/2.28.1"
::1 - - [06/Oct/2022:21:46:49 +0000] "GET /feastwell-backend/api/v1/imageDetails HTTP/1.1" 404 51 "-" "python-requests/2.28.1"
::1 - - [06/Oct/2022:21:46:50 +0000] "GET /feastwell-backend/api/v1/imageDetails HTTP/1.1" 404 51 "-" "python-requests/2.28.1"
::ffff:192.168.0.169 - - [06/Oct/2022:21:46:50 +0000] "PUT /feastwell-backend/api/v1/facility/8 HTTP/1.1" 200 49 "http://localhost:3000/" "Mozilla/5.0 (Windows NT 10.0; Win64; x64) AppleWebKit/537.36 (KHTML, like Gecko) Chrome/106.0.0.0 Safari/537.36"
::ffff:192.168.0.169 - - [06/Oct/2022:21:46:50 +0000] "POST /feastwell-backend/api/v1/userActivityLog HTTP/1.1" 201 79 "http://localhost:3000/" "Mozilla/5.0 (Windows NT 10.0; Win64; x64) AppleWebKit/537.36 (KHTML, like Gecko) Chrome/106.0.0.0 Safari/537.36"
::ffff:192.168.0.169 - - [06/Oct/2022:21:46:50 +0000] "GET /feastwell-backend/api/v1/facility HTTP/1.1" 200 3289 "http://localhost:3000/" "Mozilla/5.0 (Windows NT 10.0; Win64; x64) AppleWebKit/537.36 (KHTML, like Gecko) Chrome/106.0.0.0 Safari/537.36"
::1 - - [06/Oct/2022:21:46:51 +0000] "GET /feastwell-backend/api/v1/imageDetails HTTP/1.1" 404 51 "-" "python-requests/2.28.1"
::1 - - [06/Oct/2022:21:46:52 +0000] "GET /feastwell-backend/api/v1/imageDetails HTTP/1.1" 404 51 "-" "python-requests/2.28.1"
::ffff:192.168.0.169 - - [06/Oct/2022:21:46:53 +0000] "GET /feastwell-backend/api/v1/auth/login/sidebar HTTP/1.1" 200 2975 "http://localhost:3000/" "Mozilla/5.0 (Windows NT 10.0; Win64; x64) AppleWebKit/537.36 (KHTML, like Gecko) Chrome/106.0.0.0 Safari/537.36"
::1 - - [06/Oct/2022:21:46:53 +0000] "GET /feastwell-backend/api/v1/imageDetails HTTP/1.1" 404 51 "-" "python-requests/2.28.1"
::1 - - [06/Oct/2022:21:46:54 +0000] "GET /feastwell-backend/api/v1/imageDetails HTTP/1.1" 404 51 "-" "python-requests/2.28.1"
::ffff:127.0.0.1 - - [06/Oct/2022:21:46:57 +0000] "GET /feastwell-backend/api/v1/imageDetails HTTP/1.1" 404 51 "-" "python-requests/2.28.1"
::ffff:127.0.0.1 - - [06/Oct/2022:21:46:58 +0000] "GET /feastwell-backend/api/v1/imageDetails HTTP/1.1" 404 51 "-" "python-requests/2.28.1"
::ffff:127.0.0.1 - - [06/Oct/2022:21:46:59 +0000] "GET /feastwell-backend/api/v1/imageDetails HTTP/1.1" 404 51 "-" "python-requests/2.28.1"
::ffff:127.0.0.1 - - [06/Oct/2022:21:47:00 +0000] "GET /feastwell-backend/api/v1/imageDetails HTTP/1.1" 404 51 "-" "python-requests/2.28.1"
::ffff:192.168.0.169 - - [06/Oct/2022:21:47:01 +0000] "GET /feastwell-backend/api/v1/facility HTTP/1.1" 200 3289 "http://localhost:3000/" "Mozilla/5.0 (Windows NT 10.0; Win64; x64) AppleWebKit/537.36 (KHTML, like Gecko) Chrome/106.0.0.0 Safari/537.36"
::ffff:127.0.0.1 - - [06/Oct/2022:21:47:01 +0000] "GET /feastwell-backend/api/v1/imageDetails HTTP/1.1" 404 51 "-" "python-requests/2.28.1"
::ffff:127.0.0.1 - - [06/Oct/2022:21:47:02 +0000] "GET /feastwell-backend/api/v1/imageDetails HTTP/1.1" 404 51 "-" "python-requests/2.28.1"
::ffff:192.168.0.169 - - [06/Oct/2022:21:47:03 +0000] "GET /feastwell-backend/api/v1/auth/login/sidebar HTTP/1.1" 200 2975 "http://localhost:3000/" "Mozilla/5.0 (Windows NT 10.0; Win64; x64) AppleWebKit/537.36 (KHTML, like Gecko) Chrome/106.0.0.0 Safari/537.36"
::ffff:127.0.0.1 - - [06/Oct/2022:21:47:03 +0000] "GET /feastwell-backend/api/v1/imageDetails HTTP/1.1" 404 51 "-" "python-requests/2.28.1"
::ffff:127.0.0.1 - - [06/Oct/2022:21:47:04 +0000] "GET /feastwell-backend/api/v1/imageDetails HTTP/1.1" 404 51 "-" "python-requests/2.28.1"
::ffff:127.0.0.1 - - [06/Oct/2022:21:47:06 +0000] "GET /feastwell-backend/api/v1/imageDetails HTTP/1.1" 404 51 "-" "python-requests/2.28.1"
::ffff:127.0.0.1 - - [06/Oct/2022:21:47:07 +0000] "GET /feastwell-backend/api/v1/imageDetails HTTP/1.1" 404 51 "-" "python-requests/2.28.1"
::ffff:127.0.0.1 - - [06/Oct/2022:21:47:08 +0000] "GET /feastwell-backend/api/v1/imageDetails HTTP/1.1" 404 51 "-" "python-requests/2.28.1"
::ffff:127.0.0.1 - - [06/Oct/2022:21:47:09 +0000] "GET /feastwell-backend/api/v1/imageDetails HTTP/1.1" 404 51 "-" "python-requests/2.28.1"
::ffff:127.0.0.1 - - [06/Oct/2022:21:47:10 +0000] "GET /feastwell-backend/api/v1/imageDetails HTTP/1.1" 404 51 "-" "python-requests/2.28.1"
::1 - - [06/Oct/2022:21:47:11 +0000] "GET /feastwell-backend/api/v1/imageDetails HTTP/1.1" 404 51 "-" "python-requests/2.28.1"
::1 - - [06/Oct/2022:21:47:12 +0000] "GET /feastwell-backend/api/v1/imageDetails HTTP/1.1" 404 51 "-" "python-requests/2.28.1"
::ffff:127.0.0.1 - - [06/Oct/2022:21:47:15 +0000] "GET /feastwell-backend/api/v1/imageDetails HTTP/1.1" 404 51 "-" "python-requests/2.28.1"
::ffff:127.0.0.1 - - [06/Oct/2022:21:47:16 +0000] "GET /feastwell-backend/api/v1/imageDetails HTTP/1.1" 404 51 "-" "python-requests/2.28.1"
::ffff:127.0.0.1 - - [06/Oct/2022:21:47:17 +0000] "GET /feastwell-backend/api/v1/imageDetails HTTP/1.1" 404 51 "-" "python-requests/2.28.1"
::ffff:127.0.0.1 - - [06/Oct/2022:21:47:18 +0000] "GET /feastwell-backend/api/v1/imageDetails HTTP/1.1" 404 51 "-" "python-requests/2.28.1"
::ffff:127.0.0.1 - - [06/Oct/2022:21:47:19 +0000] "GET /feastwell-backend/api/v1/imageDetails HTTP/1.1" 404 51 "-" "python-requests/2.28.1"
::ffff:127.0.0.1 - - [06/Oct/2022:21:47:20 +0000] "GET /feastwell-backend/api/v1/imageDetails HTTP/1.1" 404 51 "-" "python-requests/2.28.1"
::ffff:127.0.0.1 - - [06/Oct/2022:21:47:21 +0000] "GET /feastwell-backend/api/v1/imageDetails HTTP/1.1" 404 51 "-" "python-requests/2.28.1"
::ffff:127.0.0.1 - - [06/Oct/2022:21:47:22 +0000] "GET /feastwell-backend/api/v1/imageDetails HTTP/1.1" 404 51 "-" "python-requests/2.28.1"
::ffff:127.0.0.1 - - [06/Oct/2022:21:47:24 +0000] "GET /feastwell-backend/api/v1/imageDetails HTTP/1.1" 404 51 "-" "python-requests/2.28.1"
::ffff:127.0.0.1 - - [06/Oct/2022:21:47:25 +0000] "GET /feastwell-backend/api/v1/imageDetails HTTP/1.1" 404 51 "-" "python-requests/2.28.1"
::ffff:127.0.0.1 - - [06/Oct/2022:21:47:26 +0000] "GET /feastwell-backend/api/v1/imageDetails HTTP/1.1" 404 51 "-" "python-requests/2.28.1"
::ffff:127.0.0.1 - - [06/Oct/2022:21:47:27 +0000] "GET /feastwell-backend/api/v1/imageDetails HTTP/1.1" 404 51 "-" "python-requests/2.28.1"
::ffff:127.0.0.1 - - [06/Oct/2022:21:47:28 +0000] "GET /feastwell-backend/api/v1/imageDetails HTTP/1.1" 404 51 "-" "python-requests/2.28.1"
::ffff:127.0.0.1 - - [06/Oct/2022:21:47:29 +0000] "GET /feastwell-backend/api/v1/imageDetails HTTP/1.1" 404 51 "-" "python-requests/2.28.1"
::ffff:127.0.0.1 - - [06/Oct/2022:21:47:30 +0000] "GET /feastwell-backend/api/v1/imageDetails HTTP/1.1" 404 51 "-" "python-requests/2.28.1"
::ffff:127.0.0.1 - - [06/Oct/2022:21:47:31 +0000] "GET /feastwell-backend/api/v1/imageDetails HTTP/1.1" 404 51 "-" "python-requests/2.28.1"
::ffff:127.0.0.1 - - [06/Oct/2022:21:47:32 +0000] "GET /feastwell-backend/api/v1/imageDetails HTTP/1.1" 404 51 "-" "python-requests/2.28.1"
::ffff:127.0.0.1 - - [06/Oct/2022:21:47:34 +0000] "GET /feastwell-backend/api/v1/imageDetails HTTP/1.1" 404 51 "-" "python-requests/2.28.1"
::ffff:127.0.0.1 - - [06/Oct/2022:21:47:35 +0000] "GET /feastwell-backend/api/v1/imageDetails HTTP/1.1" 404 51 "-" "python-requests/2.28.1"
::ffff:192.168.0.169 - - [06/Oct/2022:21:47:36 +0000] "POST /feastwell-backend/api/v1/user HTTP/1.1" 201 158 "http://localhost:3000/" "Mozilla/5.0 (Windows NT 10.0; Win64; x64) AppleWebKit/537.36 (KHTML, like Gecko) Chrome/106.0.0.0 Safari/537.36"
::ffff:192.168.0.169 - - [06/Oct/2022:21:47:36 +0000] "POST /feastwell-backend/api/v1/userActivityLog HTTP/1.1" 201 79 "http://localhost:3000/" "Mozilla/5.0 (Windows NT 10.0; Win64; x64) AppleWebKit/537.36 (KHTML, like Gecko) Chrome/106.0.0.0 Safari/537.36"
::ffff:127.0.0.1 - - [06/Oct/2022:21:47:36 +0000] "GET /feastwell-backend/api/v1/imageDetails HTTP/1.1" 404 51 "-" "python-requests/2.28.1"
::ffff:192.168.0.169 - - [06/Oct/2022:21:47:36 +0000] "GET /feastwell-backend/api/v1/user?userType=4 HTTP/1.1" 200 3403 "http://localhost:3000/" "Mozilla/5.0 (Windows NT 10.0; Win64; x64) AppleWebKit/537.36 (KHTML, like Gecko) Chrome/106.0.0.0 Safari/537.36"
::ffff:127.0.0.1 - - [06/Oct/2022:21:47:37 +0000] "GET /feastwell-backend/api/v1/imageDetails HTTP/1.1" 404 51 "-" "python-requests/2.28.1"
::ffff:127.0.0.1 - - [06/Oct/2022:21:47:38 +0000] "GET /feastwell-backend/api/v1/imageDetails HTTP/1.1" 404 51 "-" "python-requests/2.28.1"
::ffff:192.168.0.169 - - [06/Oct/2022:21:47:39 +0000] "GET /feastwell-backend/api/v1/auth/login/sidebar HTTP/1.1" 200 2975 "http://localhost:3000/" "Mozilla/5.0 (Windows NT 10.0; Win64; x64) AppleWebKit/537.36 (KHTML, like Gecko) Chrome/106.0.0.0 Safari/537.36"
::ffff:127.0.0.1 - - [06/Oct/2022:21:47:39 +0000] "GET /feastwell-backend/api/v1/imageDetails HTTP/1.1" 404 51 "-" "python-requests/2.28.1"
::ffff:127.0.0.1 - - [06/Oct/2022:21:47:40 +0000] "GET /feastwell-backend/api/v1/imageDetails HTTP/1.1" 404 51 "-" "python-requests/2.28.1"
::ffff:127.0.0.1 - - [06/Oct/2022:21:47:41 +0000] "GET /feastwell-backend/api/v1/imageDetails HTTP/1.1" 404 51 "-" "python-requests/2.28.1"
::ffff:127.0.0.1 - - [06/Oct/2022:21:47:43 +0000] "GET /feastwell-backend/api/v1/imageDetails HTTP/1.1" 404 51 "-" "python-requests/2.28.1"
::ffff:127.0.0.1 - - [06/Oct/2022:21:47:44 +0000] "GET /feastwell-backend/api/v1/imageDetails HTTP/1.1" 404 51 "-" "python-requests/2.28.1"
::ffff:192.168.0.169 - - [06/Oct/2022:21:47:45 +0000] "GET /feastwell-backend/api/v1/user/44 HTTP/1.1" 200 413 "http://localhost:3000/" "Mozilla/5.0 (Windows NT 10.0; Win64; x64) AppleWebKit/537.36 (KHTML, like Gecko) Chrome/106.0.0.0 Safari/537.36"
::ffff:127.0.0.1 - - [06/Oct/2022:21:47:45 +0000] "GET /feastwell-backend/api/v1/imageDetails HTTP/1.1" 404 51 "-" "python-requests/2.28.1"
::ffff:127.0.0.1 - - [06/Oct/2022:21:47:46 +0000] "GET /feastwell-backend/api/v1/imageDetails HTTP/1.1" 404 51 "-" "python-requests/2.28.1"
::ffff:192.168.0.169 - - [06/Oct/2022:21:47:47 +0000] "GET /feastwell-backend/api/v1/auth/login/sidebar HTTP/1.1" 200 2975 "http://localhost:3000/" "Mozilla/5.0 (Windows NT 10.0; Win64; x64) AppleWebKit/537.36 (KHTML, like Gecko) Chrome/106.0.0.0 Safari/537.36"
::ffff:127.0.0.1 - - [06/Oct/2022:21:47:47 +0000] "GET /feastwell-backend/api/v1/imageDetails HTTP/1.1" 404 51 "-" "python-requests/2.28.1"
::ffff:127.0.0.1 - - [06/Oct/2022:21:47:48 +0000] "GET /feastwell-backend/api/v1/imageDetails HTTP/1.1" 404 51 "-" "python-requests/2.28.1"
::ffff:192.168.0.169 - - [06/Oct/2022:21:47:49 +0000] "GET /feastwell-backend/api/v1/user?userType=4 HTTP/1.1" 200 3403 "http://localhost:3000/" "Mozilla/5.0 (Windows NT 10.0; Win64; x64) AppleWebKit/537.36 (KHTML, like Gecko) Chrome/106.0.0.0 Safari/537.36"
::ffff:127.0.0.1 - - [06/Oct/2022:21:47:49 +0000] "GET /feastwell-backend/api/v1/imageDetails HTTP/1.1" 404 51 "-" "python-requests/2.28.1"
::ffff:127.0.0.1 - - [06/Oct/2022:21:47:50 +0000] "GET /feastwell-backend/api/v1/imageDetails HTTP/1.1" 404 51 "-" "python-requests/2.28.1"
::ffff:127.0.0.1 - - [06/Oct/2022:21:47:51 +0000] "GET /feastwell-backend/api/v1/imageDetails HTTP/1.1" 404 51 "-" "python-requests/2.28.1"
::ffff:192.168.0.169 - - [06/Oct/2022:21:47:52 +0000] "GET /feastwell-backend/api/v1/auth/login/sidebar HTTP/1.1" 200 2975 "http://localhost:3000/" "Mozilla/5.0 (Windows NT 10.0; Win64; x64) AppleWebKit/537.36 (KHTML, like Gecko) Chrome/106.0.0.0 Safari/537.36"
::ffff:192.168.0.169 - - [06/Oct/2022:21:47:52 +0000] "GET /feastwell-backend/api/v1/user/44 HTTP/1.1" 200 413 "http://localhost:3000/" "Mozilla/5.0 (Windows NT 10.0; Win64; x64) AppleWebKit/537.36 (KHTML, like Gecko) Chrome/106.0.0.0 Safari/537.36"
::ffff:127.0.0.1 - - [06/Oct/2022:21:47:53 +0000] "GET /feastwell-backend/api/v1/imageDetails HTTP/1.1" 404 51 "-" "python-requests/2.28.1"
::ffff:127.0.0.1 - - [06/Oct/2022:21:47:54 +0000] "GET /feastwell-backend/api/v1/imageDetails HTTP/1.1" 404 51 "-" "python-requests/2.28.1"
::ffff:192.168.0.169 - - [06/Oct/2022:21:47:55 +0000] "GET /feastwell-backend/api/v1/auth/login/sidebar HTTP/1.1" 200 2975 "http://localhost:3000/" "Mozilla/5.0 (Windows NT 10.0; Win64; x64) AppleWebKit/537.36 (KHTML, like Gecko) Chrome/106.0.0.0 Safari/537.36"
::ffff:127.0.0.1 - - [06/Oct/2022:21:47:55 +0000] "GET /feastwell-backend/api/v1/imageDetails HTTP/1.1" 404 51 "-" "python-requests/2.28.1"
::ffff:192.168.0.169 - - [06/Oct/2022:21:47:56 +0000] "GET /feastwell-backend/api/v1/user?userType=4 HTTP/1.1" 200 3403 "http://localhost:3000/" "Mozilla/5.0 (Windows NT 10.0; Win64; x64) AppleWebKit/537.36 (KHTML, like Gecko) Chrome/106.0.0.0 Safari/537.36"
::ffff:127.0.0.1 - - [06/Oct/2022:21:47:56 +0000] "GET /feastwell-backend/api/v1/imageDetails HTTP/1.1" 404 51 "-" "python-requests/2.28.1"
::ffff:127.0.0.1 - - [06/Oct/2022:21:47:57 +0000] "GET /feastwell-backend/api/v1/imageDetails HTTP/1.1" 404 51 "-" "python-requests/2.28.1"
::ffff:192.168.0.169 - - [06/Oct/2022:21:47:58 +0000] "GET /feastwell-backend/api/v1/auth/login/sidebar HTTP/1.1" 200 2975 "http://localhost:3000/" "Mozilla/5.0 (Windows NT 10.0; Win64; x64) AppleWebKit/537.36 (KHTML, like Gecko) Chrome/106.0.0.0 Safari/537.36"
::ffff:127.0.0.1 - - [06/Oct/2022:21:47:58 +0000] "GET /feastwell-backend/api/v1/imageDetails HTTP/1.1" 404 51 "-" "python-requests/2.28.1"
::ffff:127.0.0.1 - - [06/Oct/2022:21:47:59 +0000] "GET /feastwell-backend/api/v1/imageDetails HTTP/1.1" 404 51 "-" "python-requests/2.28.1"
::ffff:127.0.0.1 - - [06/Oct/2022:21:48:00 +0000] "GET /feastwell-backend/api/v1/imageDetails HTTP/1.1" 404 51 "-" "python-requests/2.28.1"
::ffff:127.0.0.1 - - [06/Oct/2022:21:48:01 +0000] "GET /feastwell-backend/api/v1/imageDetails HTTP/1.1" 404 51 "-" "python-requests/2.28.1"
::ffff:127.0.0.1 - - [06/Oct/2022:21:48:03 +0000] "GET /feastwell-backend/api/v1/imageDetails HTTP/1.1" 404 51 "-" "python-requests/2.28.1"
::ffff:127.0.0.1 - - [06/Oct/2022:21:48:04 +0000] "GET /feastwell-backend/api/v1/imageDetails HTTP/1.1" 404 51 "-" "python-requests/2.28.1"
::ffff:127.0.0.1 - - [06/Oct/2022:21:48:05 +0000] "GET /feastwell-backend/api/v1/imageDetails HTTP/1.1" 404 51 "-" "python-requests/2.28.1"
::ffff:127.0.0.1 - - [06/Oct/2022:21:48:06 +0000] "GET /feastwell-backend/api/v1/imageDetails HTTP/1.1" 404 51 "-" "python-requests/2.28.1"
::ffff:127.0.0.1 - - [06/Oct/2022:21:48:07 +0000] "GET /feastwell-backend/api/v1/imageDetails HTTP/1.1" 404 51 "-" "python-requests/2.28.1"
::ffff:127.0.0.1 - - [06/Oct/2022:21:48:08 +0000] "GET /feastwell-backend/api/v1/imageDetails HTTP/1.1" 404 51 "-" "python-requests/2.28.1"
::ffff:127.0.0.1 - - [06/Oct/2022:21:48:09 +0000] "GET /feastwell-backend/api/v1/imageDetails HTTP/1.1" 404 51 "-" "python-requests/2.28.1"
::ffff:127.0.0.1 - - [06/Oct/2022:21:48:10 +0000] "GET /feastwell-backend/api/v1/imageDetails HTTP/1.1" 404 51 "-" "python-requests/2.28.1"
::1 - - [06/Oct/2022:21:48:11 +0000] "GET /feastwell-backend/api/v1/imageDetails HTTP/1.1" 404 51 "-" "python-requests/2.28.1"
::1 - - [06/Oct/2022:21:48:13 +0000] "GET /feastwell-backend/api/v1/imageDetails HTTP/1.1" 404 51 "-" "python-requests/2.28.1"
::1 - - [06/Oct/2022:21:48:14 +0000] "GET /feastwell-backend/api/v1/imageDetails HTTP/1.1" 404 51 "-" "python-requests/2.28.1"
::1 - - [06/Oct/2022:21:48:15 +0000] "GET /feastwell-backend/api/v1/imageDetails HTTP/1.1" 404 51 "-" "python-requests/2.28.1"
::1 - - [06/Oct/2022:21:48:16 +0000] "GET /feastwell-backend/api/v1/imageDetails HTTP/1.1" 404 51 "-" "python-requests/2.28.1"
::1 - - [06/Oct/2022:21:48:17 +0000] "GET /feastwell-backend/api/v1/imageDetails HTTP/1.1" 404 51 "-" "python-requests/2.28.1"
::1 - - [06/Oct/2022:21:48:18 +0000] "GET /feastwell-backend/api/v1/imageDetails HTTP/1.1" 404 51 "-" "python-requests/2.28.1"
::1 - - [06/Oct/2022:21:48:19 +0000] "GET /feastwell-backend/api/v1/imageDetails HTTP/1.1" 404 51 "-" "python-requests/2.28.1"
::1 - - [06/Oct/2022:21:48:20 +0000] "GET /feastwell-backend/api/v1/imageDetails HTTP/1.1" 404 51 "-" "python-requests/2.28.1"
::1 - - [06/Oct/2022:21:48:21 +0000] "GET /feastwell-backend/api/v1/imageDetails HTTP/1.1" 404 51 "-" "python-requests/2.28.1"
::1 - - [06/Oct/2022:21:48:23 +0000] "GET /feastwell-backend/api/v1/imageDetails HTTP/1.1" 404 51 "-" "python-requests/2.28.1"
::1 - - [06/Oct/2022:21:48:24 +0000] "GET /feastwell-backend/api/v1/imageDetails HTTP/1.1" 404 51 "-" "python-requests/2.28.1"
::1 - - [06/Oct/2022:21:48:25 +0000] "GET /feastwell-backend/api/v1/imageDetails HTTP/1.1" 404 51 "-" "python-requests/2.28.1"
::1 - - [06/Oct/2022:21:48:26 +0000] "GET /feastwell-backend/api/v1/imageDetails HTTP/1.1" 404 51 "-" "python-requests/2.28.1"
::1 - - [06/Oct/2022:21:48:27 +0000] "GET /feastwell-backend/api/v1/imageDetails HTTP/1.1" 404 51 "-" "python-requests/2.28.1"
::1 - - [06/Oct/2022:21:48:28 +0000] "GET /feastwell-backend/api/v1/imageDetails HTTP/1.1" 404 51 "-" "python-requests/2.28.1"
::1 - - [06/Oct/2022:21:48:29 +0000] "GET /feastwell-backend/api/v1/imageDetails HTTP/1.1" 404 51 "-" "python-requests/2.28.1"
::1 - - [06/Oct/2022:21:48:30 +0000] "GET /feastwell-backend/api/v1/imageDetails HTTP/1.1" 404 51 "-" "python-requests/2.28.1"
::1 - - [06/Oct/2022:21:48:31 +0000] "GET /feastwell-backend/api/v1/imageDetails HTTP/1.1" 404 51 "-" "python-requests/2.28.1"
::1 - - [06/Oct/2022:21:48:32 +0000] "GET /feastwell-backend/api/v1/imageDetails HTTP/1.1" 404 51 "-" "python-requests/2.28.1"
::1 - - [06/Oct/2022:21:48:34 +0000] "GET /feastwell-backend/api/v1/imageDetails HTTP/1.1" 404 51 "-" "python-requests/2.28.1"
::1 - - [06/Oct/2022:21:48:35 +0000] "GET /feastwell-backend/api/v1/imageDetails HTTP/1.1" 404 51 "-" "python-requests/2.28.1"
::1 - - [06/Oct/2022:21:48:36 +0000] "GET /feastwell-backend/api/v1/imageDetails HTTP/1.1" 404 51 "-" "python-requests/2.28.1"
::1 - - [06/Oct/2022:21:48:37 +0000] "GET /feastwell-backend/api/v1/imageDetails HTTP/1.1" 404 51 "-" "python-requests/2.28.1"
::1 - - [06/Oct/2022:21:48:38 +0000] "GET /feastwell-backend/api/v1/imageDetails HTTP/1.1" 404 51 "-" "python-requests/2.28.1"
::1 - - [06/Oct/2022:21:48:39 +0000] "GET /feastwell-backend/api/v1/imageDetails HTTP/1.1" 404 51 "-" "python-requests/2.28.1"
::1 - - [06/Oct/2022:21:48:40 +0000] "GET /feastwell-backend/api/v1/imageDetails HTTP/1.1" 404 51 "-" "python-requests/2.28.1"
::1 - - [06/Oct/2022:21:48:41 +0000] "GET /feastwell-backend/api/v1/imageDetails HTTP/1.1" 404 51 "-" "python-requests/2.28.1"
::1 - - [06/Oct/2022:21:48:42 +0000] "GET /feastwell-backend/api/v1/imageDetails HTTP/1.1" 404 51 "-" "python-requests/2.28.1"
::1 - - [06/Oct/2022:21:48:44 +0000] "GET /feastwell-backend/api/v1/imageDetails HTTP/1.1" 404 51 "-" "python-requests/2.28.1"
::1 - - [06/Oct/2022:21:48:45 +0000] "GET /feastwell-backend/api/v1/imageDetails HTTP/1.1" 404 51 "-" "python-requests/2.28.1"
::1 - - [06/Oct/2022:21:48:46 +0000] "GET /feastwell-backend/api/v1/imageDetails HTTP/1.1" 404 51 "-" "python-requests/2.28.1"
::1 - - [06/Oct/2022:21:48:47 +0000] "GET /feastwell-backend/api/v1/imageDetails HTTP/1.1" 404 51 "-" "python-requests/2.28.1"
::1 - - [06/Oct/2022:21:48:48 +0000] "GET /feastwell-backend/api/v1/imageDetails HTTP/1.1" 404 51 "-" "python-requests/2.28.1"
::ffff:192.168.0.169 - - [06/Oct/2022:21:48:48 +0000] "GET /feastwell-backend/api/v1/auth/login/sidebar HTTP/1.1" - - "http://localhost:3000/" "Mozilla/5.0 (Windows NT 10.0; Win64; x64) AppleWebKit/537.36 (KHTML, like Gecko) Chrome/106.0.0.0 Safari/537.36"
::1 - - [06/Oct/2022:21:48:49 +0000] "GET /feastwell-backend/api/v1/imageDetails HTTP/1.1" 404 51 "-" "python-requests/2.28.1"
::1 - - [06/Oct/2022:21:48:50 +0000] "GET /feastwell-backend/api/v1/imageDetails HTTP/1.1" 404 51 "-" "python-requests/2.28.1"
::ffff:192.168.0.169 - - [06/Oct/2022:21:48:50 +0000] "GET /feastwell-backend/api/v1/user?userType=4 HTTP/1.1" 200 3403 "http://localhost:3000/" "Mozilla/5.0 (Windows NT 10.0; Win64; x64) AppleWebKit/537.36 (KHTML, like Gecko) Chrome/106.0.0.0 Safari/537.36"
::1 - - [06/Oct/2022:21:48:51 +0000] "GET /feastwell-backend/api/v1/imageDetails HTTP/1.1" 404 51 "-" "python-requests/2.28.1"
